2024-11-07 04:57:09,722 - INFO - 读取文件: ../box2d/ets/Testbed/Tests/Fracker.ts
2024-11-07 04:57:09,727 - INFO - 读取Excel文件中的缺陷信息
2024-11-07 04:57:09,730 - INFO - CodeLinter分析结果:
2024-11-07 04:57:09,731 - INFO - [
  {
    "rule": "@performance/constant-property-referencing-check-in-loops",
    "line": 675,
    "message": "Suggestion: This property access occurs within a loop and returns a constant result; you are advised to extract it outside the loop body to reduce the number of property access times.",
    "code": "if (absDistX < FrackerSettings.k_tileWidth &&"
  },
  {
    "rule": "@performance/constant-property-referencing-check-in-loops",
    "line": 685,
    "message": "Suggestion: This property access occurs within a loop and returns a constant result; you are advised to extract it outside the loop body to reduce the number of property access times.",
    "code": "} else if (absDistX <= FrackerSettings.k_tileHalfWidth && distance.y > 0.0) {"
  },
  {
    "rule": "@performance/constant-property-referencing-check-in-loops",
    "line": 688,
    "message": "Suggestion: This property access occurs within a loop and returns a constant result; you are advised to extract it outside the loop body to reduce the number of property access times.",
    "code": "const randomX = (Math.random() * FrackerSettings.k_tileHalfWidth) - distance.x;"
  }
]
2024-11-07 04:57:09,731 - INFO - 分析第1/3个缺陷
2024-11-07 04:58:40,371 - INFO - 分析第2/3个缺陷
2024-11-07 05:02:01,090 - INFO - 读取文件: ../box2d/ets/Testbed/Tests/Fracker.ts
2024-11-07 05:02:01,093 - INFO - 读取Excel文件中的缺陷信息
2024-11-07 05:02:01,097 - INFO - CodeLinter分析结果:
2024-11-07 05:02:01,097 - INFO - [
  {
    "rule": "@performance/constant-property-referencing-check-in-loops",
    "line": 675,
    "message": "Suggestion: This property access occurs within a loop and returns a constant result; you are advised to extract it outside the loop body to reduce the number of property access times.",
    "code": "if (absDistX < FrackerSettings.k_tileWidth &&"
  },
  {
    "rule": "@performance/constant-property-referencing-check-in-loops",
    "line": 685,
    "message": "Suggestion: This property access occurs within a loop and returns a constant result; you are advised to extract it outside the loop body to reduce the number of property access times.",
    "code": "} else if (absDistX <= FrackerSettings.k_tileHalfWidth && distance.y > 0.0) {"
  },
  {
    "rule": "@performance/constant-property-referencing-check-in-loops",
    "line": 688,
    "message": "Suggestion: This property access occurs within a loop and returns a constant result; you are advised to extract it outside the loop body to reduce the number of property access times.",
    "code": "const randomX = (Math.random() * FrackerSettings.k_tileHalfWidth) - distance.x;"
  }
]
2024-11-07 05:02:01,097 - INFO - 分析第1/3个缺陷
2024-11-07 05:02:14,094 - INFO - 分析第2/3个缺陷
2024-11-07 05:03:32,922 - INFO - 分析第3/3个缺陷
2024-11-07 05:04:14,128 - INFO - 开始生成修复建议
2024-11-07 05:04:17,317 - INFO - 处理第1/3个修复建议
2024-11-07 05:04:28,278 - INFO - 修复建议1的结果:
2024-11-07 05:04:28,278 - INFO - ```json
{
  "problem_code": "for (let it = 0; it < particleGroups.length; ++it) {\n  const particleGroup = particleGroups[it];\n  const index = particleGroup.GetBufferIndex();\n  const positionBuffer = this.m_particleSystem.GetPositionBuffer();\n  const velocityBuffer = this.m_particleSystem.GetVelocityBuffer();\n  const particleCount = particleGroup.GetParticleCount();\n  for (let i = 0; i < particleCount; ++i) {\n    const wellEnd = Fracker.CenteredPosition(Fracker.TileToWorld(this.m_wellX, this.m_wellBottom - 2));\n    const particlePosition = positionBuffer[index + i];\n    const distance = box2d.b2Vec2.SubVV(particlePosition, wellEnd, new box2d.b2Vec2());\n    const absDistX = Math.abs(distance.x);\n    if (absDistX < FrackerSettings.k_tileWidth &&\n        distance.y > FrackerSettings.k_tileWidth * -2.0 &&\n        distance.y < 0.0) {\n      const velocity = box2d.b2Vec2.SubVV(wellEnd, particlePosition, new box2d.b2Vec2());\n      velocity.Normalize();\n      velocityBuffer[index + i].Copy(velocity.SelfMul(FrackerSettings.k_wellSuckSpeedOutside));\n    } else if (absDistX <= FrackerSettings.k_tileHalfWidth && distance.y > 0.0) {\n      const randomX = (Math.random() * FrackerSettings.k_tileHalfWidth) - distance.x;\n      const velocity = new box2d.b2Vec2(randomX, FrackerSettings.k_tileHeight);\n      velocity.Normalize();\n      velocityBuffer[index + i].Copy(velocity.SelfMul(FrackerSettings.k_wellSuckSpeedInside));\n    }\n  }\n}\n",
  "problem_fix": "for (let it = 0; it < particleGroups.length; ++it) {\n  const particleGroup = particleGroups[it];\n  const index = particleGroup.GetBufferIndex();\n  const positionBuffer = this.m_particleSystem.GetPositionBuffer();\n  const velocityBuffer = this.m_particleSystem.GetVelocityBuffer();\n  const particleCount = particleGroup.GetParticleCount();\n  const tileWidth = FrackerSettings.k_tileWidth;  // 提取到循环外\n  const tileHalfWidth = FrackerSettings.k_tileHalfWidth;  // 提取到循环外\n  const wellSuckSpeedOutside = FrackerSettings.k_wellSuckSpeedOutside;  // 提取到循环外\n  const wellSuckSpeedInside = FrackerSettings.k_wellSuckSpeedInside;  // 提取到循环外\n  for (let i = 0; i < particleCount; ++i) {\n    const wellEnd = Fracker.CenteredPosition(Fracker.TileToWorld(this.m_wellX, this.m_wellBottom - 2));\n    const particlePosition = positionBuffer[index + i];\n    const distance = box2d.b2Vec2.SubVV(particlePosition, wellEnd, new box2d.b2Vec2());\n    const absDistX = Math.abs(distance.x);\n    if (absDistX < tileWidth &&\n        distance.y > tileWidth * -2.0 &&\n        distance.y < 0.0) {\n      const velocity = box2d.b2Vec2.SubVV(wellEnd, particlePosition, new box2d.b2Vec2());\n      velocity.Normalize();\n      velocityBuffer[index + i].Copy(velocity.SelfMul(wellSuckSpeedOutside));\n    } else if (absDistX <= tileHalfWidth && distance.y > 0.0) {\n      const randomX = (Math.random() * tileHalfWidth) - distance.x;\n      const velocity = new box2d.b2Vec2(randomX, FrackerSettings.k_tileHeight);\n      velocity.Normalize();\n      velocityBuffer[index + i].Copy(velocity.SelfMul(wellSuckSpeedInside));\n    }\n  }\n}\n"
}
```
2024-11-07 05:04:28,278 - INFO - 处理第2/3个修复建议
2024-11-07 05:04:48,490 - INFO - 修复建议2的结果:
2024-11-07 05:04:48,491 - INFO - ```json
{
  "problem_code": "const wellEnd = Fracker.CenteredPosition(Fracker.TileToWorld(this.m_wellX, this.m_wellBottom - 2));\nconst distance = box2d.b2Vec2.SubVV(particlePosition, wellEnd, new box2d.b2Vec2());\nconst absDistX = Math.abs(distance.x);\nif (absDistX < FrackerSettings.k_tileWidth &&\n  distance.y > FrackerSettings.k_tileWidth * -2.0 &&\n  distance.y < 0.0) {\n  const velocity = box2d.b2Vec2.SubVV(wellEnd, particlePosition, new box2d.b2Vec2());\n  velocity.Normalize();\n  velocityBuffer[index + i].Copy(velocity.SelfMul(FrackerSettings.k_wellSuckSpeedOutside));\n} else if (absDistX <= FrackerSettings.k_tileHalfWidth && distance.y > 0.0) {\n  const randomX = (Math.random() * FrackerSettings.k_tileHalfWidth) - distance.x;\n  const velocity = new box2d.b2Vec2(randomX, FrackerSettings.k_tileHeight);\n  velocity.Normalize();\n  velocityBuffer[index + i].Copy(velocity.SelfMul(FrackerSettings.k_wellSuckSpeedInside));\n}\n",
  "problem_fix": "const wellEnd = Fracker.CenteredPosition(Fracker.TileToWorld(this.m_wellX, this.m_wellBottom - 2));\nconst tileHalfWidth = FrackerSettings.k_tileHalfWidth;  // Extracted outside the loop\nconst tileWidth = FrackerSettings.k_tileWidth;  // Extracted outside the loop\nconst distance = box2d.b2Vec2.SubVV(particlePosition, wellEnd, new box2d.b2Vec2());\nconst absDistX = Math.abs(distance.x);\nif (absDistX < tileWidth &&\n  distance.y > tileWidth * -2.0 &&\n  distance.y < 0.0) {\n  const velocity = box2d.b2Vec2.SubVV(wellEnd, particlePosition, new box2d.b2Vec2());\n  velocity.Normalize();\n  velocityBuffer[index + i].Copy(velocity.SelfMul(FrackerSettings.k_wellSuckSpeedOutside));\n} else if (absDistX <= tileHalfWidth && distance.y > 0.0) {\n  const randomX = (Math.random() * tileHalfWidth) - distance.x;\n  const velocity = new box2d.b2Vec2(randomX, FrackerSettings.k_tileHeight);\n  velocity.Normalize();\n  velocityBuffer[index + i].Copy(velocity.SelfMul(FrackerSettings.k_wellSuckSpeedInside));\n}\n"
}
```
2024-11-07 05:04:48,491 - INFO - 处理第3/3个修复建议
2024-11-07 05:05:22,401 - INFO - 修复建议3的结果:
2024-11-07 05:05:22,401 - INFO - ```json
{
  "problem_code": "/// const b2Vec2 distance = particlePosition - wellEnd;\nconst distance = box2d.b2Vec2.SubVV(particlePosition, wellEnd, new box2d.b2Vec2());\n/// const b2Vec2 velocity = wellEnd - particlePosition;\nconst velocity = box2d.b2Vec2.SubVV(wellEnd, particlePosition, new box2d.b2Vec2());\nvelocity.Normalize();\n/// velocityBuffer[i] = velocity * FrackerSettings.k_wellSuckSpeedOutside;\nvelocityBuffer[index + i].Copy(velocity.SelfMul(FrackerSettings.k_wellSuckSpeedOutside));\n} else if (absDistX <= FrackerSettings.k_tileHalfWidth && distance.y > 0.0) {\n// Suck the particles up the well with a random\n// x component moving them side to side in the well.\nconst randomX = (Math.random() * FrackerSettings.k_tileHalfWidth) - distance.x;\nconst velocity = new box2d.b2Vec2(randomX, FrackerSettings.k_tileHeight);\nvelocity.Normalize();\n/// velocityBuffer[i] = velocity * FrackerSettings.k_wellSuckSpeedInside;\nvelocityBuffer[index + i].Copy(velocity.SelfMul(FrackerSettings.k_wellSuckSpeedInside));",
  "problem_fix": "/// const b2Vec2 distance = particlePosition - wellEnd;\nconst distance = box2d.b2Vec2.SubVV(particlePosition, wellEnd, new box2d.b2Vec2());\n/// const b2Vec2 velocity = wellEnd - particlePosition;\nconst velocity = box2d.b2Vec2.SubVV(wellEnd, particlePosition, new box2d.b2Vec2());\nvelocity.Normalize();\n/// velocityBuffer[i] = velocity * FrackerSettings.k_wellSuckSpeedOutside;\nvelocityBuffer[index + i].Copy(velocity.SelfMul(FrackerSettings.k_wellSuckSpeedOutside));\n} else if (absDistX <= tileHalfWidth && distance.y > 0.0) {\n// Suck the particles up the well with a random\n// x component moving them side to side in the well.\nconst randomX = (Math.random() * tileHalfWidth) - distance.x;\nconst velocity = new box2d.b2Vec2(randomX, FrackerSettings.k_tileHeight);\nvelocity.Normalize();\n/// velocityBuffer[i] = velocity * FrackerSettings.k_wellSuckSpeedInside;\nvelocityBuffer[index + i].Copy(velocity.SelfMul(FrackerSettings.k_wellSuckSpeedInside));\n}\n\n// 将常量提取到循环外\nconst tileHalfWidth = FrackerSettings.k_tileHalfWidth;\nfor (let it = 0; it < particleGroups.length; ++it) {\n  // 其他代码保持不变\n}"
}
```
2024-11-07 05:05:22,401 - INFO - 处理修复结果
2024-11-07 05:05:22,401 - INFO - 处理第1个修复结果
2024-11-07 05:05:22,402 - INFO - 原始代码:
for (let it = 0; it < particleGroups.length; ++it) {
  const particleGroup = particleGroups[it];
  const index = particleGroup.GetBufferIndex();
  const positionBuffer = this.m_particleSystem.GetPositionBuffer();
  const velocityBuffer = this.m_particleSystem.GetVelocityBuffer();
  const particleCount = particleGroup.GetParticleCount();
  for (let i = 0; i < particleCount; ++i) {
    const wellEnd = Fracker.CenteredPosition(Fracker.TileToWorld(this.m_wellX, this.m_wellBottom - 2));
    const particlePosition = positionBuffer[index + i];
    const distance = box2d.b2Vec2.SubVV(particlePosition, wellEnd, new box2d.b2Vec2());
    const absDistX = Math.abs(distance.x);
    if (absDistX < FrackerSettings.k_tileWidth &&
        distance.y > FrackerSettings.k_tileWidth * -2.0 &&
        distance.y < 0.0) {
      const velocity = box2d.b2Vec2.SubVV(wellEnd, particlePosition, new box2d.b2Vec2());
      velocity.Normalize();
      velocityBuffer[index + i].Copy(velocity.SelfMul(FrackerSettings.k_wellSuckSpeedOutside));
    } else if (absDistX <= FrackerSettings.k_tileHalfWidth && distance.y > 0.0) {
      const randomX = (Math.random() * FrackerSettings.k_tileHalfWidth) - distance.x;
      const velocity = new box2d.b2Vec2(randomX, FrackerSettings.k_tileHeight);
      velocity.Normalize();
      velocityBuffer[index + i].Copy(velocity.SelfMul(FrackerSettings.k_wellSuckSpeedInside));
    }
  }
}

2024-11-07 05:05:22,402 - INFO - 修复后代码:
for (let it = 0; it < particleGroups.length; ++it) {
  const particleGroup = particleGroups[it];
  const index = particleGroup.GetBufferIndex();
  const positionBuffer = this.m_particleSystem.GetPositionBuffer();
  const velocityBuffer = this.m_particleSystem.GetVelocityBuffer();
  const particleCount = particleGroup.GetParticleCount();
  const tileWidth = FrackerSettings.k_tileWidth;  // 提取到循环外
  const tileHalfWidth = FrackerSettings.k_tileHalfWidth;  // 提取到循环外
  const wellSuckSpeedOutside = FrackerSettings.k_wellSuckSpeedOutside;  // 提取到循环外
  const wellSuckSpeedInside = FrackerSettings.k_wellSuckSpeedInside;  // 提取到循环外
  for (let i = 0; i < particleCount; ++i) {
    const wellEnd = Fracker.CenteredPosition(Fracker.TileToWorld(this.m_wellX, this.m_wellBottom - 2));
    const particlePosition = positionBuffer[index + i];
    const distance = box2d.b2Vec2.SubVV(particlePosition, wellEnd, new box2d.b2Vec2());
    const absDistX = Math.abs(distance.x);
    if (absDistX < tileWidth &&
        distance.y > tileWidth * -2.0 &&
        distance.y < 0.0) {
      const velocity = box2d.b2Vec2.SubVV(wellEnd, particlePosition, new box2d.b2Vec2());
      velocity.Normalize();
      velocityBuffer[index + i].Copy(velocity.SelfMul(wellSuckSpeedOutside));
    } else if (absDistX <= tileHalfWidth && distance.y > 0.0) {
      const randomX = (Math.random() * tileHalfWidth) - distance.x;
      const velocity = new box2d.b2Vec2(randomX, FrackerSettings.k_tileHeight);
      velocity.Normalize();
      velocityBuffer[index + i].Copy(velocity.SelfMul(wellSuckSpeedInside));
    }
  }
}

2024-11-07 05:05:22,402 - INFO - 处理第2个修复结果
2024-11-07 05:05:22,402 - INFO - 原始代码:
const wellEnd = Fracker.CenteredPosition(Fracker.TileToWorld(this.m_wellX, this.m_wellBottom - 2));
const distance = box2d.b2Vec2.SubVV(particlePosition, wellEnd, new box2d.b2Vec2());
const absDistX = Math.abs(distance.x);
if (absDistX < FrackerSettings.k_tileWidth &&
  distance.y > FrackerSettings.k_tileWidth * -2.0 &&
  distance.y < 0.0) {
  const velocity = box2d.b2Vec2.SubVV(wellEnd, particlePosition, new box2d.b2Vec2());
  velocity.Normalize();
  velocityBuffer[index + i].Copy(velocity.SelfMul(FrackerSettings.k_wellSuckSpeedOutside));
} else if (absDistX <= FrackerSettings.k_tileHalfWidth && distance.y > 0.0) {
  const randomX = (Math.random() * FrackerSettings.k_tileHalfWidth) - distance.x;
  const velocity = new box2d.b2Vec2(randomX, FrackerSettings.k_tileHeight);
  velocity.Normalize();
  velocityBuffer[index + i].Copy(velocity.SelfMul(FrackerSettings.k_wellSuckSpeedInside));
}

2024-11-07 05:05:22,402 - INFO - 修复后代码:
const wellEnd = Fracker.CenteredPosition(Fracker.TileToWorld(this.m_wellX, this.m_wellBottom - 2));
const tileHalfWidth = FrackerSettings.k_tileHalfWidth;  // Extracted outside the loop
const tileWidth = FrackerSettings.k_tileWidth;  // Extracted outside the loop
const distance = box2d.b2Vec2.SubVV(particlePosition, wellEnd, new box2d.b2Vec2());
const absDistX = Math.abs(distance.x);
if (absDistX < tileWidth &&
  distance.y > tileWidth * -2.0 &&
  distance.y < 0.0) {
  const velocity = box2d.b2Vec2.SubVV(wellEnd, particlePosition, new box2d.b2Vec2());
  velocity.Normalize();
  velocityBuffer[index + i].Copy(velocity.SelfMul(FrackerSettings.k_wellSuckSpeedOutside));
} else if (absDistX <= tileHalfWidth && distance.y > 0.0) {
  const randomX = (Math.random() * tileHalfWidth) - distance.x;
  const velocity = new box2d.b2Vec2(randomX, FrackerSettings.k_tileHeight);
  velocity.Normalize();
  velocityBuffer[index + i].Copy(velocity.SelfMul(FrackerSettings.k_wellSuckSpeedInside));
}

2024-11-07 05:05:22,402 - INFO - 处理第3个修复结果
2024-11-07 05:05:22,402 - INFO - 原始代码:
/// const b2Vec2 distance = particlePosition - wellEnd;
const distance = box2d.b2Vec2.SubVV(particlePosition, wellEnd, new box2d.b2Vec2());
/// const b2Vec2 velocity = wellEnd - particlePosition;
const velocity = box2d.b2Vec2.SubVV(wellEnd, particlePosition, new box2d.b2Vec2());
velocity.Normalize();
/// velocityBuffer[i] = velocity * FrackerSettings.k_wellSuckSpeedOutside;
velocityBuffer[index + i].Copy(velocity.SelfMul(FrackerSettings.k_wellSuckSpeedOutside));
} else if (absDistX <= FrackerSettings.k_tileHalfWidth && distance.y > 0.0) {
// Suck the particles up the well with a random
// x component moving them side to side in the well.
const randomX = (Math.random() * FrackerSettings.k_tileHalfWidth) - distance.x;
const velocity = new box2d.b2Vec2(randomX, FrackerSettings.k_tileHeight);
velocity.Normalize();
/// velocityBuffer[i] = velocity * FrackerSettings.k_wellSuckSpeedInside;
velocityBuffer[index + i].Copy(velocity.SelfMul(FrackerSettings.k_wellSuckSpeedInside));
2024-11-07 05:05:22,402 - INFO - 修复后代码:
/// const b2Vec2 distance = particlePosition - wellEnd;
const distance = box2d.b2Vec2.SubVV(particlePosition, wellEnd, new box2d.b2Vec2());
/// const b2Vec2 velocity = wellEnd - particlePosition;
const velocity = box2d.b2Vec2.SubVV(wellEnd, particlePosition, new box2d.b2Vec2());
velocity.Normalize();
/// velocityBuffer[i] = velocity * FrackerSettings.k_wellSuckSpeedOutside;
velocityBuffer[index + i].Copy(velocity.SelfMul(FrackerSettings.k_wellSuckSpeedOutside));
} else if (absDistX <= tileHalfWidth && distance.y > 0.0) {
// Suck the particles up the well with a random
// x component moving them side to side in the well.
const randomX = (Math.random() * tileHalfWidth) - distance.x;
const velocity = new box2d.b2Vec2(randomX, FrackerSettings.k_tileHeight);
velocity.Normalize();
/// velocityBuffer[i] = velocity * FrackerSettings.k_wellSuckSpeedInside;
velocityBuffer[index + i].Copy(velocity.SelfMul(FrackerSettings.k_wellSuckSpeedInside));
}

// 将常量提取到循环外
const tileHalfWidth = FrackerSettings.k_tileHalfWidth;
for (let it = 0; it < particleGroups.length; ++it) {
  // 其他代码保持不变
}
2024-11-07 05:05:22,402 - INFO - 生成最终修复代码
