2024-11-07 04:57:09,734 - INFO - 读取文件: ../box2d/ets/pages/Index.ets
2024-11-07 04:57:09,743 - INFO - 读取Excel文件中的缺陷信息
2024-11-07 04:57:09,747 - INFO - CodeLinter分析结果:
2024-11-07 04:57:09,747 - INFO - [
  {
    "rule": "@performance/hp-arkui-remove-unchanged-state-var",
    "line": 34,
    "message": "Remove unchanged state variables",
    "code": "@State title: string = \"Box2D Testbed version \" + box2d.b2_version + \"<br>(branch: \" + box2d.b2_branch + \" commit: \" + box2d.b2_commit + \")\";"
  },
  {
    "rule": "@performance/hp-arkui-remove-unchanged-state-var",
    "line": 40,
    "message": "Remove unchanged state variables",
    "code": "@State fps: string = this.app ? this.app.m_fps.toFixed(1).toString() : \"FPS\""
  },
  {
    "rule": "@performance/hp-arkui-remove-container-without-property",
    "line": 63,
    "message": "Reduce redundant nested container",
    "code": "Flex() {"
  },
  {
    "rule": "@performance/hp-arkui-avoid-empty-callback",
    "line": 207,
    "message": "Avoid setting empty system callback listeners",
    "code": ".onClick((event: ClickEvent) => {"
  },
  {
    "rule": "@performance/hp-arkui-avoid-empty-callback",
    "line": 210,
    "message": "Avoid setting empty system callback listeners",
    "code": ".onHover((isHover: boolean) => {"
  }
]
2024-11-07 04:57:09,747 - INFO - 分析第1/5个缺陷
2024-11-07 04:57:52,088 - INFO - 分析第2/5个缺陷
2024-11-07 04:58:39,872 - INFO - 分析第3/5个缺陷
2024-11-07 05:02:01,112 - INFO - 读取文件: ../box2d/ets/pages/Index.ets
2024-11-07 05:02:01,112 - INFO - 读取Excel文件中的缺陷信息
2024-11-07 05:02:01,115 - INFO - CodeLinter分析结果:
2024-11-07 05:02:01,115 - INFO - [
  {
    "rule": "@performance/hp-arkui-remove-unchanged-state-var",
    "line": 34,
    "message": "Remove unchanged state variables",
    "code": "@State title: string = \"Box2D Testbed version \" + box2d.b2_version + \"<br>(branch: \" + box2d.b2_branch + \" commit: \" + box2d.b2_commit + \")\";"
  },
  {
    "rule": "@performance/hp-arkui-remove-unchanged-state-var",
    "line": 40,
    "message": "Remove unchanged state variables",
    "code": "@State fps: string = this.app ? this.app.m_fps.toFixed(1).toString() : \"FPS\""
  },
  {
    "rule": "@performance/hp-arkui-remove-container-without-property",
    "line": 63,
    "message": "Reduce redundant nested container",
    "code": "Flex() {"
  },
  {
    "rule": "@performance/hp-arkui-avoid-empty-callback",
    "line": 207,
    "message": "Avoid setting empty system callback listeners",
    "code": ".onClick((event: ClickEvent) => {"
  },
  {
    "rule": "@performance/hp-arkui-avoid-empty-callback",
    "line": 210,
    "message": "Avoid setting empty system callback listeners",
    "code": ".onHover((isHover: boolean) => {"
  }
]
2024-11-07 05:02:01,116 - INFO - 分析第1/5个缺陷
2024-11-07 05:03:17,349 - INFO - 分析第2/5个缺陷
2024-11-07 05:03:23,287 - INFO - 分析第3/5个缺陷
2024-11-07 05:05:12,222 - INFO - 分析第4/5个缺陷
2024-11-07 05:05:17,678 - INFO - 分析第5/5个缺陷
2024-11-07 05:06:19,160 - INFO - 开始生成修复建议
2024-11-07 05:06:22,067 - INFO - 处理第1/5个修复建议
