Discovering subpackages in _NamespacePath(['/home/miniconda3/envs/VulRAG/lib/python3.10/site-packages/pinecone_plugins'])
Looking for plugins in pinecone_plugins.inference
Installing plugin inference into Pinecone
开始处理demo: 
import hilog from '@ohos.hilog';
@Entry
@Component
struct Index {
  build() {
    Column() {
      Text('PanGesture Offset:\nX: ' + 50 + '\n' + 'Y: ' + 100)
        .fontSize(28)
        .height(200)
        .width(300)
        .padding(20)
        .border({ width: 3 })
        .translate({ x: 50, y: 100, z: 0 })
        .gesture(
          PanGesture()
            .onActionUpdate((event: GestureEvent|undefined) => {
              hilog.info(1001, 'Index', 'onActionUpdate')
            })
        )
    }
  }
}
HTTP Request: POST https://xiaoai.plus/v1/chat/completions "HTTP/1.1 200 OK"
--------------------------------------------------```json
{
    "rule": "@performance/high-frequency-log-check",
    "description": "不建议在高频函数中使用Hilog。 高频函数包括：onTouch、onItemDragMove、onDragMove、onMouse、onVisibleAreaChange、onAreaChange、onScroll、onActionUpdate。",
    "line": 14,
    "defect snippet": "hilog.info(1001, 'Index', 'onActionUpdate')"
}
```--------------------------------------------------
HTTP Request: POST https://xiaoai.plus/v1/chat/completions "HTTP/1.1 200 OK"
HTTP Request: POST https://xiaoai.plus/v1/chat/completions "HTTP/1.1 200 OK"
--------------------------------------------------下面我将给出你类似的错误，请根据这些错误的修复方案，帮我修复一下我的代码。
Demo 1: 
问题类型规则: 
@performance/high-frequency-log-check

问题描述: 
不建议在高频函数中使用Hilog。

高频函数包括：onTouch、onItemDragMove、onDragMove、onMouse、onVisibleAreaChange、onAreaChange、onScroll、onActionUpdate。

问题代码: 
```arkts
build() {
  Stack() {
    Column() {
      LoadingPanel()
    }
    .width('100%')
    .height('100%')

    Row() {
      if (this.thumbnail !== null && this.thumbnail !== undefined) {
        Image(this.thumbnail)
          .rotate({
            x: 0,
            y: 0,
            z: 1,
            angle: 0
          })
          .onComplete((): void => {
            Log.info(TAG,
              'onComplete finish, index: ' + this.item.index + ', item: ' + JSON.stringify(this.item) + ', uri: ' +
              this.thumbnail + '.');
          })
          .onError((): void => {
            Log.error(TAG, 'image show error ' + this.thumbnail + ' ' + this.item.width + ' ' + this.item.height);
          })
      }

    }
    .width('100%')
    .height('100%')
  }
}
```

问题修复解释: 
在滚动组件中触发滚动属于高频事件，而 onScroll 函数会在每次滚动时被触发。如果在 onScroll 函数中使用Log来进行记录会产生大量的日志，显著地影响了app的性能

修复代码: 

```arkts
build() {
  Stack() {
    Column() {
      LoadingPanel()
    }
    .width('100%')
    .height('100%')

    Row() {
      if (this.thumbnail !== null && this.thumbnail !== undefined) {
        Image(this.thumbnail)
          .rotate({
            x: 0,
            y: 0,
            z: 1,
            angle: 0
          })
          .onComplete((): void => {
            let info = TAG + 
              'onComplete finish, index: ' + this.item.index + ', item: ' + JSON.stringify(this.item) + ', uri: ' +
              this.thumbnail + '.';
          })
          .onError((): void => {
            let error = TAG + 'image show error ' + this.thumbnail + ' ' + this.item.width + ' ' + this.item.height;
          })
      }

    }
    .width('100%')
    .height('100%')
  }
}
```

Demo 2: 
问题类型规则: 
@performance/high-frequency-log-check

问题描述: 
不建议在高频函数中使用Hilog。

高频函数包括：onTouch、onItemDragMove、onDragMove、onMouse、onVisibleAreaChange、onAreaChange、onScroll、onActionUpdate。

问题代码: 
```arkts
import hilog from '@ohos.hilog';
@Entry
@Component
struct Index {
  build() {
    Row() {
      Slider({ value: 0, min: 0, max: 100 })
        .enabled(false)
        .height(4)
        .width(100)
        .trackThickness(3)
        .blockColor(Color.Red)
        .blockSize({ width: 4, height: 4 })
        .onVisibleAreaChange([0.0, 1.0], (isVisible: boolean, currentRatio: number) => {
          hilog.info(1001, 'Index', 'onVisibleAreaChange') // Avoid printing logs
        })
    }
  }
}
```

问题修复解释: 
在可见区域变化事件中，onVisibleAreaChange 函数会在每次可见区域变化时被触发。如果在 onVisibleAreaChange 函数中使用 hilog.info 进行日志记录，就会导致每次可见区域变化操作都进行一次日志记录，这样的高频操作会对性能造成负面影响。通过移除高频函数中的 hilog 调用，减少了不必要的日志输出，从而降低了对系统性能的影响。

修复代码: 

```arkts
@Entry
@Component
struct Index {
  build() {
    Row() {
      Slider({ value: 0, min: 0, max: 100 })
        .enabled(false)
        .height(4)
        .width(100)
        .trackThickness(3)
        .blockColor(Color.Red)
        .blockSize({ width: 4, height: 4 })
        .onVisibleAreaChange([0.0, 1.0], (isVisible: boolean, currentRatio: number) => {
          const TAG = 'onVisibleAreaChange';
        })
    }
  }
}
```

Demo 3: 
问题类型规则: 
@performance/high-frequency-log-check

问题描述: 
不建议在高频函数中使用Hilog。

高频函数包括：onTouch、onItemDragMove、onDragMove、onMouse、onVisibleAreaChange、onAreaChange、onScroll、onActionUpdate。

问题代码: 
```arkts
import hilog from '@ohos.hilog';
@Entry
@Component
struct Index {
  build() {
    Row(){
      Image("XXX")
        .width(200)
        .height(100)
        .draggable(true)
        .margin({ left: 15 })
        .border({ color: Color.Black, width: 1 })
        .onDragMove(() => {
          hilog.info(1001, 'Index', 'onDragMove')
      })
    }
  }
}
```

问题修复解释: 
在拖拽组件中，onDragMove 函数会在每次拖动时被触发。如果在 onDragMove 函数中使用 hilog.warn 进行日志记录，就会导致每次拖动操作都进行一次日志记录，这样的高频操作会对性能造成负面影响。通过移除高频函数中的 hilog 调用，减少了不必要的日志输出，从而降低了对系统性能的影响。

修复代码: 

```arkts
@Entry
@Component
struct Index {
  build() {
    Row(){
      Image("XXX")
        .width(200)
        .height(100)
        .draggable(true)
        .margin({ left: 15 })
        .border({ color: Color.Black, width: 1 })
        .onDragMove(() => {
          const TAG = 'onDragMove';
        })
    }
  }
}
```

Demo 4: 
问题类型规则: 
@performance/high-frequency-log-check

问题描述: 
不建议在高频函数中使用Hilog。

高频函数包括：onTouch、onItemDragMove、onDragMove、onMouse、onVisibleAreaChange、onAreaChange、onScroll、onActionUpdate。

问题代码: 
```arkts
import hilog from '@ohos.hilog';
@Entry
@Component
struct Index {
  build() {
    Scroll(this.scroller) {
      Column() {
        Text(this.message)
        .fontSize(50)
        .fontWeight(FontWeight.Bold)
      }.onScroll((xOffset: number, yOffset: number) => {
        console.info(xOffset + ' ' + yOffset)
      })
    }
  }
}

```

问题修复解释: 
在滚动组件中触发滚动属于高频事件，而 onScroll 函数会在每次滚动时被触发。如果在 onScroll 函数中使用console.log来进行记录会产生大量的日志，显著地影响了app的性能

修复代码: 

```arkts
import hilog from '@ohos.hilog';
@Entry
@Component
struct Index {
  build() {
    Scroll(this.scroller) {
      Column() {
        Text(this.message)
        .fontSize(50)
        .fontWeight(FontWeight.Bold)
      }.onScroll((xOffset: number, yOffset: number) => {
        const TAG = xOffset + ' ' + yOffset
      })
    }
  }
}

```

Demo 5: 
问题类型规则: 
@performance/high-frequency-log-check

问题描述: 
不建议在高频函数中使用Hilog。

问题代码: 
```arkts
import hilog from '@ohos.hilog';
@Entry
@Component
struct ControlPanel {
  build() {
    DatePicker()
      .onDateChange(() => {
        hilog.warn(8004, 'ControlPanel', 'onValueChange')
      })
  }
}
```

问题修复解释: 
onDateChange 是高频事件，切换值时多次调用。加入日志会对性能造成负面影响。

修复代码: 

```arkts
@Entry
@Component
struct ControlPanel {
  build() {
    DatePicker()
      .onDateChange(() => {
        const ACTION = 'onValueChange';
      })
  }
}
```

Demo 6: 
问题类型规则: 
@performance/high-frequency-log-check

问题描述: 
不建议在高频函数中使用Hilog。

问题代码: 
```arkts
import hilog from '@ohos.hilog';
@Entry
@Component
struct UserInterface {
  build() {
    List()
      .onItemMove(() => {
        hilog.error(7003, 'UserInterface', 'onItemMove')
      })
  }
}
```

问题修复解释: 
onItemMove 是一个高频事件，用户选择时接连触发。使用 hilog.error 会导致性能瓶颈。

修复代码: 

```arkts
@Entry
@Component
struct UserInterface {
  build() {
    List()
      .onItemMove(() => {
        const EVENT = 'onItemMove';
      })
  }
}
```

Demo 7: 
问题类型规则: 
@performance/high-frequency-log-check

问题描述: 
不建议在高频函数中使用Hilog。

高频函数包括：onTouch、onItemDragMove、onDragMove、onMouse、onVisibleAreaChange、onAreaChange、onScroll、onActionUpdate。

问题代码: 
```arkts
build() {
  Row() {
    Text('1')
      .fontWeight(FontWeight.Bold)
      .backgroundColor('black')
      .fontColor('white')
      .fontSize(200)
      .width(200)
      .height(200)
      .lineHeight(200)
      .textAlign(TextAlign.Center)
  }
  .onTouch((event: TouchEvent) => {
    console.log(JSON.stringify(event.touches))
  })
}
```

问题修复解释: 
在滚动组件中触发滚动属于高频事件，而 onScroll 函数会在每次滚动时被触发。如果在 onScroll 函数中使用console.log来进行记录会产生大量的日志，显著地影响了app的性能

修复代码: 

```arkts
build() {
  Row() {
    Text('1')
      .fontWeight(FontWeight.Bold)
      .backgroundColor('black')
      .fontColor('white')
      .fontSize(200)
      .width(200)
      .height(200)
      .lineHeight(200)
      .textAlign(TextAlign.Center)
  }
  .onTouch((event: TouchEvent) => {
    const text = JSON.stringify(event.touches)
  })
}
```

Demo 8: 
问题类型规则: 
@performance/high-frequency-log-check

问题描述: 
不建议在高频函数中使用Hilog。

问题代码: 
```arkts
import hilog from '@ohos.hilog';
@Entry
@Component
struct Dashboard {
  build() {
    ScrollView()
      .onItemMove() => {
        hilog.info(6002, 'Dashboard', 'onScroll')
      })
  }
}
```

问题修复解释: 
onItemMove 是高频事件，在用户滚动时频繁调用。使用 hilog.info 会严重影响应用性能。

修复代码: 

```arkts
@Entry
@Component
struct Dashboard {
  build() {
    ScrollView()
      .onItemMove() => {
        const LABEL = 'onScroll';
      })
  }
}
```

Demo 9: 
问题类型规则: 
@performance/high-frequency-log-check

问题描述: 
不建议在高频函数中使用Hilog。

问题代码: 
```arkts
import hilog from '@ohos.hilog';
@Entry
@Component
struct App {
  build() {
    Toggle()
      .onActionUpdate(() => {
        hilog.debug(3001, 'App', 'Toggle Action Update')
    })
  }
}
```

问题修复解释: 
当 Toggle 的状态发生变化时，onActionUpdate 会被持续调用。使用 hilog.debug 会导致过多的日志输出，从而降低性能。

修复代码: 

```arkts
@Entry
@Component
struct App {
  build() {
    Toggle()
      .onActionUpdate(() => {
        const state = 'Toggle Action Update';
    })
  }
}
```

Demo 10: 
问题类型规则: 
@performance/high-frequency-log-check

问题描述: 
不建议在高频函数中使用Hilog。

问题代码: 
```arkts
import hilog from '@ohos.hilog';
@Entry
@Component
struct App {
  build() {
    ListItem()
      .onMouse(() => {
        hilog.info(2001, 'App', 'onMouse')
    })
  }
}
```

问题修复解释: 
onMouse 是一个高频触发的事件。使用 hilog.info 记录每一次的鼠标事件操作会影响性能。

修复代码: 

```arkts
@Entry
@Component
struct App {
  build() {
    ListItem()
      .onMouse(() => {
        const TAG = 'onMouse';
    })
  }
}
```

下面开始错误的修复！
我有如下代码：
```arkts
import hilog from '@ohos.hilog';
@Entry
@Component
struct Index {
  build() {
    Column() {
      Text('PanGesture Offset:\nX: ' + 50 + '\n' + 'Y: ' + 100)
        .fontSize(28)
        .height(200)
        .width(300)
        .padding(20)
        .border({ width: 3 })
        .translate({ x: 50, y: 100, z: 0 })
        .gesture(
          PanGesture()
            .onActionUpdate((event: GestureEvent|undefined) => {
              hilog.info(1001, 'Index', 'onActionUpdate')
            })
        )
    }
  }
}
```

对应的问题类型是: @performance/high-frequency-log-check

该问题类型的描述如下:不建议在高频函数中使用Hilog。 高频函数包括：onTouch、onItemDragMove、onDragMove、onMouse、onVisibleAreaChange、onAreaChange、onScroll、onActionUpdate。
缺陷问题为: 在你提供的代码中，存在一个符合缺陷规则的问题。问题出现在以下代码片段：

```javascript
.onActionUpdate((event: GestureEvent|undefined) => {
  hilog.info(1001, 'Index', 'onActionUpdate')
})
```

在高频函数 `onActionUpdate` 中使用了 `hilog.info`。根据缺陷规则，在高频函数中不建议使用日志打印。
缺陷修复建议为通过总结上述示例，我们可以发现一个常见的修复经验：在高频事件中，避免使用日志记录（如 `hilog` 或 `console.log`）。因为这些事件会频繁触发，相关的日志操作会产生大量输出，导致性能下降。以下是修复高频日志问题的一般步骤：

1. **识别高频事件**：首先，识别出高频触发的事件，例如 `onTouch`, `onScroll`, `onDragMove`, `onVisibleAreaChange` 等。

2. **移除日志语句**：在这些高频事件的回调中，移除任何日志记录调用，以减少不必要的性能开销。

3. **使用变量替代**：用一些变量或者常量来代替日志语句，以便在开发或调试阶段保留对某些信息的了解。同时确保这些变量不会在生产环境中影响性能。

4. **优化需要的日志**：如果确实需要日志记录，例如用于调试，可以考虑条件性地记录日志，只在特定情况下（例如，出现错误或在开发环境下）进行日志输出。

对于你要修复的代码，以上步骤的应用过程如下：

- **识别并移除日志语句**：找出代码中高频事件的回调函数，并移除其中的日志调用。
- **变量替代**：用一个或多个变量来保留可能调试需要的信息。

以下是一个应用示例，使用类似的原则修复一个高频日志问题：

假设存在问题代码如下：

```arkts
import hilog from '@ohos.hilog';
@Entry
@Component
struct SomeComponent {
  build() {
    Image("image.png")
      .onDragMove(() => {
        hilog.info(2006, 'SomeComponent', 'onDragMove');
      })
  }
}
```

修复后的代码：

```arkts
@Entry
@Component
struct SomeComponent {
  build() {
    Image("image.png")
      .onDragMove(() => {
        const action = 'onDragMove';
      })
  }
}
```

通过这类修复，我们可以减少因高频日志输出带来的性能问题，提高应用的运行效率。请您帮我修复一下,输出包括问题修复解释以及修复代码
--------------------------------------------------
--------------------------------------------------好的，针对你提供的代码片段，以下是修复后的代码及解释：

### 问题修复解释
在高频事件中使用 `hilog.info` 会显著影响性能，因为每次触发都会记录日志。为了优化性能，我们可以将日志记录替换为简单的变量或常量，以避免不必要的日志输出。

### 修复代码
```arkts
import hilog from '@ohos.hilog';
@Entry
@Component
struct Index {
  build() {
    Column() {
      Text('PanGesture Offset:\nX: ' + 50 + '\n' + 'Y: ' + 100)
        .fontSize(28)
        .height(200)
        .width(300)
        .padding(20)
        .border({ width: 3 })
        .translate({ x: 50, y: 100, z: 0 })
        .gesture(
          PanGesture()
            .onActionUpdate((event: GestureEvent|undefined) => {
              // 使用变量替代日志记录
              const action = 'onActionUpdate';
            })
        )
    }
  }
}
```

### 解释
1. **移除 `hilog.info` 调用**：在 `onActionUpdate` 回调中，我们不再使用 `hilog.info` 来记录日志。取而代之的是，我们将日志信息存储在一个变量 `action` 中。这样既保留了调试信息，又避免了高频日志输出对性能的影响。
2. **常量替代**：通过定义一个简单的字符串常量 `action`，我们可以在开发和调试阶段方便地查看日志信息，而在生产环境中不会产生额外的性能开销。

通过这种方式，我们可以确保在不影响应用性能的情况下进行必要的调试工作。--------------------------------------------------
开始处理demo: 
let testsync: displaySync.DisplaySync = displaySync.create();
testsync.setExpectedFrameRateRange({
  expected: 120,
  min: 120,
  max: 120,
});
HTTP Request: POST https://xiaoai.plus/v1/chat/completions "HTTP/1.1 200 OK"
--------------------------------------------------```json
{
    "rule": "@performance/no-high-loaded-frame-rate-range",
    "description": "不允许锁定最高帧率运行。",
    "line": 2,
    "defect snippet": "testsync.setExpectedFrameRateRange({\n  expected: 120,\n  min: 120,\n  max: 120,\n});"
}
```--------------------------------------------------
HTTP Request: POST https://xiaoai.plus/v1/chat/completions "HTTP/1.1 200 OK"
HTTP Request: POST https://xiaoai.plus/v1/chat/completions "HTTP/1.1 200 OK"
--------------------------------------------------下面我将给出你类似的错误，请根据这些错误的修复方案，帮我修复一下我的代码。
Demo 1: 
问题类型规则: 
@performance/no-high-loaded-frame-rate-range

问题描述: 
不允许锁定最高帧率运行。

问题代码: 
```arkts
Slider({ value: this.curTime, min: 0, max: 100 })
  .enabled(false)
  .height(4)
  .width(this.xComponentWidth)
  .trackThickness(3)
  .blockColor(Color.Red)
  .blockSize({ width: 4, height: 4 })
  .onVisibleAreaChange([0.0, 1.0], (isVisible: boolean, currentRatio: number) => {
    if (isVisible && currentRatio >= 1.0) {
      animateTo({
        duration: 30000,
        iterations: -1,
        expectedFrameRateRange: {
          expected: 120,
          min: 120,
          max: 120,
        },
      }, () => {
        if (this.curTime >= 100) {
          this.curTime = 0;
        }
        for (let i = 0; i < 101; i++) {
          this.curTime += 1;
        }
      })
    }
  })
```

问题修复解释: 
在给定的代码中，通过设置expectedFrameRateRange ，将帧率锁定在 120 帧每秒 (FPS)，会对设备的 CPU 和 GPU 造成很大的性能负担，尤其是在移动设备上。通过将帧率范围设置为 0-120 FPS，可以确保应用在大多数设备上都能稳定运行，同时不会对设备造成不必要的性能负担。这样可以平衡性能和电池消耗，同时确保用户体验的一致性。

修复代码: 

```arkts
Slider({ value: this.curTime, min: 0, max: 100 })
  .enabled(false)
  .height(4)
  .width(this.xComponentWidth)
  .trackThickness(3)
  .blockColor(Color.Red)
  .blockSize({ width: 4, height: 4 })
  .onVisibleAreaChange([0.0, 1.0], (isVisible: boolean, currentRatio: number) => {
    if (isVisible && currentRatio >= 1.0) {
      animateTo({
        duration: 30000,
        iterations: -1,
        expectedFrameRateRange: {
          expected: 30,
          min: 0,
          max: 120,
        },
      }, () => {
        if (this.curTime >= 100) {
          this.curTime = 0;
        }
        for (let i = 0; i < 101; i++) {
          this.curTime += 1;
        }
      })
    }
  })
```

Demo 2: 
问题类型规则: 
@performance/no-high-loaded-frame-rate-range

问题描述: 
不允许锁定最高帧率运行。

问题代码: 
```arkts
function processFrame() {
  videoConfig = {
    fps: {
      min: 210,
      expected: 210,
      max: 210
    }
  };
  videoPlayer.configure(videoConfig);
}
```

问题修复解释: 
锁定帧率为 210 FPS，可能导致设备在运行其他应用时速度减慢。

修复代码: 

```arkts
function processFrame() {
  videoConfig = {
    fps: {
      min: 30,
      expected: 60,
      max: 60
    }
  };
  videoPlayer.configure(videoConfig);
}
```

Demo 3: 
问题类型规则: 
@performance/no-high-loaded-frame-rate-range

问题描述: 
不允许锁定最高帧率运行。

问题代码: 
```arkts
function initializeFrame() {
  let syncConfig = {
    expected: 180,
    min: 180,
    max: 180
  };
  frameManager.setSync(syncConfig);
}
```

问题修复解释: 
代码中将帧率锁定在 180 FPS，高负载可能会导致设备过热或电池消耗加快。

修复代码: 

```arkts
function initializeFrame() {
  let syncConfig = {
    expected: 60,
    min: 30,
    max: 60
  };
  frameManager.setSync(syncConfig);
}
```

Demo 4: 
问题类型规则: 
@performance/no-high-loaded-frame-rate-range

问题描述: 
不允许锁定最高帧率运行。

问题代码: 
```arkts
const settings = new FrameSettings(160, 160, 160);
frameManager.applySettings(settings);
```

问题修复解释: 
帧率设置为 160 FPS，在很多设备上都会导致资源负载过重。

修复代码: 

```arkts
const settings = new FrameSettings(60, 30, 60);
frameManager.applySettings(settings);
```

Demo 5: 
问题类型规则: 
@performance/no-high-loaded-frame-rate-range

问题描述: 
不允许锁定最高帧率运行。

问题代码: 
```arkts
CreateDisplaySyncSlow() {
    let range : ExpectedFrameRateRange = {
      expected: 120,
      min: 120,
      max: 120
    };

    let draw30 = (intervalInfo: displaySync.IntervalInfo) => {
      if (this.isBigger_30) {
        this.drawFirstSize += 1;
        if (this.drawFirstSize > 150) {
          this.isBigger_30 = false;
        }
      } else {
        this.drawFirstSize -= 1;
        if (this.drawFirstSize < 25) {
          this.isBigger_30 = true;
        }
      }
    };

    this.backDisplaySyncSlow = displaySync.create();
    this.backDisplaySyncSlow.setExpectedFrameRateRange(range);
    this.backDisplaySyncSlow.on("frame", draw30);
}
```

问题修复解释: 
在给定的代码中，通过设置expectedFrameRateRange ，将帧率锁定在 120 帧每秒 (FPS)，会对设备的 CPU 和 GPU 造成很大的性能负担，尤其是在移动设备上。通过将帧率范围设置为 0-120 FPS，可以确保应用在大多数设备上都能稳定运行，同时不会对设备造成不必要的性能负担。这样可以平衡性能和电池消耗，同时确保用户体验的一致性。

修复代码: 

```arkts
CreateDisplaySyncSlow() {
    let range : ExpectedFrameRateRange = {
      expected: 30,
      min: 0,
      max: 120
    };

    let draw30 = (intervalInfo: displaySync.IntervalInfo) => {
      if (this.isBigger_30) {
        this.drawFirstSize += 1;
        if (this.drawFirstSize > 150) {
          this.isBigger_30 = false;
        }
      } else {
        this.drawFirstSize -= 1;
        if (this.drawFirstSize < 25) {
          this.isBigger_30 = true;
        }
      }
    };

    this.backDisplaySyncSlow = displaySync.create();
    this.backDisplaySyncSlow.setExpectedFrameRateRange(range);
    this.backDisplaySyncSlow.on("frame", draw30);
}
```

Demo 6: 
问题类型规则: 
@performance/no-high-loaded-frame-rate-range

问题描述: 
不允许锁定最高帧率运行。

问题代码: 
```arkts
const frameController = new FrameRateController();
frameController.setRange(240, 240, 240);
```

问题修复解释: 
为帧率设置过高的范围，锁定在 240 FPS，将对 CPU 和 GPU 导致巨大的性能负担。

修复代码: 

```arkts
const frameController = new FrameRateController();
frameController.setRange(60, 30, 60);
```

Demo 7: 
问题类型规则: 
@performance/no-high-loaded-frame-rate-range

问题描述: 
不允许锁定最高帧率运行。

问题代码: 
```arkts
var config = {
  frameRate: {
    min: 200,
    expected: 200,
    max: 200
  }
};
display.setConfig(config);
```

问题修复解释: 
此配置使帧率高达 200 FPS，硬件压力增大，可能会影响设备的整体性能表现。

修复代码: 

```arkts
var config = {
  frameRate: {
    min: 30,
    expected: 60,
    max: 60
  }
};
display.setConfig(config);
```

Demo 8: 
问题类型规则: 
@performance/no-high-loaded-frame-rate-range

问题描述: 
不允许锁定最高帧率运行。

问题代码: 
```arkts
let videoSettings = {
  expectedFrameRate: 200,
  minFrameRate: 200,
  maxFrameRate: 200
};
mediaPlayer.setRateOptions(videoSettings);
```

问题修复解释: 
锁定帧率为 200 FPS 对于大多数设备来说负担过重，可能会导致性能降低。

修复代码: 

```arkts
let videoSettings = {
  expectedFrameRate: 60,
  minFrameRate: 30,
  maxFrameRate: 60
};
mediaPlayer.setRateOptions(videoSettings);
```

Demo 9: 
问题类型规则: 
@performance/no-high-loaded-frame-rate-range

问题描述: 
不允许锁定最高帧率运行。

问题代码: 
```arkts
@Widget
class FrameWidget {
  configure() {
    setRates({
      expected: 120,
      min: 120,
      max: 120
    });
  }
}
```

问题修复解释: 
将帧率锁定在 120 FPS，会让设备面临较大的资源消耗，影响其他进程。

修复代码: 

```arkts
@Widget
class FrameWidget {
  configure() {
    setRates({
      expected: 60,
      min: 30,
      max: 60
    });
  }
}
```

Demo 10: 
问题类型规则: 
@performance/no-high-loaded-frame-rate-range

问题描述: 
不允许锁定最高帧率运行。

问题代码: 
```arkts
const rateConfig = {
  expected: 150,
  min: 150,
  max: 150
};
displaySync.setRateRange(rateConfig);
```

问题修复解释: 
此配置将帧率锁定在 150 FPS，过高的帧率会导致设备性能下降，尤其是在较弱的硬件上。

修复代码: 

```arkts
const rateConfig = {
  expected: 60,
  min: 30,
  max: 60
};
displaySync.setRateRange(rateConfig);
```

下面开始错误的修复！
我有如下代码：
```arkts
let testsync: displaySync.DisplaySync = displaySync.create();
testsync.setExpectedFrameRateRange({
  expected: 120,
  min: 120,
  max: 120,
});
```

对应的问题类型是: @performance/no-high-loaded-frame-rate-range

该问题类型的描述如下:不允许锁定最高帧率运行。
缺陷问题为: 你的代码中存在缺陷的问题在于 `setExpectedFrameRateRange` 方法的参数将帧率范围锁定为最高的帧率：

```javascript
testsync.setExpectedFrameRateRange({
  expected: 120,
  min: 120,
  max: 120,
});
```

根据缺陷定义，不允许锁定最高帧率运行，即 `min` 和 `max` 不应相同且都等于某个高的帧率（如 120）。你可以调整 `min` 和 `max` 的值以避免这个问题，例如：

```javascript
testsync.setExpectedFrameRateRange({
  expected: 120,
  min: 60,
  max: 120,
});
```

这样做可以确保帧率不会被锁定在最高值。
缺陷修复建议为### 修复经验总结

从上述案例来看，问题普遍来自于将帧率锁定得过高（如 120 FPS、150 FPS、200 FPS 等），导致设备易受负载过重影响。以下是修复这些问题的经验总结：

1. **合理的帧率范围**：
   - 为设备设置一个浮动的帧率范围（如 `min: 30, max: 60`），而不是锁定在一个固定而高的值。
   - 允许最低帧率为 30 FPS，可以确保在性能较差的设备上应用也能正常运行，而不会过度消耗资源。

2. **预期帧率调整**：
   - 将预期帧率设定为一个合理的值（如 `expected: 60`），在现代设备上能提供良好的性能表现，同时控制噪音和电池消耗。

3. **设备兼容性**：
   - 考虑到设备的多样性，宽松的帧率范围（如 `min: 0, max: 120`）使得应用能够适应不同的硬件配置。

4. **性能影响**：
   - 高帧率虽然可能带来更流畅的动画效果，但如果过高，会导致设备过热、耗电快并影响其他进程。

5. **平衡性能与体验**：
   - 适度调整帧率设置，使得应用在大多数设备上平衡性能与用户体验。

遵循这些修复建议，可以为应用在维持良好用户体验的同时降低对设备的性能需求。请您帮我修复一下,输出包括问题修复解释以及修复代码
--------------------------------------------------
--------------------------------------------------根据你的描述和要求，以下是修复后的代码，包括问题修复解释以及修复代码：

### 问题修复解释
原代码将帧率锁定在 120 FPS，这会导致设备资源消耗过大。为了减少对设备的负担，我们应该调整帧率范围以避免过高的帧率。通过将 `min` 和 `max` 设置为不同的值（如 60），我们可以确保应用在大多数设备上都能保持良好的性能表现，同时不会过度消耗资源。

### 修复代码
```arkts
let testsync: displaySync.DisplaySync = displaySync.create();
testsync.setExpectedFrameRateRange({
  expected: 60,
  min: 30,
  max: 60,
});
```

通过将 `min` 和 `max` 设置为 30 和 60，我们确保了帧率在合理的范围内波动，从而避免了对设备资源的过度消耗。--------------------------------------------------
开始处理demo: 
let intNum = 3;
let floatNum = 2.5;
let intNum2 = 4;
let floatNum2 = 188.3;
floatNum = 4; 
intNum = 1.8; 
intNum2 = 17.02;
floatNum2 = 9964;
HTTP Request: POST https://xiaoai.plus/v1/chat/completions "HTTP/1.1 200 OK"
--------------------------------------------------```json
{
    "rule": "@performance/number-init-check",
    "description": "该规则将检查number是否正确使用",
    "line": 6,
    "defect snippet": "intNum = 1.8;"
}
```--------------------------------------------------
HTTP Request: POST https://xiaoai.plus/v1/chat/completions "HTTP/1.1 200 OK"
HTTP Request: POST https://xiaoai.plus/v1/chat/completions "HTTP/1.1 200 OK"
--------------------------------------------------下面我将给出你类似的错误，请根据这些错误的修复方案，帮我修复一下我的代码。
Demo 1: 
问题类型规则: 
@performance/number-init-check

问题描述: 
该规则将检查number是否正确使用。

问题代码: 
```arkts
let intNum1: number = 2, intNum2: number = 1;
intNum1 = 3.5;
intNum2 = 4.3;
```

问题修复解释: 
intNum被声明为int类型。应当避免将其转换成float类型

修复代码: 

```arkts
let intNum1: number = 2, intNum2: number = 1;
intNum1 = 3;
intNum2 = 4;
```

Demo 2: 
问题类型规则: 
@performance/number-init-check

问题描述: 
该规则将检查number是否正确使用。

问题代码: 
```arkts
let intNum = 1;
intNum = 1.1; 
```

问题修复解释: 
intNum被声明为int类型。应当避免将其转换成float类型

修复代码: 

```arkts
let intNum = 1;
intNum = 2;
```

Demo 3: 
问题类型规则: 
@performance/number-init-check

问题描述: 
该规则将检查number是否正确使用。

问题代码: 
```arkts
let floatNum = 1.3;
floatNum = 2; 
```

问题修复解释: 
floatNum被声明为float类型。应当避免将其转换成int类型

修复代码: 

```arkts
let floatNum = 1.3;
floatNum = 2.4;
```

Demo 4: 
问题类型规则: 
@performance/number-init-check

问题描述: 
该规则将检查number是否正确使用。

问题代码: 
```arkts
let floatNum1: number = 2.5, floatNum2: number = 1.5;
floatNum1 = 3;
floatNum2 = 4;
```

问题修复解释: 
floatNum被声明为float类型。应当避免将其转换成int类型

修复代码: 

```arkts
let floatNum1: number = 2.5, floatNum2: number = 1.5;
floatNum1 = 3.5;
floatNum2 = 4.3;
```

Demo 5: 
问题类型规则: 
@performance/number-init-check

问题描述: 
该规则将检查number是否正确使用。

问题代码: 
```arkts
let accuracy: number = 0.8, improvement: number = 2.0; accuracy = 1; improvement = 3;
```

问题修复解释: 
accuracy被声明为float类型。应当避免将其转换成int类型

修复代码: 

```arkts
let accuracy: number = 0.8, improvement: number = 2.0; accuracy = 1.0; improvement = 3.0;
```

Demo 6: 
问题类型规则: 
@performance/number-init-check

问题描述: 
该规则将检查number是否正确使用。

问题代码: 
```arkts
let maxRate = 3.2; maxRate = 1;
```

问题修复解释: 
maxRate被声明为float类型。应当避免将其转换成int类型

修复代码: 

```arkts
let maxRate = 3.2; maxRate = 2.8;
```

Demo 7: 
问题类型规则: 
@performance/number-init-check

问题描述: 
该规则将检查number是否正确使用。

问题代码: 
```arkts
let halfValue: number = 0.5, bonus: number = 1.5; halfValue = 1; bonus = 2;
```

问题修复解释: 
halfValue被声明为float类型。应当避免将其转换成int类型

修复代码: 

```arkts
let halfValue: number = 0.5, bonus: number = 1.5; halfValue = 0.8; bonus = 1.7;
```

Demo 8: 
问题类型规则: 
@performance/number-init-check

问题描述: 
该规则将检查number是否正确使用。

问题代码: 
```arkts
let height: number = 180, weight: number = 70; height = 175.5; weight = 68.8;
```

问题修复解释: 
height被声明为int类型。应当避免将其转换成float类型

修复代码: 

```arkts
let height: number = 180, weight: number = 70; height = 176; weight = 69;
```

Demo 9: 
问题类型规则: 
@performance/number-init-check

问题描述: 
该规则将检查number是否正确使用。

问题代码: 
```arkts
let fullMarks: number = 10, grade: number = 5; fullMarks = 9.5; grade = 8.4;
```

问题修复解释: 
fullMarks被声明为int类型。应当避免将其转换成float类型

修复代码: 

```arkts
let fullMarks: number = 10, grade: number = 5; fullMarks = 9; grade = 8;
```

Demo 10: 
问题类型规则: 
@performance/number-init-check

问题描述: 
该规则将检查number是否正确使用。

问题代码: 
```arkts
let minValue = 0; minValue = 0.5;
```

问题修复解释: 
minValue被声明为int类型。应当避免将其转换成float类型

修复代码: 

```arkts
let minValue = 0; minValue = 1;
```

下面开始错误的修复！
我有如下代码：
```arkts
let intNum = 3;
let floatNum = 2.5;
let intNum2 = 4;
let floatNum2 = 188.3;
floatNum = 4; 
intNum = 1.8; 
intNum2 = 17.02;
floatNum2 = 9964;
```

对应的问题类型是: @performance/number-init-check

该问题类型的描述如下:该规则将检查number是否正确使用
缺陷问题为: 根据缺陷规则，以下代码行存在问题：

1. `floatNum = 4;`：`floatNum` 声明为浮点型，应避免将其赋值为整数。
2. `intNum = 1.8;`：`intNum` 声明为整数，应避免将其赋值为浮点型。
3. `intNum2 = 17.02;`：`intNum2` 声明为整数，应避免将其赋值为浮点型。
4. `floatNum2 = 9964;`：`floatNum2` 声明为浮点型，应避免将其赋值为整数。
缺陷修复建议为为了修复你的代码中的类似错误，我们需要遵循这些经验：

1. **明确类型一致性**：根据初始值来判断变量是整数（int）还是浮点数（float），并保持一致。
2. **整数与浮点数的区分**：整数应始终赋予整数值，浮点数则可接受小数。
3. **小心更新值**：更新变量时，确保新的值的类型与原始声明一致。

以下是这些原则应用于你的代码中的修复：

假设你的问题代码如下：

```arkts
let myNumber: number = 5;
myNumber = 3.2;  // 有问题
```

**修复方法**：

1. 确定 `myNumber` 的类型：
   - 如果 `myNumber` 初始化为整数，可将其保持为整数：

```arkts
let myNumber: number = 5;
myNumber = 3;  // 修复后的正确用法
```

2. 如果 `myNumber` 需要存储小数，从一开始就将其初始化为浮点数：

```arkts
let myNumber: number = 5.0;
myNumber = 3.2;  // 修复后的正确用法
```

通过注意初始值的类型，并在修改时保持一致，可以确保符合《@performance/number-init-check》规则，避免类型不一致问题。请您帮我修复一下,输出包括问题修复解释以及修复代码
--------------------------------------------------
--------------------------------------------------根据你的描述和要求，以下是修复后的代码及其解释：

**原始代码：**
```arkts
let intNum = 3;
let floatNum = 2.5;
let intNum2 = 4;
let floatNum2 = 188.3;
floatNum = 4; 
intNum = 1.8; 
intNum2 = 17.02;
floatNum2 = 9964;
```

**问题修复解释：**
1. `floatNum = 4;`：`floatNum` 声明为浮点型，应避免将其赋值为整数。应该保持其类型一致性。
2. `intNum = 1.8;`：`intNum` 声明为整数，应避免将其赋值为浮点型。应该保持其类型一致性。
3. `intNum2 = 17.02;`：`intNum2` 声明为整数，应避免将其赋值为浮点型。应该保持其类型一致性。
4. `floatNum2 = 9964;`：`floatNum2` 声明为浮点型，应避免将其赋值为整数。应该保持其类型一致性。

**修复代码：**
```arkts
let intNum = 3;
let floatNum = 2.5;
let intNum2 = 4;
let floatNum2 = 188.3;
floatNum = 4.0;  // 修复为浮点数类型
intNum = 2;  // 修复为整数类型
intNum2 = 17;  // 修复为整数类型
floatNum2 = 9964.0;  // 修复为浮点数类型
```

**解释：**
- `floatNum = 4.0;`：将 `floatNum` 赋值为 `4.0`，保持其为浮点数类型。
- `intNum = 2;`：将 `intNum` 赋值为 `2`，保持其为整数类型。
- `intNum2 = 17;`：将 `intNum2` 赋值为 `17`，保持其为整数类型。
- `floatNum2 = 9964.0;`：将 `floatNum2` 赋值为 `9964.0`，保持其为浮点数类型。

通过确保变量的初始化和更新都保持类型一致性，可以避免违反《@performance/number-init-check》规则。--------------------------------------------------
开始处理demo: 
let test_array: string[] = new Array(9009);
array[4708] = 'mid';
HTTP Request: POST https://xiaoai.plus/v1/chat/completions "HTTP/1.1 200 OK"
--------------------------------------------------```json
{
    "rule": "@performance/sparse-array-check",
    "description": "建议避免使用稀疏数组。",
    "line": 1,
    "defect snippet": "let test_array: string[] = new Array(9009);"
}
```--------------------------------------------------
HTTP Request: POST https://xiaoai.plus/v1/chat/completions "HTTP/1.1 200 OK"
HTTP Request: POST https://xiaoai.plus/v1/chat/completions "HTTP/1.1 200 OK"
--------------------------------------------------下面我将给出你类似的错误，请根据这些错误的修复方案，帮我修复一下我的代码。
Demo 1: 
问题类型规则: 
@performance/sparse-array-check

问题描述: 
建议避免使用稀疏数组。

问题代码: 
```arkts
let flags: boolean[] = [];
flags[1000] = true;
```

问题修复解释: 
仅在索引 1000 处赋值，形成稀疏数组，导致性能问题。

修复代码: 

```arkts
let flags: boolean[] = [true];
```

Demo 2: 
问题类型规则: 
@performance/sparse-array-check

问题描述: 
建议避免使用稀疏数组。

问题代码: 
```arkts
let chars: string[] = new Array(500);
chars[499] = 'z';
```

问题修复解释: 
数组长度为 500，但只在索引 499 赋值，形成稀疏数组，浪费内存。

修复代码: 

```arkts
let chars: string[] = ['z'];
```

Demo 3: 
问题类型规则: 
@performance/sparse-array-check

问题描述: 
建议避免使用稀疏数组。

问题代码: 
```arkts
let temps: number[] = new Array(50);
temps[49] = 22.5;
```

问题修复解释: 
数组长度为 50，但只在索引 49 赋值，稀疏数组导致空间浪费。

修复代码: 

```arkts
let temps: number[] = [22.5];
```

Demo 4: 
问题类型规则: 
@performance/sparse-array-check

问题描述: 
建议避免使用稀疏数组。

问题代码: 
```arkts
let colors: string[] = [];
colors[500] = 'blue';
```

问题修复解释: 
在索引 500 处赋值，其他位置未定义，导致稀疏数组，性能不佳。

修复代码: 

```arkts
let colors: string[] = ['blue'];
```

Demo 5: 
问题类型规则: 
@performance/sparse-array-check

问题描述: 
建议避免使用稀疏数组。

问题代码: 
```arkts
let items: string[] = new Array(3000);
items[2999] = 'item';
```

问题修复解释: 
创建了数组长度为 3000，但仅在索引 2999 赋值，形成稀疏数组，性能下降。

修复代码: 

```arkts
let items: string[] = ['item'];
```

Demo 6: 
问题类型规则: 
@performance/sparse-array-check

问题描述: 
建议避免使用稀疏数组。

问题代码: 
```arkts
let flags: boolean[] = [];
flags[200] = false;
```

问题修复解释: 
在索引 200 处赋值，其余未定义，导致稀疏数组。应创建紧凑数组。

修复代码: 

```arkts
let flags: boolean[] = [false];
```

Demo 7: 
问题类型规则: 
@performance/sparse-array-check

问题描述: 
建议避免使用稀疏数组。

问题代码: 
```arkts
let scores: number[] = [];
scores[999] = 50;
```

问题修复解释: 
在索引 999 处赋值，其余位置未定义，形成稀疏数组，导致内存浪费。

修复代码: 

```arkts
let scores: number[] = [50];
```

Demo 8: 
问题类型规则: 
@performance/sparse-array-check

问题描述: 
建议避免使用稀疏数组。

问题代码: 
```arkts
let values: number[] = [];
values[3333] = 10;
```

问题修复解释: 
仅在索引 3333 处赋值，形成稀疏数组，导致性能低下。应避免稀疏数组。

修复代码: 

```arkts
let values: number[] = [10];
```

Demo 9: 
问题类型规则: 
@performance/sparse-array-check

问题描述: 
建议避免使用稀疏数组。

问题代码: 
```arkts
let points: number[] = [];
points[1500] = 7;
```

问题修复解释: 
在索引 1500 处赋值，其余位置未定义，造成内存浪费。应避免稀疏数组。

修复代码: 

```arkts
let points: number[] = [7];
```

Demo 10: 
问题类型规则: 
@performance/sparse-array-check

问题描述: 
建议避免使用稀疏数组。

问题代码: 
```arkts
let data: boolean[] = new Array(20000);
data[19999] = true;
```

问题修复解释: 
创建了一个长度为 20000 的数组，但只在索引 19999 赋值，大部分元素未定义，浪费内存。

修复代码: 

```arkts
let data: boolean[] = [true];
```

下面开始错误的修复！
我有如下代码：
```arkts
let test_array: string[] = new Array(9009);
array[4708] = 'mid';
```

对应的问题类型是: @performance/sparse-array-check

该问题类型的描述如下:建议避免使用稀疏数组。
缺陷问题为: 在你的代码中，存在稀疏数组的问题，具体如下：

```javascript
let test_array: string[] = new Array(9009);
array[4708] = 'mid';
```

**问题**：

1. `new Array(9009)` 创建了一个稀疏数组，因为数组被声明时就有特定的长度，但并没有为所有元素分配值。
2. 只对 `array[4708]` 进行了赋值，其他的索引位置没有分配任何值，这会导致剩下的元素是未定义的，从而形成稀疏数组。

为了避免稀疏数组，您可以使用完整初始化数组或填充默认值。
缺陷修复建议为### 修复稀疏数组的经验总结

在所有示例中，问题的根本原因是创建了稀疏数组，即数组中的大多数元素未被定义。这不仅导致内存浪费，也可能引发性能问题。因此，修复的关键是避免创建长而稀疏的数组，而用短且紧凑的数组替代。以下是修复经验的总结：

1. **识别稀疏数组**：检查数组是否只有很少的索引被赋值，而数组声明了更大的长度。

2. **紧凑的数组使用**：只在需要的地方创建紧凑的数组。例如，如果只有一个索引被赋值，不要创建长度为几百或几千的数组。

3. **合理分配数组**：如果确实需要长数组，确保合理使用所有元素。避免仅填充最后一个索引，浪费内存。

根据这些经验，以下为你的代码示例的修复方案：

**问题代码**:

```arkts
let sparseArray: number[] = new Array(1000);
sparseArray[999] = 5;
```

**修复代码**:

```arkts
let compactArray: number[] = [5];
```

通过采取以上措施，确保数组的使用更加高效，并避免性能瓶颈。请您帮我修复一下,输出包括问题修复解释以及修复代码
--------------------------------------------------
Attempt 1 failed with error: 'response'
Attempt 2 failed with error: 'response'
Attempt 3 failed with error: 'response'
处理demo 3 时出错: 'response'
开始处理demo: 
let largeArray: number[] = [];
for (let i = 0; i < 1000000; i++) {
    largeArray[i] = Math.random();
}
HTTP Request: POST https://xiaoai.plus/v1/chat/completions "HTTP/1.1 200 OK"
--------------------------------------------------```json
{
    "rule": "@performance/sparse-array-check",
    "description": "建议避免使用稀疏数组。",
    "line": 2,
    "defect snippet": "for (let i = 0; i < 1000000; i++) {\n    largeArray[i] = Math.random();\n}"
}
```--------------------------------------------------
HTTP Request: POST https://xiaoai.plus/v1/chat/completions "HTTP/1.1 200 OK"
HTTP Request: POST https://xiaoai.plus/v1/chat/completions "HTTP/1.1 200 OK"
--------------------------------------------------下面我将给出你类似的错误，请根据这些错误的修复方案，帮我修复一下我的代码。
Demo 1: 
问题类型规则: 
@performance/sparse-array-check

问题描述: 
建议避免使用稀疏数组。

问题代码: 
```arkts
let flags: boolean[] = [];
flags[1000] = true;
```

问题修复解释: 
仅在索引 1000 处赋值，形成稀疏数组，导致性能问题。

修复代码: 

```arkts
let flags: boolean[] = [true];
```

Demo 2: 
问题类型规则: 
@performance/sparse-array-check

问题描述: 
建议避免使用稀疏数组。

问题代码: 
```arkts
let chars: string[] = new Array(500);
chars[499] = 'z';
```

问题修复解释: 
数组长度为 500，但只在索引 499 赋值，形成稀疏数组，浪费内存。

修复代码: 

```arkts
let chars: string[] = ['z'];
```

Demo 3: 
问题类型规则: 
@performance/sparse-array-check

问题描述: 
建议避免使用稀疏数组。

问题代码: 
```arkts
let temps: number[] = new Array(50);
temps[49] = 22.5;
```

问题修复解释: 
数组长度为 50，但只在索引 49 赋值，稀疏数组导致空间浪费。

修复代码: 

```arkts
let temps: number[] = [22.5];
```

Demo 4: 
问题类型规则: 
@performance/sparse-array-check

问题描述: 
建议避免使用稀疏数组。

问题代码: 
```arkts
let colors: string[] = [];
colors[500] = 'blue';
```

问题修复解释: 
在索引 500 处赋值，其他位置未定义，导致稀疏数组，性能不佳。

修复代码: 

```arkts
let colors: string[] = ['blue'];
```

Demo 5: 
问题类型规则: 
@performance/sparse-array-check

问题描述: 
建议避免使用稀疏数组。

问题代码: 
```arkts
let items: string[] = new Array(3000);
items[2999] = 'item';
```

问题修复解释: 
创建了数组长度为 3000，但仅在索引 2999 赋值，形成稀疏数组，性能下降。

修复代码: 

```arkts
let items: string[] = ['item'];
```

Demo 6: 
问题类型规则: 
@performance/sparse-array-check

问题描述: 
建议避免使用稀疏数组。

问题代码: 
```arkts
let flags: boolean[] = [];
flags[200] = false;
```

问题修复解释: 
在索引 200 处赋值，其余未定义，导致稀疏数组。应创建紧凑数组。

修复代码: 

```arkts
let flags: boolean[] = [false];
```

Demo 7: 
问题类型规则: 
@performance/sparse-array-check

问题描述: 
建议避免使用稀疏数组。

问题代码: 
```arkts
let values: number[] = [];
values[3333] = 10;
```

问题修复解释: 
仅在索引 3333 处赋值，形成稀疏数组，导致性能低下。应避免稀疏数组。

修复代码: 

```arkts
let values: number[] = [10];
```

Demo 8: 
问题类型规则: 
@performance/sparse-array-check

问题描述: 
建议避免使用稀疏数组。

问题代码: 
```arkts
let scores: number[] = [];
scores[999] = 50;
```

问题修复解释: 
在索引 999 处赋值，其余位置未定义，形成稀疏数组，导致内存浪费。

修复代码: 

```arkts
let scores: number[] = [50];
```

Demo 9: 
问题类型规则: 
@performance/sparse-array-check

问题描述: 
建议避免使用稀疏数组。

问题代码: 
```arkts
let points: number[] = [];
points[1500] = 7;
```

问题修复解释: 
在索引 1500 处赋值，其余位置未定义，造成内存浪费。应避免稀疏数组。

修复代码: 

```arkts
let points: number[] = [7];
```

Demo 10: 
问题类型规则: 
@performance/sparse-array-check

问题描述: 
建议避免使用稀疏数组。

问题代码: 
```arkts
let data: boolean[] = new Array(20000);
data[19999] = true;
```

问题修复解释: 
创建了一个长度为 20000 的数组，但只在索引 19999 赋值，大部分元素未定义，浪费内存。

修复代码: 

```arkts
let data: boolean[] = [true];
```

下面开始错误的修复！
我有如下代码：
```arkts
let largeArray: number[] = [];
for (let i = 0; i < 1000000; i++) {
    largeArray[i] = Math.random();
}
```

对应的问题类型是: @performance/sparse-array-check

该问题类型的描述如下:建议避免使用稀疏数组。
缺陷问题为: 在你的代码中，`largeArray` 是初始化为空数组 `[]`，然后通过将每个索引赋值填充它，因此它实际上不是稀疏数组。你的代码段中没有创建稀疏数组的行为，所以没有上述缺陷。

但要注意的是，稀疏数组通常是在你直接给特定索引位置赋值而没有填充前面位置时产生的，例如：

```javascript
let sparseArray = [];
sparseArray[9999] = 0;
```

这里 `sparseArray` 就是一个稀疏数组，因为只有一个位置被赋值，其他位置是空的。你的代码并不符合这个情况。
缺陷修复建议为请提供你的代码，我会帮你修复。请您帮我修复一下,输出包括问题修复解释以及修复代码
--------------------------------------------------
