[32mThe configuration file /home/zhihao/hdd/haprepair/HapRepair/skills/haprepair-openharmony-repair/assets/homecheck-config.json5 is in use.[0m
[32mWorking...[=>------------------------------------------------]2%[0m
[32mWorking...[==>-----------------------------------------------]5%[0m
[32mCurrently active product: default[0m                                     
[32mWorking...[==>-----------------------------------------------]5%[0m
[31mThe type of command line tools does not match that of the project. Use the command line tools intended for OpenHarmony projects.[0m
[32mWorking...[==>-----------------------------------------------]5%[0m
[31mSome error occurred during linting. This may cause incomplete report results.[0m
[32mWorking...[==>-----------------------------------------------]5%[0m
[32mWorking...[==>-----------------------------------------------]5%[0m
[32mWorking...[===>----------------------------------------------]6%[0m
[32mWorking...[===>----------------------------------------------]7%[0m
[32mWorking...[====>---------------------------------------------]8%[0m
[32mWorking...[====>---------------------------------------------]9%[0m
[32mWorking...[====>---------------------------------------------]9%[0m
[32mWorking...[=====>--------------------------------------------]10%[0m
[32mWorking...[=====>--------------------------------------------]11%[0m
[32mWorking...[======>-------------------------------------------]12%[0m
[32mWorking...[======>-------------------------------------------]13%[0m
[32mWorking...[======>-------------------------------------------]13%[0m
[32mWorking...[=======>------------------------------------------]14%[0m
[32mWorking...[=======>------------------------------------------]15%[0m
[32mWorking...[========>-----------------------------------------]16%[0m
[32mWorking...[========>-----------------------------------------]17%[0m
[32mWorking...[========>-----------------------------------------]17%[0m
[32mWorking...[=========>----------------------------------------]18%[0m
[32mWorking...[=========>----------------------------------------]19%[0m
[32mWorking...[==========>---------------------------------------]20%[0m
[32mWorking...[==========>---------------------------------------]21%[0m
[32mWorking...[==========>---------------------------------------]21%[0m
[32mWorking...[===========>--------------------------------------]22%[0m
[32mWorking...[===========>--------------------------------------]23%[0m
[32mWorking...[============>-------------------------------------]24%[0m
[32mWorking...[============>-------------------------------------]25%[0m
[32mWorking...[============>-------------------------------------]25%[0m
[32mWorking...[=============>------------------------------------]26%[0m
[32mWorking...[=============>------------------------------------]27%[0m
[32mWorking...[==============>-----------------------------------]28%[0m
[32mWorking...[==============>-----------------------------------]29%[0m
[32mWorking...[==============>-----------------------------------]29%[0m
[32mWorking...[===============>----------------------------------]30%[0m
[32mWorking...[===============>----------------------------------]31%[0m
[32mWorking...[================>---------------------------------]32%[0m
[32mWorking...[================>---------------------------------]33%[0m
[32mWorking...[================>---------------------------------]33%[0m
[32mWorking...[=================>--------------------------------]34%[0m
[32mWorking...[=================>--------------------------------]35%[0m
[32mWorking...[==================>-------------------------------]36%[0m
[32mWorking...[==================>-------------------------------]37%[0m
[32mWorking...[==================>-------------------------------]37%[0m
[32mWorking...[===================>------------------------------]38%[0m
[32mWorking...[===================>------------------------------]39%[0m
[32mWorking...[====================>-----------------------------]40%[0m
[32mWorking...[====================>-----------------------------]41%[0m
[32mWorking...[====================>-----------------------------]41%[0m
[32mWorking...[=====================>----------------------------]42%[0m
[32mWorking...[=====================>----------------------------]43%[0m
[32mWorking...[======================>---------------------------]44%[0m
[32mWorking...[======================>---------------------------]45%[0m
[32mWorking...[======================>---------------------------]45%[0m
[32mWorking...[=======================>--------------------------]46%[0m
[32mWorking...[=======================>--------------------------]47%[0m
[32mWorking...[========================>-------------------------]48%[0m
[32mWorking...[========================>-------------------------]49%[0m
[32mWorking...[========================>-------------------------]50%[0m
[32mWorking...[=========================>------------------------]50%[0m
[32mWorking...[=========================>------------------------]51%[0m
[32mWorking...[==========================>-----------------------]52%[0m
[32mWorking...[==========================>-----------------------]53%[0m
[32mWorking...[===========================>----------------------]54%[0m
[32mWorking...[===========================>----------------------]54%[0m
[32mWorking...[===========================>----------------------]55%[0m
[32mWorking...[============================>---------------------]56%[0m
[32mWorking...[============================>---------------------]57%[0m
[32mWorking...[=============================>--------------------]58%[0m
[32mWorking...[=============================>--------------------]58%[0m
[32mWorking...[=============================>--------------------]59%[0m
[32mWorking...[==============================>-------------------]60%[0m
[32mWorking...[==============================>-------------------]61%[0m
[32mWorking...[===============================>------------------]62%[0m
[32mWorking...[===============================>------------------]62%[0m
[32mWorking...[===============================>------------------]63%[0m
[32mWorking...[================================>-----------------]64%[0m
[32mWorking...[================================>-----------------]65%[0m
[32mWorking...[=================================>----------------]66%[0m
[32mWorking...[=================================>----------------]66%[0m
[32mWorking...[=================================>----------------]67%[0m
[32mWorking...[==================================>---------------]68%[0m
[32mWorking...[==================================>---------------]69%[0m
[32mWorking...[===================================>--------------]70%[0m
[32mWorking...[===================================>--------------]70%[0m
[32mWorking...[===================================>--------------]71%[0m
[32mWorking...[====================================>-------------]72%[0m
[32mWorking...[====================================>-------------]73%[0m
[32mWorking...[=====================================>------------]74%[0m
[32mWorking...[=====================================>------------]74%[0m
[32mWorking...[=====================================>------------]75%[0m
[32mWorking...[======================================>-----------]76%[0m
[32mWorking...[======================================>-----------]77%[0m
[32mWorking...[=======================================>----------]78%[0m
[32mWorking...[=======================================>----------]78%[0m
[32mWorking...[=======================================>----------]79%[0m
[32mWorking...[========================================>---------]80%[0m
[32mWorking...[========================================>---------]81%[0m
[32mWorking...[=========================================>--------]82%[0m
[32mWorking...[=========================================>--------]82%[0m
[32mWorking...[=========================================>--------]83%[0m
[32mWorking...[==========================================>-------]84%[0m
[32mWorking...[==========================================>-------]85%[0m
[32mWorking...[===========================================>------]86%[0m
[32mWorking...[===========================================>------]86%[0m
[32mWorking...[===========================================>------]87%[0m
[32mWorking...[============================================>-----]88%[0m
[32mWorking...[============================================>-----]89%[0m
[32mWorking...[=============================================>----]90%[0m
[32mWorking...[=============================================>----]90%[0m
[32mWorking...[=============================================>----]91%[0m
[32mWorking...[==============================================>---]92%[0m
[32mWorking...[==============================================>---]93%[0m
[32mWorking...[===============================================>--]94%[0m
[32mWorking...[===============================================>--]95%[0m
[32mWorking...[================================================>-]97%[0m
[32mFinished...[==================================================]100%[0m
[32mWriting the result to /home/zhihao/hdd/haprepair/HapRepair/revision/e4b_localization/runs/exp_loc_18_homecheck_v1/scans/initial/report.json.[0m
[32mWrite finished.[0m
