[2026-08-07T16:15:49.890] [INFO] [2007960] [HomeCheck] - [ConfigUtils] Checking started.
[2026-08-07T16:15:49.892] [ERROR] [2007960] [HomeCheck] - [FileUtils] Error occurred while reading file list from .: Error: EISDIR: illegal operation on a directory, read
[2026-08-07T16:15:49.972] [INFO] [2007960] [HomeCheck] - [CheckEntry] File count: 242
[2026-08-07T16:15:49.975] [INFO] [2007960] [HomeCheck] - [CheckEntry] Build sceneConfig completed.
[2026-08-07T16:16:00.788] [INFO] [2007960] [HomeCheck] - [CheckEntry] Build scene completed.
[2026-08-07T16:16:01.791] [INFO] [2007960] [HomeCheck] - [CheckEntry] Infer types completed.
[2026-08-07T16:16:01.792] [INFO] [2007960] [HomeCheck] - [ConfigUtils] The npmPath:npm
[2026-08-07T16:16:01.793] [INFO] [2007960] [HomeCheck] - [ConfigUtils] The npmInstallDir:/home/zhihao/hdd/haprepair/homecheck
[2026-08-07T16:16:01.803] [INFO] [2007960] [HomeCheck] - [Message] ===== progress: 0% ======
[2026-08-07T16:16:01.803] [INFO] [2007960] [HomeCheck] - [Message] ===== progress: 0% ======
[2026-08-07T16:16:01.920] [ERROR] [2007960] [ArkAnalyzer] - [ViewTreeBuilder] ViewTree->viewComponentCreationParser not found class @%unk/%unk: ParallelizeUI. %8 = staticinvoke <@%unk/%unk: View.create()>(%7, %AM0$build)
[2026-08-07T16:16:01.920] [ERROR] [2007960] [ArkAnalyzer] - [ViewTreeBuilder] ViewTree->viewComponentCreationParser not found class @%unk/%unk: ParallelizeUI. %11 = staticinvoke <@%unk/%unk: View.create()>(%10, %AM4$build)
[2026-08-07T16:16:01.920] [ERROR] [2007960] [ArkAnalyzer] - [ViewTreeBuilder] ViewTree->viewComponentCreationParser not found class @%unk/%unk: ParallelizeUI. %14 = staticinvoke <@%unk/%unk: View.create()>(%13, %AM8$build)
[2026-08-07T16:16:01.921] [ERROR] [2007960] [ArkAnalyzer] - [ViewTreeBuilder] ViewTree->viewComponentCreationParser not found class @%unk/%unk: ParallelizeUI. %17 = staticinvoke <@%unk/%unk: View.create()>(%16, %AM12$build)
[2026-08-07T16:16:01.921] [ERROR] [2007960] [ArkAnalyzer] - [ViewTreeBuilder] ViewTree->viewComponentCreationParser not found class @%unk/%unk: ParallelizeUI. %20 = staticinvoke <@%unk/%unk: View.create()>(%19, %AM16$build)
[2026-08-07T16:16:01.921] [ERROR] [2007960] [ArkAnalyzer] - [ViewTreeBuilder] ViewTree->viewComponentCreationParser not found class @%unk/%unk: ParallelizeUI. %23 = staticinvoke <@%unk/%unk: View.create()>(%22, %AM20$build)
[2026-08-07T16:16:01.921] [ERROR] [2007960] [ArkAnalyzer] - [ViewTreeBuilder] ViewTree->viewComponentCreationParser not found class @%unk/%unk: ParallelizeUI. %26 = staticinvoke <@%unk/%unk: View.create()>(%25, %AM24$build)
[2026-08-07T16:16:01.922] [ERROR] [2007960] [ArkAnalyzer] - [ViewTreeBuilder] ViewTree->viewComponentCreationParser not found class @%unk/%unk: ParallelizeUI. %29 = staticinvoke <@%unk/%unk: View.create()>(%28, %AM28$build)
[2026-08-07T16:16:01.922] [ERROR] [2007960] [ArkAnalyzer] - [ViewTreeBuilder] ViewTree->viewComponentCreationParser not found class @%unk/%unk: ParallelizeUI. %32 = staticinvoke <@%unk/%unk: View.create()>(%31, %AM32$build)
[2026-08-07T16:16:01.922] [ERROR] [2007960] [ArkAnalyzer] - [ViewTreeBuilder] ViewTree->viewComponentCreationParser not found class @%unk/%unk: ParallelizeUI. %35 = staticinvoke <@%unk/%unk: View.create()>(%34, %AM36$build)
[2026-08-07T16:16:01.922] [ERROR] [2007960] [ArkAnalyzer] - [ViewTreeBuilder] ViewTree->viewComponentCreationParser not found class @%unk/%unk: ParallelizeUI. %38 = staticinvoke <@%unk/%unk: View.create()>(%37, %AM40$build)
[2026-08-07T16:16:01.922] [ERROR] [2007960] [ArkAnalyzer] - [ViewTreeBuilder] ViewTree->viewComponentCreationParser not found class @%unk/%unk: ParallelizeUI. %41 = staticinvoke <@%unk/%unk: View.create()>(%40, %AM44$build)
[2026-08-07T16:16:01.922] [ERROR] [2007960] [ArkAnalyzer] - [ViewTreeBuilder] ViewTree->viewComponentCreationParser not found class @%unk/%unk: ParallelizeUI. %44 = staticinvoke <@%unk/%unk: View.create()>(%43, %AM48$build)
[2026-08-07T16:16:01.923] [ERROR] [2007960] [ArkAnalyzer] - [ViewTreeBuilder] ViewTree->viewComponentCreationParser not found class @%unk/%unk: ParallelizeUI. %47 = staticinvoke <@%unk/%unk: View.create()>(%46, %AM52$build)
[2026-08-07T16:16:01.923] [ERROR] [2007960] [ArkAnalyzer] - [ViewTreeBuilder] ViewTree->viewComponentCreationParser not found class @%unk/%unk: ParallelizeUI. %50 = staticinvoke <@%unk/%unk: View.create()>(%49, %AM56$build)
[2026-08-07T16:16:01.923] [ERROR] [2007960] [ArkAnalyzer] - [ViewTreeBuilder] ViewTree->viewComponentCreationParser not found class @%unk/%unk: ParallelizeUI. %53 = staticinvoke <@%unk/%unk: View.create()>(%52, %AM60$build)
[2026-08-07T16:16:01.923] [ERROR] [2007960] [ArkAnalyzer] - [ViewTreeBuilder] ViewTree->viewComponentCreationParser not found class @%unk/%unk: ParallelizeUI. %56 = staticinvoke <@%unk/%unk: View.create()>(%55, %AM64$build)
[2026-08-07T16:16:01.923] [ERROR] [2007960] [ArkAnalyzer] - [ViewTreeBuilder] ViewTree->viewComponentCreationParser not found class @%unk/%unk: ParallelizeUI. %59 = staticinvoke <@%unk/%unk: View.create()>(%58, %AM68$build)
[2026-08-07T16:16:01.923] [ERROR] [2007960] [ArkAnalyzer] - [ViewTreeBuilder] ViewTree->viewComponentCreationParser not found class @%unk/%unk: ParallelizeUI. %62 = staticinvoke <@%unk/%unk: View.create()>(%61, %AM72$build)
[2026-08-07T16:16:01.923] [ERROR] [2007960] [ArkAnalyzer] - [ViewTreeBuilder] ViewTree->viewComponentCreationParser not found class @%unk/%unk: ParallelizeUI. %65 = staticinvoke <@%unk/%unk: View.create()>(%64, %AM76$build)
[2026-08-07T16:16:01.963] [ERROR] [2007960] [ArkAnalyzer] - [ViewTreeBuilder] ViewTree->viewComponentCreationParser not found class @%unk/%unk: ParallelizeUI. %8 = staticinvoke <@%unk/%unk: View.create()>(%7, %AM0$build)
[2026-08-07T16:16:01.963] [ERROR] [2007960] [ArkAnalyzer] - [ViewTreeBuilder] ViewTree->viewComponentCreationParser not found class @%unk/%unk: ParallelizeUI. %11 = staticinvoke <@%unk/%unk: View.create()>(%10, %AM2$build)
[2026-08-07T16:16:01.963] [ERROR] [2007960] [ArkAnalyzer] - [ViewTreeBuilder] ViewTree->viewComponentCreationParser not found class @%unk/%unk: ParallelizeUI. %14 = staticinvoke <@%unk/%unk: View.create()>(%13, %AM4$build)
[2026-08-07T16:16:01.963] [ERROR] [2007960] [ArkAnalyzer] - [ViewTreeBuilder] ViewTree->viewComponentCreationParser not found class @%unk/%unk: ParallelizeUI. %17 = staticinvoke <@%unk/%unk: View.create()>(%16, %AM6$build)
[2026-08-07T16:16:01.963] [ERROR] [2007960] [ArkAnalyzer] - [ViewTreeBuilder] ViewTree->viewComponentCreationParser not found class @%unk/%unk: ParallelizeUI. %20 = staticinvoke <@%unk/%unk: View.create()>(%19, %AM8$build)
[2026-08-07T16:16:01.963] [ERROR] [2007960] [ArkAnalyzer] - [ViewTreeBuilder] ViewTree->viewComponentCreationParser not found class @%unk/%unk: ParallelizeUI. %23 = staticinvoke <@%unk/%unk: View.create()>(%22, %AM10$build)
[2026-08-07T16:16:01.963] [ERROR] [2007960] [ArkAnalyzer] - [ViewTreeBuilder] ViewTree->viewComponentCreationParser not found class @%unk/%unk: ParallelizeUI. %26 = staticinvoke <@%unk/%unk: View.create()>(%25, %AM12$build)
[2026-08-07T16:16:01.964] [ERROR] [2007960] [ArkAnalyzer] - [ViewTreeBuilder] ViewTree->viewComponentCreationParser not found class @%unk/%unk: ParallelizeUI. %29 = staticinvoke <@%unk/%unk: View.create()>(%28, %AM14$build)
[2026-08-07T16:16:01.964] [ERROR] [2007960] [ArkAnalyzer] - [ViewTreeBuilder] ViewTree->viewComponentCreationParser not found class @%unk/%unk: ParallelizeUI. %32 = staticinvoke <@%unk/%unk: View.create()>(%31, %AM16$build)
[2026-08-07T16:16:01.964] [ERROR] [2007960] [ArkAnalyzer] - [ViewTreeBuilder] ViewTree->viewComponentCreationParser not found class @%unk/%unk: ParallelizeUI. %35 = staticinvoke <@%unk/%unk: View.create()>(%34, %AM18$build)
[2026-08-07T16:16:01.964] [ERROR] [2007960] [ArkAnalyzer] - [ViewTreeBuilder] ViewTree->viewComponentCreationParser not found class @%unk/%unk: ParallelizeUI. %38 = staticinvoke <@%unk/%unk: View.create()>(%37, %AM20$build)
[2026-08-07T16:16:01.964] [ERROR] [2007960] [ArkAnalyzer] - [ViewTreeBuilder] ViewTree->viewComponentCreationParser not found class @%unk/%unk: ParallelizeUI. %41 = staticinvoke <@%unk/%unk: View.create()>(%40, %AM22$build)
[2026-08-07T16:16:01.964] [ERROR] [2007960] [ArkAnalyzer] - [ViewTreeBuilder] ViewTree->viewComponentCreationParser not found class @%unk/%unk: ParallelizeUI. %44 = staticinvoke <@%unk/%unk: View.create()>(%43, %AM24$build)
[2026-08-07T16:16:01.964] [ERROR] [2007960] [ArkAnalyzer] - [ViewTreeBuilder] ViewTree->viewComponentCreationParser not found class @%unk/%unk: ParallelizeUI. %47 = staticinvoke <@%unk/%unk: View.create()>(%46, %AM26$build)
[2026-08-07T16:16:01.964] [ERROR] [2007960] [ArkAnalyzer] - [ViewTreeBuilder] ViewTree->viewComponentCreationParser not found class @%unk/%unk: ParallelizeUI. %50 = staticinvoke <@%unk/%unk: View.create()>(%49, %AM28$build)
[2026-08-07T16:16:01.965] [ERROR] [2007960] [ArkAnalyzer] - [ViewTreeBuilder] ViewTree->viewComponentCreationParser not found class @%unk/%unk: ParallelizeUI. %53 = staticinvoke <@%unk/%unk: View.create()>(%52, %AM30$build)
[2026-08-07T16:16:01.965] [ERROR] [2007960] [ArkAnalyzer] - [ViewTreeBuilder] ViewTree->viewComponentCreationParser not found class @%unk/%unk: ParallelizeUI. %56 = staticinvoke <@%unk/%unk: View.create()>(%55, %AM32$build)
[2026-08-07T16:16:01.965] [ERROR] [2007960] [ArkAnalyzer] - [ViewTreeBuilder] ViewTree->viewComponentCreationParser not found class @%unk/%unk: ParallelizeUI. %59 = staticinvoke <@%unk/%unk: View.create()>(%58, %AM34$build)
[2026-08-07T16:16:01.965] [ERROR] [2007960] [ArkAnalyzer] - [ViewTreeBuilder] ViewTree->viewComponentCreationParser not found class @%unk/%unk: ParallelizeUI. %62 = staticinvoke <@%unk/%unk: View.create()>(%61, %AM36$build)
[2026-08-07T16:16:01.965] [ERROR] [2007960] [ArkAnalyzer] - [ViewTreeBuilder] ViewTree->viewComponentCreationParser not found class @%unk/%unk: ParallelizeUI. %65 = staticinvoke <@%unk/%unk: View.create()>(%64, %AM38$build)
[2026-08-07T16:16:01.994] [INFO] [2007960] [HomeCheck] - [Message] ===== progress: 20% ======
[2026-08-07T16:16:01.998] [INFO] [2007960] [HomeCheck] - [Message] ===== progress: 20% ======
[2026-08-07T16:16:01.998] [INFO] [2007960] [HomeCheck] - [Message] ===== progress: 20% ======
[2026-08-07T16:16:02.077] [INFO] [2007960] [HomeCheck] - [Message] ===== progress: 40% ======
[2026-08-07T16:16:02.079] [INFO] [2007960] [HomeCheck] - [Message] ===== progress: 40% ======
[2026-08-07T16:16:02.113] [ERROR] [2007960] [ArkAnalyzer] - [ViewTreeBuilder] ViewTree->viewComponentCreationParser not found class @%unk/%unk: ParallelizeUI. %8 = staticinvoke <@%unk/%unk: View.create()>(%7, %AM0$build)
[2026-08-07T16:16:02.113] [ERROR] [2007960] [ArkAnalyzer] - [ViewTreeBuilder] ViewTree->viewComponentCreationParser not found class @%unk/%unk: ParallelizeUI. %11 = staticinvoke <@%unk/%unk: View.create()>(%10, %AM2$build)
[2026-08-07T16:16:02.113] [ERROR] [2007960] [ArkAnalyzer] - [ViewTreeBuilder] ViewTree->viewComponentCreationParser not found class @%unk/%unk: ParallelizeUI. %14 = staticinvoke <@%unk/%unk: View.create()>(%13, %AM4$build)
[2026-08-07T16:16:02.113] [ERROR] [2007960] [ArkAnalyzer] - [ViewTreeBuilder] ViewTree->viewComponentCreationParser not found class @%unk/%unk: ParallelizeUI. %17 = staticinvoke <@%unk/%unk: View.create()>(%16, %AM6$build)
[2026-08-07T16:16:02.113] [ERROR] [2007960] [ArkAnalyzer] - [ViewTreeBuilder] ViewTree->viewComponentCreationParser not found class @%unk/%unk: ParallelizeUI. %20 = staticinvoke <@%unk/%unk: View.create()>(%19, %AM8$build)
[2026-08-07T16:16:02.113] [ERROR] [2007960] [ArkAnalyzer] - [ViewTreeBuilder] ViewTree->viewComponentCreationParser not found class @%unk/%unk: ParallelizeUI. %23 = staticinvoke <@%unk/%unk: View.create()>(%22, %AM10$build)
[2026-08-07T16:16:02.113] [ERROR] [2007960] [ArkAnalyzer] - [ViewTreeBuilder] ViewTree->viewComponentCreationParser not found class @%unk/%unk: ParallelizeUI. %26 = staticinvoke <@%unk/%unk: View.create()>(%25, %AM12$build)
[2026-08-07T16:16:02.114] [ERROR] [2007960] [ArkAnalyzer] - [ViewTreeBuilder] ViewTree->viewComponentCreationParser not found class @%unk/%unk: ParallelizeUI. %29 = staticinvoke <@%unk/%unk: View.create()>(%28, %AM14$build)
[2026-08-07T16:16:02.114] [ERROR] [2007960] [ArkAnalyzer] - [ViewTreeBuilder] ViewTree->viewComponentCreationParser not found class @%unk/%unk: ParallelizeUI. %32 = staticinvoke <@%unk/%unk: View.create()>(%31, %AM16$build)
[2026-08-07T16:16:02.114] [ERROR] [2007960] [ArkAnalyzer] - [ViewTreeBuilder] ViewTree->viewComponentCreationParser not found class @%unk/%unk: ParallelizeUI. %35 = staticinvoke <@%unk/%unk: View.create()>(%34, %AM18$build)
[2026-08-07T16:16:02.114] [ERROR] [2007960] [ArkAnalyzer] - [ViewTreeBuilder] ViewTree->viewComponentCreationParser not found class @%unk/%unk: ParallelizeUI. %38 = staticinvoke <@%unk/%unk: View.create()>(%37, %AM20$build)
[2026-08-07T16:16:02.114] [ERROR] [2007960] [ArkAnalyzer] - [ViewTreeBuilder] ViewTree->viewComponentCreationParser not found class @%unk/%unk: ParallelizeUI. %41 = staticinvoke <@%unk/%unk: View.create()>(%40, %AM22$build)
[2026-08-07T16:16:02.114] [ERROR] [2007960] [ArkAnalyzer] - [ViewTreeBuilder] ViewTree->viewComponentCreationParser not found class @%unk/%unk: ParallelizeUI. %44 = staticinvoke <@%unk/%unk: View.create()>(%43, %AM24$build)
[2026-08-07T16:16:02.114] [ERROR] [2007960] [ArkAnalyzer] - [ViewTreeBuilder] ViewTree->viewComponentCreationParser not found class @%unk/%unk: ParallelizeUI. %47 = staticinvoke <@%unk/%unk: View.create()>(%46, %AM26$build)
[2026-08-07T16:16:02.114] [ERROR] [2007960] [ArkAnalyzer] - [ViewTreeBuilder] ViewTree->viewComponentCreationParser not found class @%unk/%unk: ParallelizeUI. %50 = staticinvoke <@%unk/%unk: View.create()>(%49, %AM28$build)
[2026-08-07T16:16:02.114] [ERROR] [2007960] [ArkAnalyzer] - [ViewTreeBuilder] ViewTree->viewComponentCreationParser not found class @%unk/%unk: ParallelizeUI. %53 = staticinvoke <@%unk/%unk: View.create()>(%52, %AM30$build)
[2026-08-07T16:16:02.115] [ERROR] [2007960] [ArkAnalyzer] - [ViewTreeBuilder] ViewTree->viewComponentCreationParser not found class @%unk/%unk: ParallelizeUI. %56 = staticinvoke <@%unk/%unk: View.create()>(%55, %AM32$build)
[2026-08-07T16:16:02.115] [ERROR] [2007960] [ArkAnalyzer] - [ViewTreeBuilder] ViewTree->viewComponentCreationParser not found class @%unk/%unk: ParallelizeUI. %59 = staticinvoke <@%unk/%unk: View.create()>(%58, %AM34$build)
[2026-08-07T16:16:02.115] [ERROR] [2007960] [ArkAnalyzer] - [ViewTreeBuilder] ViewTree->viewComponentCreationParser not found class @%unk/%unk: ParallelizeUI. %62 = staticinvoke <@%unk/%unk: View.create()>(%61, %AM36$build)
[2026-08-07T16:16:02.115] [ERROR] [2007960] [ArkAnalyzer] - [ViewTreeBuilder] ViewTree->viewComponentCreationParser not found class @%unk/%unk: ParallelizeUI. %65 = staticinvoke <@%unk/%unk: View.create()>(%64, %AM38$build)
[2026-08-07T16:16:02.163] [ERROR] [2007960] [ArkAnalyzer] - [ViewTreeBuilder] ViewTree->viewComponentCreationParser not found class @%unk/%unk: ParallelizeUI. %8 = staticinvoke <@%unk/%unk: View.create()>(%7, %AM0$build)
[2026-08-07T16:16:02.163] [ERROR] [2007960] [ArkAnalyzer] - [ViewTreeBuilder] ViewTree->viewComponentCreationParser not found class @%unk/%unk: ParallelizeUI. %11 = staticinvoke <@%unk/%unk: View.create()>(%10, %AM2$build)
[2026-08-07T16:16:02.163] [ERROR] [2007960] [ArkAnalyzer] - [ViewTreeBuilder] ViewTree->viewComponentCreationParser not found class @%unk/%unk: ParallelizeUI. %14 = staticinvoke <@%unk/%unk: View.create()>(%13, %AM4$build)
[2026-08-07T16:16:02.163] [ERROR] [2007960] [ArkAnalyzer] - [ViewTreeBuilder] ViewTree->viewComponentCreationParser not found class @%unk/%unk: ParallelizeUI. %17 = staticinvoke <@%unk/%unk: View.create()>(%16, %AM6$build)
[2026-08-07T16:16:02.163] [ERROR] [2007960] [ArkAnalyzer] - [ViewTreeBuilder] ViewTree->viewComponentCreationParser not found class @%unk/%unk: ParallelizeUI. %20 = staticinvoke <@%unk/%unk: View.create()>(%19, %AM8$build)
[2026-08-07T16:16:02.164] [ERROR] [2007960] [ArkAnalyzer] - [ViewTreeBuilder] ViewTree->viewComponentCreationParser not found class @%unk/%unk: ParallelizeUI. %23 = staticinvoke <@%unk/%unk: View.create()>(%22, %AM10$build)
[2026-08-07T16:16:02.164] [ERROR] [2007960] [ArkAnalyzer] - [ViewTreeBuilder] ViewTree->viewComponentCreationParser not found class @%unk/%unk: ParallelizeUI. %26 = staticinvoke <@%unk/%unk: View.create()>(%25, %AM12$build)
[2026-08-07T16:16:02.164] [ERROR] [2007960] [ArkAnalyzer] - [ViewTreeBuilder] ViewTree->viewComponentCreationParser not found class @%unk/%unk: ParallelizeUI. %29 = staticinvoke <@%unk/%unk: View.create()>(%28, %AM14$build)
[2026-08-07T16:16:02.164] [ERROR] [2007960] [ArkAnalyzer] - [ViewTreeBuilder] ViewTree->viewComponentCreationParser not found class @%unk/%unk: ParallelizeUI. %32 = staticinvoke <@%unk/%unk: View.create()>(%31, %AM16$build)
[2026-08-07T16:16:02.164] [ERROR] [2007960] [ArkAnalyzer] - [ViewTreeBuilder] ViewTree->viewComponentCreationParser not found class @%unk/%unk: ParallelizeUI. %35 = staticinvoke <@%unk/%unk: View.create()>(%34, %AM18$build)
[2026-08-07T16:16:02.164] [ERROR] [2007960] [ArkAnalyzer] - [ViewTreeBuilder] ViewTree->viewComponentCreationParser not found class @%unk/%unk: ParallelizeUI. %38 = staticinvoke <@%unk/%unk: View.create()>(%37, %AM20$build)
[2026-08-07T16:16:02.164] [ERROR] [2007960] [ArkAnalyzer] - [ViewTreeBuilder] ViewTree->viewComponentCreationParser not found class @%unk/%unk: ParallelizeUI. %41 = staticinvoke <@%unk/%unk: View.create()>(%40, %AM22$build)
[2026-08-07T16:16:02.164] [ERROR] [2007960] [ArkAnalyzer] - [ViewTreeBuilder] ViewTree->viewComponentCreationParser not found class @%unk/%unk: ParallelizeUI. %44 = staticinvoke <@%unk/%unk: View.create()>(%43, %AM24$build)
[2026-08-07T16:16:02.165] [ERROR] [2007960] [ArkAnalyzer] - [ViewTreeBuilder] ViewTree->viewComponentCreationParser not found class @%unk/%unk: ParallelizeUI. %47 = staticinvoke <@%unk/%unk: View.create()>(%46, %AM26$build)
[2026-08-07T16:16:02.165] [ERROR] [2007960] [ArkAnalyzer] - [ViewTreeBuilder] ViewTree->viewComponentCreationParser not found class @%unk/%unk: ParallelizeUI. %50 = staticinvoke <@%unk/%unk: View.create()>(%49, %AM28$build)
[2026-08-07T16:16:02.165] [ERROR] [2007960] [ArkAnalyzer] - [ViewTreeBuilder] ViewTree->viewComponentCreationParser not found class @%unk/%unk: ParallelizeUI. %53 = staticinvoke <@%unk/%unk: View.create()>(%52, %AM30$build)
[2026-08-07T16:16:02.165] [ERROR] [2007960] [ArkAnalyzer] - [ViewTreeBuilder] ViewTree->viewComponentCreationParser not found class @%unk/%unk: ParallelizeUI. %56 = staticinvoke <@%unk/%unk: View.create()>(%55, %AM32$build)
[2026-08-07T16:16:02.165] [ERROR] [2007960] [ArkAnalyzer] - [ViewTreeBuilder] ViewTree->viewComponentCreationParser not found class @%unk/%unk: ParallelizeUI. %59 = staticinvoke <@%unk/%unk: View.create()>(%58, %AM34$build)
[2026-08-07T16:16:02.165] [ERROR] [2007960] [ArkAnalyzer] - [ViewTreeBuilder] ViewTree->viewComponentCreationParser not found class @%unk/%unk: ParallelizeUI. %62 = staticinvoke <@%unk/%unk: View.create()>(%61, %AM36$build)
[2026-08-07T16:16:02.165] [ERROR] [2007960] [ArkAnalyzer] - [ViewTreeBuilder] ViewTree->viewComponentCreationParser not found class @%unk/%unk: ParallelizeUI. %65 = staticinvoke <@%unk/%unk: View.create()>(%64, %AM38$build)
[2026-08-07T16:16:02.212] [INFO] [2007960] [HomeCheck] - [Message] ===== progress: 60% ======
[2026-08-07T16:16:02.214] [INFO] [2007960] [HomeCheck] - [Message] ===== progress: 60% ======
[2026-08-07T16:16:02.215] [INFO] [2007960] [HomeCheck] - [Message] ===== progress: 60% ======
[2026-08-07T16:16:02.220] [ERROR] [2007960] [ArkAnalyzer] - [ViewTreeBuilder] ViewTree->viewComponentCreationParser not found class @%unk/%unk: ParallelizeUI. %8 = staticinvoke <@%unk/%unk: View.create()>(%7, %AM0$build)
[2026-08-07T16:16:02.220] [ERROR] [2007960] [ArkAnalyzer] - [ViewTreeBuilder] ViewTree->viewComponentCreationParser not found class @%unk/%unk: ParallelizeUI. %11 = staticinvoke <@%unk/%unk: View.create()>(%10, %AM3$build)
[2026-08-07T16:16:02.221] [ERROR] [2007960] [ArkAnalyzer] - [ViewTreeBuilder] ViewTree->viewComponentCreationParser not found class @%unk/%unk: ParallelizeUI. %14 = staticinvoke <@%unk/%unk: View.create()>(%13, %AM5$build)
[2026-08-07T16:16:02.221] [ERROR] [2007960] [ArkAnalyzer] - [ViewTreeBuilder] ViewTree->viewComponentCreationParser not found class @%unk/%unk: ParallelizeUI. %17 = staticinvoke <@%unk/%unk: View.create()>(%16, %AM8$build)
[2026-08-07T16:16:02.221] [ERROR] [2007960] [ArkAnalyzer] - [ViewTreeBuilder] ViewTree->viewComponentCreationParser not found class @%unk/%unk: ParallelizeUI. %20 = staticinvoke <@%unk/%unk: View.create()>(%19, %AM10$build)
[2026-08-07T16:16:02.221] [ERROR] [2007960] [ArkAnalyzer] - [ViewTreeBuilder] ViewTree->viewComponentCreationParser not found class @%unk/%unk: ParallelizeUI. %23 = staticinvoke <@%unk/%unk: View.create()>(%22, %AM12$build)
[2026-08-07T16:16:02.221] [ERROR] [2007960] [ArkAnalyzer] - [ViewTreeBuilder] ViewTree->viewComponentCreationParser not found class @%unk/%unk: ParallelizeUI. %26 = staticinvoke <@%unk/%unk: View.create()>(%25, %AM14$build)
[2026-08-07T16:16:02.221] [ERROR] [2007960] [ArkAnalyzer] - [ViewTreeBuilder] ViewTree->viewComponentCreationParser not found class @%unk/%unk: ParallelizeUI. %29 = staticinvoke <@%unk/%unk: View.create()>(%28, %AM16$build)
[2026-08-07T16:16:02.221] [ERROR] [2007960] [ArkAnalyzer] - [ViewTreeBuilder] ViewTree->viewComponentCreationParser not found class @%unk/%unk: ParallelizeUI. %32 = staticinvoke <@%unk/%unk: View.create()>(%31, %AM18$build)
[2026-08-07T16:16:02.222] [ERROR] [2007960] [ArkAnalyzer] - [ViewTreeBuilder] ViewTree->viewComponentCreationParser not found class @%unk/%unk: ParallelizeUI. %35 = staticinvoke <@%unk/%unk: View.create()>(%34, %AM20$build)
[2026-08-07T16:16:02.222] [ERROR] [2007960] [ArkAnalyzer] - [ViewTreeBuilder] ViewTree->viewComponentCreationParser not found class @%unk/%unk: ParallelizeUI. %38 = staticinvoke <@%unk/%unk: View.create()>(%37, %AM22$build)
[2026-08-07T16:16:02.222] [ERROR] [2007960] [ArkAnalyzer] - [ViewTreeBuilder] ViewTree->viewComponentCreationParser not found class @%unk/%unk: ParallelizeUI. %41 = staticinvoke <@%unk/%unk: View.create()>(%40, %AM24$build)
[2026-08-07T16:16:02.222] [ERROR] [2007960] [ArkAnalyzer] - [ViewTreeBuilder] ViewTree->viewComponentCreationParser not found class @%unk/%unk: ParallelizeUI. %44 = staticinvoke <@%unk/%unk: View.create()>(%43, %AM26$build)
[2026-08-07T16:16:02.222] [ERROR] [2007960] [ArkAnalyzer] - [ViewTreeBuilder] ViewTree->viewComponentCreationParser not found class @%unk/%unk: ParallelizeUI. %47 = staticinvoke <@%unk/%unk: View.create()>(%46, %AM28$build)
[2026-08-07T16:16:02.222] [ERROR] [2007960] [ArkAnalyzer] - [ViewTreeBuilder] ViewTree->viewComponentCreationParser not found class @%unk/%unk: ParallelizeUI. %50 = staticinvoke <@%unk/%unk: View.create()>(%49, %AM30$build)
[2026-08-07T16:16:02.222] [ERROR] [2007960] [ArkAnalyzer] - [ViewTreeBuilder] ViewTree->viewComponentCreationParser not found class @%unk/%unk: ParallelizeUI. %53 = staticinvoke <@%unk/%unk: View.create()>(%52, %AM32$build)
[2026-08-07T16:16:02.222] [ERROR] [2007960] [ArkAnalyzer] - [ViewTreeBuilder] ViewTree->viewComponentCreationParser not found class @%unk/%unk: ParallelizeUI. %56 = staticinvoke <@%unk/%unk: View.create()>(%55, %AM34$build)
[2026-08-07T16:16:02.222] [ERROR] [2007960] [ArkAnalyzer] - [ViewTreeBuilder] ViewTree->viewComponentCreationParser not found class @%unk/%unk: ParallelizeUI. %59 = staticinvoke <@%unk/%unk: View.create()>(%58, %AM36$build)
[2026-08-07T16:16:02.223] [ERROR] [2007960] [ArkAnalyzer] - [ViewTreeBuilder] ViewTree->viewComponentCreationParser not found class @%unk/%unk: ParallelizeUI. %62 = staticinvoke <@%unk/%unk: View.create()>(%61, %AM38$build)
[2026-08-07T16:16:02.223] [ERROR] [2007960] [ArkAnalyzer] - [ViewTreeBuilder] ViewTree->viewComponentCreationParser not found class @%unk/%unk: ParallelizeUI. %65 = staticinvoke <@%unk/%unk: View.create()>(%64, %AM40$build)
[2026-08-07T16:16:02.223] [ERROR] [2007960] [ArkAnalyzer] - [ViewTreeBuilder] ViewTree->viewComponentCreationParser not found class @%unk/%unk: ParallelizeUI. %68 = staticinvoke <@%unk/%unk: View.create()>(%67, %AM42$build)
[2026-08-07T16:16:02.291] [ERROR] [2007960] [ArkAnalyzer] - [ViewTreeBuilder] ViewTree->viewComponentCreationParser not found class @%unk/%unk: ParallelizeUI. %8 = staticinvoke <@%unk/%unk: View.create()>(%7, %AM0$build)
[2026-08-07T16:16:02.292] [ERROR] [2007960] [ArkAnalyzer] - [ViewTreeBuilder] ViewTree->viewComponentCreationParser not found class @%unk/%unk: ParallelizeUI. %11 = staticinvoke <@%unk/%unk: View.create()>(%10, %AM2$build)
[2026-08-07T16:16:02.292] [ERROR] [2007960] [ArkAnalyzer] - [ViewTreeBuilder] ViewTree->viewComponentCreationParser not found class @%unk/%unk: ParallelizeUI. %14 = staticinvoke <@%unk/%unk: View.create()>(%13, %AM4$build)
[2026-08-07T16:16:02.292] [ERROR] [2007960] [ArkAnalyzer] - [ViewTreeBuilder] ViewTree->viewComponentCreationParser not found class @%unk/%unk: ParallelizeUI. %17 = staticinvoke <@%unk/%unk: View.create()>(%16, %AM6$build)
[2026-08-07T16:16:02.292] [ERROR] [2007960] [ArkAnalyzer] - [ViewTreeBuilder] ViewTree->viewComponentCreationParser not found class @%unk/%unk: ParallelizeUI. %20 = staticinvoke <@%unk/%unk: View.create()>(%19, %AM8$build)
[2026-08-07T16:16:02.292] [ERROR] [2007960] [ArkAnalyzer] - [ViewTreeBuilder] ViewTree->viewComponentCreationParser not found class @%unk/%unk: ParallelizeUI. %23 = staticinvoke <@%unk/%unk: View.create()>(%22, %AM10$build)
[2026-08-07T16:16:02.292] [ERROR] [2007960] [ArkAnalyzer] - [ViewTreeBuilder] ViewTree->viewComponentCreationParser not found class @%unk/%unk: ParallelizeUI. %26 = staticinvoke <@%unk/%unk: View.create()>(%25, %AM12$build)
[2026-08-07T16:16:02.292] [ERROR] [2007960] [ArkAnalyzer] - [ViewTreeBuilder] ViewTree->viewComponentCreationParser not found class @%unk/%unk: ParallelizeUI. %29 = staticinvoke <@%unk/%unk: View.create()>(%28, %AM14$build)
[2026-08-07T16:16:02.293] [ERROR] [2007960] [ArkAnalyzer] - [ViewTreeBuilder] ViewTree->viewComponentCreationParser not found class @%unk/%unk: ParallelizeUI. %32 = staticinvoke <@%unk/%unk: View.create()>(%31, %AM16$build)
[2026-08-07T16:16:02.293] [ERROR] [2007960] [ArkAnalyzer] - [ViewTreeBuilder] ViewTree->viewComponentCreationParser not found class @%unk/%unk: ParallelizeUI. %35 = staticinvoke <@%unk/%unk: View.create()>(%34, %AM18$build)
[2026-08-07T16:16:02.293] [ERROR] [2007960] [ArkAnalyzer] - [ViewTreeBuilder] ViewTree->viewComponentCreationParser not found class @%unk/%unk: ParallelizeUI. %38 = staticinvoke <@%unk/%unk: View.create()>(%37, %AM20$build)
[2026-08-07T16:16:02.293] [ERROR] [2007960] [ArkAnalyzer] - [ViewTreeBuilder] ViewTree->viewComponentCreationParser not found class @%unk/%unk: ParallelizeUI. %41 = staticinvoke <@%unk/%unk: View.create()>(%40, %AM22$build)
[2026-08-07T16:16:02.293] [ERROR] [2007960] [ArkAnalyzer] - [ViewTreeBuilder] ViewTree->viewComponentCreationParser not found class @%unk/%unk: ParallelizeUI. %44 = staticinvoke <@%unk/%unk: View.create()>(%43, %AM24$build)
[2026-08-07T16:16:02.293] [ERROR] [2007960] [ArkAnalyzer] - [ViewTreeBuilder] ViewTree->viewComponentCreationParser not found class @%unk/%unk: ParallelizeUI. %47 = staticinvoke <@%unk/%unk: View.create()>(%46, %AM26$build)
[2026-08-07T16:16:02.293] [ERROR] [2007960] [ArkAnalyzer] - [ViewTreeBuilder] ViewTree->viewComponentCreationParser not found class @%unk/%unk: ParallelizeUI. %50 = staticinvoke <@%unk/%unk: View.create()>(%49, %AM28$build)
[2026-08-07T16:16:02.293] [ERROR] [2007960] [ArkAnalyzer] - [ViewTreeBuilder] ViewTree->viewComponentCreationParser not found class @%unk/%unk: ParallelizeUI. %53 = staticinvoke <@%unk/%unk: View.create()>(%52, %AM30$build)
[2026-08-07T16:16:02.293] [ERROR] [2007960] [ArkAnalyzer] - [ViewTreeBuilder] ViewTree->viewComponentCreationParser not found class @%unk/%unk: ParallelizeUI. %56 = staticinvoke <@%unk/%unk: View.create()>(%55, %AM32$build)
[2026-08-07T16:16:02.294] [ERROR] [2007960] [ArkAnalyzer] - [ViewTreeBuilder] ViewTree->viewComponentCreationParser not found class @%unk/%unk: ParallelizeUI. %59 = staticinvoke <@%unk/%unk: View.create()>(%58, %AM34$build)
[2026-08-07T16:16:02.294] [ERROR] [2007960] [ArkAnalyzer] - [ViewTreeBuilder] ViewTree->viewComponentCreationParser not found class @%unk/%unk: ParallelizeUI. %62 = staticinvoke <@%unk/%unk: View.create()>(%61, %AM36$build)
[2026-08-07T16:16:02.294] [ERROR] [2007960] [ArkAnalyzer] - [ViewTreeBuilder] ViewTree->viewComponentCreationParser not found class @%unk/%unk: ParallelizeUI. %65 = staticinvoke <@%unk/%unk: View.create()>(%64, %AM38$build)
[2026-08-07T16:16:02.303] [INFO] [2007960] [HomeCheck] - [Message] ===== progress: 80% ======
[2026-08-07T16:16:02.303] [INFO] [2007960] [HomeCheck] - [Message] ===== progress: 80% ======
[2026-08-07T16:16:02.333] [INFO] [2007960] [HomeCheck] - [Message] ===== progress: 100% ======
[2026-08-07T16:16:02.334] [INFO] [2007960] [HomeCheck] - [CheckEntry] 121 issues from checker - @performance/foreach-args-check
[2026-08-07T16:16:02.336] [INFO] [2007960] [HomeCheck] - [Main] Checking completed.
[2026-08-07T16:16:02.336] [INFO] [2007960] [HomeCheck] - [Main] HomeCheck took: 12.457 s.
