[2026-08-07T16:04:27.075] [INFO] [1974247] [HomeCheck] - [ConfigUtils] Checking started.
[2026-08-07T16:04:27.076] [ERROR] [1974247] [HomeCheck] - [FileUtils] Error occurred while reading file list from .: Error: EISDIR: illegal operation on a directory, read
[2026-08-07T16:04:27.199] [INFO] [1974247] [HomeCheck] - [CheckEntry] File count: 343
[2026-08-07T16:04:27.202] [INFO] [1974247] [HomeCheck] - [CheckEntry] Build sceneConfig completed.
[2026-08-07T16:04:37.560] [ERROR] [1974247] [ArkAnalyzer] - [Scene] Error building body: MethodSignature {
  declaringClassSignature: ClassSignature {
    className: 'svgExample016',
    declaringFileSignature: FileSignature {
      projectName: 'Image',
      fileName: 'entry/src/main/ets/pages/SVG/svgExample016.ets',
      hashcode: -1002431856
    },
    declaringNamespaceSignature: null
  },
  methodSubSignature: MethodSubSignature {
    methodName: 'build',
    parameters: [],
    returnType: UnknownType {},
    staticFlag: false
  }
} TypeError: Cannot read properties of undefined (reading 'length')
    at cloneText (/home/zhihao/hdd/haprepair/homecheck/node_modules/arkanalyzer/lib/core/common/StringUtils.js:24:17)
    at ArkValueTransformer.etsComponentExpressionToValueAndStmts (/home/zhihao/hdd/haprepair/homecheck/node_modules/arkanalyzer/lib/core/common/ArkValueTransformer.js:438:59)
    at ArkValueTransformer.tsNodeToValueAndStmts (/home/zhihao/hdd/haprepair/homecheck/node_modules/arkanalyzer/lib/core/common/ArkValueTransformer.js:180:25)
    at ArkValueTransformer.tsNodeToSingleAddressValueAndStmts (/home/zhihao/hdd/haprepair/homecheck/node_modules/arkanalyzer/lib/core/common/ArkValueTransformer.js:205:63)
    at ArkValueTransformer.parseArguments (/home/zhihao/hdd/haprepair/homecheck/node_modules/arkanalyzer/lib/core/common/ArkValueTransformer.js:845:110)
    at ArkValueTransformer.parseArgumentsOfCallExpression (/home/zhihao/hdd/haprepair/homecheck/node_modules/arkanalyzer/lib/core/common/ArkValueTransformer.js:828:64)
    at ArkValueTransformer.callExpressionToValueAndStmts (/home/zhihao/hdd/haprepair/homecheck/node_modules/arkanalyzer/lib/core/common/ArkValueTransformer.js:701:28)
    at ArkValueTransformer.tsNodeToValueAndStmts (/home/zhihao/hdd/haprepair/homecheck/node_modules/arkanalyzer/lib/core/common/ArkValueTransformer.js:111:25)
    at ArkIRTransformer.tsNodeToValueAndStmts (/home/zhihao/hdd/haprepair/homecheck/node_modules/arkanalyzer/lib/core/common/ArkIRTransformer.js:176:41)
    at ArkIRTransformer.expressionStatementToStmts (/home/zhihao/hdd/haprepair/homecheck/node_modules/arkanalyzer/lib/core/common/ArkIRTransformer.js:332:96)
[2026-08-07T16:04:38.058] [ERROR] [1974247] [ArkAnalyzer] - [Scene] Error building body: MethodSignature {
  declaringClassSignature: ClassSignature {
    className: 'ListItemSwipeDemo',
    declaringFileSignature: FileSignature {
      projectName: 'Image',
      fileName: 'entry/src/main/ets/pages/example/ImageComprehensiveTest003.ets',
      hashcode: -86008177
    },
    declaringNamespaceSignature: null
  },
  methodSubSignature: MethodSubSignature {
    methodName: 'build',
    parameters: [],
    returnType: UnknownType {},
    staticFlag: false
  }
} TypeError: Cannot read properties of undefined (reading 'length')
    at cloneText (/home/zhihao/hdd/haprepair/homecheck/node_modules/arkanalyzer/lib/core/common/StringUtils.js:24:17)
    at ArkValueTransformer.etsComponentExpressionToValueAndStmts (/home/zhihao/hdd/haprepair/homecheck/node_modules/arkanalyzer/lib/core/common/ArkValueTransformer.js:438:59)
    at ArkValueTransformer.tsNodeToValueAndStmts (/home/zhihao/hdd/haprepair/homecheck/node_modules/arkanalyzer/lib/core/common/ArkValueTransformer.js:180:25)
    at ArkIRTransformer.tsNodeToValueAndStmts (/home/zhihao/hdd/haprepair/homecheck/node_modules/arkanalyzer/lib/core/common/ArkIRTransformer.js:176:41)
    at ArkIRTransformer.expressionStatementToStmts (/home/zhihao/hdd/haprepair/homecheck/node_modules/arkanalyzer/lib/core/common/ArkIRTransformer.js:332:96)
    at ArkIRTransformer.tsNodeToStmts (/home/zhihao/hdd/haprepair/homecheck/node_modules/arkanalyzer/lib/core/common/ArkIRTransformer.js:116:26)
    at CfgBuilder.processBlocks (/home/zhihao/hdd/haprepair/homecheck/node_modules/arkanalyzer/lib/core/graph/builder/CfgBuilder.js:1227:38)
    at CfgBuilder.buildNormalCfg (/home/zhihao/hdd/haprepair/homecheck/node_modules/arkanalyzer/lib/core/graph/builder/CfgBuilder.js:1107:139)
    at CfgBuilder.buildCfg (/home/zhihao/hdd/haprepair/homecheck/node_modules/arkanalyzer/lib/core/graph/builder/CfgBuilder.js:1065:21)
    at BodyBuilder.build (/home/zhihao/hdd/haprepair/homecheck/node_modules/arkanalyzer/lib/core/model/builder/BodyBuilder.js:36:83)
[2026-08-07T16:04:39.012] [INFO] [1974247] [HomeCheck] - [CheckEntry] Build scene completed.
[2026-08-07T16:04:40.817] [INFO] [1974247] [HomeCheck] - [CheckEntry] Infer types completed.
[2026-08-07T16:04:40.819] [INFO] [1974247] [HomeCheck] - [ConfigUtils] The npmPath:npm
[2026-08-07T16:04:40.819] [INFO] [1974247] [HomeCheck] - [ConfigUtils] The npmInstallDir:/home/zhihao/hdd/haprepair/homecheck
[2026-08-07T16:04:40.841] [INFO] [1974247] [HomeCheck] - [Message] ===== progress: 0% ======
[2026-08-07T16:04:40.851] [INFO] [1974247] [HomeCheck] - [Message] ===== progress: 0% ======
[2026-08-07T16:04:40.860] [INFO] [1974247] [HomeCheck] - [Message] ===== progress: 0% ======
[2026-08-07T16:04:41.205] [INFO] [1974247] [HomeCheck] - [Message] ===== progress: 20% ======
[2026-08-07T16:04:41.209] [INFO] [1974247] [HomeCheck] - [Message] ===== progress: 20% ======
[2026-08-07T16:04:41.211] [INFO] [1974247] [HomeCheck] - [Message] ===== progress: 20% ======
[2026-08-07T16:04:41.216] [INFO] [1974247] [HomeCheck] - [Message] ===== progress: 20% ======
[2026-08-07T16:04:41.808] [INFO] [1974247] [HomeCheck] - [Message] ===== progress: 40% ======
[2026-08-07T16:04:41.819] [INFO] [1974247] [HomeCheck] - [Message] ===== progress: 40% ======
[2026-08-07T16:04:41.829] [INFO] [1974247] [HomeCheck] - [Message] ===== progress: 40% ======
[2026-08-07T16:04:41.833] [INFO] [1974247] [HomeCheck] - [Message] ===== progress: 40% ======
[2026-08-07T16:04:42.154] [ERROR] [1974247] [ArkAnalyzer] - [ViewTreeBuilder] ViewTree->viewComponentCreationParser not found class @%unk/%unk: Popup. %14 = staticinvoke <@%unk/%unk: View.create()>(%13, %AM1$build)
[2026-08-07T16:04:42.287] [ERROR] [1974247] [ArkAnalyzer] - [ViewTreeBuilder] ViewTree->viewComponentCreationParser not found class @%unk/%unk: SwiperItem. %1 = staticinvoke <@%unk/%unk: View.create()>(%0, %AM2$%AM1$build)
[2026-08-07T16:04:42.538] [INFO] [1974247] [HomeCheck] - [Message] ===== progress: 60% ======
[2026-08-07T16:04:42.541] [INFO] [1974247] [HomeCheck] - [Message] ===== progress: 60% ======
[2026-08-07T16:04:42.543] [INFO] [1974247] [HomeCheck] - [Message] ===== progress: 60% ======
[2026-08-07T16:04:42.624] [ERROR] [1974247] [ArkAnalyzer] - [ViewTreeBuilder] ViewTree->viewComponentCreationParser not found class @%unk/%unk: buildHorizontalRepeatDemo. %26 = staticinvoke <@%unk/%unk: View.create()>(%25, %AM0$buildNoRepeatDemo)
[2026-08-07T16:04:42.629] [ERROR] [1974247] [ArkAnalyzer] - [ViewTreeBuilder] ViewTree->viewComponentCreationParser not found class @%unk/%unk: buildLowInterpolationDemo. %26 = staticinvoke <@%unk/%unk: View.create()>(%25, %AM0$buildNoneInterpolationDemo)
[2026-08-07T16:04:42.633] [ERROR] [1974247] [ArkAnalyzer] - [ViewTreeBuilder] ViewTree->viewComponentCreationParser not found class @%unk/%unk: buildRTLDemo. %27 = staticinvoke <@%unk/%unk: View.create()>(%26, %AM0$buildLTRDemo)
[2026-08-07T16:04:42.637] [ERROR] [1974247] [ArkAnalyzer] - [ViewTreeBuilder] ViewTree->viewComponentCreationParser not found class @%unk/%unk: buildOriginalSizeDemo. %25 = staticinvoke <@%unk/%unk: View.create()>(%24, %AM0$buildCustomSizeDemo)
[2026-08-07T16:04:42.643] [ERROR] [1974247] [ArkAnalyzer] - [ViewTreeBuilder] ViewTree->viewComponentCreationParser not found class @%unk/%unk: buildSyncLoadDemo. %27 = staticinvoke <@%unk/%unk: View.create()>(%26, %AM2$buildAsyncLoadDemo)
[2026-08-07T16:04:42.648] [ERROR] [1974247] [ArkAnalyzer] - [ViewTreeBuilder] ViewTree->viewComponentCreationParser not found class @%unk/%unk: buildInAppCopyDemo. %26 = staticinvoke <@%unk/%unk: View.create()>(%25, %AM0$buildNoneCopyDemo)
[2026-08-07T16:04:42.653] [ERROR] [1974247] [ArkAnalyzer] - [ViewTreeBuilder] ViewTree->viewComponentCreationParser not found class @%unk/%unk: buildDraggableDemo. %30 = staticinvoke <@%unk/%unk: View.create()>(%29, %AM1$buildNonDraggableDemo)
[2026-08-07T16:04:42.658] [ERROR] [1974247] [ArkAnalyzer] - [ViewTreeBuilder] ViewTree->viewComponentCreationParser not found class @%unk/%unk: buildResizableDemo. %24 = staticinvoke <@%unk/%unk: View.create()>(%23, %AM0$buildNonResizableDemo)
[2026-08-07T16:04:42.662] [ERROR] [1974247] [ArkAnalyzer] - [ViewTreeBuilder] ViewTree->viewComponentCreationParser not found class @%unk/%unk: buildSensitiveDemo. %25 = staticinvoke <@%unk/%unk: View.create()>(%24, %AM0$buildNonSensitiveDemo)
[2026-08-07T16:04:42.666] [ERROR] [1974247] [ArkAnalyzer] - [ViewTreeBuilder] ViewTree->viewComponentCreationParser not found class @%unk/%unk: buildConstraintRangeDemo. %26 = staticinvoke <@%unk/%unk: View.create()>(%25, %AM0$buildStandardRangeDemo)
[2026-08-07T16:04:42.673] [ERROR] [1974247] [ArkAnalyzer] - [ViewTreeBuilder] ViewTree->viewComponentCreationParser not found class @%unk/%unk: buildUpOrientationDemo. %26 = staticinvoke <@%unk/%unk: View.create()>(%25, %AM0$buildAutoOrientationDemo)
[2026-08-07T16:04:42.679] [ERROR] [1974247] [ArkAnalyzer] - [ViewTreeBuilder] ViewTree->viewComponentCreationParser not found class @%unk/%unk: buildSvg2EnabledDemo. %25 = staticinvoke <@%unk/%unk: View.create()>(%24, %AM0$buildSvg2DisabledDemo)
[2026-08-07T16:04:42.683] [ERROR] [1974247] [ArkAnalyzer] - [ViewTreeBuilder] ViewTree->viewComponentCreationParser not found class @%unk/%unk: buildOpacityEffectDemo. %28 = staticinvoke <@%unk/%unk: View.create()>(%27, %AM0$buildIdentityEffectDemo)
[2026-08-07T16:04:42.687] [ERROR] [1974247] [ArkAnalyzer] - [ViewTreeBuilder] ViewTree->viewComponentCreationParser not found class @%unk/%unk: buildAntialiasedEnabledDemo. %25 = staticinvoke <@%unk/%unk: View.create()>(%24, %AM0$buildAntialiasedDisabledDemo)
[2026-08-07T16:04:42.711] [ERROR] [1974247] [ArkAnalyzer] - [ViewTreeBuilder] ViewTree->viewComponentCreationParser not found class @%unk/%unk: ScrollView. %1 = staticinvoke <@%unk/%unk: View.create()>(%0, %AM3$buildOptionBar)
[2026-08-07T16:04:42.964] [INFO] [1974247] [HomeCheck] - [Message] ===== progress: 80% ======
[2026-08-07T16:04:42.967] [INFO] [1974247] [HomeCheck] - [Message] ===== progress: 80% ======
[2026-08-07T16:04:42.970] [INFO] [1974247] [HomeCheck] - [Message] ===== progress: 80% ======
[2026-08-07T16:04:42.979] [ERROR] [1974247] [ArkAnalyzer] - [ViewTreeBuilder] ViewTree build failed for @Image/entry/src/main/ets/pages/example/ImagePerformanceExample.ets: ImagePerformanceExample.build(): Cannot read properties of undefined (reading 'getType')
[2026-08-07T16:04:43.477] [INFO] [1974247] [HomeCheck] - [Message] ===== progress: 100% ======
[2026-08-07T16:04:43.478] [INFO] [1974247] [HomeCheck] - [CheckEntry] 222 issues from checker - @performance/foreach-args-check
[2026-08-07T16:04:43.478] [INFO] [1974247] [HomeCheck] - [CheckEntry] 11 issues from checker - @performance/avoid-overusing-custom-component-check
[2026-08-07T16:04:43.478] [INFO] [1974247] [HomeCheck] - [CheckEntry] 27 issues from checker - @security/no-commented-code
[2026-08-07T16:04:43.478] [INFO] [1974247] [HomeCheck] - [CheckEntry] 16 issues from checker - @performance/init-list-component
[2026-08-07T16:04:43.488] [INFO] [1974247] [HomeCheck] - [Main] Checking completed.
[2026-08-07T16:04:43.488] [INFO] [1974247] [HomeCheck] - [Main] HomeCheck took: 16.424 s.
