[2026-08-07T15:33:09.984] [INFO] [1766434] [HomeCheck] - [ConfigUtils] Checking started.
[2026-08-07T15:33:09.986] [ERROR] [1766434] [HomeCheck] - [FileUtils] Error occurred while reading file list from .: Error: EISDIR: illegal operation on a directory, read
[2026-08-07T15:33:10.065] [INFO] [1766434] [HomeCheck] - [CheckEntry] File count: 242
[2026-08-07T15:33:10.068] [INFO] [1766434] [HomeCheck] - [CheckEntry] Build sceneConfig completed.
[2026-08-07T15:33:21.146] [INFO] [1766434] [HomeCheck] - [CheckEntry] Build scene completed.
[2026-08-07T15:33:22.200] [INFO] [1766434] [HomeCheck] - [CheckEntry] Infer types completed.
[2026-08-07T15:33:22.201] [INFO] [1766434] [HomeCheck] - [ConfigUtils] The npmPath:npm
[2026-08-07T15:33:22.201] [INFO] [1766434] [HomeCheck] - [ConfigUtils] The npmInstallDir:/home/zhihao/hdd/haprepair/homecheck
[2026-08-07T15:33:22.208] [INFO] [1766434] [HomeCheck] - [Message] ===== progress: 0% ======
[2026-08-07T15:33:22.208] [INFO] [1766434] [HomeCheck] - [Message] ===== progress: 0% ======
[2026-08-07T15:33:22.341] [ERROR] [1766434] [ArkAnalyzer] - [ViewTreeBuilder] ViewTree->viewComponentCreationParser not found class @%unk/%unk: ParallelizeUI. %8 = staticinvoke <@%unk/%unk: View.create()>(%7, %AM0$build)
[2026-08-07T15:33:22.341] [ERROR] [1766434] [ArkAnalyzer] - [ViewTreeBuilder] ViewTree->viewComponentCreationParser not found class @%unk/%unk: ParallelizeUI. %11 = staticinvoke <@%unk/%unk: View.create()>(%10, %AM4$build)
[2026-08-07T15:33:22.341] [ERROR] [1766434] [ArkAnalyzer] - [ViewTreeBuilder] ViewTree->viewComponentCreationParser not found class @%unk/%unk: ParallelizeUI. %14 = staticinvoke <@%unk/%unk: View.create()>(%13, %AM8$build)
[2026-08-07T15:33:22.342] [ERROR] [1766434] [ArkAnalyzer] - [ViewTreeBuilder] ViewTree->viewComponentCreationParser not found class @%unk/%unk: ParallelizeUI. %17 = staticinvoke <@%unk/%unk: View.create()>(%16, %AM12$build)
[2026-08-07T15:33:22.342] [ERROR] [1766434] [ArkAnalyzer] - [ViewTreeBuilder] ViewTree->viewComponentCreationParser not found class @%unk/%unk: ParallelizeUI. %20 = staticinvoke <@%unk/%unk: View.create()>(%19, %AM16$build)
[2026-08-07T15:33:22.342] [ERROR] [1766434] [ArkAnalyzer] - [ViewTreeBuilder] ViewTree->viewComponentCreationParser not found class @%unk/%unk: ParallelizeUI. %23 = staticinvoke <@%unk/%unk: View.create()>(%22, %AM20$build)
[2026-08-07T15:33:22.343] [ERROR] [1766434] [ArkAnalyzer] - [ViewTreeBuilder] ViewTree->viewComponentCreationParser not found class @%unk/%unk: ParallelizeUI. %26 = staticinvoke <@%unk/%unk: View.create()>(%25, %AM24$build)
[2026-08-07T15:33:22.343] [ERROR] [1766434] [ArkAnalyzer] - [ViewTreeBuilder] ViewTree->viewComponentCreationParser not found class @%unk/%unk: ParallelizeUI. %29 = staticinvoke <@%unk/%unk: View.create()>(%28, %AM28$build)
[2026-08-07T15:33:22.343] [ERROR] [1766434] [ArkAnalyzer] - [ViewTreeBuilder] ViewTree->viewComponentCreationParser not found class @%unk/%unk: ParallelizeUI. %32 = staticinvoke <@%unk/%unk: View.create()>(%31, %AM32$build)
[2026-08-07T15:33:22.344] [ERROR] [1766434] [ArkAnalyzer] - [ViewTreeBuilder] ViewTree->viewComponentCreationParser not found class @%unk/%unk: ParallelizeUI. %35 = staticinvoke <@%unk/%unk: View.create()>(%34, %AM36$build)
[2026-08-07T15:33:22.344] [ERROR] [1766434] [ArkAnalyzer] - [ViewTreeBuilder] ViewTree->viewComponentCreationParser not found class @%unk/%unk: ParallelizeUI. %38 = staticinvoke <@%unk/%unk: View.create()>(%37, %AM40$build)
[2026-08-07T15:33:22.344] [ERROR] [1766434] [ArkAnalyzer] - [ViewTreeBuilder] ViewTree->viewComponentCreationParser not found class @%unk/%unk: ParallelizeUI. %41 = staticinvoke <@%unk/%unk: View.create()>(%40, %AM44$build)
[2026-08-07T15:33:22.344] [ERROR] [1766434] [ArkAnalyzer] - [ViewTreeBuilder] ViewTree->viewComponentCreationParser not found class @%unk/%unk: ParallelizeUI. %44 = staticinvoke <@%unk/%unk: View.create()>(%43, %AM48$build)
[2026-08-07T15:33:22.344] [ERROR] [1766434] [ArkAnalyzer] - [ViewTreeBuilder] ViewTree->viewComponentCreationParser not found class @%unk/%unk: ParallelizeUI. %47 = staticinvoke <@%unk/%unk: View.create()>(%46, %AM52$build)
[2026-08-07T15:33:22.345] [ERROR] [1766434] [ArkAnalyzer] - [ViewTreeBuilder] ViewTree->viewComponentCreationParser not found class @%unk/%unk: ParallelizeUI. %50 = staticinvoke <@%unk/%unk: View.create()>(%49, %AM56$build)
[2026-08-07T15:33:22.345] [ERROR] [1766434] [ArkAnalyzer] - [ViewTreeBuilder] ViewTree->viewComponentCreationParser not found class @%unk/%unk: ParallelizeUI. %53 = staticinvoke <@%unk/%unk: View.create()>(%52, %AM60$build)
[2026-08-07T15:33:22.345] [ERROR] [1766434] [ArkAnalyzer] - [ViewTreeBuilder] ViewTree->viewComponentCreationParser not found class @%unk/%unk: ParallelizeUI. %56 = staticinvoke <@%unk/%unk: View.create()>(%55, %AM64$build)
[2026-08-07T15:33:22.345] [ERROR] [1766434] [ArkAnalyzer] - [ViewTreeBuilder] ViewTree->viewComponentCreationParser not found class @%unk/%unk: ParallelizeUI. %59 = staticinvoke <@%unk/%unk: View.create()>(%58, %AM68$build)
[2026-08-07T15:33:22.346] [ERROR] [1766434] [ArkAnalyzer] - [ViewTreeBuilder] ViewTree->viewComponentCreationParser not found class @%unk/%unk: ParallelizeUI. %62 = staticinvoke <@%unk/%unk: View.create()>(%61, %AM72$build)
[2026-08-07T15:33:22.346] [ERROR] [1766434] [ArkAnalyzer] - [ViewTreeBuilder] ViewTree->viewComponentCreationParser not found class @%unk/%unk: ParallelizeUI. %65 = staticinvoke <@%unk/%unk: View.create()>(%64, %AM76$build)
[2026-08-07T15:33:22.388] [ERROR] [1766434] [ArkAnalyzer] - [ViewTreeBuilder] ViewTree->viewComponentCreationParser not found class @%unk/%unk: ParallelizeUI. %8 = staticinvoke <@%unk/%unk: View.create()>(%7, %AM0$build)
[2026-08-07T15:33:22.388] [ERROR] [1766434] [ArkAnalyzer] - [ViewTreeBuilder] ViewTree->viewComponentCreationParser not found class @%unk/%unk: ParallelizeUI. %11 = staticinvoke <@%unk/%unk: View.create()>(%10, %AM2$build)
[2026-08-07T15:33:22.388] [ERROR] [1766434] [ArkAnalyzer] - [ViewTreeBuilder] ViewTree->viewComponentCreationParser not found class @%unk/%unk: ParallelizeUI. %14 = staticinvoke <@%unk/%unk: View.create()>(%13, %AM4$build)
[2026-08-07T15:33:22.388] [ERROR] [1766434] [ArkAnalyzer] - [ViewTreeBuilder] ViewTree->viewComponentCreationParser not found class @%unk/%unk: ParallelizeUI. %17 = staticinvoke <@%unk/%unk: View.create()>(%16, %AM6$build)
[2026-08-07T15:33:22.388] [ERROR] [1766434] [ArkAnalyzer] - [ViewTreeBuilder] ViewTree->viewComponentCreationParser not found class @%unk/%unk: ParallelizeUI. %20 = staticinvoke <@%unk/%unk: View.create()>(%19, %AM8$build)
[2026-08-07T15:33:22.389] [ERROR] [1766434] [ArkAnalyzer] - [ViewTreeBuilder] ViewTree->viewComponentCreationParser not found class @%unk/%unk: ParallelizeUI. %23 = staticinvoke <@%unk/%unk: View.create()>(%22, %AM10$build)
[2026-08-07T15:33:22.389] [ERROR] [1766434] [ArkAnalyzer] - [ViewTreeBuilder] ViewTree->viewComponentCreationParser not found class @%unk/%unk: ParallelizeUI. %26 = staticinvoke <@%unk/%unk: View.create()>(%25, %AM12$build)
[2026-08-07T15:33:22.389] [ERROR] [1766434] [ArkAnalyzer] - [ViewTreeBuilder] ViewTree->viewComponentCreationParser not found class @%unk/%unk: ParallelizeUI. %29 = staticinvoke <@%unk/%unk: View.create()>(%28, %AM14$build)
[2026-08-07T15:33:22.389] [ERROR] [1766434] [ArkAnalyzer] - [ViewTreeBuilder] ViewTree->viewComponentCreationParser not found class @%unk/%unk: ParallelizeUI. %32 = staticinvoke <@%unk/%unk: View.create()>(%31, %AM16$build)
[2026-08-07T15:33:22.389] [ERROR] [1766434] [ArkAnalyzer] - [ViewTreeBuilder] ViewTree->viewComponentCreationParser not found class @%unk/%unk: ParallelizeUI. %35 = staticinvoke <@%unk/%unk: View.create()>(%34, %AM18$build)
[2026-08-07T15:33:22.389] [ERROR] [1766434] [ArkAnalyzer] - [ViewTreeBuilder] ViewTree->viewComponentCreationParser not found class @%unk/%unk: ParallelizeUI. %38 = staticinvoke <@%unk/%unk: View.create()>(%37, %AM20$build)
[2026-08-07T15:33:22.389] [ERROR] [1766434] [ArkAnalyzer] - [ViewTreeBuilder] ViewTree->viewComponentCreationParser not found class @%unk/%unk: ParallelizeUI. %41 = staticinvoke <@%unk/%unk: View.create()>(%40, %AM22$build)
[2026-08-07T15:33:22.389] [ERROR] [1766434] [ArkAnalyzer] - [ViewTreeBuilder] ViewTree->viewComponentCreationParser not found class @%unk/%unk: ParallelizeUI. %44 = staticinvoke <@%unk/%unk: View.create()>(%43, %AM24$build)
[2026-08-07T15:33:22.390] [ERROR] [1766434] [ArkAnalyzer] - [ViewTreeBuilder] ViewTree->viewComponentCreationParser not found class @%unk/%unk: ParallelizeUI. %47 = staticinvoke <@%unk/%unk: View.create()>(%46, %AM26$build)
[2026-08-07T15:33:22.390] [ERROR] [1766434] [ArkAnalyzer] - [ViewTreeBuilder] ViewTree->viewComponentCreationParser not found class @%unk/%unk: ParallelizeUI. %50 = staticinvoke <@%unk/%unk: View.create()>(%49, %AM28$build)
[2026-08-07T15:33:22.390] [ERROR] [1766434] [ArkAnalyzer] - [ViewTreeBuilder] ViewTree->viewComponentCreationParser not found class @%unk/%unk: ParallelizeUI. %53 = staticinvoke <@%unk/%unk: View.create()>(%52, %AM30$build)
[2026-08-07T15:33:22.390] [ERROR] [1766434] [ArkAnalyzer] - [ViewTreeBuilder] ViewTree->viewComponentCreationParser not found class @%unk/%unk: ParallelizeUI. %56 = staticinvoke <@%unk/%unk: View.create()>(%55, %AM32$build)
[2026-08-07T15:33:22.390] [ERROR] [1766434] [ArkAnalyzer] - [ViewTreeBuilder] ViewTree->viewComponentCreationParser not found class @%unk/%unk: ParallelizeUI. %59 = staticinvoke <@%unk/%unk: View.create()>(%58, %AM34$build)
[2026-08-07T15:33:22.390] [ERROR] [1766434] [ArkAnalyzer] - [ViewTreeBuilder] ViewTree->viewComponentCreationParser not found class @%unk/%unk: ParallelizeUI. %62 = staticinvoke <@%unk/%unk: View.create()>(%61, %AM36$build)
[2026-08-07T15:33:22.390] [ERROR] [1766434] [ArkAnalyzer] - [ViewTreeBuilder] ViewTree->viewComponentCreationParser not found class @%unk/%unk: ParallelizeUI. %65 = staticinvoke <@%unk/%unk: View.create()>(%64, %AM38$build)
[2026-08-07T15:33:22.420] [INFO] [1766434] [HomeCheck] - [Message] ===== progress: 20% ======
[2026-08-07T15:33:22.424] [INFO] [1766434] [HomeCheck] - [Message] ===== progress: 20% ======
[2026-08-07T15:33:22.424] [INFO] [1766434] [HomeCheck] - [Message] ===== progress: 20% ======
[2026-08-07T15:33:22.510] [INFO] [1766434] [HomeCheck] - [Message] ===== progress: 40% ======
[2026-08-07T15:33:22.512] [INFO] [1766434] [HomeCheck] - [Message] ===== progress: 40% ======
[2026-08-07T15:33:22.545] [ERROR] [1766434] [ArkAnalyzer] - [ViewTreeBuilder] ViewTree->viewComponentCreationParser not found class @%unk/%unk: ParallelizeUI. %8 = staticinvoke <@%unk/%unk: View.create()>(%7, %AM0$build)
[2026-08-07T15:33:22.545] [ERROR] [1766434] [ArkAnalyzer] - [ViewTreeBuilder] ViewTree->viewComponentCreationParser not found class @%unk/%unk: ParallelizeUI. %11 = staticinvoke <@%unk/%unk: View.create()>(%10, %AM2$build)
[2026-08-07T15:33:22.545] [ERROR] [1766434] [ArkAnalyzer] - [ViewTreeBuilder] ViewTree->viewComponentCreationParser not found class @%unk/%unk: ParallelizeUI. %14 = staticinvoke <@%unk/%unk: View.create()>(%13, %AM4$build)
[2026-08-07T15:33:22.546] [ERROR] [1766434] [ArkAnalyzer] - [ViewTreeBuilder] ViewTree->viewComponentCreationParser not found class @%unk/%unk: ParallelizeUI. %17 = staticinvoke <@%unk/%unk: View.create()>(%16, %AM6$build)
[2026-08-07T15:33:22.546] [ERROR] [1766434] [ArkAnalyzer] - [ViewTreeBuilder] ViewTree->viewComponentCreationParser not found class @%unk/%unk: ParallelizeUI. %20 = staticinvoke <@%unk/%unk: View.create()>(%19, %AM8$build)
[2026-08-07T15:33:22.546] [ERROR] [1766434] [ArkAnalyzer] - [ViewTreeBuilder] ViewTree->viewComponentCreationParser not found class @%unk/%unk: ParallelizeUI. %23 = staticinvoke <@%unk/%unk: View.create()>(%22, %AM10$build)
[2026-08-07T15:33:22.546] [ERROR] [1766434] [ArkAnalyzer] - [ViewTreeBuilder] ViewTree->viewComponentCreationParser not found class @%unk/%unk: ParallelizeUI. %26 = staticinvoke <@%unk/%unk: View.create()>(%25, %AM12$build)
[2026-08-07T15:33:22.546] [ERROR] [1766434] [ArkAnalyzer] - [ViewTreeBuilder] ViewTree->viewComponentCreationParser not found class @%unk/%unk: ParallelizeUI. %29 = staticinvoke <@%unk/%unk: View.create()>(%28, %AM14$build)
[2026-08-07T15:33:22.546] [ERROR] [1766434] [ArkAnalyzer] - [ViewTreeBuilder] ViewTree->viewComponentCreationParser not found class @%unk/%unk: ParallelizeUI. %32 = staticinvoke <@%unk/%unk: View.create()>(%31, %AM16$build)
[2026-08-07T15:33:22.546] [ERROR] [1766434] [ArkAnalyzer] - [ViewTreeBuilder] ViewTree->viewComponentCreationParser not found class @%unk/%unk: ParallelizeUI. %35 = staticinvoke <@%unk/%unk: View.create()>(%34, %AM18$build)
[2026-08-07T15:33:22.546] [ERROR] [1766434] [ArkAnalyzer] - [ViewTreeBuilder] ViewTree->viewComponentCreationParser not found class @%unk/%unk: ParallelizeUI. %38 = staticinvoke <@%unk/%unk: View.create()>(%37, %AM20$build)
[2026-08-07T15:33:22.547] [ERROR] [1766434] [ArkAnalyzer] - [ViewTreeBuilder] ViewTree->viewComponentCreationParser not found class @%unk/%unk: ParallelizeUI. %41 = staticinvoke <@%unk/%unk: View.create()>(%40, %AM22$build)
[2026-08-07T15:33:22.547] [ERROR] [1766434] [ArkAnalyzer] - [ViewTreeBuilder] ViewTree->viewComponentCreationParser not found class @%unk/%unk: ParallelizeUI. %44 = staticinvoke <@%unk/%unk: View.create()>(%43, %AM24$build)
[2026-08-07T15:33:22.547] [ERROR] [1766434] [ArkAnalyzer] - [ViewTreeBuilder] ViewTree->viewComponentCreationParser not found class @%unk/%unk: ParallelizeUI. %47 = staticinvoke <@%unk/%unk: View.create()>(%46, %AM26$build)
[2026-08-07T15:33:22.547] [ERROR] [1766434] [ArkAnalyzer] - [ViewTreeBuilder] ViewTree->viewComponentCreationParser not found class @%unk/%unk: ParallelizeUI. %50 = staticinvoke <@%unk/%unk: View.create()>(%49, %AM28$build)
[2026-08-07T15:33:22.547] [ERROR] [1766434] [ArkAnalyzer] - [ViewTreeBuilder] ViewTree->viewComponentCreationParser not found class @%unk/%unk: ParallelizeUI. %53 = staticinvoke <@%unk/%unk: View.create()>(%52, %AM30$build)
[2026-08-07T15:33:22.547] [ERROR] [1766434] [ArkAnalyzer] - [ViewTreeBuilder] ViewTree->viewComponentCreationParser not found class @%unk/%unk: ParallelizeUI. %56 = staticinvoke <@%unk/%unk: View.create()>(%55, %AM32$build)
[2026-08-07T15:33:22.547] [ERROR] [1766434] [ArkAnalyzer] - [ViewTreeBuilder] ViewTree->viewComponentCreationParser not found class @%unk/%unk: ParallelizeUI. %59 = staticinvoke <@%unk/%unk: View.create()>(%58, %AM34$build)
[2026-08-07T15:33:22.548] [ERROR] [1766434] [ArkAnalyzer] - [ViewTreeBuilder] ViewTree->viewComponentCreationParser not found class @%unk/%unk: ParallelizeUI. %62 = staticinvoke <@%unk/%unk: View.create()>(%61, %AM36$build)
[2026-08-07T15:33:22.548] [ERROR] [1766434] [ArkAnalyzer] - [ViewTreeBuilder] ViewTree->viewComponentCreationParser not found class @%unk/%unk: ParallelizeUI. %65 = staticinvoke <@%unk/%unk: View.create()>(%64, %AM38$build)
[2026-08-07T15:33:22.597] [ERROR] [1766434] [ArkAnalyzer] - [ViewTreeBuilder] ViewTree->viewComponentCreationParser not found class @%unk/%unk: ParallelizeUI. %8 = staticinvoke <@%unk/%unk: View.create()>(%7, %AM0$build)
[2026-08-07T15:33:22.597] [ERROR] [1766434] [ArkAnalyzer] - [ViewTreeBuilder] ViewTree->viewComponentCreationParser not found class @%unk/%unk: ParallelizeUI. %11 = staticinvoke <@%unk/%unk: View.create()>(%10, %AM2$build)
[2026-08-07T15:33:22.597] [ERROR] [1766434] [ArkAnalyzer] - [ViewTreeBuilder] ViewTree->viewComponentCreationParser not found class @%unk/%unk: ParallelizeUI. %14 = staticinvoke <@%unk/%unk: View.create()>(%13, %AM4$build)
[2026-08-07T15:33:22.598] [ERROR] [1766434] [ArkAnalyzer] - [ViewTreeBuilder] ViewTree->viewComponentCreationParser not found class @%unk/%unk: ParallelizeUI. %17 = staticinvoke <@%unk/%unk: View.create()>(%16, %AM6$build)
[2026-08-07T15:33:22.598] [ERROR] [1766434] [ArkAnalyzer] - [ViewTreeBuilder] ViewTree->viewComponentCreationParser not found class @%unk/%unk: ParallelizeUI. %20 = staticinvoke <@%unk/%unk: View.create()>(%19, %AM8$build)
[2026-08-07T15:33:22.598] [ERROR] [1766434] [ArkAnalyzer] - [ViewTreeBuilder] ViewTree->viewComponentCreationParser not found class @%unk/%unk: ParallelizeUI. %23 = staticinvoke <@%unk/%unk: View.create()>(%22, %AM10$build)
[2026-08-07T15:33:22.598] [ERROR] [1766434] [ArkAnalyzer] - [ViewTreeBuilder] ViewTree->viewComponentCreationParser not found class @%unk/%unk: ParallelizeUI. %26 = staticinvoke <@%unk/%unk: View.create()>(%25, %AM12$build)
[2026-08-07T15:33:22.598] [ERROR] [1766434] [ArkAnalyzer] - [ViewTreeBuilder] ViewTree->viewComponentCreationParser not found class @%unk/%unk: ParallelizeUI. %29 = staticinvoke <@%unk/%unk: View.create()>(%28, %AM14$build)
[2026-08-07T15:33:22.598] [ERROR] [1766434] [ArkAnalyzer] - [ViewTreeBuilder] ViewTree->viewComponentCreationParser not found class @%unk/%unk: ParallelizeUI. %32 = staticinvoke <@%unk/%unk: View.create()>(%31, %AM16$build)
[2026-08-07T15:33:22.599] [ERROR] [1766434] [ArkAnalyzer] - [ViewTreeBuilder] ViewTree->viewComponentCreationParser not found class @%unk/%unk: ParallelizeUI. %35 = staticinvoke <@%unk/%unk: View.create()>(%34, %AM18$build)
[2026-08-07T15:33:22.599] [ERROR] [1766434] [ArkAnalyzer] - [ViewTreeBuilder] ViewTree->viewComponentCreationParser not found class @%unk/%unk: ParallelizeUI. %38 = staticinvoke <@%unk/%unk: View.create()>(%37, %AM20$build)
[2026-08-07T15:33:22.599] [ERROR] [1766434] [ArkAnalyzer] - [ViewTreeBuilder] ViewTree->viewComponentCreationParser not found class @%unk/%unk: ParallelizeUI. %41 = staticinvoke <@%unk/%unk: View.create()>(%40, %AM22$build)
[2026-08-07T15:33:22.599] [ERROR] [1766434] [ArkAnalyzer] - [ViewTreeBuilder] ViewTree->viewComponentCreationParser not found class @%unk/%unk: ParallelizeUI. %44 = staticinvoke <@%unk/%unk: View.create()>(%43, %AM24$build)
[2026-08-07T15:33:22.599] [ERROR] [1766434] [ArkAnalyzer] - [ViewTreeBuilder] ViewTree->viewComponentCreationParser not found class @%unk/%unk: ParallelizeUI. %47 = staticinvoke <@%unk/%unk: View.create()>(%46, %AM26$build)
[2026-08-07T15:33:22.599] [ERROR] [1766434] [ArkAnalyzer] - [ViewTreeBuilder] ViewTree->viewComponentCreationParser not found class @%unk/%unk: ParallelizeUI. %50 = staticinvoke <@%unk/%unk: View.create()>(%49, %AM28$build)
[2026-08-07T15:33:22.599] [ERROR] [1766434] [ArkAnalyzer] - [ViewTreeBuilder] ViewTree->viewComponentCreationParser not found class @%unk/%unk: ParallelizeUI. %53 = staticinvoke <@%unk/%unk: View.create()>(%52, %AM30$build)
[2026-08-07T15:33:22.599] [ERROR] [1766434] [ArkAnalyzer] - [ViewTreeBuilder] ViewTree->viewComponentCreationParser not found class @%unk/%unk: ParallelizeUI. %56 = staticinvoke <@%unk/%unk: View.create()>(%55, %AM32$build)
[2026-08-07T15:33:22.600] [ERROR] [1766434] [ArkAnalyzer] - [ViewTreeBuilder] ViewTree->viewComponentCreationParser not found class @%unk/%unk: ParallelizeUI. %59 = staticinvoke <@%unk/%unk: View.create()>(%58, %AM34$build)
[2026-08-07T15:33:22.600] [ERROR] [1766434] [ArkAnalyzer] - [ViewTreeBuilder] ViewTree->viewComponentCreationParser not found class @%unk/%unk: ParallelizeUI. %62 = staticinvoke <@%unk/%unk: View.create()>(%61, %AM36$build)
[2026-08-07T15:33:22.600] [ERROR] [1766434] [ArkAnalyzer] - [ViewTreeBuilder] ViewTree->viewComponentCreationParser not found class @%unk/%unk: ParallelizeUI. %65 = staticinvoke <@%unk/%unk: View.create()>(%64, %AM38$build)
[2026-08-07T15:33:22.643] [INFO] [1766434] [HomeCheck] - [Message] ===== progress: 60% ======
[2026-08-07T15:33:22.644] [INFO] [1766434] [HomeCheck] - [Message] ===== progress: 60% ======
[2026-08-07T15:33:22.645] [INFO] [1766434] [HomeCheck] - [Message] ===== progress: 60% ======
[2026-08-07T15:33:22.651] [ERROR] [1766434] [ArkAnalyzer] - [ViewTreeBuilder] ViewTree->viewComponentCreationParser not found class @%unk/%unk: ParallelizeUI. %8 = staticinvoke <@%unk/%unk: View.create()>(%7, %AM0$build)
[2026-08-07T15:33:22.651] [ERROR] [1766434] [ArkAnalyzer] - [ViewTreeBuilder] ViewTree->viewComponentCreationParser not found class @%unk/%unk: ParallelizeUI. %11 = staticinvoke <@%unk/%unk: View.create()>(%10, %AM3$build)
[2026-08-07T15:33:22.651] [ERROR] [1766434] [ArkAnalyzer] - [ViewTreeBuilder] ViewTree->viewComponentCreationParser not found class @%unk/%unk: ParallelizeUI. %14 = staticinvoke <@%unk/%unk: View.create()>(%13, %AM5$build)
[2026-08-07T15:33:22.651] [ERROR] [1766434] [ArkAnalyzer] - [ViewTreeBuilder] ViewTree->viewComponentCreationParser not found class @%unk/%unk: ParallelizeUI. %17 = staticinvoke <@%unk/%unk: View.create()>(%16, %AM8$build)
[2026-08-07T15:33:22.651] [ERROR] [1766434] [ArkAnalyzer] - [ViewTreeBuilder] ViewTree->viewComponentCreationParser not found class @%unk/%unk: ParallelizeUI. %20 = staticinvoke <@%unk/%unk: View.create()>(%19, %AM10$build)
[2026-08-07T15:33:22.651] [ERROR] [1766434] [ArkAnalyzer] - [ViewTreeBuilder] ViewTree->viewComponentCreationParser not found class @%unk/%unk: ParallelizeUI. %23 = staticinvoke <@%unk/%unk: View.create()>(%22, %AM12$build)
[2026-08-07T15:33:22.651] [ERROR] [1766434] [ArkAnalyzer] - [ViewTreeBuilder] ViewTree->viewComponentCreationParser not found class @%unk/%unk: ParallelizeUI. %26 = staticinvoke <@%unk/%unk: View.create()>(%25, %AM14$build)
[2026-08-07T15:33:22.652] [ERROR] [1766434] [ArkAnalyzer] - [ViewTreeBuilder] ViewTree->viewComponentCreationParser not found class @%unk/%unk: ParallelizeUI. %29 = staticinvoke <@%unk/%unk: View.create()>(%28, %AM16$build)
[2026-08-07T15:33:22.652] [ERROR] [1766434] [ArkAnalyzer] - [ViewTreeBuilder] ViewTree->viewComponentCreationParser not found class @%unk/%unk: ParallelizeUI. %32 = staticinvoke <@%unk/%unk: View.create()>(%31, %AM18$build)
[2026-08-07T15:33:22.652] [ERROR] [1766434] [ArkAnalyzer] - [ViewTreeBuilder] ViewTree->viewComponentCreationParser not found class @%unk/%unk: ParallelizeUI. %35 = staticinvoke <@%unk/%unk: View.create()>(%34, %AM20$build)
[2026-08-07T15:33:22.652] [ERROR] [1766434] [ArkAnalyzer] - [ViewTreeBuilder] ViewTree->viewComponentCreationParser not found class @%unk/%unk: ParallelizeUI. %38 = staticinvoke <@%unk/%unk: View.create()>(%37, %AM22$build)
[2026-08-07T15:33:22.652] [ERROR] [1766434] [ArkAnalyzer] - [ViewTreeBuilder] ViewTree->viewComponentCreationParser not found class @%unk/%unk: ParallelizeUI. %41 = staticinvoke <@%unk/%unk: View.create()>(%40, %AM24$build)
[2026-08-07T15:33:22.652] [ERROR] [1766434] [ArkAnalyzer] - [ViewTreeBuilder] ViewTree->viewComponentCreationParser not found class @%unk/%unk: ParallelizeUI. %44 = staticinvoke <@%unk/%unk: View.create()>(%43, %AM26$build)
[2026-08-07T15:33:22.652] [ERROR] [1766434] [ArkAnalyzer] - [ViewTreeBuilder] ViewTree->viewComponentCreationParser not found class @%unk/%unk: ParallelizeUI. %47 = staticinvoke <@%unk/%unk: View.create()>(%46, %AM28$build)
[2026-08-07T15:33:22.652] [ERROR] [1766434] [ArkAnalyzer] - [ViewTreeBuilder] ViewTree->viewComponentCreationParser not found class @%unk/%unk: ParallelizeUI. %50 = staticinvoke <@%unk/%unk: View.create()>(%49, %AM30$build)
[2026-08-07T15:33:22.653] [ERROR] [1766434] [ArkAnalyzer] - [ViewTreeBuilder] ViewTree->viewComponentCreationParser not found class @%unk/%unk: ParallelizeUI. %53 = staticinvoke <@%unk/%unk: View.create()>(%52, %AM32$build)
[2026-08-07T15:33:22.653] [ERROR] [1766434] [ArkAnalyzer] - [ViewTreeBuilder] ViewTree->viewComponentCreationParser not found class @%unk/%unk: ParallelizeUI. %56 = staticinvoke <@%unk/%unk: View.create()>(%55, %AM34$build)
[2026-08-07T15:33:22.653] [ERROR] [1766434] [ArkAnalyzer] - [ViewTreeBuilder] ViewTree->viewComponentCreationParser not found class @%unk/%unk: ParallelizeUI. %59 = staticinvoke <@%unk/%unk: View.create()>(%58, %AM36$build)
[2026-08-07T15:33:22.653] [ERROR] [1766434] [ArkAnalyzer] - [ViewTreeBuilder] ViewTree->viewComponentCreationParser not found class @%unk/%unk: ParallelizeUI. %62 = staticinvoke <@%unk/%unk: View.create()>(%61, %AM38$build)
[2026-08-07T15:33:22.653] [ERROR] [1766434] [ArkAnalyzer] - [ViewTreeBuilder] ViewTree->viewComponentCreationParser not found class @%unk/%unk: ParallelizeUI. %65 = staticinvoke <@%unk/%unk: View.create()>(%64, %AM40$build)
[2026-08-07T15:33:22.653] [ERROR] [1766434] [ArkAnalyzer] - [ViewTreeBuilder] ViewTree->viewComponentCreationParser not found class @%unk/%unk: ParallelizeUI. %68 = staticinvoke <@%unk/%unk: View.create()>(%67, %AM42$build)
[2026-08-07T15:33:22.723] [ERROR] [1766434] [ArkAnalyzer] - [ViewTreeBuilder] ViewTree->viewComponentCreationParser not found class @%unk/%unk: ParallelizeUI. %8 = staticinvoke <@%unk/%unk: View.create()>(%7, %AM0$build)
[2026-08-07T15:33:22.723] [ERROR] [1766434] [ArkAnalyzer] - [ViewTreeBuilder] ViewTree->viewComponentCreationParser not found class @%unk/%unk: ParallelizeUI. %11 = staticinvoke <@%unk/%unk: View.create()>(%10, %AM2$build)
[2026-08-07T15:33:22.723] [ERROR] [1766434] [ArkAnalyzer] - [ViewTreeBuilder] ViewTree->viewComponentCreationParser not found class @%unk/%unk: ParallelizeUI. %14 = staticinvoke <@%unk/%unk: View.create()>(%13, %AM4$build)
[2026-08-07T15:33:22.723] [ERROR] [1766434] [ArkAnalyzer] - [ViewTreeBuilder] ViewTree->viewComponentCreationParser not found class @%unk/%unk: ParallelizeUI. %17 = staticinvoke <@%unk/%unk: View.create()>(%16, %AM6$build)
[2026-08-07T15:33:22.723] [ERROR] [1766434] [ArkAnalyzer] - [ViewTreeBuilder] ViewTree->viewComponentCreationParser not found class @%unk/%unk: ParallelizeUI. %20 = staticinvoke <@%unk/%unk: View.create()>(%19, %AM8$build)
[2026-08-07T15:33:22.723] [ERROR] [1766434] [ArkAnalyzer] - [ViewTreeBuilder] ViewTree->viewComponentCreationParser not found class @%unk/%unk: ParallelizeUI. %23 = staticinvoke <@%unk/%unk: View.create()>(%22, %AM10$build)
[2026-08-07T15:33:22.724] [ERROR] [1766434] [ArkAnalyzer] - [ViewTreeBuilder] ViewTree->viewComponentCreationParser not found class @%unk/%unk: ParallelizeUI. %26 = staticinvoke <@%unk/%unk: View.create()>(%25, %AM12$build)
[2026-08-07T15:33:22.724] [ERROR] [1766434] [ArkAnalyzer] - [ViewTreeBuilder] ViewTree->viewComponentCreationParser not found class @%unk/%unk: ParallelizeUI. %29 = staticinvoke <@%unk/%unk: View.create()>(%28, %AM14$build)
[2026-08-07T15:33:22.724] [ERROR] [1766434] [ArkAnalyzer] - [ViewTreeBuilder] ViewTree->viewComponentCreationParser not found class @%unk/%unk: ParallelizeUI. %32 = staticinvoke <@%unk/%unk: View.create()>(%31, %AM16$build)
[2026-08-07T15:33:22.724] [ERROR] [1766434] [ArkAnalyzer] - [ViewTreeBuilder] ViewTree->viewComponentCreationParser not found class @%unk/%unk: ParallelizeUI. %35 = staticinvoke <@%unk/%unk: View.create()>(%34, %AM18$build)
[2026-08-07T15:33:22.724] [ERROR] [1766434] [ArkAnalyzer] - [ViewTreeBuilder] ViewTree->viewComponentCreationParser not found class @%unk/%unk: ParallelizeUI. %38 = staticinvoke <@%unk/%unk: View.create()>(%37, %AM20$build)
[2026-08-07T15:33:22.724] [ERROR] [1766434] [ArkAnalyzer] - [ViewTreeBuilder] ViewTree->viewComponentCreationParser not found class @%unk/%unk: ParallelizeUI. %41 = staticinvoke <@%unk/%unk: View.create()>(%40, %AM22$build)
[2026-08-07T15:33:22.724] [ERROR] [1766434] [ArkAnalyzer] - [ViewTreeBuilder] ViewTree->viewComponentCreationParser not found class @%unk/%unk: ParallelizeUI. %44 = staticinvoke <@%unk/%unk: View.create()>(%43, %AM24$build)
[2026-08-07T15:33:22.724] [ERROR] [1766434] [ArkAnalyzer] - [ViewTreeBuilder] ViewTree->viewComponentCreationParser not found class @%unk/%unk: ParallelizeUI. %47 = staticinvoke <@%unk/%unk: View.create()>(%46, %AM26$build)
[2026-08-07T15:33:22.724] [ERROR] [1766434] [ArkAnalyzer] - [ViewTreeBuilder] ViewTree->viewComponentCreationParser not found class @%unk/%unk: ParallelizeUI. %50 = staticinvoke <@%unk/%unk: View.create()>(%49, %AM28$build)
[2026-08-07T15:33:22.725] [ERROR] [1766434] [ArkAnalyzer] - [ViewTreeBuilder] ViewTree->viewComponentCreationParser not found class @%unk/%unk: ParallelizeUI. %53 = staticinvoke <@%unk/%unk: View.create()>(%52, %AM30$build)
[2026-08-07T15:33:22.725] [ERROR] [1766434] [ArkAnalyzer] - [ViewTreeBuilder] ViewTree->viewComponentCreationParser not found class @%unk/%unk: ParallelizeUI. %56 = staticinvoke <@%unk/%unk: View.create()>(%55, %AM32$build)
[2026-08-07T15:33:22.725] [ERROR] [1766434] [ArkAnalyzer] - [ViewTreeBuilder] ViewTree->viewComponentCreationParser not found class @%unk/%unk: ParallelizeUI. %59 = staticinvoke <@%unk/%unk: View.create()>(%58, %AM34$build)
[2026-08-07T15:33:22.725] [ERROR] [1766434] [ArkAnalyzer] - [ViewTreeBuilder] ViewTree->viewComponentCreationParser not found class @%unk/%unk: ParallelizeUI. %62 = staticinvoke <@%unk/%unk: View.create()>(%61, %AM36$build)
[2026-08-07T15:33:22.725] [ERROR] [1766434] [ArkAnalyzer] - [ViewTreeBuilder] ViewTree->viewComponentCreationParser not found class @%unk/%unk: ParallelizeUI. %65 = staticinvoke <@%unk/%unk: View.create()>(%64, %AM38$build)
[2026-08-07T15:33:22.735] [INFO] [1766434] [HomeCheck] - [Message] ===== progress: 80% ======
[2026-08-07T15:33:22.736] [INFO] [1766434] [HomeCheck] - [Message] ===== progress: 80% ======
[2026-08-07T15:33:22.766] [INFO] [1766434] [HomeCheck] - [Message] ===== progress: 100% ======
[2026-08-07T15:33:22.767] [INFO] [1766434] [HomeCheck] - [CheckEntry] 121 issues from checker - @performance/foreach-args-check
[2026-08-07T15:33:22.769] [INFO] [1766434] [HomeCheck] - [Main] Checking completed.
[2026-08-07T15:33:22.769] [INFO] [1766434] [HomeCheck] - [Main] HomeCheck took: 12.795 s.
