[2026-08-07T16:00:17.333] [INFO] [1956309] [HomeCheck] - [ConfigUtils] Checking started.
[2026-08-07T16:00:17.334] [ERROR] [1956309] [HomeCheck] - [FileUtils] Error occurred while reading file list from .: Error: EISDIR: illegal operation on a directory, read
[2026-08-07T16:00:17.712] [INFO] [1956309] [HomeCheck] - [CheckEntry] File count: 267
[2026-08-07T16:00:17.715] [INFO] [1956309] [HomeCheck] - [CheckEntry] Build sceneConfig completed.
[2026-08-07T16:00:28.726] [INFO] [1956309] [HomeCheck] - [CheckEntry] Build scene completed.
[2026-08-07T16:00:29.488] [INFO] [1956309] [HomeCheck] - [CheckEntry] Infer types completed.
[2026-08-07T16:00:29.489] [ERROR] [1956309] [HomeCheck] - [ConfigUtils] Invalid rule name: @performance/hp-arkui-set-cache-count-for-lazyforeach-grid
[2026-08-07T16:00:29.489] [INFO] [1956309] [HomeCheck] - [ConfigUtils] The npmPath:npm
[2026-08-07T16:00:29.489] [INFO] [1956309] [HomeCheck] - [ConfigUtils] The npmInstallDir:/home/zhihao/hdd/haprepair/homecheck
[2026-08-07T16:00:29.494] [INFO] [1956309] [HomeCheck] - [Message] ===== progress: 0% ======
[2026-08-07T16:00:29.494] [INFO] [1956309] [HomeCheck] - [Message] ===== progress: 0% ======
[2026-08-07T16:00:29.575] [INFO] [1956309] [HomeCheck] - [Message] ===== progress: 20% ======
[2026-08-07T16:00:29.576] [INFO] [1956309] [HomeCheck] - [Message] ===== progress: 20% ======
[2026-08-07T16:00:29.577] [INFO] [1956309] [HomeCheck] - [Message] ===== progress: 20% ======
[2026-08-07T16:00:29.625] [INFO] [1956309] [HomeCheck] - [Message] ===== progress: 40% ======
[2026-08-07T16:00:29.626] [INFO] [1956309] [HomeCheck] - [Message] ===== progress: 40% ======
[2026-08-07T16:00:29.656] [INFO] [1956309] [HomeCheck] - [Message] ===== progress: 60% ======
[2026-08-07T16:00:29.656] [INFO] [1956309] [HomeCheck] - [Message] ===== progress: 60% ======
[2026-08-07T16:00:29.656] [INFO] [1956309] [HomeCheck] - [Message] ===== progress: 60% ======
[2026-08-07T16:00:29.659] [INFO] [1956309] [HomeCheck] - [Message] ===== progress: 80% ======
[2026-08-07T16:00:29.659] [INFO] [1956309] [HomeCheck] - [Message] ===== progress: 80% ======
[2026-08-07T16:00:29.659] [INFO] [1956309] [HomeCheck] - [Message] ===== progress: 80% ======
[2026-08-07T16:00:29.664] [INFO] [1956309] [HomeCheck] - [Message] ===== progress: 100% ======
[2026-08-07T16:00:29.665] [INFO] [1956309] [HomeCheck] - [Main] Checking completed.
[2026-08-07T16:00:29.665] [INFO] [1956309] [HomeCheck] - [Main] HomeCheck took: 12.342 s.
