[2026-08-07T15:40:47.065] [INFO] [1813602] [HomeCheck] - [ConfigUtils] Checking started.
[2026-08-07T15:40:47.067] [ERROR] [1813602] [HomeCheck] - [FileUtils] Error occurred while reading file list from .: Error: EISDIR: illegal operation on a directory, read
[2026-08-07T15:40:47.147] [INFO] [1813602] [HomeCheck] - [CheckEntry] File count: 242
[2026-08-07T15:40:47.149] [INFO] [1813602] [HomeCheck] - [CheckEntry] Build sceneConfig completed.
[2026-08-07T15:40:57.616] [INFO] [1813602] [HomeCheck] - [CheckEntry] Build scene completed.
[2026-08-07T15:40:58.622] [INFO] [1813602] [HomeCheck] - [CheckEntry] Infer types completed.
[2026-08-07T15:40:58.624] [INFO] [1813602] [HomeCheck] - [ConfigUtils] The npmPath:npm
[2026-08-07T15:40:58.624] [INFO] [1813602] [HomeCheck] - [ConfigUtils] The npmInstallDir:/home/zhihao/hdd/haprepair/homecheck
[2026-08-07T15:40:58.630] [INFO] [1813602] [HomeCheck] - [Message] ===== progress: 0% ======
[2026-08-07T15:40:58.631] [INFO] [1813602] [HomeCheck] - [Message] ===== progress: 0% ======
[2026-08-07T15:40:58.747] [ERROR] [1813602] [ArkAnalyzer] - [ViewTreeBuilder] ViewTree->viewComponentCreationParser not found class @%unk/%unk: ParallelizeUI. %8 = staticinvoke <@%unk/%unk: View.create()>(%7, %AM0$build)
[2026-08-07T15:40:58.747] [ERROR] [1813602] [ArkAnalyzer] - [ViewTreeBuilder] ViewTree->viewComponentCreationParser not found class @%unk/%unk: ParallelizeUI. %11 = staticinvoke <@%unk/%unk: View.create()>(%10, %AM4$build)
[2026-08-07T15:40:58.747] [ERROR] [1813602] [ArkAnalyzer] - [ViewTreeBuilder] ViewTree->viewComponentCreationParser not found class @%unk/%unk: ParallelizeUI. %14 = staticinvoke <@%unk/%unk: View.create()>(%13, %AM8$build)
[2026-08-07T15:40:58.747] [ERROR] [1813602] [ArkAnalyzer] - [ViewTreeBuilder] ViewTree->viewComponentCreationParser not found class @%unk/%unk: ParallelizeUI. %17 = staticinvoke <@%unk/%unk: View.create()>(%16, %AM12$build)
[2026-08-07T15:40:58.748] [ERROR] [1813602] [ArkAnalyzer] - [ViewTreeBuilder] ViewTree->viewComponentCreationParser not found class @%unk/%unk: ParallelizeUI. %20 = staticinvoke <@%unk/%unk: View.create()>(%19, %AM16$build)
[2026-08-07T15:40:58.748] [ERROR] [1813602] [ArkAnalyzer] - [ViewTreeBuilder] ViewTree->viewComponentCreationParser not found class @%unk/%unk: ParallelizeUI. %23 = staticinvoke <@%unk/%unk: View.create()>(%22, %AM20$build)
[2026-08-07T15:40:58.748] [ERROR] [1813602] [ArkAnalyzer] - [ViewTreeBuilder] ViewTree->viewComponentCreationParser not found class @%unk/%unk: ParallelizeUI. %26 = staticinvoke <@%unk/%unk: View.create()>(%25, %AM24$build)
[2026-08-07T15:40:58.748] [ERROR] [1813602] [ArkAnalyzer] - [ViewTreeBuilder] ViewTree->viewComponentCreationParser not found class @%unk/%unk: ParallelizeUI. %29 = staticinvoke <@%unk/%unk: View.create()>(%28, %AM28$build)
[2026-08-07T15:40:58.748] [ERROR] [1813602] [ArkAnalyzer] - [ViewTreeBuilder] ViewTree->viewComponentCreationParser not found class @%unk/%unk: ParallelizeUI. %32 = staticinvoke <@%unk/%unk: View.create()>(%31, %AM32$build)
[2026-08-07T15:40:58.749] [ERROR] [1813602] [ArkAnalyzer] - [ViewTreeBuilder] ViewTree->viewComponentCreationParser not found class @%unk/%unk: ParallelizeUI. %35 = staticinvoke <@%unk/%unk: View.create()>(%34, %AM36$build)
[2026-08-07T15:40:58.749] [ERROR] [1813602] [ArkAnalyzer] - [ViewTreeBuilder] ViewTree->viewComponentCreationParser not found class @%unk/%unk: ParallelizeUI. %38 = staticinvoke <@%unk/%unk: View.create()>(%37, %AM40$build)
[2026-08-07T15:40:58.749] [ERROR] [1813602] [ArkAnalyzer] - [ViewTreeBuilder] ViewTree->viewComponentCreationParser not found class @%unk/%unk: ParallelizeUI. %41 = staticinvoke <@%unk/%unk: View.create()>(%40, %AM44$build)
[2026-08-07T15:40:58.749] [ERROR] [1813602] [ArkAnalyzer] - [ViewTreeBuilder] ViewTree->viewComponentCreationParser not found class @%unk/%unk: ParallelizeUI. %44 = staticinvoke <@%unk/%unk: View.create()>(%43, %AM48$build)
[2026-08-07T15:40:58.749] [ERROR] [1813602] [ArkAnalyzer] - [ViewTreeBuilder] ViewTree->viewComponentCreationParser not found class @%unk/%unk: ParallelizeUI. %47 = staticinvoke <@%unk/%unk: View.create()>(%46, %AM52$build)
[2026-08-07T15:40:58.749] [ERROR] [1813602] [ArkAnalyzer] - [ViewTreeBuilder] ViewTree->viewComponentCreationParser not found class @%unk/%unk: ParallelizeUI. %50 = staticinvoke <@%unk/%unk: View.create()>(%49, %AM56$build)
[2026-08-07T15:40:58.750] [ERROR] [1813602] [ArkAnalyzer] - [ViewTreeBuilder] ViewTree->viewComponentCreationParser not found class @%unk/%unk: ParallelizeUI. %53 = staticinvoke <@%unk/%unk: View.create()>(%52, %AM60$build)
[2026-08-07T15:40:58.750] [ERROR] [1813602] [ArkAnalyzer] - [ViewTreeBuilder] ViewTree->viewComponentCreationParser not found class @%unk/%unk: ParallelizeUI. %56 = staticinvoke <@%unk/%unk: View.create()>(%55, %AM64$build)
[2026-08-07T15:40:58.750] [ERROR] [1813602] [ArkAnalyzer] - [ViewTreeBuilder] ViewTree->viewComponentCreationParser not found class @%unk/%unk: ParallelizeUI. %59 = staticinvoke <@%unk/%unk: View.create()>(%58, %AM68$build)
[2026-08-07T15:40:58.750] [ERROR] [1813602] [ArkAnalyzer] - [ViewTreeBuilder] ViewTree->viewComponentCreationParser not found class @%unk/%unk: ParallelizeUI. %62 = staticinvoke <@%unk/%unk: View.create()>(%61, %AM72$build)
[2026-08-07T15:40:58.750] [ERROR] [1813602] [ArkAnalyzer] - [ViewTreeBuilder] ViewTree->viewComponentCreationParser not found class @%unk/%unk: ParallelizeUI. %65 = staticinvoke <@%unk/%unk: View.create()>(%64, %AM76$build)
[2026-08-07T15:40:58.788] [ERROR] [1813602] [ArkAnalyzer] - [ViewTreeBuilder] ViewTree->viewComponentCreationParser not found class @%unk/%unk: ParallelizeUI. %8 = staticinvoke <@%unk/%unk: View.create()>(%7, %AM0$build)
[2026-08-07T15:40:58.788] [ERROR] [1813602] [ArkAnalyzer] - [ViewTreeBuilder] ViewTree->viewComponentCreationParser not found class @%unk/%unk: ParallelizeUI. %11 = staticinvoke <@%unk/%unk: View.create()>(%10, %AM2$build)
[2026-08-07T15:40:58.789] [ERROR] [1813602] [ArkAnalyzer] - [ViewTreeBuilder] ViewTree->viewComponentCreationParser not found class @%unk/%unk: ParallelizeUI. %14 = staticinvoke <@%unk/%unk: View.create()>(%13, %AM4$build)
[2026-08-07T15:40:58.789] [ERROR] [1813602] [ArkAnalyzer] - [ViewTreeBuilder] ViewTree->viewComponentCreationParser not found class @%unk/%unk: ParallelizeUI. %17 = staticinvoke <@%unk/%unk: View.create()>(%16, %AM6$build)
[2026-08-07T15:40:58.789] [ERROR] [1813602] [ArkAnalyzer] - [ViewTreeBuilder] ViewTree->viewComponentCreationParser not found class @%unk/%unk: ParallelizeUI. %20 = staticinvoke <@%unk/%unk: View.create()>(%19, %AM8$build)
[2026-08-07T15:40:58.789] [ERROR] [1813602] [ArkAnalyzer] - [ViewTreeBuilder] ViewTree->viewComponentCreationParser not found class @%unk/%unk: ParallelizeUI. %23 = staticinvoke <@%unk/%unk: View.create()>(%22, %AM10$build)
[2026-08-07T15:40:58.789] [ERROR] [1813602] [ArkAnalyzer] - [ViewTreeBuilder] ViewTree->viewComponentCreationParser not found class @%unk/%unk: ParallelizeUI. %26 = staticinvoke <@%unk/%unk: View.create()>(%25, %AM12$build)
[2026-08-07T15:40:58.789] [ERROR] [1813602] [ArkAnalyzer] - [ViewTreeBuilder] ViewTree->viewComponentCreationParser not found class @%unk/%unk: ParallelizeUI. %29 = staticinvoke <@%unk/%unk: View.create()>(%28, %AM14$build)
[2026-08-07T15:40:58.789] [ERROR] [1813602] [ArkAnalyzer] - [ViewTreeBuilder] ViewTree->viewComponentCreationParser not found class @%unk/%unk: ParallelizeUI. %32 = staticinvoke <@%unk/%unk: View.create()>(%31, %AM16$build)
[2026-08-07T15:40:58.790] [ERROR] [1813602] [ArkAnalyzer] - [ViewTreeBuilder] ViewTree->viewComponentCreationParser not found class @%unk/%unk: ParallelizeUI. %35 = staticinvoke <@%unk/%unk: View.create()>(%34, %AM18$build)
[2026-08-07T15:40:58.790] [ERROR] [1813602] [ArkAnalyzer] - [ViewTreeBuilder] ViewTree->viewComponentCreationParser not found class @%unk/%unk: ParallelizeUI. %38 = staticinvoke <@%unk/%unk: View.create()>(%37, %AM20$build)
[2026-08-07T15:40:58.790] [ERROR] [1813602] [ArkAnalyzer] - [ViewTreeBuilder] ViewTree->viewComponentCreationParser not found class @%unk/%unk: ParallelizeUI. %41 = staticinvoke <@%unk/%unk: View.create()>(%40, %AM22$build)
[2026-08-07T15:40:58.790] [ERROR] [1813602] [ArkAnalyzer] - [ViewTreeBuilder] ViewTree->viewComponentCreationParser not found class @%unk/%unk: ParallelizeUI. %44 = staticinvoke <@%unk/%unk: View.create()>(%43, %AM24$build)
[2026-08-07T15:40:58.790] [ERROR] [1813602] [ArkAnalyzer] - [ViewTreeBuilder] ViewTree->viewComponentCreationParser not found class @%unk/%unk: ParallelizeUI. %47 = staticinvoke <@%unk/%unk: View.create()>(%46, %AM26$build)
[2026-08-07T15:40:58.790] [ERROR] [1813602] [ArkAnalyzer] - [ViewTreeBuilder] ViewTree->viewComponentCreationParser not found class @%unk/%unk: ParallelizeUI. %50 = staticinvoke <@%unk/%unk: View.create()>(%49, %AM28$build)
[2026-08-07T15:40:58.790] [ERROR] [1813602] [ArkAnalyzer] - [ViewTreeBuilder] ViewTree->viewComponentCreationParser not found class @%unk/%unk: ParallelizeUI. %53 = staticinvoke <@%unk/%unk: View.create()>(%52, %AM30$build)
[2026-08-07T15:40:58.790] [ERROR] [1813602] [ArkAnalyzer] - [ViewTreeBuilder] ViewTree->viewComponentCreationParser not found class @%unk/%unk: ParallelizeUI. %56 = staticinvoke <@%unk/%unk: View.create()>(%55, %AM32$build)
[2026-08-07T15:40:58.791] [ERROR] [1813602] [ArkAnalyzer] - [ViewTreeBuilder] ViewTree->viewComponentCreationParser not found class @%unk/%unk: ParallelizeUI. %59 = staticinvoke <@%unk/%unk: View.create()>(%58, %AM34$build)
[2026-08-07T15:40:58.791] [ERROR] [1813602] [ArkAnalyzer] - [ViewTreeBuilder] ViewTree->viewComponentCreationParser not found class @%unk/%unk: ParallelizeUI. %62 = staticinvoke <@%unk/%unk: View.create()>(%61, %AM36$build)
[2026-08-07T15:40:58.791] [ERROR] [1813602] [ArkAnalyzer] - [ViewTreeBuilder] ViewTree->viewComponentCreationParser not found class @%unk/%unk: ParallelizeUI. %65 = staticinvoke <@%unk/%unk: View.create()>(%64, %AM38$build)
[2026-08-07T15:40:58.818] [INFO] [1813602] [HomeCheck] - [Message] ===== progress: 20% ======
[2026-08-07T15:40:58.822] [INFO] [1813602] [HomeCheck] - [Message] ===== progress: 20% ======
[2026-08-07T15:40:58.822] [INFO] [1813602] [HomeCheck] - [Message] ===== progress: 20% ======
[2026-08-07T15:40:58.900] [INFO] [1813602] [HomeCheck] - [Message] ===== progress: 40% ======
[2026-08-07T15:40:58.903] [INFO] [1813602] [HomeCheck] - [Message] ===== progress: 40% ======
[2026-08-07T15:40:58.933] [ERROR] [1813602] [ArkAnalyzer] - [ViewTreeBuilder] ViewTree->viewComponentCreationParser not found class @%unk/%unk: ParallelizeUI. %8 = staticinvoke <@%unk/%unk: View.create()>(%7, %AM0$build)
[2026-08-07T15:40:58.933] [ERROR] [1813602] [ArkAnalyzer] - [ViewTreeBuilder] ViewTree->viewComponentCreationParser not found class @%unk/%unk: ParallelizeUI. %11 = staticinvoke <@%unk/%unk: View.create()>(%10, %AM2$build)
[2026-08-07T15:40:58.933] [ERROR] [1813602] [ArkAnalyzer] - [ViewTreeBuilder] ViewTree->viewComponentCreationParser not found class @%unk/%unk: ParallelizeUI. %14 = staticinvoke <@%unk/%unk: View.create()>(%13, %AM4$build)
[2026-08-07T15:40:58.933] [ERROR] [1813602] [ArkAnalyzer] - [ViewTreeBuilder] ViewTree->viewComponentCreationParser not found class @%unk/%unk: ParallelizeUI. %17 = staticinvoke <@%unk/%unk: View.create()>(%16, %AM6$build)
[2026-08-07T15:40:58.933] [ERROR] [1813602] [ArkAnalyzer] - [ViewTreeBuilder] ViewTree->viewComponentCreationParser not found class @%unk/%unk: ParallelizeUI. %20 = staticinvoke <@%unk/%unk: View.create()>(%19, %AM8$build)
[2026-08-07T15:40:58.934] [ERROR] [1813602] [ArkAnalyzer] - [ViewTreeBuilder] ViewTree->viewComponentCreationParser not found class @%unk/%unk: ParallelizeUI. %23 = staticinvoke <@%unk/%unk: View.create()>(%22, %AM10$build)
[2026-08-07T15:40:58.934] [ERROR] [1813602] [ArkAnalyzer] - [ViewTreeBuilder] ViewTree->viewComponentCreationParser not found class @%unk/%unk: ParallelizeUI. %26 = staticinvoke <@%unk/%unk: View.create()>(%25, %AM12$build)
[2026-08-07T15:40:58.934] [ERROR] [1813602] [ArkAnalyzer] - [ViewTreeBuilder] ViewTree->viewComponentCreationParser not found class @%unk/%unk: ParallelizeUI. %29 = staticinvoke <@%unk/%unk: View.create()>(%28, %AM14$build)
[2026-08-07T15:40:58.934] [ERROR] [1813602] [ArkAnalyzer] - [ViewTreeBuilder] ViewTree->viewComponentCreationParser not found class @%unk/%unk: ParallelizeUI. %32 = staticinvoke <@%unk/%unk: View.create()>(%31, %AM16$build)
[2026-08-07T15:40:58.934] [ERROR] [1813602] [ArkAnalyzer] - [ViewTreeBuilder] ViewTree->viewComponentCreationParser not found class @%unk/%unk: ParallelizeUI. %35 = staticinvoke <@%unk/%unk: View.create()>(%34, %AM18$build)
[2026-08-07T15:40:58.934] [ERROR] [1813602] [ArkAnalyzer] - [ViewTreeBuilder] ViewTree->viewComponentCreationParser not found class @%unk/%unk: ParallelizeUI. %38 = staticinvoke <@%unk/%unk: View.create()>(%37, %AM20$build)
[2026-08-07T15:40:58.934] [ERROR] [1813602] [ArkAnalyzer] - [ViewTreeBuilder] ViewTree->viewComponentCreationParser not found class @%unk/%unk: ParallelizeUI. %41 = staticinvoke <@%unk/%unk: View.create()>(%40, %AM22$build)
[2026-08-07T15:40:58.934] [ERROR] [1813602] [ArkAnalyzer] - [ViewTreeBuilder] ViewTree->viewComponentCreationParser not found class @%unk/%unk: ParallelizeUI. %44 = staticinvoke <@%unk/%unk: View.create()>(%43, %AM24$build)
[2026-08-07T15:40:58.935] [ERROR] [1813602] [ArkAnalyzer] - [ViewTreeBuilder] ViewTree->viewComponentCreationParser not found class @%unk/%unk: ParallelizeUI. %47 = staticinvoke <@%unk/%unk: View.create()>(%46, %AM26$build)
[2026-08-07T15:40:58.935] [ERROR] [1813602] [ArkAnalyzer] - [ViewTreeBuilder] ViewTree->viewComponentCreationParser not found class @%unk/%unk: ParallelizeUI. %50 = staticinvoke <@%unk/%unk: View.create()>(%49, %AM28$build)
[2026-08-07T15:40:58.935] [ERROR] [1813602] [ArkAnalyzer] - [ViewTreeBuilder] ViewTree->viewComponentCreationParser not found class @%unk/%unk: ParallelizeUI. %53 = staticinvoke <@%unk/%unk: View.create()>(%52, %AM30$build)
[2026-08-07T15:40:58.935] [ERROR] [1813602] [ArkAnalyzer] - [ViewTreeBuilder] ViewTree->viewComponentCreationParser not found class @%unk/%unk: ParallelizeUI. %56 = staticinvoke <@%unk/%unk: View.create()>(%55, %AM32$build)
[2026-08-07T15:40:58.935] [ERROR] [1813602] [ArkAnalyzer] - [ViewTreeBuilder] ViewTree->viewComponentCreationParser not found class @%unk/%unk: ParallelizeUI. %59 = staticinvoke <@%unk/%unk: View.create()>(%58, %AM34$build)
[2026-08-07T15:40:58.935] [ERROR] [1813602] [ArkAnalyzer] - [ViewTreeBuilder] ViewTree->viewComponentCreationParser not found class @%unk/%unk: ParallelizeUI. %62 = staticinvoke <@%unk/%unk: View.create()>(%61, %AM36$build)
[2026-08-07T15:40:58.935] [ERROR] [1813602] [ArkAnalyzer] - [ViewTreeBuilder] ViewTree->viewComponentCreationParser not found class @%unk/%unk: ParallelizeUI. %65 = staticinvoke <@%unk/%unk: View.create()>(%64, %AM38$build)
[2026-08-07T15:40:58.981] [ERROR] [1813602] [ArkAnalyzer] - [ViewTreeBuilder] ViewTree->viewComponentCreationParser not found class @%unk/%unk: ParallelizeUI. %8 = staticinvoke <@%unk/%unk: View.create()>(%7, %AM0$build)
[2026-08-07T15:40:58.981] [ERROR] [1813602] [ArkAnalyzer] - [ViewTreeBuilder] ViewTree->viewComponentCreationParser not found class @%unk/%unk: ParallelizeUI. %11 = staticinvoke <@%unk/%unk: View.create()>(%10, %AM2$build)
[2026-08-07T15:40:58.981] [ERROR] [1813602] [ArkAnalyzer] - [ViewTreeBuilder] ViewTree->viewComponentCreationParser not found class @%unk/%unk: ParallelizeUI. %14 = staticinvoke <@%unk/%unk: View.create()>(%13, %AM4$build)
[2026-08-07T15:40:58.981] [ERROR] [1813602] [ArkAnalyzer] - [ViewTreeBuilder] ViewTree->viewComponentCreationParser not found class @%unk/%unk: ParallelizeUI. %17 = staticinvoke <@%unk/%unk: View.create()>(%16, %AM6$build)
[2026-08-07T15:40:58.981] [ERROR] [1813602] [ArkAnalyzer] - [ViewTreeBuilder] ViewTree->viewComponentCreationParser not found class @%unk/%unk: ParallelizeUI. %20 = staticinvoke <@%unk/%unk: View.create()>(%19, %AM8$build)
[2026-08-07T15:40:58.981] [ERROR] [1813602] [ArkAnalyzer] - [ViewTreeBuilder] ViewTree->viewComponentCreationParser not found class @%unk/%unk: ParallelizeUI. %23 = staticinvoke <@%unk/%unk: View.create()>(%22, %AM10$build)
[2026-08-07T15:40:58.982] [ERROR] [1813602] [ArkAnalyzer] - [ViewTreeBuilder] ViewTree->viewComponentCreationParser not found class @%unk/%unk: ParallelizeUI. %26 = staticinvoke <@%unk/%unk: View.create()>(%25, %AM12$build)
[2026-08-07T15:40:58.982] [ERROR] [1813602] [ArkAnalyzer] - [ViewTreeBuilder] ViewTree->viewComponentCreationParser not found class @%unk/%unk: ParallelizeUI. %29 = staticinvoke <@%unk/%unk: View.create()>(%28, %AM14$build)
[2026-08-07T15:40:58.982] [ERROR] [1813602] [ArkAnalyzer] - [ViewTreeBuilder] ViewTree->viewComponentCreationParser not found class @%unk/%unk: ParallelizeUI. %32 = staticinvoke <@%unk/%unk: View.create()>(%31, %AM16$build)
[2026-08-07T15:40:58.982] [ERROR] [1813602] [ArkAnalyzer] - [ViewTreeBuilder] ViewTree->viewComponentCreationParser not found class @%unk/%unk: ParallelizeUI. %35 = staticinvoke <@%unk/%unk: View.create()>(%34, %AM18$build)
[2026-08-07T15:40:58.982] [ERROR] [1813602] [ArkAnalyzer] - [ViewTreeBuilder] ViewTree->viewComponentCreationParser not found class @%unk/%unk: ParallelizeUI. %38 = staticinvoke <@%unk/%unk: View.create()>(%37, %AM20$build)
[2026-08-07T15:40:58.982] [ERROR] [1813602] [ArkAnalyzer] - [ViewTreeBuilder] ViewTree->viewComponentCreationParser not found class @%unk/%unk: ParallelizeUI. %41 = staticinvoke <@%unk/%unk: View.create()>(%40, %AM22$build)
[2026-08-07T15:40:58.982] [ERROR] [1813602] [ArkAnalyzer] - [ViewTreeBuilder] ViewTree->viewComponentCreationParser not found class @%unk/%unk: ParallelizeUI. %44 = staticinvoke <@%unk/%unk: View.create()>(%43, %AM24$build)
[2026-08-07T15:40:58.982] [ERROR] [1813602] [ArkAnalyzer] - [ViewTreeBuilder] ViewTree->viewComponentCreationParser not found class @%unk/%unk: ParallelizeUI. %47 = staticinvoke <@%unk/%unk: View.create()>(%46, %AM26$build)
[2026-08-07T15:40:58.982] [ERROR] [1813602] [ArkAnalyzer] - [ViewTreeBuilder] ViewTree->viewComponentCreationParser not found class @%unk/%unk: ParallelizeUI. %50 = staticinvoke <@%unk/%unk: View.create()>(%49, %AM28$build)
[2026-08-07T15:40:58.983] [ERROR] [1813602] [ArkAnalyzer] - [ViewTreeBuilder] ViewTree->viewComponentCreationParser not found class @%unk/%unk: ParallelizeUI. %53 = staticinvoke <@%unk/%unk: View.create()>(%52, %AM30$build)
[2026-08-07T15:40:58.983] [ERROR] [1813602] [ArkAnalyzer] - [ViewTreeBuilder] ViewTree->viewComponentCreationParser not found class @%unk/%unk: ParallelizeUI. %56 = staticinvoke <@%unk/%unk: View.create()>(%55, %AM32$build)
[2026-08-07T15:40:58.983] [ERROR] [1813602] [ArkAnalyzer] - [ViewTreeBuilder] ViewTree->viewComponentCreationParser not found class @%unk/%unk: ParallelizeUI. %59 = staticinvoke <@%unk/%unk: View.create()>(%58, %AM34$build)
[2026-08-07T15:40:58.983] [ERROR] [1813602] [ArkAnalyzer] - [ViewTreeBuilder] ViewTree->viewComponentCreationParser not found class @%unk/%unk: ParallelizeUI. %62 = staticinvoke <@%unk/%unk: View.create()>(%61, %AM36$build)
[2026-08-07T15:40:58.983] [ERROR] [1813602] [ArkAnalyzer] - [ViewTreeBuilder] ViewTree->viewComponentCreationParser not found class @%unk/%unk: ParallelizeUI. %65 = staticinvoke <@%unk/%unk: View.create()>(%64, %AM38$build)
[2026-08-07T15:40:59.027] [INFO] [1813602] [HomeCheck] - [Message] ===== progress: 60% ======
[2026-08-07T15:40:59.028] [INFO] [1813602] [HomeCheck] - [Message] ===== progress: 60% ======
[2026-08-07T15:40:59.030] [INFO] [1813602] [HomeCheck] - [Message] ===== progress: 60% ======
[2026-08-07T15:40:59.035] [ERROR] [1813602] [ArkAnalyzer] - [ViewTreeBuilder] ViewTree->viewComponentCreationParser not found class @%unk/%unk: ParallelizeUI. %8 = staticinvoke <@%unk/%unk: View.create()>(%7, %AM0$build)
[2026-08-07T15:40:59.035] [ERROR] [1813602] [ArkAnalyzer] - [ViewTreeBuilder] ViewTree->viewComponentCreationParser not found class @%unk/%unk: ParallelizeUI. %11 = staticinvoke <@%unk/%unk: View.create()>(%10, %AM3$build)
[2026-08-07T15:40:59.035] [ERROR] [1813602] [ArkAnalyzer] - [ViewTreeBuilder] ViewTree->viewComponentCreationParser not found class @%unk/%unk: ParallelizeUI. %14 = staticinvoke <@%unk/%unk: View.create()>(%13, %AM5$build)
[2026-08-07T15:40:59.035] [ERROR] [1813602] [ArkAnalyzer] - [ViewTreeBuilder] ViewTree->viewComponentCreationParser not found class @%unk/%unk: ParallelizeUI. %17 = staticinvoke <@%unk/%unk: View.create()>(%16, %AM8$build)
[2026-08-07T15:40:59.035] [ERROR] [1813602] [ArkAnalyzer] - [ViewTreeBuilder] ViewTree->viewComponentCreationParser not found class @%unk/%unk: ParallelizeUI. %20 = staticinvoke <@%unk/%unk: View.create()>(%19, %AM10$build)
[2026-08-07T15:40:59.036] [ERROR] [1813602] [ArkAnalyzer] - [ViewTreeBuilder] ViewTree->viewComponentCreationParser not found class @%unk/%unk: ParallelizeUI. %23 = staticinvoke <@%unk/%unk: View.create()>(%22, %AM12$build)
[2026-08-07T15:40:59.036] [ERROR] [1813602] [ArkAnalyzer] - [ViewTreeBuilder] ViewTree->viewComponentCreationParser not found class @%unk/%unk: ParallelizeUI. %26 = staticinvoke <@%unk/%unk: View.create()>(%25, %AM14$build)
[2026-08-07T15:40:59.036] [ERROR] [1813602] [ArkAnalyzer] - [ViewTreeBuilder] ViewTree->viewComponentCreationParser not found class @%unk/%unk: ParallelizeUI. %29 = staticinvoke <@%unk/%unk: View.create()>(%28, %AM16$build)
[2026-08-07T15:40:59.036] [ERROR] [1813602] [ArkAnalyzer] - [ViewTreeBuilder] ViewTree->viewComponentCreationParser not found class @%unk/%unk: ParallelizeUI. %32 = staticinvoke <@%unk/%unk: View.create()>(%31, %AM18$build)
[2026-08-07T15:40:59.036] [ERROR] [1813602] [ArkAnalyzer] - [ViewTreeBuilder] ViewTree->viewComponentCreationParser not found class @%unk/%unk: ParallelizeUI. %35 = staticinvoke <@%unk/%unk: View.create()>(%34, %AM20$build)
[2026-08-07T15:40:59.036] [ERROR] [1813602] [ArkAnalyzer] - [ViewTreeBuilder] ViewTree->viewComponentCreationParser not found class @%unk/%unk: ParallelizeUI. %38 = staticinvoke <@%unk/%unk: View.create()>(%37, %AM22$build)
[2026-08-07T15:40:59.036] [ERROR] [1813602] [ArkAnalyzer] - [ViewTreeBuilder] ViewTree->viewComponentCreationParser not found class @%unk/%unk: ParallelizeUI. %41 = staticinvoke <@%unk/%unk: View.create()>(%40, %AM24$build)
[2026-08-07T15:40:59.036] [ERROR] [1813602] [ArkAnalyzer] - [ViewTreeBuilder] ViewTree->viewComponentCreationParser not found class @%unk/%unk: ParallelizeUI. %44 = staticinvoke <@%unk/%unk: View.create()>(%43, %AM26$build)
[2026-08-07T15:40:59.037] [ERROR] [1813602] [ArkAnalyzer] - [ViewTreeBuilder] ViewTree->viewComponentCreationParser not found class @%unk/%unk: ParallelizeUI. %47 = staticinvoke <@%unk/%unk: View.create()>(%46, %AM28$build)
[2026-08-07T15:40:59.037] [ERROR] [1813602] [ArkAnalyzer] - [ViewTreeBuilder] ViewTree->viewComponentCreationParser not found class @%unk/%unk: ParallelizeUI. %50 = staticinvoke <@%unk/%unk: View.create()>(%49, %AM30$build)
[2026-08-07T15:40:59.037] [ERROR] [1813602] [ArkAnalyzer] - [ViewTreeBuilder] ViewTree->viewComponentCreationParser not found class @%unk/%unk: ParallelizeUI. %53 = staticinvoke <@%unk/%unk: View.create()>(%52, %AM32$build)
[2026-08-07T15:40:59.037] [ERROR] [1813602] [ArkAnalyzer] - [ViewTreeBuilder] ViewTree->viewComponentCreationParser not found class @%unk/%unk: ParallelizeUI. %56 = staticinvoke <@%unk/%unk: View.create()>(%55, %AM34$build)
[2026-08-07T15:40:59.037] [ERROR] [1813602] [ArkAnalyzer] - [ViewTreeBuilder] ViewTree->viewComponentCreationParser not found class @%unk/%unk: ParallelizeUI. %59 = staticinvoke <@%unk/%unk: View.create()>(%58, %AM36$build)
[2026-08-07T15:40:59.037] [ERROR] [1813602] [ArkAnalyzer] - [ViewTreeBuilder] ViewTree->viewComponentCreationParser not found class @%unk/%unk: ParallelizeUI. %62 = staticinvoke <@%unk/%unk: View.create()>(%61, %AM38$build)
[2026-08-07T15:40:59.037] [ERROR] [1813602] [ArkAnalyzer] - [ViewTreeBuilder] ViewTree->viewComponentCreationParser not found class @%unk/%unk: ParallelizeUI. %65 = staticinvoke <@%unk/%unk: View.create()>(%64, %AM40$build)
[2026-08-07T15:40:59.037] [ERROR] [1813602] [ArkAnalyzer] - [ViewTreeBuilder] ViewTree->viewComponentCreationParser not found class @%unk/%unk: ParallelizeUI. %68 = staticinvoke <@%unk/%unk: View.create()>(%67, %AM42$build)
[2026-08-07T15:40:59.104] [ERROR] [1813602] [ArkAnalyzer] - [ViewTreeBuilder] ViewTree->viewComponentCreationParser not found class @%unk/%unk: ParallelizeUI. %8 = staticinvoke <@%unk/%unk: View.create()>(%7, %AM0$build)
[2026-08-07T15:40:59.104] [ERROR] [1813602] [ArkAnalyzer] - [ViewTreeBuilder] ViewTree->viewComponentCreationParser not found class @%unk/%unk: ParallelizeUI. %11 = staticinvoke <@%unk/%unk: View.create()>(%10, %AM2$build)
[2026-08-07T15:40:59.105] [ERROR] [1813602] [ArkAnalyzer] - [ViewTreeBuilder] ViewTree->viewComponentCreationParser not found class @%unk/%unk: ParallelizeUI. %14 = staticinvoke <@%unk/%unk: View.create()>(%13, %AM4$build)
[2026-08-07T15:40:59.105] [ERROR] [1813602] [ArkAnalyzer] - [ViewTreeBuilder] ViewTree->viewComponentCreationParser not found class @%unk/%unk: ParallelizeUI. %17 = staticinvoke <@%unk/%unk: View.create()>(%16, %AM6$build)
[2026-08-07T15:40:59.105] [ERROR] [1813602] [ArkAnalyzer] - [ViewTreeBuilder] ViewTree->viewComponentCreationParser not found class @%unk/%unk: ParallelizeUI. %20 = staticinvoke <@%unk/%unk: View.create()>(%19, %AM8$build)
[2026-08-07T15:40:59.105] [ERROR] [1813602] [ArkAnalyzer] - [ViewTreeBuilder] ViewTree->viewComponentCreationParser not found class @%unk/%unk: ParallelizeUI. %23 = staticinvoke <@%unk/%unk: View.create()>(%22, %AM10$build)
[2026-08-07T15:40:59.105] [ERROR] [1813602] [ArkAnalyzer] - [ViewTreeBuilder] ViewTree->viewComponentCreationParser not found class @%unk/%unk: ParallelizeUI. %26 = staticinvoke <@%unk/%unk: View.create()>(%25, %AM12$build)
[2026-08-07T15:40:59.105] [ERROR] [1813602] [ArkAnalyzer] - [ViewTreeBuilder] ViewTree->viewComponentCreationParser not found class @%unk/%unk: ParallelizeUI. %29 = staticinvoke <@%unk/%unk: View.create()>(%28, %AM14$build)
[2026-08-07T15:40:59.105] [ERROR] [1813602] [ArkAnalyzer] - [ViewTreeBuilder] ViewTree->viewComponentCreationParser not found class @%unk/%unk: ParallelizeUI. %32 = staticinvoke <@%unk/%unk: View.create()>(%31, %AM16$build)
[2026-08-07T15:40:59.105] [ERROR] [1813602] [ArkAnalyzer] - [ViewTreeBuilder] ViewTree->viewComponentCreationParser not found class @%unk/%unk: ParallelizeUI. %35 = staticinvoke <@%unk/%unk: View.create()>(%34, %AM18$build)
[2026-08-07T15:40:59.106] [ERROR] [1813602] [ArkAnalyzer] - [ViewTreeBuilder] ViewTree->viewComponentCreationParser not found class @%unk/%unk: ParallelizeUI. %38 = staticinvoke <@%unk/%unk: View.create()>(%37, %AM20$build)
[2026-08-07T15:40:59.106] [ERROR] [1813602] [ArkAnalyzer] - [ViewTreeBuilder] ViewTree->viewComponentCreationParser not found class @%unk/%unk: ParallelizeUI. %41 = staticinvoke <@%unk/%unk: View.create()>(%40, %AM22$build)
[2026-08-07T15:40:59.106] [ERROR] [1813602] [ArkAnalyzer] - [ViewTreeBuilder] ViewTree->viewComponentCreationParser not found class @%unk/%unk: ParallelizeUI. %44 = staticinvoke <@%unk/%unk: View.create()>(%43, %AM24$build)
[2026-08-07T15:40:59.106] [ERROR] [1813602] [ArkAnalyzer] - [ViewTreeBuilder] ViewTree->viewComponentCreationParser not found class @%unk/%unk: ParallelizeUI. %47 = staticinvoke <@%unk/%unk: View.create()>(%46, %AM26$build)
[2026-08-07T15:40:59.106] [ERROR] [1813602] [ArkAnalyzer] - [ViewTreeBuilder] ViewTree->viewComponentCreationParser not found class @%unk/%unk: ParallelizeUI. %50 = staticinvoke <@%unk/%unk: View.create()>(%49, %AM28$build)
[2026-08-07T15:40:59.106] [ERROR] [1813602] [ArkAnalyzer] - [ViewTreeBuilder] ViewTree->viewComponentCreationParser not found class @%unk/%unk: ParallelizeUI. %53 = staticinvoke <@%unk/%unk: View.create()>(%52, %AM30$build)
[2026-08-07T15:40:59.106] [ERROR] [1813602] [ArkAnalyzer] - [ViewTreeBuilder] ViewTree->viewComponentCreationParser not found class @%unk/%unk: ParallelizeUI. %56 = staticinvoke <@%unk/%unk: View.create()>(%55, %AM32$build)
[2026-08-07T15:40:59.106] [ERROR] [1813602] [ArkAnalyzer] - [ViewTreeBuilder] ViewTree->viewComponentCreationParser not found class @%unk/%unk: ParallelizeUI. %59 = staticinvoke <@%unk/%unk: View.create()>(%58, %AM34$build)
[2026-08-07T15:40:59.107] [ERROR] [1813602] [ArkAnalyzer] - [ViewTreeBuilder] ViewTree->viewComponentCreationParser not found class @%unk/%unk: ParallelizeUI. %62 = staticinvoke <@%unk/%unk: View.create()>(%61, %AM36$build)
[2026-08-07T15:40:59.107] [ERROR] [1813602] [ArkAnalyzer] - [ViewTreeBuilder] ViewTree->viewComponentCreationParser not found class @%unk/%unk: ParallelizeUI. %65 = staticinvoke <@%unk/%unk: View.create()>(%64, %AM38$build)
[2026-08-07T15:40:59.118] [INFO] [1813602] [HomeCheck] - [Message] ===== progress: 80% ======
[2026-08-07T15:40:59.119] [INFO] [1813602] [HomeCheck] - [Message] ===== progress: 80% ======
[2026-08-07T15:40:59.149] [INFO] [1813602] [HomeCheck] - [Message] ===== progress: 100% ======
[2026-08-07T15:40:59.149] [INFO] [1813602] [HomeCheck] - [CheckEntry] 121 issues from checker - @performance/foreach-args-check
[2026-08-07T15:40:59.151] [INFO] [1813602] [HomeCheck] - [Main] Checking completed.
[2026-08-07T15:40:59.151] [INFO] [1813602] [HomeCheck] - [Main] HomeCheck took: 12.096 s.
