[2026-08-07T15:59:24.986] [INFO] [1950598] [HomeCheck] - [ConfigUtils] Checking started.
[2026-08-07T15:59:24.987] [ERROR] [1950598] [HomeCheck] - [FileUtils] Error occurred while reading file list from .: Error: EISDIR: illegal operation on a directory, read
[2026-08-07T15:59:25.111] [INFO] [1950598] [HomeCheck] - [CheckEntry] File count: 343
[2026-08-07T15:59:25.114] [INFO] [1950598] [HomeCheck] - [CheckEntry] Build sceneConfig completed.
[2026-08-07T15:59:35.552] [ERROR] [1950598] [ArkAnalyzer] - [Scene] Error building body: MethodSignature {
  declaringClassSignature: ClassSignature {
    className: 'svgExample016',
    declaringFileSignature: FileSignature {
      projectName: 'Image',
      fileName: 'entry/src/main/ets/pages/SVG/svgExample016.ets',
      hashcode: -1002431856
    },
    declaringNamespaceSignature: null
  },
  methodSubSignature: MethodSubSignature {
    methodName: 'build',
    parameters: [],
    returnType: UnknownType {},
    staticFlag: false
  }
} TypeError: Cannot read properties of undefined (reading 'length')
    at cloneText (/home/zhihao/hdd/haprepair/homecheck/node_modules/arkanalyzer/lib/core/common/StringUtils.js:24:17)
    at ArkValueTransformer.etsComponentExpressionToValueAndStmts (/home/zhihao/hdd/haprepair/homecheck/node_modules/arkanalyzer/lib/core/common/ArkValueTransformer.js:438:59)
    at ArkValueTransformer.tsNodeToValueAndStmts (/home/zhihao/hdd/haprepair/homecheck/node_modules/arkanalyzer/lib/core/common/ArkValueTransformer.js:180:25)
    at ArkValueTransformer.tsNodeToSingleAddressValueAndStmts (/home/zhihao/hdd/haprepair/homecheck/node_modules/arkanalyzer/lib/core/common/ArkValueTransformer.js:205:63)
    at ArkValueTransformer.parseArguments (/home/zhihao/hdd/haprepair/homecheck/node_modules/arkanalyzer/lib/core/common/ArkValueTransformer.js:845:110)
    at ArkValueTransformer.parseArgumentsOfCallExpression (/home/zhihao/hdd/haprepair/homecheck/node_modules/arkanalyzer/lib/core/common/ArkValueTransformer.js:828:64)
    at ArkValueTransformer.callExpressionToValueAndStmts (/home/zhihao/hdd/haprepair/homecheck/node_modules/arkanalyzer/lib/core/common/ArkValueTransformer.js:701:28)
    at ArkValueTransformer.tsNodeToValueAndStmts (/home/zhihao/hdd/haprepair/homecheck/node_modules/arkanalyzer/lib/core/common/ArkValueTransformer.js:111:25)
    at ArkIRTransformer.tsNodeToValueAndStmts (/home/zhihao/hdd/haprepair/homecheck/node_modules/arkanalyzer/lib/core/common/ArkIRTransformer.js:176:41)
    at ArkIRTransformer.expressionStatementToStmts (/home/zhihao/hdd/haprepair/homecheck/node_modules/arkanalyzer/lib/core/common/ArkIRTransformer.js:332:96)
[2026-08-07T15:59:36.088] [ERROR] [1950598] [ArkAnalyzer] - [Scene] Error building body: MethodSignature {
  declaringClassSignature: ClassSignature {
    className: 'ListItemSwipeDemo',
    declaringFileSignature: FileSignature {
      projectName: 'Image',
      fileName: 'entry/src/main/ets/pages/example/ImageComprehensiveTest003.ets',
      hashcode: -86008177
    },
    declaringNamespaceSignature: null
  },
  methodSubSignature: MethodSubSignature {
    methodName: 'build',
    parameters: [],
    returnType: UnknownType {},
    staticFlag: false
  }
} TypeError: Cannot read properties of undefined (reading 'length')
    at cloneText (/home/zhihao/hdd/haprepair/homecheck/node_modules/arkanalyzer/lib/core/common/StringUtils.js:24:17)
    at ArkValueTransformer.etsComponentExpressionToValueAndStmts (/home/zhihao/hdd/haprepair/homecheck/node_modules/arkanalyzer/lib/core/common/ArkValueTransformer.js:438:59)
    at ArkValueTransformer.tsNodeToValueAndStmts (/home/zhihao/hdd/haprepair/homecheck/node_modules/arkanalyzer/lib/core/common/ArkValueTransformer.js:180:25)
    at ArkIRTransformer.tsNodeToValueAndStmts (/home/zhihao/hdd/haprepair/homecheck/node_modules/arkanalyzer/lib/core/common/ArkIRTransformer.js:176:41)
    at ArkIRTransformer.expressionStatementToStmts (/home/zhihao/hdd/haprepair/homecheck/node_modules/arkanalyzer/lib/core/common/ArkIRTransformer.js:332:96)
    at ArkIRTransformer.tsNodeToStmts (/home/zhihao/hdd/haprepair/homecheck/node_modules/arkanalyzer/lib/core/common/ArkIRTransformer.js:116:26)
    at CfgBuilder.processBlocks (/home/zhihao/hdd/haprepair/homecheck/node_modules/arkanalyzer/lib/core/graph/builder/CfgBuilder.js:1227:38)
    at CfgBuilder.buildNormalCfg (/home/zhihao/hdd/haprepair/homecheck/node_modules/arkanalyzer/lib/core/graph/builder/CfgBuilder.js:1107:139)
    at CfgBuilder.buildCfg (/home/zhihao/hdd/haprepair/homecheck/node_modules/arkanalyzer/lib/core/graph/builder/CfgBuilder.js:1065:21)
    at BodyBuilder.build (/home/zhihao/hdd/haprepair/homecheck/node_modules/arkanalyzer/lib/core/model/builder/BodyBuilder.js:36:83)
[2026-08-07T15:59:37.200] [INFO] [1950598] [HomeCheck] - [CheckEntry] Build scene completed.
[2026-08-07T15:59:39.179] [INFO] [1950598] [HomeCheck] - [CheckEntry] Infer types completed.
[2026-08-07T15:59:39.181] [INFO] [1950598] [HomeCheck] - [ConfigUtils] The npmPath:npm
[2026-08-07T15:59:39.181] [INFO] [1950598] [HomeCheck] - [ConfigUtils] The npmInstallDir:/home/zhihao/hdd/haprepair/homecheck
[2026-08-07T15:59:39.198] [INFO] [1950598] [HomeCheck] - [Message] ===== progress: 0% ======
[2026-08-07T15:59:39.217] [INFO] [1950598] [HomeCheck] - [Message] ===== progress: 0% ======
[2026-08-07T15:59:39.221] [INFO] [1950598] [HomeCheck] - [Message] ===== progress: 0% ======
[2026-08-07T15:59:39.581] [INFO] [1950598] [HomeCheck] - [Message] ===== progress: 20% ======
[2026-08-07T15:59:39.585] [INFO] [1950598] [HomeCheck] - [Message] ===== progress: 20% ======
[2026-08-07T15:59:39.590] [INFO] [1950598] [HomeCheck] - [Message] ===== progress: 20% ======
[2026-08-07T15:59:39.595] [INFO] [1950598] [HomeCheck] - [Message] ===== progress: 20% ======
[2026-08-07T15:59:40.248] [INFO] [1950598] [HomeCheck] - [Message] ===== progress: 40% ======
[2026-08-07T15:59:40.259] [INFO] [1950598] [HomeCheck] - [Message] ===== progress: 40% ======
[2026-08-07T15:59:40.269] [INFO] [1950598] [HomeCheck] - [Message] ===== progress: 40% ======
[2026-08-07T15:59:40.274] [INFO] [1950598] [HomeCheck] - [Message] ===== progress: 40% ======
[2026-08-07T15:59:40.595] [ERROR] [1950598] [ArkAnalyzer] - [ViewTreeBuilder] ViewTree->viewComponentCreationParser not found class @%unk/%unk: Popup. %14 = staticinvoke <@%unk/%unk: View.create()>(%13, %AM1$build)
[2026-08-07T15:59:40.729] [ERROR] [1950598] [ArkAnalyzer] - [ViewTreeBuilder] ViewTree->viewComponentCreationParser not found class @%unk/%unk: SwiperItem. %1 = staticinvoke <@%unk/%unk: View.create()>(%0, %AM2$%AM1$build)
[2026-08-07T15:59:41.000] [INFO] [1950598] [HomeCheck] - [Message] ===== progress: 60% ======
[2026-08-07T15:59:41.003] [INFO] [1950598] [HomeCheck] - [Message] ===== progress: 60% ======
[2026-08-07T15:59:41.006] [INFO] [1950598] [HomeCheck] - [Message] ===== progress: 60% ======
[2026-08-07T15:59:41.087] [ERROR] [1950598] [ArkAnalyzer] - [ViewTreeBuilder] ViewTree->viewComponentCreationParser not found class @%unk/%unk: buildHorizontalRepeatDemo. %26 = staticinvoke <@%unk/%unk: View.create()>(%25, %AM0$buildNoRepeatDemo)
[2026-08-07T15:59:41.094] [ERROR] [1950598] [ArkAnalyzer] - [ViewTreeBuilder] ViewTree->viewComponentCreationParser not found class @%unk/%unk: buildLowInterpolationDemo. %26 = staticinvoke <@%unk/%unk: View.create()>(%25, %AM0$buildNoneInterpolationDemo)
[2026-08-07T15:59:41.100] [ERROR] [1950598] [ArkAnalyzer] - [ViewTreeBuilder] ViewTree->viewComponentCreationParser not found class @%unk/%unk: buildRTLDemo. %27 = staticinvoke <@%unk/%unk: View.create()>(%26, %AM0$buildLTRDemo)
[2026-08-07T15:59:41.104] [ERROR] [1950598] [ArkAnalyzer] - [ViewTreeBuilder] ViewTree->viewComponentCreationParser not found class @%unk/%unk: buildOriginalSizeDemo. %25 = staticinvoke <@%unk/%unk: View.create()>(%24, %AM0$buildCustomSizeDemo)
[2026-08-07T15:59:41.109] [ERROR] [1950598] [ArkAnalyzer] - [ViewTreeBuilder] ViewTree->viewComponentCreationParser not found class @%unk/%unk: buildSyncLoadDemo. %27 = staticinvoke <@%unk/%unk: View.create()>(%26, %AM2$buildAsyncLoadDemo)
[2026-08-07T15:59:41.115] [ERROR] [1950598] [ArkAnalyzer] - [ViewTreeBuilder] ViewTree->viewComponentCreationParser not found class @%unk/%unk: buildInAppCopyDemo. %26 = staticinvoke <@%unk/%unk: View.create()>(%25, %AM0$buildNoneCopyDemo)
[2026-08-07T15:59:41.121] [ERROR] [1950598] [ArkAnalyzer] - [ViewTreeBuilder] ViewTree->viewComponentCreationParser not found class @%unk/%unk: buildDraggableDemo. %30 = staticinvoke <@%unk/%unk: View.create()>(%29, %AM1$buildNonDraggableDemo)
[2026-08-07T15:59:41.128] [ERROR] [1950598] [ArkAnalyzer] - [ViewTreeBuilder] ViewTree->viewComponentCreationParser not found class @%unk/%unk: buildResizableDemo. %24 = staticinvoke <@%unk/%unk: View.create()>(%23, %AM0$buildNonResizableDemo)
[2026-08-07T15:59:41.132] [ERROR] [1950598] [ArkAnalyzer] - [ViewTreeBuilder] ViewTree->viewComponentCreationParser not found class @%unk/%unk: buildSensitiveDemo. %25 = staticinvoke <@%unk/%unk: View.create()>(%24, %AM0$buildNonSensitiveDemo)
[2026-08-07T15:59:41.137] [ERROR] [1950598] [ArkAnalyzer] - [ViewTreeBuilder] ViewTree->viewComponentCreationParser not found class @%unk/%unk: buildConstraintRangeDemo. %26 = staticinvoke <@%unk/%unk: View.create()>(%25, %AM0$buildStandardRangeDemo)
[2026-08-07T15:59:41.144] [ERROR] [1950598] [ArkAnalyzer] - [ViewTreeBuilder] ViewTree->viewComponentCreationParser not found class @%unk/%unk: buildUpOrientationDemo. %26 = staticinvoke <@%unk/%unk: View.create()>(%25, %AM0$buildAutoOrientationDemo)
[2026-08-07T15:59:41.150] [ERROR] [1950598] [ArkAnalyzer] - [ViewTreeBuilder] ViewTree->viewComponentCreationParser not found class @%unk/%unk: buildSvg2EnabledDemo. %25 = staticinvoke <@%unk/%unk: View.create()>(%24, %AM0$buildSvg2DisabledDemo)
[2026-08-07T15:59:41.157] [ERROR] [1950598] [ArkAnalyzer] - [ViewTreeBuilder] ViewTree->viewComponentCreationParser not found class @%unk/%unk: buildOpacityEffectDemo. %28 = staticinvoke <@%unk/%unk: View.create()>(%27, %AM0$buildIdentityEffectDemo)
[2026-08-07T15:59:41.162] [ERROR] [1950598] [ArkAnalyzer] - [ViewTreeBuilder] ViewTree->viewComponentCreationParser not found class @%unk/%unk: buildAntialiasedEnabledDemo. %25 = staticinvoke <@%unk/%unk: View.create()>(%24, %AM0$buildAntialiasedDisabledDemo)
[2026-08-07T15:59:41.190] [ERROR] [1950598] [ArkAnalyzer] - [ViewTreeBuilder] ViewTree->viewComponentCreationParser not found class @%unk/%unk: ScrollView. %1 = staticinvoke <@%unk/%unk: View.create()>(%0, %AM3$buildOptionBar)
[2026-08-07T15:59:41.486] [INFO] [1950598] [HomeCheck] - [Message] ===== progress: 80% ======
[2026-08-07T15:59:41.489] [INFO] [1950598] [HomeCheck] - [Message] ===== progress: 80% ======
[2026-08-07T15:59:41.491] [INFO] [1950598] [HomeCheck] - [Message] ===== progress: 80% ======
[2026-08-07T15:59:41.500] [ERROR] [1950598] [ArkAnalyzer] - [ViewTreeBuilder] ViewTree build failed for @Image/entry/src/main/ets/pages/example/ImagePerformanceExample.ets: ImagePerformanceExample.build(): Cannot read properties of undefined (reading 'getType')
[2026-08-07T15:59:42.070] [INFO] [1950598] [HomeCheck] - [Message] ===== progress: 100% ======
[2026-08-07T15:59:42.072] [INFO] [1950598] [HomeCheck] - [CheckEntry] 222 issues from checker - @performance/foreach-args-check
[2026-08-07T15:59:42.072] [INFO] [1950598] [HomeCheck] - [CheckEntry] 11 issues from checker - @performance/avoid-overusing-custom-component-check
[2026-08-07T15:59:42.072] [INFO] [1950598] [HomeCheck] - [CheckEntry] 27 issues from checker - @security/no-commented-code
[2026-08-07T15:59:42.072] [INFO] [1950598] [HomeCheck] - [CheckEntry] 16 issues from checker - @performance/init-list-component
[2026-08-07T15:59:42.083] [INFO] [1950598] [HomeCheck] - [Main] Checking completed.
[2026-08-07T15:59:42.083] [INFO] [1950598] [HomeCheck] - [Main] HomeCheck took: 17.108 s.
