[2026-08-07T15:15:30.943] [INFO] [1668725] [HomeCheck] - [ConfigUtils] Checking started.
[2026-08-07T15:15:30.945] [ERROR] [1668725] [HomeCheck] - [FileUtils] Error occurred while reading file list from .: Error: EISDIR: illegal operation on a directory, read
[2026-08-07T15:15:31.070] [INFO] [1668725] [HomeCheck] - [CheckEntry] File count: 343
[2026-08-07T15:15:31.073] [INFO] [1668725] [HomeCheck] - [CheckEntry] Build sceneConfig completed.
[2026-08-07T15:15:41.240] [ERROR] [1668725] [ArkAnalyzer] - [Scene] Error building body: MethodSignature {
  declaringClassSignature: ClassSignature {
    className: 'svgExample016',
    declaringFileSignature: FileSignature {
      projectName: 'Image',
      fileName: 'entry/src/main/ets/pages/SVG/svgExample016.ets',
      hashcode: -1002431856
    },
    declaringNamespaceSignature: null
  },
  methodSubSignature: MethodSubSignature {
    methodName: 'build',
    parameters: [],
    returnType: UnknownType {},
    staticFlag: false
  }
} TypeError: Cannot read properties of undefined (reading 'length')
    at cloneText (/home/zhihao/hdd/haprepair/homecheck/node_modules/arkanalyzer/lib/core/common/StringUtils.js:24:17)
    at ArkValueTransformer.etsComponentExpressionToValueAndStmts (/home/zhihao/hdd/haprepair/homecheck/node_modules/arkanalyzer/lib/core/common/ArkValueTransformer.js:438:59)
    at ArkValueTransformer.tsNodeToValueAndStmts (/home/zhihao/hdd/haprepair/homecheck/node_modules/arkanalyzer/lib/core/common/ArkValueTransformer.js:180:25)
    at ArkValueTransformer.tsNodeToSingleAddressValueAndStmts (/home/zhihao/hdd/haprepair/homecheck/node_modules/arkanalyzer/lib/core/common/ArkValueTransformer.js:205:63)
    at ArkValueTransformer.parseArguments (/home/zhihao/hdd/haprepair/homecheck/node_modules/arkanalyzer/lib/core/common/ArkValueTransformer.js:845:110)
    at ArkValueTransformer.parseArgumentsOfCallExpression (/home/zhihao/hdd/haprepair/homecheck/node_modules/arkanalyzer/lib/core/common/ArkValueTransformer.js:828:64)
    at ArkValueTransformer.callExpressionToValueAndStmts (/home/zhihao/hdd/haprepair/homecheck/node_modules/arkanalyzer/lib/core/common/ArkValueTransformer.js:701:28)
    at ArkValueTransformer.tsNodeToValueAndStmts (/home/zhihao/hdd/haprepair/homecheck/node_modules/arkanalyzer/lib/core/common/ArkValueTransformer.js:111:25)
    at ArkIRTransformer.tsNodeToValueAndStmts (/home/zhihao/hdd/haprepair/homecheck/node_modules/arkanalyzer/lib/core/common/ArkIRTransformer.js:176:41)
    at ArkIRTransformer.expressionStatementToStmts (/home/zhihao/hdd/haprepair/homecheck/node_modules/arkanalyzer/lib/core/common/ArkIRTransformer.js:332:96)
[2026-08-07T15:15:41.754] [ERROR] [1668725] [ArkAnalyzer] - [Scene] Error building body: MethodSignature {
  declaringClassSignature: ClassSignature {
    className: 'ListItemSwipeDemo',
    declaringFileSignature: FileSignature {
      projectName: 'Image',
      fileName: 'entry/src/main/ets/pages/example/ImageComprehensiveTest003.ets',
      hashcode: -86008177
    },
    declaringNamespaceSignature: null
  },
  methodSubSignature: MethodSubSignature {
    methodName: 'build',
    parameters: [],
    returnType: UnknownType {},
    staticFlag: false
  }
} TypeError: Cannot read properties of undefined (reading 'length')
    at cloneText (/home/zhihao/hdd/haprepair/homecheck/node_modules/arkanalyzer/lib/core/common/StringUtils.js:24:17)
    at ArkValueTransformer.etsComponentExpressionToValueAndStmts (/home/zhihao/hdd/haprepair/homecheck/node_modules/arkanalyzer/lib/core/common/ArkValueTransformer.js:438:59)
    at ArkValueTransformer.tsNodeToValueAndStmts (/home/zhihao/hdd/haprepair/homecheck/node_modules/arkanalyzer/lib/core/common/ArkValueTransformer.js:180:25)
    at ArkIRTransformer.tsNodeToValueAndStmts (/home/zhihao/hdd/haprepair/homecheck/node_modules/arkanalyzer/lib/core/common/ArkIRTransformer.js:176:41)
    at ArkIRTransformer.expressionStatementToStmts (/home/zhihao/hdd/haprepair/homecheck/node_modules/arkanalyzer/lib/core/common/ArkIRTransformer.js:332:96)
    at ArkIRTransformer.tsNodeToStmts (/home/zhihao/hdd/haprepair/homecheck/node_modules/arkanalyzer/lib/core/common/ArkIRTransformer.js:116:26)
    at CfgBuilder.processBlocks (/home/zhihao/hdd/haprepair/homecheck/node_modules/arkanalyzer/lib/core/graph/builder/CfgBuilder.js:1227:38)
    at CfgBuilder.buildNormalCfg (/home/zhihao/hdd/haprepair/homecheck/node_modules/arkanalyzer/lib/core/graph/builder/CfgBuilder.js:1107:139)
    at CfgBuilder.buildCfg (/home/zhihao/hdd/haprepair/homecheck/node_modules/arkanalyzer/lib/core/graph/builder/CfgBuilder.js:1065:21)
    at BodyBuilder.build (/home/zhihao/hdd/haprepair/homecheck/node_modules/arkanalyzer/lib/core/model/builder/BodyBuilder.js:36:83)
[2026-08-07T15:15:42.703] [INFO] [1668725] [HomeCheck] - [CheckEntry] Build scene completed.
[2026-08-07T15:15:44.497] [INFO] [1668725] [HomeCheck] - [CheckEntry] Infer types completed.
[2026-08-07T15:15:44.499] [INFO] [1668725] [HomeCheck] - [ConfigUtils] The npmPath:npm
[2026-08-07T15:15:44.499] [INFO] [1668725] [HomeCheck] - [ConfigUtils] The npmInstallDir:/home/zhihao/hdd/haprepair/homecheck
[2026-08-07T15:15:44.508] [INFO] [1668725] [HomeCheck] - [Message] ===== progress: 0% ======
[2026-08-07T15:15:44.509] [INFO] [1668725] [HomeCheck] - [Message] ===== progress: 0% ======
[2026-08-07T15:15:44.509] [INFO] [1668725] [HomeCheck] - [Message] ===== progress: 0% ======
[2026-08-07T15:15:44.688] [INFO] [1668725] [HomeCheck] - [Message] ===== progress: 20% ======
[2026-08-07T15:15:44.690] [INFO] [1668725] [HomeCheck] - [Message] ===== progress: 20% ======
[2026-08-07T15:15:44.690] [INFO] [1668725] [HomeCheck] - [Message] ===== progress: 20% ======
[2026-08-07T15:15:44.693] [INFO] [1668725] [HomeCheck] - [Message] ===== progress: 20% ======
[2026-08-07T15:15:45.099] [INFO] [1668725] [HomeCheck] - [Message] ===== progress: 40% ======
[2026-08-07T15:15:45.107] [INFO] [1668725] [HomeCheck] - [Message] ===== progress: 40% ======
[2026-08-07T15:15:45.115] [INFO] [1668725] [HomeCheck] - [Message] ===== progress: 40% ======
[2026-08-07T15:15:45.118] [INFO] [1668725] [HomeCheck] - [Message] ===== progress: 40% ======
[2026-08-07T15:15:45.414] [ERROR] [1668725] [ArkAnalyzer] - [ViewTreeBuilder] ViewTree->viewComponentCreationParser not found class @%unk/%unk: Popup. %14 = staticinvoke <@%unk/%unk: View.create()>(%13, %AM1$build)
[2026-08-07T15:15:45.545] [ERROR] [1668725] [ArkAnalyzer] - [ViewTreeBuilder] ViewTree->viewComponentCreationParser not found class @%unk/%unk: SwiperItem. %1 = staticinvoke <@%unk/%unk: View.create()>(%0, %AM2$%AM1$build)
[2026-08-07T15:15:45.703] [INFO] [1668725] [HomeCheck] - [Message] ===== progress: 60% ======
[2026-08-07T15:15:45.704] [INFO] [1668725] [HomeCheck] - [Message] ===== progress: 60% ======
[2026-08-07T15:15:45.705] [INFO] [1668725] [HomeCheck] - [Message] ===== progress: 60% ======
[2026-08-07T15:15:45.735] [ERROR] [1668725] [ArkAnalyzer] - [ViewTreeBuilder] ViewTree->viewComponentCreationParser not found class @%unk/%unk: buildHorizontalRepeatDemo. %26 = staticinvoke <@%unk/%unk: View.create()>(%25, %AM0$buildNoRepeatDemo)
[2026-08-07T15:15:45.739] [ERROR] [1668725] [ArkAnalyzer] - [ViewTreeBuilder] ViewTree->viewComponentCreationParser not found class @%unk/%unk: buildLowInterpolationDemo. %26 = staticinvoke <@%unk/%unk: View.create()>(%25, %AM0$buildNoneInterpolationDemo)
[2026-08-07T15:15:45.741] [ERROR] [1668725] [ArkAnalyzer] - [ViewTreeBuilder] ViewTree->viewComponentCreationParser not found class @%unk/%unk: buildRTLDemo. %27 = staticinvoke <@%unk/%unk: View.create()>(%26, %AM0$buildLTRDemo)
[2026-08-07T15:15:45.744] [ERROR] [1668725] [ArkAnalyzer] - [ViewTreeBuilder] ViewTree->viewComponentCreationParser not found class @%unk/%unk: buildOriginalSizeDemo. %25 = staticinvoke <@%unk/%unk: View.create()>(%24, %AM0$buildCustomSizeDemo)
[2026-08-07T15:15:45.746] [ERROR] [1668725] [ArkAnalyzer] - [ViewTreeBuilder] ViewTree->viewComponentCreationParser not found class @%unk/%unk: buildSyncLoadDemo. %27 = staticinvoke <@%unk/%unk: View.create()>(%26, %AM2$buildAsyncLoadDemo)
[2026-08-07T15:15:45.749] [ERROR] [1668725] [ArkAnalyzer] - [ViewTreeBuilder] ViewTree->viewComponentCreationParser not found class @%unk/%unk: buildInAppCopyDemo. %26 = staticinvoke <@%unk/%unk: View.create()>(%25, %AM0$buildNoneCopyDemo)
[2026-08-07T15:15:45.753] [ERROR] [1668725] [ArkAnalyzer] - [ViewTreeBuilder] ViewTree->viewComponentCreationParser not found class @%unk/%unk: buildDraggableDemo. %30 = staticinvoke <@%unk/%unk: View.create()>(%29, %AM1$buildNonDraggableDemo)
[2026-08-07T15:15:45.756] [ERROR] [1668725] [ArkAnalyzer] - [ViewTreeBuilder] ViewTree->viewComponentCreationParser not found class @%unk/%unk: buildResizableDemo. %24 = staticinvoke <@%unk/%unk: View.create()>(%23, %AM0$buildNonResizableDemo)
[2026-08-07T15:15:45.758] [ERROR] [1668725] [ArkAnalyzer] - [ViewTreeBuilder] ViewTree->viewComponentCreationParser not found class @%unk/%unk: buildSensitiveDemo. %25 = staticinvoke <@%unk/%unk: View.create()>(%24, %AM0$buildNonSensitiveDemo)
[2026-08-07T15:15:45.760] [ERROR] [1668725] [ArkAnalyzer] - [ViewTreeBuilder] ViewTree->viewComponentCreationParser not found class @%unk/%unk: buildConstraintRangeDemo. %26 = staticinvoke <@%unk/%unk: View.create()>(%25, %AM0$buildStandardRangeDemo)
[2026-08-07T15:15:45.763] [ERROR] [1668725] [ArkAnalyzer] - [ViewTreeBuilder] ViewTree->viewComponentCreationParser not found class @%unk/%unk: buildUpOrientationDemo. %26 = staticinvoke <@%unk/%unk: View.create()>(%25, %AM0$buildAutoOrientationDemo)
[2026-08-07T15:15:45.767] [ERROR] [1668725] [ArkAnalyzer] - [ViewTreeBuilder] ViewTree->viewComponentCreationParser not found class @%unk/%unk: buildSvg2EnabledDemo. %25 = staticinvoke <@%unk/%unk: View.create()>(%24, %AM0$buildSvg2DisabledDemo)
[2026-08-07T15:15:45.769] [ERROR] [1668725] [ArkAnalyzer] - [ViewTreeBuilder] ViewTree->viewComponentCreationParser not found class @%unk/%unk: buildOpacityEffectDemo. %28 = staticinvoke <@%unk/%unk: View.create()>(%27, %AM0$buildIdentityEffectDemo)
[2026-08-07T15:15:45.772] [ERROR] [1668725] [ArkAnalyzer] - [ViewTreeBuilder] ViewTree->viewComponentCreationParser not found class @%unk/%unk: buildAntialiasedEnabledDemo. %25 = staticinvoke <@%unk/%unk: View.create()>(%24, %AM0$buildAntialiasedDisabledDemo)
[2026-08-07T15:15:45.790] [ERROR] [1668725] [ArkAnalyzer] - [ViewTreeBuilder] ViewTree->viewComponentCreationParser not found class @%unk/%unk: ScrollView. %1 = staticinvoke <@%unk/%unk: View.create()>(%0, %AM3$buildOptionBar)
[2026-08-07T15:15:46.000] [INFO] [1668725] [HomeCheck] - [Message] ===== progress: 80% ======
[2026-08-07T15:15:46.001] [INFO] [1668725] [HomeCheck] - [Message] ===== progress: 80% ======
[2026-08-07T15:15:46.002] [INFO] [1668725] [HomeCheck] - [Message] ===== progress: 80% ======
[2026-08-07T15:15:46.008] [ERROR] [1668725] [ArkAnalyzer] - [ViewTreeBuilder] ViewTree build failed for @Image/entry/src/main/ets/pages/example/ImagePerformanceExample.ets: ImagePerformanceExample.build(): Cannot read properties of undefined (reading 'getType')
[2026-08-07T15:15:46.377] [INFO] [1668725] [HomeCheck] - [Message] ===== progress: 100% ======
[2026-08-07T15:15:46.378] [INFO] [1668725] [HomeCheck] - [CheckEntry] 222 issues from checker - @performance/foreach-args-check
[2026-08-07T15:15:46.378] [INFO] [1668725] [HomeCheck] - [CheckEntry] 11 issues from checker - @performance/avoid-overusing-custom-component-check
[2026-08-07T15:15:46.378] [INFO] [1668725] [HomeCheck] - [CheckEntry] 16 issues from checker - @performance/init-list-component
[2026-08-07T15:15:46.386] [INFO] [1668725] [HomeCheck] - [Main] Checking completed.
[2026-08-07T15:15:46.386] [INFO] [1668725] [HomeCheck] - [Main] HomeCheck took: 15.453 s.
