[2026-08-07T15:32:53.012] [INFO] [1765905] [HomeCheck] - [ConfigUtils] Checking started.
[2026-08-07T15:32:53.014] [ERROR] [1765905] [HomeCheck] - [FileUtils] Error occurred while reading file list from .: Error: EISDIR: illegal operation on a directory, read
[2026-08-07T15:32:53.137] [INFO] [1765905] [HomeCheck] - [CheckEntry] File count: 343
[2026-08-07T15:32:53.139] [INFO] [1765905] [HomeCheck] - [CheckEntry] Build sceneConfig completed.
[2026-08-07T15:33:03.357] [ERROR] [1765905] [ArkAnalyzer] - [Scene] Error building body: MethodSignature {
  declaringClassSignature: ClassSignature {
    className: 'svgExample016',
    declaringFileSignature: FileSignature {
      projectName: 'Image',
      fileName: 'entry/src/main/ets/pages/SVG/svgExample016.ets',
      hashcode: -1002431856
    },
    declaringNamespaceSignature: null
  },
  methodSubSignature: MethodSubSignature {
    methodName: 'build',
    parameters: [],
    returnType: UnknownType {},
    staticFlag: false
  }
} TypeError: Cannot read properties of undefined (reading 'length')
    at cloneText (/home/zhihao/hdd/haprepair/homecheck/node_modules/arkanalyzer/lib/core/common/StringUtils.js:24:17)
    at ArkValueTransformer.etsComponentExpressionToValueAndStmts (/home/zhihao/hdd/haprepair/homecheck/node_modules/arkanalyzer/lib/core/common/ArkValueTransformer.js:438:59)
    at ArkValueTransformer.tsNodeToValueAndStmts (/home/zhihao/hdd/haprepair/homecheck/node_modules/arkanalyzer/lib/core/common/ArkValueTransformer.js:180:25)
    at ArkValueTransformer.tsNodeToSingleAddressValueAndStmts (/home/zhihao/hdd/haprepair/homecheck/node_modules/arkanalyzer/lib/core/common/ArkValueTransformer.js:205:63)
    at ArkValueTransformer.parseArguments (/home/zhihao/hdd/haprepair/homecheck/node_modules/arkanalyzer/lib/core/common/ArkValueTransformer.js:845:110)
    at ArkValueTransformer.parseArgumentsOfCallExpression (/home/zhihao/hdd/haprepair/homecheck/node_modules/arkanalyzer/lib/core/common/ArkValueTransformer.js:828:64)
    at ArkValueTransformer.callExpressionToValueAndStmts (/home/zhihao/hdd/haprepair/homecheck/node_modules/arkanalyzer/lib/core/common/ArkValueTransformer.js:701:28)
    at ArkValueTransformer.tsNodeToValueAndStmts (/home/zhihao/hdd/haprepair/homecheck/node_modules/arkanalyzer/lib/core/common/ArkValueTransformer.js:111:25)
    at ArkIRTransformer.tsNodeToValueAndStmts (/home/zhihao/hdd/haprepair/homecheck/node_modules/arkanalyzer/lib/core/common/ArkIRTransformer.js:176:41)
    at ArkIRTransformer.expressionStatementToStmts (/home/zhihao/hdd/haprepair/homecheck/node_modules/arkanalyzer/lib/core/common/ArkIRTransformer.js:332:96)
[2026-08-07T15:33:03.872] [ERROR] [1765905] [ArkAnalyzer] - [Scene] Error building body: MethodSignature {
  declaringClassSignature: ClassSignature {
    className: 'ListItemSwipeDemo',
    declaringFileSignature: FileSignature {
      projectName: 'Image',
      fileName: 'entry/src/main/ets/pages/example/ImageComprehensiveTest003.ets',
      hashcode: -86008177
    },
    declaringNamespaceSignature: null
  },
  methodSubSignature: MethodSubSignature {
    methodName: 'build',
    parameters: [],
    returnType: UnknownType {},
    staticFlag: false
  }
} TypeError: Cannot read properties of undefined (reading 'length')
    at cloneText (/home/zhihao/hdd/haprepair/homecheck/node_modules/arkanalyzer/lib/core/common/StringUtils.js:24:17)
    at ArkValueTransformer.etsComponentExpressionToValueAndStmts (/home/zhihao/hdd/haprepair/homecheck/node_modules/arkanalyzer/lib/core/common/ArkValueTransformer.js:438:59)
    at ArkValueTransformer.tsNodeToValueAndStmts (/home/zhihao/hdd/haprepair/homecheck/node_modules/arkanalyzer/lib/core/common/ArkValueTransformer.js:180:25)
    at ArkIRTransformer.tsNodeToValueAndStmts (/home/zhihao/hdd/haprepair/homecheck/node_modules/arkanalyzer/lib/core/common/ArkIRTransformer.js:176:41)
    at ArkIRTransformer.expressionStatementToStmts (/home/zhihao/hdd/haprepair/homecheck/node_modules/arkanalyzer/lib/core/common/ArkIRTransformer.js:332:96)
    at ArkIRTransformer.tsNodeToStmts (/home/zhihao/hdd/haprepair/homecheck/node_modules/arkanalyzer/lib/core/common/ArkIRTransformer.js:116:26)
    at CfgBuilder.processBlocks (/home/zhihao/hdd/haprepair/homecheck/node_modules/arkanalyzer/lib/core/graph/builder/CfgBuilder.js:1227:38)
    at CfgBuilder.buildNormalCfg (/home/zhihao/hdd/haprepair/homecheck/node_modules/arkanalyzer/lib/core/graph/builder/CfgBuilder.js:1107:139)
    at CfgBuilder.buildCfg (/home/zhihao/hdd/haprepair/homecheck/node_modules/arkanalyzer/lib/core/graph/builder/CfgBuilder.js:1065:21)
    at BodyBuilder.build (/home/zhihao/hdd/haprepair/homecheck/node_modules/arkanalyzer/lib/core/model/builder/BodyBuilder.js:36:83)
[2026-08-07T15:33:04.806] [INFO] [1765905] [HomeCheck] - [CheckEntry] Build scene completed.
[2026-08-07T15:33:06.573] [INFO] [1765905] [HomeCheck] - [CheckEntry] Infer types completed.
[2026-08-07T15:33:06.574] [INFO] [1765905] [HomeCheck] - [ConfigUtils] The npmPath:npm
[2026-08-07T15:33:06.575] [INFO] [1765905] [HomeCheck] - [ConfigUtils] The npmInstallDir:/home/zhihao/hdd/haprepair/homecheck
[2026-08-07T15:33:06.599] [INFO] [1765905] [HomeCheck] - [Message] ===== progress: 0% ======
[2026-08-07T15:33:06.609] [INFO] [1765905] [HomeCheck] - [Message] ===== progress: 0% ======
[2026-08-07T15:33:06.618] [INFO] [1765905] [HomeCheck] - [Message] ===== progress: 0% ======
[2026-08-07T15:33:06.936] [INFO] [1765905] [HomeCheck] - [Message] ===== progress: 20% ======
[2026-08-07T15:33:06.940] [INFO] [1765905] [HomeCheck] - [Message] ===== progress: 20% ======
[2026-08-07T15:33:06.942] [INFO] [1765905] [HomeCheck] - [Message] ===== progress: 20% ======
[2026-08-07T15:33:06.949] [INFO] [1765905] [HomeCheck] - [Message] ===== progress: 20% ======
[2026-08-07T15:33:07.534] [INFO] [1765905] [HomeCheck] - [Message] ===== progress: 40% ======
[2026-08-07T15:33:07.545] [INFO] [1765905] [HomeCheck] - [Message] ===== progress: 40% ======
[2026-08-07T15:33:07.557] [INFO] [1765905] [HomeCheck] - [Message] ===== progress: 40% ======
[2026-08-07T15:33:07.561] [INFO] [1765905] [HomeCheck] - [Message] ===== progress: 40% ======
[2026-08-07T15:33:07.884] [ERROR] [1765905] [ArkAnalyzer] - [ViewTreeBuilder] ViewTree->viewComponentCreationParser not found class @%unk/%unk: Popup. %14 = staticinvoke <@%unk/%unk: View.create()>(%13, %AM1$build)
[2026-08-07T15:33:08.017] [ERROR] [1765905] [ArkAnalyzer] - [ViewTreeBuilder] ViewTree->viewComponentCreationParser not found class @%unk/%unk: SwiperItem. %1 = staticinvoke <@%unk/%unk: View.create()>(%0, %AM2$%AM1$build)
[2026-08-07T15:33:08.266] [INFO] [1765905] [HomeCheck] - [Message] ===== progress: 60% ======
[2026-08-07T15:33:08.268] [INFO] [1765905] [HomeCheck] - [Message] ===== progress: 60% ======
[2026-08-07T15:33:08.272] [INFO] [1765905] [HomeCheck] - [Message] ===== progress: 60% ======
[2026-08-07T15:33:08.345] [ERROR] [1765905] [ArkAnalyzer] - [ViewTreeBuilder] ViewTree->viewComponentCreationParser not found class @%unk/%unk: buildHorizontalRepeatDemo. %26 = staticinvoke <@%unk/%unk: View.create()>(%25, %AM0$buildNoRepeatDemo)
[2026-08-07T15:33:08.350] [ERROR] [1765905] [ArkAnalyzer] - [ViewTreeBuilder] ViewTree->viewComponentCreationParser not found class @%unk/%unk: buildLowInterpolationDemo. %26 = staticinvoke <@%unk/%unk: View.create()>(%25, %AM0$buildNoneInterpolationDemo)
[2026-08-07T15:33:08.355] [ERROR] [1765905] [ArkAnalyzer] - [ViewTreeBuilder] ViewTree->viewComponentCreationParser not found class @%unk/%unk: buildRTLDemo. %27 = staticinvoke <@%unk/%unk: View.create()>(%26, %AM0$buildLTRDemo)
[2026-08-07T15:33:08.359] [ERROR] [1765905] [ArkAnalyzer] - [ViewTreeBuilder] ViewTree->viewComponentCreationParser not found class @%unk/%unk: buildOriginalSizeDemo. %25 = staticinvoke <@%unk/%unk: View.create()>(%24, %AM0$buildCustomSizeDemo)
[2026-08-07T15:33:08.364] [ERROR] [1765905] [ArkAnalyzer] - [ViewTreeBuilder] ViewTree->viewComponentCreationParser not found class @%unk/%unk: buildSyncLoadDemo. %27 = staticinvoke <@%unk/%unk: View.create()>(%26, %AM2$buildAsyncLoadDemo)
[2026-08-07T15:33:08.369] [ERROR] [1765905] [ArkAnalyzer] - [ViewTreeBuilder] ViewTree->viewComponentCreationParser not found class @%unk/%unk: buildInAppCopyDemo. %26 = staticinvoke <@%unk/%unk: View.create()>(%25, %AM0$buildNoneCopyDemo)
[2026-08-07T15:33:08.374] [ERROR] [1765905] [ArkAnalyzer] - [ViewTreeBuilder] ViewTree->viewComponentCreationParser not found class @%unk/%unk: buildDraggableDemo. %30 = staticinvoke <@%unk/%unk: View.create()>(%29, %AM1$buildNonDraggableDemo)
[2026-08-07T15:33:08.378] [ERROR] [1765905] [ArkAnalyzer] - [ViewTreeBuilder] ViewTree->viewComponentCreationParser not found class @%unk/%unk: buildResizableDemo. %24 = staticinvoke <@%unk/%unk: View.create()>(%23, %AM0$buildNonResizableDemo)
[2026-08-07T15:33:08.382] [ERROR] [1765905] [ArkAnalyzer] - [ViewTreeBuilder] ViewTree->viewComponentCreationParser not found class @%unk/%unk: buildSensitiveDemo. %25 = staticinvoke <@%unk/%unk: View.create()>(%24, %AM0$buildNonSensitiveDemo)
[2026-08-07T15:33:08.387] [ERROR] [1765905] [ArkAnalyzer] - [ViewTreeBuilder] ViewTree->viewComponentCreationParser not found class @%unk/%unk: buildConstraintRangeDemo. %26 = staticinvoke <@%unk/%unk: View.create()>(%25, %AM0$buildStandardRangeDemo)
[2026-08-07T15:33:08.393] [ERROR] [1765905] [ArkAnalyzer] - [ViewTreeBuilder] ViewTree->viewComponentCreationParser not found class @%unk/%unk: buildUpOrientationDemo. %26 = staticinvoke <@%unk/%unk: View.create()>(%25, %AM0$buildAutoOrientationDemo)
[2026-08-07T15:33:08.398] [ERROR] [1765905] [ArkAnalyzer] - [ViewTreeBuilder] ViewTree->viewComponentCreationParser not found class @%unk/%unk: buildSvg2EnabledDemo. %25 = staticinvoke <@%unk/%unk: View.create()>(%24, %AM0$buildSvg2DisabledDemo)
[2026-08-07T15:33:08.402] [ERROR] [1765905] [ArkAnalyzer] - [ViewTreeBuilder] ViewTree->viewComponentCreationParser not found class @%unk/%unk: buildOpacityEffectDemo. %28 = staticinvoke <@%unk/%unk: View.create()>(%27, %AM0$buildIdentityEffectDemo)
[2026-08-07T15:33:08.406] [ERROR] [1765905] [ArkAnalyzer] - [ViewTreeBuilder] ViewTree->viewComponentCreationParser not found class @%unk/%unk: buildAntialiasedEnabledDemo. %25 = staticinvoke <@%unk/%unk: View.create()>(%24, %AM0$buildAntialiasedDisabledDemo)
[2026-08-07T15:33:08.430] [ERROR] [1765905] [ArkAnalyzer] - [ViewTreeBuilder] ViewTree->viewComponentCreationParser not found class @%unk/%unk: ScrollView. %1 = staticinvoke <@%unk/%unk: View.create()>(%0, %AM3$buildOptionBar)
[2026-08-07T15:33:08.686] [INFO] [1765905] [HomeCheck] - [Message] ===== progress: 80% ======
[2026-08-07T15:33:08.689] [INFO] [1765905] [HomeCheck] - [Message] ===== progress: 80% ======
[2026-08-07T15:33:08.691] [INFO] [1765905] [HomeCheck] - [Message] ===== progress: 80% ======
[2026-08-07T15:33:08.701] [ERROR] [1765905] [ArkAnalyzer] - [ViewTreeBuilder] ViewTree build failed for @Image/entry/src/main/ets/pages/example/ImagePerformanceExample.ets: ImagePerformanceExample.build(): Cannot read properties of undefined (reading 'getType')
[2026-08-07T15:33:09.209] [INFO] [1765905] [HomeCheck] - [Message] ===== progress: 100% ======
[2026-08-07T15:33:09.210] [INFO] [1765905] [HomeCheck] - [CheckEntry] 222 issues from checker - @performance/foreach-args-check
[2026-08-07T15:33:09.210] [INFO] [1765905] [HomeCheck] - [CheckEntry] 11 issues from checker - @performance/avoid-overusing-custom-component-check
[2026-08-07T15:33:09.210] [INFO] [1765905] [HomeCheck] - [CheckEntry] 22 issues from checker - @security/no-commented-code
[2026-08-07T15:33:09.210] [INFO] [1765905] [HomeCheck] - [CheckEntry] 16 issues from checker - @performance/init-list-component
[2026-08-07T15:33:09.220] [INFO] [1765905] [HomeCheck] - [Main] Checking completed.
[2026-08-07T15:33:09.220] [INFO] [1765905] [HomeCheck] - [Main] HomeCheck took: 16.218 s.
