generation progress 1/1: V14-057 accepted
{
  "run_id": "exp_indep_63_v14_static_skill_luna_01",
  "status": "partial",
  "prepared_case_count": 63,
  "attempted_case_count": 25,
  "accepted_candidate_count": 22,
  "rejected_case_count": 3,
  "pending_case_count": 38,
  "one_request_per_attempted_case": true,
  "dynamic_retrieval": false,
  "homecheck_feedback": false,
  "semantic_correctness_status": "not_adjudicated",
  "usage": {
    "input_tokens": 5440866,
    "cached_input_tokens": 4632320,
    "output_tokens": 101659,
    "total_tokens": 5542525
  },
  "wall_seconds_sum": 2614.5652995380005,
  "api_cost_usd": null,
  "cost_note": "Provider billing is unavailable and is not inferred."
}
generation progress 1/1: V14-039 accepted
{
  "run_id": "exp_indep_63_v14_static_skill_luna_01",
  "status": "partial",
  "prepared_case_count": 63,
  "attempted_case_count": 30,
  "accepted_candidate_count": 27,
  "rejected_case_count": 3,
  "pending_case_count": 33,
  "one_request_per_attempted_case": true,
  "dynamic_retrieval": false,
  "homecheck_feedback": false,
  "semantic_correctness_status": "not_adjudicated",
  "usage": {
    "input_tokens": 6564903,
    "cached_input_tokens": 5543168,
    "output_tokens": 127787,
    "total_tokens": 6692690
  },
  "wall_seconds_sum": 3204.436329862001,
  "api_cost_usd": null,
  "cost_note": "Provider billing is unavailable and is not inferred."
}
generation progress 1/1: V14-006 accepted
{
  "run_id": "exp_indep_63_v14_static_skill_luna_01",
  "status": "partial",
  "prepared_case_count": 63,
  "attempted_case_count": 33,
  "accepted_candidate_count": 30,
  "rejected_case_count": 3,
  "pending_case_count": 30,
  "one_request_per_attempted_case": true,
  "dynamic_retrieval": false,
  "homecheck_feedback": false,
  "semantic_correctness_status": "not_adjudicated",
  "usage": {
    "input_tokens": 7085743,
    "cached_input_tokens": 5966592,
    "output_tokens": 136038,
    "total_tokens": 7221781
  },
  "wall_seconds_sum": 3447.7432430170084,
  "api_cost_usd": null,
  "cost_note": "Provider billing is unavailable and is not inferred."
}
generation progress 1/1: V14-005 accepted
{
  "run_id": "exp_indep_63_v14_static_skill_luna_01",
  "status": "partial",
  "prepared_case_count": 63,
  "attempted_case_count": 35,
  "accepted_candidate_count": 32,
  "rejected_case_count": 3,
  "pending_case_count": 28,
  "one_request_per_attempted_case": true,
  "dynamic_retrieval": false,
  "homecheck_feedback": false,
  "semantic_correctness_status": "not_adjudicated",
  "usage": {
    "input_tokens": 7426567,
    "cached_input_tokens": 6236672,
    "output_tokens": 141221,
    "total_tokens": 7567788
  },
  "wall_seconds_sum": 3578.507431435006,
  "api_cost_usd": null,
  "cost_note": "Provider billing is unavailable and is not inferred."
}
generation progress 1/1: V14-059 accepted
{
  "run_id": "exp_indep_63_v14_static_skill_luna_01",
  "status": "partial",
  "prepared_case_count": 63,
  "attempted_case_count": 38,
  "accepted_candidate_count": 35,
  "rejected_case_count": 3,
  "pending_case_count": 25,
  "one_request_per_attempted_case": true,
  "dynamic_retrieval": false,
  "homecheck_feedback": false,
  "semantic_correctness_status": "not_adjudicated",
  "usage": {
    "input_tokens": 8097512,
    "cached_input_tokens": 6824960,
    "output_tokens": 155594,
    "total_tokens": 8253106
  },
  "wall_seconds_sum": 3898.5686574310093,
  "api_cost_usd": null,
  "cost_note": "Provider billing is unavailable and is not inferred."
}
generation progress 1/1: V14-054 accepted
{
  "run_id": "exp_indep_63_v14_static_skill_luna_01",
  "status": "partial",
  "prepared_case_count": 63,
  "attempted_case_count": 42,
  "accepted_candidate_count": 38,
  "rejected_case_count": 4,
  "pending_case_count": 21,
  "one_request_per_attempted_case": true,
  "dynamic_retrieval": false,
  "homecheck_feedback": false,
  "semantic_correctness_status": "not_adjudicated",
  "usage": {
    "input_tokens": 8840019,
    "cached_input_tokens": 7457536,
    "output_tokens": 170223,
    "total_tokens": 9010242
  },
  "wall_seconds_sum": 4265.195976105999,
  "api_cost_usd": null,
  "cost_note": "Provider billing is unavailable and is not inferred."
}
generation progress 1/1: V14-019 accepted
{
  "run_id": "exp_indep_63_v14_static_skill_luna_01",
  "status": "partial",
  "prepared_case_count": 63,
  "attempted_case_count": 44,
  "accepted_candidate_count": 40,
  "rejected_case_count": 4,
  "pending_case_count": 19,
  "one_request_per_attempted_case": true,
  "dynamic_retrieval": false,
  "homecheck_feedback": false,
  "semantic_correctness_status": "not_adjudicated",
  "usage": {
    "input_tokens": 9164049,
    "cached_input_tokens": 7739648,
    "output_tokens": 176417,
    "total_tokens": 9340466
  },
  "wall_seconds_sum": 4414.257910577995,
  "api_cost_usd": null,
  "cost_note": "Provider billing is unavailable and is not inferred."
}
generation progress 1/1: V14-031 accepted
{
  "run_id": "exp_indep_63_v14_static_skill_luna_01",
  "status": "partial",
  "prepared_case_count": 63,
  "attempted_case_count": 48,
  "accepted_candidate_count": 44,
  "rejected_case_count": 4,
  "pending_case_count": 15,
  "one_request_per_attempted_case": true,
  "dynamic_retrieval": false,
  "homecheck_feedback": false,
  "semantic_correctness_status": "not_adjudicated",
  "usage": {
    "input_tokens": 10024726,
    "cached_input_tokens": 8468480,
    "output_tokens": 192278,
    "total_tokens": 10217004
  },
  "wall_seconds_sum": 4792.181413076993,
  "api_cost_usd": null,
  "cost_note": "Provider billing is unavailable and is not inferred."
}
generation progress 1/1: V14-053 accepted
{
  "run_id": "exp_indep_63_v14_static_skill_luna_01",
  "status": "partial",
  "prepared_case_count": 63,
  "attempted_case_count": 52,
  "accepted_candidate_count": 48,
  "rejected_case_count": 4,
  "pending_case_count": 11,
  "one_request_per_attempted_case": true,
  "dynamic_retrieval": false,
  "homecheck_feedback": false,
  "semantic_correctness_status": "not_adjudicated",
  "usage": {
    "input_tokens": 10942871,
    "cached_input_tokens": 9252096,
    "output_tokens": 207057,
    "total_tokens": 11149928
  },
  "wall_seconds_sum": 5143.366026113981,
  "api_cost_usd": null,
  "cost_note": "Provider billing is unavailable and is not inferred."
}
