[2026-08-07T15:15:47.148] [INFO] [1669417] [HomeCheck] - [ConfigUtils] Checking started.
[2026-08-07T15:15:47.149] [ERROR] [1669417] [HomeCheck] - [FileUtils] Error occurred while reading file list from .: Error: EISDIR: illegal operation on a directory, read
[2026-08-07T15:15:47.228] [INFO] [1669417] [HomeCheck] - [CheckEntry] File count: 242
[2026-08-07T15:15:47.231] [INFO] [1669417] [HomeCheck] - [CheckEntry] Build sceneConfig completed.
[2026-08-07T15:15:58.062] [INFO] [1669417] [HomeCheck] - [CheckEntry] Build scene completed.
[2026-08-07T15:15:59.053] [INFO] [1669417] [HomeCheck] - [CheckEntry] Infer types completed.
[2026-08-07T15:15:59.054] [INFO] [1669417] [HomeCheck] - [ConfigUtils] The npmPath:npm
[2026-08-07T15:15:59.054] [INFO] [1669417] [HomeCheck] - [ConfigUtils] The npmInstallDir:/home/zhihao/hdd/haprepair/homecheck
[2026-08-07T15:15:59.061] [INFO] [1669417] [HomeCheck] - [Message] ===== progress: 0% ======
[2026-08-07T15:15:59.061] [INFO] [1669417] [HomeCheck] - [Message] ===== progress: 0% ======
[2026-08-07T15:15:59.179] [ERROR] [1669417] [ArkAnalyzer] - [ViewTreeBuilder] ViewTree->viewComponentCreationParser not found class @%unk/%unk: ParallelizeUI. %8 = staticinvoke <@%unk/%unk: View.create()>(%7, %AM0$build)
[2026-08-07T15:15:59.179] [ERROR] [1669417] [ArkAnalyzer] - [ViewTreeBuilder] ViewTree->viewComponentCreationParser not found class @%unk/%unk: ParallelizeUI. %11 = staticinvoke <@%unk/%unk: View.create()>(%10, %AM4$build)
[2026-08-07T15:15:59.179] [ERROR] [1669417] [ArkAnalyzer] - [ViewTreeBuilder] ViewTree->viewComponentCreationParser not found class @%unk/%unk: ParallelizeUI. %14 = staticinvoke <@%unk/%unk: View.create()>(%13, %AM8$build)
[2026-08-07T15:15:59.180] [ERROR] [1669417] [ArkAnalyzer] - [ViewTreeBuilder] ViewTree->viewComponentCreationParser not found class @%unk/%unk: ParallelizeUI. %17 = staticinvoke <@%unk/%unk: View.create()>(%16, %AM12$build)
[2026-08-07T15:15:59.180] [ERROR] [1669417] [ArkAnalyzer] - [ViewTreeBuilder] ViewTree->viewComponentCreationParser not found class @%unk/%unk: ParallelizeUI. %20 = staticinvoke <@%unk/%unk: View.create()>(%19, %AM16$build)
[2026-08-07T15:15:59.180] [ERROR] [1669417] [ArkAnalyzer] - [ViewTreeBuilder] ViewTree->viewComponentCreationParser not found class @%unk/%unk: ParallelizeUI. %23 = staticinvoke <@%unk/%unk: View.create()>(%22, %AM20$build)
[2026-08-07T15:15:59.180] [ERROR] [1669417] [ArkAnalyzer] - [ViewTreeBuilder] ViewTree->viewComponentCreationParser not found class @%unk/%unk: ParallelizeUI. %26 = staticinvoke <@%unk/%unk: View.create()>(%25, %AM24$build)
[2026-08-07T15:15:59.180] [ERROR] [1669417] [ArkAnalyzer] - [ViewTreeBuilder] ViewTree->viewComponentCreationParser not found class @%unk/%unk: ParallelizeUI. %29 = staticinvoke <@%unk/%unk: View.create()>(%28, %AM28$build)
[2026-08-07T15:15:59.181] [ERROR] [1669417] [ArkAnalyzer] - [ViewTreeBuilder] ViewTree->viewComponentCreationParser not found class @%unk/%unk: ParallelizeUI. %32 = staticinvoke <@%unk/%unk: View.create()>(%31, %AM32$build)
[2026-08-07T15:15:59.181] [ERROR] [1669417] [ArkAnalyzer] - [ViewTreeBuilder] ViewTree->viewComponentCreationParser not found class @%unk/%unk: ParallelizeUI. %35 = staticinvoke <@%unk/%unk: View.create()>(%34, %AM36$build)
[2026-08-07T15:15:59.181] [ERROR] [1669417] [ArkAnalyzer] - [ViewTreeBuilder] ViewTree->viewComponentCreationParser not found class @%unk/%unk: ParallelizeUI. %38 = staticinvoke <@%unk/%unk: View.create()>(%37, %AM40$build)
[2026-08-07T15:15:59.181] [ERROR] [1669417] [ArkAnalyzer] - [ViewTreeBuilder] ViewTree->viewComponentCreationParser not found class @%unk/%unk: ParallelizeUI. %41 = staticinvoke <@%unk/%unk: View.create()>(%40, %AM44$build)
[2026-08-07T15:15:59.181] [ERROR] [1669417] [ArkAnalyzer] - [ViewTreeBuilder] ViewTree->viewComponentCreationParser not found class @%unk/%unk: ParallelizeUI. %44 = staticinvoke <@%unk/%unk: View.create()>(%43, %AM48$build)
[2026-08-07T15:15:59.181] [ERROR] [1669417] [ArkAnalyzer] - [ViewTreeBuilder] ViewTree->viewComponentCreationParser not found class @%unk/%unk: ParallelizeUI. %47 = staticinvoke <@%unk/%unk: View.create()>(%46, %AM52$build)
[2026-08-07T15:15:59.182] [ERROR] [1669417] [ArkAnalyzer] - [ViewTreeBuilder] ViewTree->viewComponentCreationParser not found class @%unk/%unk: ParallelizeUI. %50 = staticinvoke <@%unk/%unk: View.create()>(%49, %AM56$build)
[2026-08-07T15:15:59.182] [ERROR] [1669417] [ArkAnalyzer] - [ViewTreeBuilder] ViewTree->viewComponentCreationParser not found class @%unk/%unk: ParallelizeUI. %53 = staticinvoke <@%unk/%unk: View.create()>(%52, %AM60$build)
[2026-08-07T15:15:59.182] [ERROR] [1669417] [ArkAnalyzer] - [ViewTreeBuilder] ViewTree->viewComponentCreationParser not found class @%unk/%unk: ParallelizeUI. %56 = staticinvoke <@%unk/%unk: View.create()>(%55, %AM64$build)
[2026-08-07T15:15:59.182] [ERROR] [1669417] [ArkAnalyzer] - [ViewTreeBuilder] ViewTree->viewComponentCreationParser not found class @%unk/%unk: ParallelizeUI. %59 = staticinvoke <@%unk/%unk: View.create()>(%58, %AM68$build)
[2026-08-07T15:15:59.182] [ERROR] [1669417] [ArkAnalyzer] - [ViewTreeBuilder] ViewTree->viewComponentCreationParser not found class @%unk/%unk: ParallelizeUI. %62 = staticinvoke <@%unk/%unk: View.create()>(%61, %AM72$build)
[2026-08-07T15:15:59.182] [ERROR] [1669417] [ArkAnalyzer] - [ViewTreeBuilder] ViewTree->viewComponentCreationParser not found class @%unk/%unk: ParallelizeUI. %65 = staticinvoke <@%unk/%unk: View.create()>(%64, %AM76$build)
[2026-08-07T15:15:59.220] [ERROR] [1669417] [ArkAnalyzer] - [ViewTreeBuilder] ViewTree->viewComponentCreationParser not found class @%unk/%unk: ParallelizeUI. %8 = staticinvoke <@%unk/%unk: View.create()>(%7, %AM0$build)
[2026-08-07T15:15:59.220] [ERROR] [1669417] [ArkAnalyzer] - [ViewTreeBuilder] ViewTree->viewComponentCreationParser not found class @%unk/%unk: ParallelizeUI. %11 = staticinvoke <@%unk/%unk: View.create()>(%10, %AM2$build)
[2026-08-07T15:15:59.221] [ERROR] [1669417] [ArkAnalyzer] - [ViewTreeBuilder] ViewTree->viewComponentCreationParser not found class @%unk/%unk: ParallelizeUI. %14 = staticinvoke <@%unk/%unk: View.create()>(%13, %AM4$build)
[2026-08-07T15:15:59.221] [ERROR] [1669417] [ArkAnalyzer] - [ViewTreeBuilder] ViewTree->viewComponentCreationParser not found class @%unk/%unk: ParallelizeUI. %17 = staticinvoke <@%unk/%unk: View.create()>(%16, %AM6$build)
[2026-08-07T15:15:59.221] [ERROR] [1669417] [ArkAnalyzer] - [ViewTreeBuilder] ViewTree->viewComponentCreationParser not found class @%unk/%unk: ParallelizeUI. %20 = staticinvoke <@%unk/%unk: View.create()>(%19, %AM8$build)
[2026-08-07T15:15:59.221] [ERROR] [1669417] [ArkAnalyzer] - [ViewTreeBuilder] ViewTree->viewComponentCreationParser not found class @%unk/%unk: ParallelizeUI. %23 = staticinvoke <@%unk/%unk: View.create()>(%22, %AM10$build)
[2026-08-07T15:15:59.221] [ERROR] [1669417] [ArkAnalyzer] - [ViewTreeBuilder] ViewTree->viewComponentCreationParser not found class @%unk/%unk: ParallelizeUI. %26 = staticinvoke <@%unk/%unk: View.create()>(%25, %AM12$build)
[2026-08-07T15:15:59.221] [ERROR] [1669417] [ArkAnalyzer] - [ViewTreeBuilder] ViewTree->viewComponentCreationParser not found class @%unk/%unk: ParallelizeUI. %29 = staticinvoke <@%unk/%unk: View.create()>(%28, %AM14$build)
[2026-08-07T15:15:59.221] [ERROR] [1669417] [ArkAnalyzer] - [ViewTreeBuilder] ViewTree->viewComponentCreationParser not found class @%unk/%unk: ParallelizeUI. %32 = staticinvoke <@%unk/%unk: View.create()>(%31, %AM16$build)
[2026-08-07T15:15:59.221] [ERROR] [1669417] [ArkAnalyzer] - [ViewTreeBuilder] ViewTree->viewComponentCreationParser not found class @%unk/%unk: ParallelizeUI. %35 = staticinvoke <@%unk/%unk: View.create()>(%34, %AM18$build)
[2026-08-07T15:15:59.222] [ERROR] [1669417] [ArkAnalyzer] - [ViewTreeBuilder] ViewTree->viewComponentCreationParser not found class @%unk/%unk: ParallelizeUI. %38 = staticinvoke <@%unk/%unk: View.create()>(%37, %AM20$build)
[2026-08-07T15:15:59.222] [ERROR] [1669417] [ArkAnalyzer] - [ViewTreeBuilder] ViewTree->viewComponentCreationParser not found class @%unk/%unk: ParallelizeUI. %41 = staticinvoke <@%unk/%unk: View.create()>(%40, %AM22$build)
[2026-08-07T15:15:59.222] [ERROR] [1669417] [ArkAnalyzer] - [ViewTreeBuilder] ViewTree->viewComponentCreationParser not found class @%unk/%unk: ParallelizeUI. %44 = staticinvoke <@%unk/%unk: View.create()>(%43, %AM24$build)
[2026-08-07T15:15:59.222] [ERROR] [1669417] [ArkAnalyzer] - [ViewTreeBuilder] ViewTree->viewComponentCreationParser not found class @%unk/%unk: ParallelizeUI. %47 = staticinvoke <@%unk/%unk: View.create()>(%46, %AM26$build)
[2026-08-07T15:15:59.222] [ERROR] [1669417] [ArkAnalyzer] - [ViewTreeBuilder] ViewTree->viewComponentCreationParser not found class @%unk/%unk: ParallelizeUI. %50 = staticinvoke <@%unk/%unk: View.create()>(%49, %AM28$build)
[2026-08-07T15:15:59.222] [ERROR] [1669417] [ArkAnalyzer] - [ViewTreeBuilder] ViewTree->viewComponentCreationParser not found class @%unk/%unk: ParallelizeUI. %53 = staticinvoke <@%unk/%unk: View.create()>(%52, %AM30$build)
[2026-08-07T15:15:59.222] [ERROR] [1669417] [ArkAnalyzer] - [ViewTreeBuilder] ViewTree->viewComponentCreationParser not found class @%unk/%unk: ParallelizeUI. %56 = staticinvoke <@%unk/%unk: View.create()>(%55, %AM32$build)
[2026-08-07T15:15:59.222] [ERROR] [1669417] [ArkAnalyzer] - [ViewTreeBuilder] ViewTree->viewComponentCreationParser not found class @%unk/%unk: ParallelizeUI. %59 = staticinvoke <@%unk/%unk: View.create()>(%58, %AM34$build)
[2026-08-07T15:15:59.223] [ERROR] [1669417] [ArkAnalyzer] - [ViewTreeBuilder] ViewTree->viewComponentCreationParser not found class @%unk/%unk: ParallelizeUI. %62 = staticinvoke <@%unk/%unk: View.create()>(%61, %AM36$build)
[2026-08-07T15:15:59.223] [ERROR] [1669417] [ArkAnalyzer] - [ViewTreeBuilder] ViewTree->viewComponentCreationParser not found class @%unk/%unk: ParallelizeUI. %65 = staticinvoke <@%unk/%unk: View.create()>(%64, %AM38$build)
[2026-08-07T15:15:59.250] [INFO] [1669417] [HomeCheck] - [Message] ===== progress: 20% ======
[2026-08-07T15:15:59.254] [INFO] [1669417] [HomeCheck] - [Message] ===== progress: 20% ======
[2026-08-07T15:15:59.254] [INFO] [1669417] [HomeCheck] - [Message] ===== progress: 20% ======
[2026-08-07T15:15:59.330] [INFO] [1669417] [HomeCheck] - [Message] ===== progress: 40% ======
[2026-08-07T15:15:59.332] [INFO] [1669417] [HomeCheck] - [Message] ===== progress: 40% ======
[2026-08-07T15:15:59.363] [ERROR] [1669417] [ArkAnalyzer] - [ViewTreeBuilder] ViewTree->viewComponentCreationParser not found class @%unk/%unk: ParallelizeUI. %8 = staticinvoke <@%unk/%unk: View.create()>(%7, %AM0$build)
[2026-08-07T15:15:59.364] [ERROR] [1669417] [ArkAnalyzer] - [ViewTreeBuilder] ViewTree->viewComponentCreationParser not found class @%unk/%unk: ParallelizeUI. %11 = staticinvoke <@%unk/%unk: View.create()>(%10, %AM2$build)
[2026-08-07T15:15:59.364] [ERROR] [1669417] [ArkAnalyzer] - [ViewTreeBuilder] ViewTree->viewComponentCreationParser not found class @%unk/%unk: ParallelizeUI. %14 = staticinvoke <@%unk/%unk: View.create()>(%13, %AM4$build)
[2026-08-07T15:15:59.364] [ERROR] [1669417] [ArkAnalyzer] - [ViewTreeBuilder] ViewTree->viewComponentCreationParser not found class @%unk/%unk: ParallelizeUI. %17 = staticinvoke <@%unk/%unk: View.create()>(%16, %AM6$build)
[2026-08-07T15:15:59.364] [ERROR] [1669417] [ArkAnalyzer] - [ViewTreeBuilder] ViewTree->viewComponentCreationParser not found class @%unk/%unk: ParallelizeUI. %20 = staticinvoke <@%unk/%unk: View.create()>(%19, %AM8$build)
[2026-08-07T15:15:59.364] [ERROR] [1669417] [ArkAnalyzer] - [ViewTreeBuilder] ViewTree->viewComponentCreationParser not found class @%unk/%unk: ParallelizeUI. %23 = staticinvoke <@%unk/%unk: View.create()>(%22, %AM10$build)
[2026-08-07T15:15:59.364] [ERROR] [1669417] [ArkAnalyzer] - [ViewTreeBuilder] ViewTree->viewComponentCreationParser not found class @%unk/%unk: ParallelizeUI. %26 = staticinvoke <@%unk/%unk: View.create()>(%25, %AM12$build)
[2026-08-07T15:15:59.364] [ERROR] [1669417] [ArkAnalyzer] - [ViewTreeBuilder] ViewTree->viewComponentCreationParser not found class @%unk/%unk: ParallelizeUI. %29 = staticinvoke <@%unk/%unk: View.create()>(%28, %AM14$build)
[2026-08-07T15:15:59.364] [ERROR] [1669417] [ArkAnalyzer] - [ViewTreeBuilder] ViewTree->viewComponentCreationParser not found class @%unk/%unk: ParallelizeUI. %32 = staticinvoke <@%unk/%unk: View.create()>(%31, %AM16$build)
[2026-08-07T15:15:59.365] [ERROR] [1669417] [ArkAnalyzer] - [ViewTreeBuilder] ViewTree->viewComponentCreationParser not found class @%unk/%unk: ParallelizeUI. %35 = staticinvoke <@%unk/%unk: View.create()>(%34, %AM18$build)
[2026-08-07T15:15:59.365] [ERROR] [1669417] [ArkAnalyzer] - [ViewTreeBuilder] ViewTree->viewComponentCreationParser not found class @%unk/%unk: ParallelizeUI. %38 = staticinvoke <@%unk/%unk: View.create()>(%37, %AM20$build)
[2026-08-07T15:15:59.365] [ERROR] [1669417] [ArkAnalyzer] - [ViewTreeBuilder] ViewTree->viewComponentCreationParser not found class @%unk/%unk: ParallelizeUI. %41 = staticinvoke <@%unk/%unk: View.create()>(%40, %AM22$build)
[2026-08-07T15:15:59.365] [ERROR] [1669417] [ArkAnalyzer] - [ViewTreeBuilder] ViewTree->viewComponentCreationParser not found class @%unk/%unk: ParallelizeUI. %44 = staticinvoke <@%unk/%unk: View.create()>(%43, %AM24$build)
[2026-08-07T15:15:59.365] [ERROR] [1669417] [ArkAnalyzer] - [ViewTreeBuilder] ViewTree->viewComponentCreationParser not found class @%unk/%unk: ParallelizeUI. %47 = staticinvoke <@%unk/%unk: View.create()>(%46, %AM26$build)
[2026-08-07T15:15:59.365] [ERROR] [1669417] [ArkAnalyzer] - [ViewTreeBuilder] ViewTree->viewComponentCreationParser not found class @%unk/%unk: ParallelizeUI. %50 = staticinvoke <@%unk/%unk: View.create()>(%49, %AM28$build)
[2026-08-07T15:15:59.365] [ERROR] [1669417] [ArkAnalyzer] - [ViewTreeBuilder] ViewTree->viewComponentCreationParser not found class @%unk/%unk: ParallelizeUI. %53 = staticinvoke <@%unk/%unk: View.create()>(%52, %AM30$build)
[2026-08-07T15:15:59.365] [ERROR] [1669417] [ArkAnalyzer] - [ViewTreeBuilder] ViewTree->viewComponentCreationParser not found class @%unk/%unk: ParallelizeUI. %56 = staticinvoke <@%unk/%unk: View.create()>(%55, %AM32$build)
[2026-08-07T15:15:59.365] [ERROR] [1669417] [ArkAnalyzer] - [ViewTreeBuilder] ViewTree->viewComponentCreationParser not found class @%unk/%unk: ParallelizeUI. %59 = staticinvoke <@%unk/%unk: View.create()>(%58, %AM34$build)
[2026-08-07T15:15:59.366] [ERROR] [1669417] [ArkAnalyzer] - [ViewTreeBuilder] ViewTree->viewComponentCreationParser not found class @%unk/%unk: ParallelizeUI. %62 = staticinvoke <@%unk/%unk: View.create()>(%61, %AM36$build)
[2026-08-07T15:15:59.366] [ERROR] [1669417] [ArkAnalyzer] - [ViewTreeBuilder] ViewTree->viewComponentCreationParser not found class @%unk/%unk: ParallelizeUI. %65 = staticinvoke <@%unk/%unk: View.create()>(%64, %AM38$build)
[2026-08-07T15:15:59.410] [ERROR] [1669417] [ArkAnalyzer] - [ViewTreeBuilder] ViewTree->viewComponentCreationParser not found class @%unk/%unk: ParallelizeUI. %8 = staticinvoke <@%unk/%unk: View.create()>(%7, %AM0$build)
[2026-08-07T15:15:59.411] [ERROR] [1669417] [ArkAnalyzer] - [ViewTreeBuilder] ViewTree->viewComponentCreationParser not found class @%unk/%unk: ParallelizeUI. %11 = staticinvoke <@%unk/%unk: View.create()>(%10, %AM2$build)
[2026-08-07T15:15:59.411] [ERROR] [1669417] [ArkAnalyzer] - [ViewTreeBuilder] ViewTree->viewComponentCreationParser not found class @%unk/%unk: ParallelizeUI. %14 = staticinvoke <@%unk/%unk: View.create()>(%13, %AM4$build)
[2026-08-07T15:15:59.411] [ERROR] [1669417] [ArkAnalyzer] - [ViewTreeBuilder] ViewTree->viewComponentCreationParser not found class @%unk/%unk: ParallelizeUI. %17 = staticinvoke <@%unk/%unk: View.create()>(%16, %AM6$build)
[2026-08-07T15:15:59.411] [ERROR] [1669417] [ArkAnalyzer] - [ViewTreeBuilder] ViewTree->viewComponentCreationParser not found class @%unk/%unk: ParallelizeUI. %20 = staticinvoke <@%unk/%unk: View.create()>(%19, %AM8$build)
[2026-08-07T15:15:59.411] [ERROR] [1669417] [ArkAnalyzer] - [ViewTreeBuilder] ViewTree->viewComponentCreationParser not found class @%unk/%unk: ParallelizeUI. %23 = staticinvoke <@%unk/%unk: View.create()>(%22, %AM10$build)
[2026-08-07T15:15:59.411] [ERROR] [1669417] [ArkAnalyzer] - [ViewTreeBuilder] ViewTree->viewComponentCreationParser not found class @%unk/%unk: ParallelizeUI. %26 = staticinvoke <@%unk/%unk: View.create()>(%25, %AM12$build)
[2026-08-07T15:15:59.411] [ERROR] [1669417] [ArkAnalyzer] - [ViewTreeBuilder] ViewTree->viewComponentCreationParser not found class @%unk/%unk: ParallelizeUI. %29 = staticinvoke <@%unk/%unk: View.create()>(%28, %AM14$build)
[2026-08-07T15:15:59.412] [ERROR] [1669417] [ArkAnalyzer] - [ViewTreeBuilder] ViewTree->viewComponentCreationParser not found class @%unk/%unk: ParallelizeUI. %32 = staticinvoke <@%unk/%unk: View.create()>(%31, %AM16$build)
[2026-08-07T15:15:59.412] [ERROR] [1669417] [ArkAnalyzer] - [ViewTreeBuilder] ViewTree->viewComponentCreationParser not found class @%unk/%unk: ParallelizeUI. %35 = staticinvoke <@%unk/%unk: View.create()>(%34, %AM18$build)
[2026-08-07T15:15:59.412] [ERROR] [1669417] [ArkAnalyzer] - [ViewTreeBuilder] ViewTree->viewComponentCreationParser not found class @%unk/%unk: ParallelizeUI. %38 = staticinvoke <@%unk/%unk: View.create()>(%37, %AM20$build)
[2026-08-07T15:15:59.412] [ERROR] [1669417] [ArkAnalyzer] - [ViewTreeBuilder] ViewTree->viewComponentCreationParser not found class @%unk/%unk: ParallelizeUI. %41 = staticinvoke <@%unk/%unk: View.create()>(%40, %AM22$build)
[2026-08-07T15:15:59.412] [ERROR] [1669417] [ArkAnalyzer] - [ViewTreeBuilder] ViewTree->viewComponentCreationParser not found class @%unk/%unk: ParallelizeUI. %44 = staticinvoke <@%unk/%unk: View.create()>(%43, %AM24$build)
[2026-08-07T15:15:59.412] [ERROR] [1669417] [ArkAnalyzer] - [ViewTreeBuilder] ViewTree->viewComponentCreationParser not found class @%unk/%unk: ParallelizeUI. %47 = staticinvoke <@%unk/%unk: View.create()>(%46, %AM26$build)
[2026-08-07T15:15:59.412] [ERROR] [1669417] [ArkAnalyzer] - [ViewTreeBuilder] ViewTree->viewComponentCreationParser not found class @%unk/%unk: ParallelizeUI. %50 = staticinvoke <@%unk/%unk: View.create()>(%49, %AM28$build)
[2026-08-07T15:15:59.412] [ERROR] [1669417] [ArkAnalyzer] - [ViewTreeBuilder] ViewTree->viewComponentCreationParser not found class @%unk/%unk: ParallelizeUI. %53 = staticinvoke <@%unk/%unk: View.create()>(%52, %AM30$build)
[2026-08-07T15:15:59.412] [ERROR] [1669417] [ArkAnalyzer] - [ViewTreeBuilder] ViewTree->viewComponentCreationParser not found class @%unk/%unk: ParallelizeUI. %56 = staticinvoke <@%unk/%unk: View.create()>(%55, %AM32$build)
[2026-08-07T15:15:59.413] [ERROR] [1669417] [ArkAnalyzer] - [ViewTreeBuilder] ViewTree->viewComponentCreationParser not found class @%unk/%unk: ParallelizeUI. %59 = staticinvoke <@%unk/%unk: View.create()>(%58, %AM34$build)
[2026-08-07T15:15:59.413] [ERROR] [1669417] [ArkAnalyzer] - [ViewTreeBuilder] ViewTree->viewComponentCreationParser not found class @%unk/%unk: ParallelizeUI. %62 = staticinvoke <@%unk/%unk: View.create()>(%61, %AM36$build)
[2026-08-07T15:15:59.413] [ERROR] [1669417] [ArkAnalyzer] - [ViewTreeBuilder] ViewTree->viewComponentCreationParser not found class @%unk/%unk: ParallelizeUI. %65 = staticinvoke <@%unk/%unk: View.create()>(%64, %AM38$build)
[2026-08-07T15:15:59.456] [INFO] [1669417] [HomeCheck] - [Message] ===== progress: 60% ======
[2026-08-07T15:15:59.458] [INFO] [1669417] [HomeCheck] - [Message] ===== progress: 60% ======
[2026-08-07T15:15:59.459] [INFO] [1669417] [HomeCheck] - [Message] ===== progress: 60% ======
[2026-08-07T15:15:59.464] [ERROR] [1669417] [ArkAnalyzer] - [ViewTreeBuilder] ViewTree->viewComponentCreationParser not found class @%unk/%unk: ParallelizeUI. %8 = staticinvoke <@%unk/%unk: View.create()>(%7, %AM0$build)
[2026-08-07T15:15:59.465] [ERROR] [1669417] [ArkAnalyzer] - [ViewTreeBuilder] ViewTree->viewComponentCreationParser not found class @%unk/%unk: ParallelizeUI. %11 = staticinvoke <@%unk/%unk: View.create()>(%10, %AM3$build)
[2026-08-07T15:15:59.465] [ERROR] [1669417] [ArkAnalyzer] - [ViewTreeBuilder] ViewTree->viewComponentCreationParser not found class @%unk/%unk: ParallelizeUI. %14 = staticinvoke <@%unk/%unk: View.create()>(%13, %AM5$build)
[2026-08-07T15:15:59.465] [ERROR] [1669417] [ArkAnalyzer] - [ViewTreeBuilder] ViewTree->viewComponentCreationParser not found class @%unk/%unk: ParallelizeUI. %17 = staticinvoke <@%unk/%unk: View.create()>(%16, %AM8$build)
[2026-08-07T15:15:59.465] [ERROR] [1669417] [ArkAnalyzer] - [ViewTreeBuilder] ViewTree->viewComponentCreationParser not found class @%unk/%unk: ParallelizeUI. %20 = staticinvoke <@%unk/%unk: View.create()>(%19, %AM10$build)
[2026-08-07T15:15:59.465] [ERROR] [1669417] [ArkAnalyzer] - [ViewTreeBuilder] ViewTree->viewComponentCreationParser not found class @%unk/%unk: ParallelizeUI. %23 = staticinvoke <@%unk/%unk: View.create()>(%22, %AM12$build)
[2026-08-07T15:15:59.465] [ERROR] [1669417] [ArkAnalyzer] - [ViewTreeBuilder] ViewTree->viewComponentCreationParser not found class @%unk/%unk: ParallelizeUI. %26 = staticinvoke <@%unk/%unk: View.create()>(%25, %AM14$build)
[2026-08-07T15:15:59.465] [ERROR] [1669417] [ArkAnalyzer] - [ViewTreeBuilder] ViewTree->viewComponentCreationParser not found class @%unk/%unk: ParallelizeUI. %29 = staticinvoke <@%unk/%unk: View.create()>(%28, %AM16$build)
[2026-08-07T15:15:59.465] [ERROR] [1669417] [ArkAnalyzer] - [ViewTreeBuilder] ViewTree->viewComponentCreationParser not found class @%unk/%unk: ParallelizeUI. %32 = staticinvoke <@%unk/%unk: View.create()>(%31, %AM18$build)
[2026-08-07T15:15:59.466] [ERROR] [1669417] [ArkAnalyzer] - [ViewTreeBuilder] ViewTree->viewComponentCreationParser not found class @%unk/%unk: ParallelizeUI. %35 = staticinvoke <@%unk/%unk: View.create()>(%34, %AM20$build)
[2026-08-07T15:15:59.466] [ERROR] [1669417] [ArkAnalyzer] - [ViewTreeBuilder] ViewTree->viewComponentCreationParser not found class @%unk/%unk: ParallelizeUI. %38 = staticinvoke <@%unk/%unk: View.create()>(%37, %AM22$build)
[2026-08-07T15:15:59.466] [ERROR] [1669417] [ArkAnalyzer] - [ViewTreeBuilder] ViewTree->viewComponentCreationParser not found class @%unk/%unk: ParallelizeUI. %41 = staticinvoke <@%unk/%unk: View.create()>(%40, %AM24$build)
[2026-08-07T15:15:59.466] [ERROR] [1669417] [ArkAnalyzer] - [ViewTreeBuilder] ViewTree->viewComponentCreationParser not found class @%unk/%unk: ParallelizeUI. %44 = staticinvoke <@%unk/%unk: View.create()>(%43, %AM26$build)
[2026-08-07T15:15:59.466] [ERROR] [1669417] [ArkAnalyzer] - [ViewTreeBuilder] ViewTree->viewComponentCreationParser not found class @%unk/%unk: ParallelizeUI. %47 = staticinvoke <@%unk/%unk: View.create()>(%46, %AM28$build)
[2026-08-07T15:15:59.466] [ERROR] [1669417] [ArkAnalyzer] - [ViewTreeBuilder] ViewTree->viewComponentCreationParser not found class @%unk/%unk: ParallelizeUI. %50 = staticinvoke <@%unk/%unk: View.create()>(%49, %AM30$build)
[2026-08-07T15:15:59.466] [ERROR] [1669417] [ArkAnalyzer] - [ViewTreeBuilder] ViewTree->viewComponentCreationParser not found class @%unk/%unk: ParallelizeUI. %53 = staticinvoke <@%unk/%unk: View.create()>(%52, %AM32$build)
[2026-08-07T15:15:59.466] [ERROR] [1669417] [ArkAnalyzer] - [ViewTreeBuilder] ViewTree->viewComponentCreationParser not found class @%unk/%unk: ParallelizeUI. %56 = staticinvoke <@%unk/%unk: View.create()>(%55, %AM34$build)
[2026-08-07T15:15:59.467] [ERROR] [1669417] [ArkAnalyzer] - [ViewTreeBuilder] ViewTree->viewComponentCreationParser not found class @%unk/%unk: ParallelizeUI. %59 = staticinvoke <@%unk/%unk: View.create()>(%58, %AM36$build)
[2026-08-07T15:15:59.467] [ERROR] [1669417] [ArkAnalyzer] - [ViewTreeBuilder] ViewTree->viewComponentCreationParser not found class @%unk/%unk: ParallelizeUI. %62 = staticinvoke <@%unk/%unk: View.create()>(%61, %AM38$build)
[2026-08-07T15:15:59.467] [ERROR] [1669417] [ArkAnalyzer] - [ViewTreeBuilder] ViewTree->viewComponentCreationParser not found class @%unk/%unk: ParallelizeUI. %65 = staticinvoke <@%unk/%unk: View.create()>(%64, %AM40$build)
[2026-08-07T15:15:59.467] [ERROR] [1669417] [ArkAnalyzer] - [ViewTreeBuilder] ViewTree->viewComponentCreationParser not found class @%unk/%unk: ParallelizeUI. %68 = staticinvoke <@%unk/%unk: View.create()>(%67, %AM42$build)
[2026-08-07T15:15:59.532] [ERROR] [1669417] [ArkAnalyzer] - [ViewTreeBuilder] ViewTree->viewComponentCreationParser not found class @%unk/%unk: ParallelizeUI. %8 = staticinvoke <@%unk/%unk: View.create()>(%7, %AM0$build)
[2026-08-07T15:15:59.533] [ERROR] [1669417] [ArkAnalyzer] - [ViewTreeBuilder] ViewTree->viewComponentCreationParser not found class @%unk/%unk: ParallelizeUI. %11 = staticinvoke <@%unk/%unk: View.create()>(%10, %AM2$build)
[2026-08-07T15:15:59.533] [ERROR] [1669417] [ArkAnalyzer] - [ViewTreeBuilder] ViewTree->viewComponentCreationParser not found class @%unk/%unk: ParallelizeUI. %14 = staticinvoke <@%unk/%unk: View.create()>(%13, %AM4$build)
[2026-08-07T15:15:59.533] [ERROR] [1669417] [ArkAnalyzer] - [ViewTreeBuilder] ViewTree->viewComponentCreationParser not found class @%unk/%unk: ParallelizeUI. %17 = staticinvoke <@%unk/%unk: View.create()>(%16, %AM6$build)
[2026-08-07T15:15:59.533] [ERROR] [1669417] [ArkAnalyzer] - [ViewTreeBuilder] ViewTree->viewComponentCreationParser not found class @%unk/%unk: ParallelizeUI. %20 = staticinvoke <@%unk/%unk: View.create()>(%19, %AM8$build)
[2026-08-07T15:15:59.533] [ERROR] [1669417] [ArkAnalyzer] - [ViewTreeBuilder] ViewTree->viewComponentCreationParser not found class @%unk/%unk: ParallelizeUI. %23 = staticinvoke <@%unk/%unk: View.create()>(%22, %AM10$build)
[2026-08-07T15:15:59.533] [ERROR] [1669417] [ArkAnalyzer] - [ViewTreeBuilder] ViewTree->viewComponentCreationParser not found class @%unk/%unk: ParallelizeUI. %26 = staticinvoke <@%unk/%unk: View.create()>(%25, %AM12$build)
[2026-08-07T15:15:59.533] [ERROR] [1669417] [ArkAnalyzer] - [ViewTreeBuilder] ViewTree->viewComponentCreationParser not found class @%unk/%unk: ParallelizeUI. %29 = staticinvoke <@%unk/%unk: View.create()>(%28, %AM14$build)
[2026-08-07T15:15:59.533] [ERROR] [1669417] [ArkAnalyzer] - [ViewTreeBuilder] ViewTree->viewComponentCreationParser not found class @%unk/%unk: ParallelizeUI. %32 = staticinvoke <@%unk/%unk: View.create()>(%31, %AM16$build)
[2026-08-07T15:15:59.534] [ERROR] [1669417] [ArkAnalyzer] - [ViewTreeBuilder] ViewTree->viewComponentCreationParser not found class @%unk/%unk: ParallelizeUI. %35 = staticinvoke <@%unk/%unk: View.create()>(%34, %AM18$build)
[2026-08-07T15:15:59.534] [ERROR] [1669417] [ArkAnalyzer] - [ViewTreeBuilder] ViewTree->viewComponentCreationParser not found class @%unk/%unk: ParallelizeUI. %38 = staticinvoke <@%unk/%unk: View.create()>(%37, %AM20$build)
[2026-08-07T15:15:59.534] [ERROR] [1669417] [ArkAnalyzer] - [ViewTreeBuilder] ViewTree->viewComponentCreationParser not found class @%unk/%unk: ParallelizeUI. %41 = staticinvoke <@%unk/%unk: View.create()>(%40, %AM22$build)
[2026-08-07T15:15:59.534] [ERROR] [1669417] [ArkAnalyzer] - [ViewTreeBuilder] ViewTree->viewComponentCreationParser not found class @%unk/%unk: ParallelizeUI. %44 = staticinvoke <@%unk/%unk: View.create()>(%43, %AM24$build)
[2026-08-07T15:15:59.534] [ERROR] [1669417] [ArkAnalyzer] - [ViewTreeBuilder] ViewTree->viewComponentCreationParser not found class @%unk/%unk: ParallelizeUI. %47 = staticinvoke <@%unk/%unk: View.create()>(%46, %AM26$build)
[2026-08-07T15:15:59.534] [ERROR] [1669417] [ArkAnalyzer] - [ViewTreeBuilder] ViewTree->viewComponentCreationParser not found class @%unk/%unk: ParallelizeUI. %50 = staticinvoke <@%unk/%unk: View.create()>(%49, %AM28$build)
[2026-08-07T15:15:59.534] [ERROR] [1669417] [ArkAnalyzer] - [ViewTreeBuilder] ViewTree->viewComponentCreationParser not found class @%unk/%unk: ParallelizeUI. %53 = staticinvoke <@%unk/%unk: View.create()>(%52, %AM30$build)
[2026-08-07T15:15:59.534] [ERROR] [1669417] [ArkAnalyzer] - [ViewTreeBuilder] ViewTree->viewComponentCreationParser not found class @%unk/%unk: ParallelizeUI. %56 = staticinvoke <@%unk/%unk: View.create()>(%55, %AM32$build)
[2026-08-07T15:15:59.534] [ERROR] [1669417] [ArkAnalyzer] - [ViewTreeBuilder] ViewTree->viewComponentCreationParser not found class @%unk/%unk: ParallelizeUI. %59 = staticinvoke <@%unk/%unk: View.create()>(%58, %AM34$build)
[2026-08-07T15:15:59.535] [ERROR] [1669417] [ArkAnalyzer] - [ViewTreeBuilder] ViewTree->viewComponentCreationParser not found class @%unk/%unk: ParallelizeUI. %62 = staticinvoke <@%unk/%unk: View.create()>(%61, %AM36$build)
[2026-08-07T15:15:59.535] [ERROR] [1669417] [ArkAnalyzer] - [ViewTreeBuilder] ViewTree->viewComponentCreationParser not found class @%unk/%unk: ParallelizeUI. %65 = staticinvoke <@%unk/%unk: View.create()>(%64, %AM38$build)
[2026-08-07T15:15:59.543] [INFO] [1669417] [HomeCheck] - [Message] ===== progress: 80% ======
[2026-08-07T15:15:59.543] [INFO] [1669417] [HomeCheck] - [Message] ===== progress: 80% ======
[2026-08-07T15:15:59.573] [INFO] [1669417] [HomeCheck] - [Message] ===== progress: 100% ======
[2026-08-07T15:15:59.574] [INFO] [1669417] [HomeCheck] - [CheckEntry] 121 issues from checker - @performance/foreach-args-check
[2026-08-07T15:15:59.575] [INFO] [1669417] [HomeCheck] - [Main] Checking completed.
[2026-08-07T15:15:59.576] [INFO] [1669417] [HomeCheck] - [Main] HomeCheck took: 12.438 s.
