[2026-08-07T15:28:03.878] [INFO] [1737474] [HomeCheck] - [ConfigUtils] Checking started.
[2026-08-07T15:28:03.880] [ERROR] [1737474] [HomeCheck] - [FileUtils] Error occurred while reading file list from .: Error: EISDIR: illegal operation on a directory, read
[2026-08-07T15:28:03.959] [INFO] [1737474] [HomeCheck] - [CheckEntry] File count: 242
[2026-08-07T15:28:03.961] [INFO] [1737474] [HomeCheck] - [CheckEntry] Build sceneConfig completed.
[2026-08-07T15:28:14.601] [INFO] [1737474] [HomeCheck] - [CheckEntry] Build scene completed.
[2026-08-07T15:28:15.590] [INFO] [1737474] [HomeCheck] - [CheckEntry] Infer types completed.
[2026-08-07T15:28:15.592] [INFO] [1737474] [HomeCheck] - [ConfigUtils] The npmPath:npm
[2026-08-07T15:28:15.592] [INFO] [1737474] [HomeCheck] - [ConfigUtils] The npmInstallDir:/home/zhihao/hdd/haprepair/homecheck
[2026-08-07T15:28:15.598] [INFO] [1737474] [HomeCheck] - [Message] ===== progress: 0% ======
[2026-08-07T15:28:15.599] [INFO] [1737474] [HomeCheck] - [Message] ===== progress: 0% ======
[2026-08-07T15:28:15.720] [ERROR] [1737474] [ArkAnalyzer] - [ViewTreeBuilder] ViewTree->viewComponentCreationParser not found class @%unk/%unk: ParallelizeUI. %8 = staticinvoke <@%unk/%unk: View.create()>(%7, %AM0$build)
[2026-08-07T15:28:15.720] [ERROR] [1737474] [ArkAnalyzer] - [ViewTreeBuilder] ViewTree->viewComponentCreationParser not found class @%unk/%unk: ParallelizeUI. %11 = staticinvoke <@%unk/%unk: View.create()>(%10, %AM4$build)
[2026-08-07T15:28:15.720] [ERROR] [1737474] [ArkAnalyzer] - [ViewTreeBuilder] ViewTree->viewComponentCreationParser not found class @%unk/%unk: ParallelizeUI. %14 = staticinvoke <@%unk/%unk: View.create()>(%13, %AM8$build)
[2026-08-07T15:28:15.720] [ERROR] [1737474] [ArkAnalyzer] - [ViewTreeBuilder] ViewTree->viewComponentCreationParser not found class @%unk/%unk: ParallelizeUI. %17 = staticinvoke <@%unk/%unk: View.create()>(%16, %AM12$build)
[2026-08-07T15:28:15.721] [ERROR] [1737474] [ArkAnalyzer] - [ViewTreeBuilder] ViewTree->viewComponentCreationParser not found class @%unk/%unk: ParallelizeUI. %20 = staticinvoke <@%unk/%unk: View.create()>(%19, %AM16$build)
[2026-08-07T15:28:15.721] [ERROR] [1737474] [ArkAnalyzer] - [ViewTreeBuilder] ViewTree->viewComponentCreationParser not found class @%unk/%unk: ParallelizeUI. %23 = staticinvoke <@%unk/%unk: View.create()>(%22, %AM20$build)
[2026-08-07T15:28:15.721] [ERROR] [1737474] [ArkAnalyzer] - [ViewTreeBuilder] ViewTree->viewComponentCreationParser not found class @%unk/%unk: ParallelizeUI. %26 = staticinvoke <@%unk/%unk: View.create()>(%25, %AM24$build)
[2026-08-07T15:28:15.721] [ERROR] [1737474] [ArkAnalyzer] - [ViewTreeBuilder] ViewTree->viewComponentCreationParser not found class @%unk/%unk: ParallelizeUI. %29 = staticinvoke <@%unk/%unk: View.create()>(%28, %AM28$build)
[2026-08-07T15:28:15.721] [ERROR] [1737474] [ArkAnalyzer] - [ViewTreeBuilder] ViewTree->viewComponentCreationParser not found class @%unk/%unk: ParallelizeUI. %32 = staticinvoke <@%unk/%unk: View.create()>(%31, %AM32$build)
[2026-08-07T15:28:15.722] [ERROR] [1737474] [ArkAnalyzer] - [ViewTreeBuilder] ViewTree->viewComponentCreationParser not found class @%unk/%unk: ParallelizeUI. %35 = staticinvoke <@%unk/%unk: View.create()>(%34, %AM36$build)
[2026-08-07T15:28:15.722] [ERROR] [1737474] [ArkAnalyzer] - [ViewTreeBuilder] ViewTree->viewComponentCreationParser not found class @%unk/%unk: ParallelizeUI. %38 = staticinvoke <@%unk/%unk: View.create()>(%37, %AM40$build)
[2026-08-07T15:28:15.722] [ERROR] [1737474] [ArkAnalyzer] - [ViewTreeBuilder] ViewTree->viewComponentCreationParser not found class @%unk/%unk: ParallelizeUI. %41 = staticinvoke <@%unk/%unk: View.create()>(%40, %AM44$build)
[2026-08-07T15:28:15.722] [ERROR] [1737474] [ArkAnalyzer] - [ViewTreeBuilder] ViewTree->viewComponentCreationParser not found class @%unk/%unk: ParallelizeUI. %44 = staticinvoke <@%unk/%unk: View.create()>(%43, %AM48$build)
[2026-08-07T15:28:15.722] [ERROR] [1737474] [ArkAnalyzer] - [ViewTreeBuilder] ViewTree->viewComponentCreationParser not found class @%unk/%unk: ParallelizeUI. %47 = staticinvoke <@%unk/%unk: View.create()>(%46, %AM52$build)
[2026-08-07T15:28:15.722] [ERROR] [1737474] [ArkAnalyzer] - [ViewTreeBuilder] ViewTree->viewComponentCreationParser not found class @%unk/%unk: ParallelizeUI. %50 = staticinvoke <@%unk/%unk: View.create()>(%49, %AM56$build)
[2026-08-07T15:28:15.722] [ERROR] [1737474] [ArkAnalyzer] - [ViewTreeBuilder] ViewTree->viewComponentCreationParser not found class @%unk/%unk: ParallelizeUI. %53 = staticinvoke <@%unk/%unk: View.create()>(%52, %AM60$build)
[2026-08-07T15:28:15.723] [ERROR] [1737474] [ArkAnalyzer] - [ViewTreeBuilder] ViewTree->viewComponentCreationParser not found class @%unk/%unk: ParallelizeUI. %56 = staticinvoke <@%unk/%unk: View.create()>(%55, %AM64$build)
[2026-08-07T15:28:15.723] [ERROR] [1737474] [ArkAnalyzer] - [ViewTreeBuilder] ViewTree->viewComponentCreationParser not found class @%unk/%unk: ParallelizeUI. %59 = staticinvoke <@%unk/%unk: View.create()>(%58, %AM68$build)
[2026-08-07T15:28:15.723] [ERROR] [1737474] [ArkAnalyzer] - [ViewTreeBuilder] ViewTree->viewComponentCreationParser not found class @%unk/%unk: ParallelizeUI. %62 = staticinvoke <@%unk/%unk: View.create()>(%61, %AM72$build)
[2026-08-07T15:28:15.723] [ERROR] [1737474] [ArkAnalyzer] - [ViewTreeBuilder] ViewTree->viewComponentCreationParser not found class @%unk/%unk: ParallelizeUI. %65 = staticinvoke <@%unk/%unk: View.create()>(%64, %AM76$build)
[2026-08-07T15:28:15.760] [ERROR] [1737474] [ArkAnalyzer] - [ViewTreeBuilder] ViewTree->viewComponentCreationParser not found class @%unk/%unk: ParallelizeUI. %8 = staticinvoke <@%unk/%unk: View.create()>(%7, %AM0$build)
[2026-08-07T15:28:15.761] [ERROR] [1737474] [ArkAnalyzer] - [ViewTreeBuilder] ViewTree->viewComponentCreationParser not found class @%unk/%unk: ParallelizeUI. %11 = staticinvoke <@%unk/%unk: View.create()>(%10, %AM2$build)
[2026-08-07T15:28:15.761] [ERROR] [1737474] [ArkAnalyzer] - [ViewTreeBuilder] ViewTree->viewComponentCreationParser not found class @%unk/%unk: ParallelizeUI. %14 = staticinvoke <@%unk/%unk: View.create()>(%13, %AM4$build)
[2026-08-07T15:28:15.761] [ERROR] [1737474] [ArkAnalyzer] - [ViewTreeBuilder] ViewTree->viewComponentCreationParser not found class @%unk/%unk: ParallelizeUI. %17 = staticinvoke <@%unk/%unk: View.create()>(%16, %AM6$build)
[2026-08-07T15:28:15.761] [ERROR] [1737474] [ArkAnalyzer] - [ViewTreeBuilder] ViewTree->viewComponentCreationParser not found class @%unk/%unk: ParallelizeUI. %20 = staticinvoke <@%unk/%unk: View.create()>(%19, %AM8$build)
[2026-08-07T15:28:15.761] [ERROR] [1737474] [ArkAnalyzer] - [ViewTreeBuilder] ViewTree->viewComponentCreationParser not found class @%unk/%unk: ParallelizeUI. %23 = staticinvoke <@%unk/%unk: View.create()>(%22, %AM10$build)
[2026-08-07T15:28:15.761] [ERROR] [1737474] [ArkAnalyzer] - [ViewTreeBuilder] ViewTree->viewComponentCreationParser not found class @%unk/%unk: ParallelizeUI. %26 = staticinvoke <@%unk/%unk: View.create()>(%25, %AM12$build)
[2026-08-07T15:28:15.761] [ERROR] [1737474] [ArkAnalyzer] - [ViewTreeBuilder] ViewTree->viewComponentCreationParser not found class @%unk/%unk: ParallelizeUI. %29 = staticinvoke <@%unk/%unk: View.create()>(%28, %AM14$build)
[2026-08-07T15:28:15.762] [ERROR] [1737474] [ArkAnalyzer] - [ViewTreeBuilder] ViewTree->viewComponentCreationParser not found class @%unk/%unk: ParallelizeUI. %32 = staticinvoke <@%unk/%unk: View.create()>(%31, %AM16$build)
[2026-08-07T15:28:15.762] [ERROR] [1737474] [ArkAnalyzer] - [ViewTreeBuilder] ViewTree->viewComponentCreationParser not found class @%unk/%unk: ParallelizeUI. %35 = staticinvoke <@%unk/%unk: View.create()>(%34, %AM18$build)
[2026-08-07T15:28:15.762] [ERROR] [1737474] [ArkAnalyzer] - [ViewTreeBuilder] ViewTree->viewComponentCreationParser not found class @%unk/%unk: ParallelizeUI. %38 = staticinvoke <@%unk/%unk: View.create()>(%37, %AM20$build)
[2026-08-07T15:28:15.762] [ERROR] [1737474] [ArkAnalyzer] - [ViewTreeBuilder] ViewTree->viewComponentCreationParser not found class @%unk/%unk: ParallelizeUI. %41 = staticinvoke <@%unk/%unk: View.create()>(%40, %AM22$build)
[2026-08-07T15:28:15.762] [ERROR] [1737474] [ArkAnalyzer] - [ViewTreeBuilder] ViewTree->viewComponentCreationParser not found class @%unk/%unk: ParallelizeUI. %44 = staticinvoke <@%unk/%unk: View.create()>(%43, %AM24$build)
[2026-08-07T15:28:15.762] [ERROR] [1737474] [ArkAnalyzer] - [ViewTreeBuilder] ViewTree->viewComponentCreationParser not found class @%unk/%unk: ParallelizeUI. %47 = staticinvoke <@%unk/%unk: View.create()>(%46, %AM26$build)
[2026-08-07T15:28:15.762] [ERROR] [1737474] [ArkAnalyzer] - [ViewTreeBuilder] ViewTree->viewComponentCreationParser not found class @%unk/%unk: ParallelizeUI. %50 = staticinvoke <@%unk/%unk: View.create()>(%49, %AM28$build)
[2026-08-07T15:28:15.763] [ERROR] [1737474] [ArkAnalyzer] - [ViewTreeBuilder] ViewTree->viewComponentCreationParser not found class @%unk/%unk: ParallelizeUI. %53 = staticinvoke <@%unk/%unk: View.create()>(%52, %AM30$build)
[2026-08-07T15:28:15.763] [ERROR] [1737474] [ArkAnalyzer] - [ViewTreeBuilder] ViewTree->viewComponentCreationParser not found class @%unk/%unk: ParallelizeUI. %56 = staticinvoke <@%unk/%unk: View.create()>(%55, %AM32$build)
[2026-08-07T15:28:15.763] [ERROR] [1737474] [ArkAnalyzer] - [ViewTreeBuilder] ViewTree->viewComponentCreationParser not found class @%unk/%unk: ParallelizeUI. %59 = staticinvoke <@%unk/%unk: View.create()>(%58, %AM34$build)
[2026-08-07T15:28:15.763] [ERROR] [1737474] [ArkAnalyzer] - [ViewTreeBuilder] ViewTree->viewComponentCreationParser not found class @%unk/%unk: ParallelizeUI. %62 = staticinvoke <@%unk/%unk: View.create()>(%61, %AM36$build)
[2026-08-07T15:28:15.763] [ERROR] [1737474] [ArkAnalyzer] - [ViewTreeBuilder] ViewTree->viewComponentCreationParser not found class @%unk/%unk: ParallelizeUI. %65 = staticinvoke <@%unk/%unk: View.create()>(%64, %AM38$build)
[2026-08-07T15:28:15.791] [INFO] [1737474] [HomeCheck] - [Message] ===== progress: 20% ======
[2026-08-07T15:28:15.795] [INFO] [1737474] [HomeCheck] - [Message] ===== progress: 20% ======
[2026-08-07T15:28:15.795] [INFO] [1737474] [HomeCheck] - [Message] ===== progress: 20% ======
[2026-08-07T15:28:15.874] [INFO] [1737474] [HomeCheck] - [Message] ===== progress: 40% ======
[2026-08-07T15:28:15.876] [INFO] [1737474] [HomeCheck] - [Message] ===== progress: 40% ======
[2026-08-07T15:28:15.908] [ERROR] [1737474] [ArkAnalyzer] - [ViewTreeBuilder] ViewTree->viewComponentCreationParser not found class @%unk/%unk: ParallelizeUI. %8 = staticinvoke <@%unk/%unk: View.create()>(%7, %AM0$build)
[2026-08-07T15:28:15.908] [ERROR] [1737474] [ArkAnalyzer] - [ViewTreeBuilder] ViewTree->viewComponentCreationParser not found class @%unk/%unk: ParallelizeUI. %11 = staticinvoke <@%unk/%unk: View.create()>(%10, %AM2$build)
[2026-08-07T15:28:15.908] [ERROR] [1737474] [ArkAnalyzer] - [ViewTreeBuilder] ViewTree->viewComponentCreationParser not found class @%unk/%unk: ParallelizeUI. %14 = staticinvoke <@%unk/%unk: View.create()>(%13, %AM4$build)
[2026-08-07T15:28:15.908] [ERROR] [1737474] [ArkAnalyzer] - [ViewTreeBuilder] ViewTree->viewComponentCreationParser not found class @%unk/%unk: ParallelizeUI. %17 = staticinvoke <@%unk/%unk: View.create()>(%16, %AM6$build)
[2026-08-07T15:28:15.908] [ERROR] [1737474] [ArkAnalyzer] - [ViewTreeBuilder] ViewTree->viewComponentCreationParser not found class @%unk/%unk: ParallelizeUI. %20 = staticinvoke <@%unk/%unk: View.create()>(%19, %AM8$build)
[2026-08-07T15:28:15.908] [ERROR] [1737474] [ArkAnalyzer] - [ViewTreeBuilder] ViewTree->viewComponentCreationParser not found class @%unk/%unk: ParallelizeUI. %23 = staticinvoke <@%unk/%unk: View.create()>(%22, %AM10$build)
[2026-08-07T15:28:15.908] [ERROR] [1737474] [ArkAnalyzer] - [ViewTreeBuilder] ViewTree->viewComponentCreationParser not found class @%unk/%unk: ParallelizeUI. %26 = staticinvoke <@%unk/%unk: View.create()>(%25, %AM12$build)
[2026-08-07T15:28:15.909] [ERROR] [1737474] [ArkAnalyzer] - [ViewTreeBuilder] ViewTree->viewComponentCreationParser not found class @%unk/%unk: ParallelizeUI. %29 = staticinvoke <@%unk/%unk: View.create()>(%28, %AM14$build)
[2026-08-07T15:28:15.909] [ERROR] [1737474] [ArkAnalyzer] - [ViewTreeBuilder] ViewTree->viewComponentCreationParser not found class @%unk/%unk: ParallelizeUI. %32 = staticinvoke <@%unk/%unk: View.create()>(%31, %AM16$build)
[2026-08-07T15:28:15.909] [ERROR] [1737474] [ArkAnalyzer] - [ViewTreeBuilder] ViewTree->viewComponentCreationParser not found class @%unk/%unk: ParallelizeUI. %35 = staticinvoke <@%unk/%unk: View.create()>(%34, %AM18$build)
[2026-08-07T15:28:15.909] [ERROR] [1737474] [ArkAnalyzer] - [ViewTreeBuilder] ViewTree->viewComponentCreationParser not found class @%unk/%unk: ParallelizeUI. %38 = staticinvoke <@%unk/%unk: View.create()>(%37, %AM20$build)
[2026-08-07T15:28:15.909] [ERROR] [1737474] [ArkAnalyzer] - [ViewTreeBuilder] ViewTree->viewComponentCreationParser not found class @%unk/%unk: ParallelizeUI. %41 = staticinvoke <@%unk/%unk: View.create()>(%40, %AM22$build)
[2026-08-07T15:28:15.909] [ERROR] [1737474] [ArkAnalyzer] - [ViewTreeBuilder] ViewTree->viewComponentCreationParser not found class @%unk/%unk: ParallelizeUI. %44 = staticinvoke <@%unk/%unk: View.create()>(%43, %AM24$build)
[2026-08-07T15:28:15.909] [ERROR] [1737474] [ArkAnalyzer] - [ViewTreeBuilder] ViewTree->viewComponentCreationParser not found class @%unk/%unk: ParallelizeUI. %47 = staticinvoke <@%unk/%unk: View.create()>(%46, %AM26$build)
[2026-08-07T15:28:15.909] [ERROR] [1737474] [ArkAnalyzer] - [ViewTreeBuilder] ViewTree->viewComponentCreationParser not found class @%unk/%unk: ParallelizeUI. %50 = staticinvoke <@%unk/%unk: View.create()>(%49, %AM28$build)
[2026-08-07T15:28:15.910] [ERROR] [1737474] [ArkAnalyzer] - [ViewTreeBuilder] ViewTree->viewComponentCreationParser not found class @%unk/%unk: ParallelizeUI. %53 = staticinvoke <@%unk/%unk: View.create()>(%52, %AM30$build)
[2026-08-07T15:28:15.910] [ERROR] [1737474] [ArkAnalyzer] - [ViewTreeBuilder] ViewTree->viewComponentCreationParser not found class @%unk/%unk: ParallelizeUI. %56 = staticinvoke <@%unk/%unk: View.create()>(%55, %AM32$build)
[2026-08-07T15:28:15.910] [ERROR] [1737474] [ArkAnalyzer] - [ViewTreeBuilder] ViewTree->viewComponentCreationParser not found class @%unk/%unk: ParallelizeUI. %59 = staticinvoke <@%unk/%unk: View.create()>(%58, %AM34$build)
[2026-08-07T15:28:15.910] [ERROR] [1737474] [ArkAnalyzer] - [ViewTreeBuilder] ViewTree->viewComponentCreationParser not found class @%unk/%unk: ParallelizeUI. %62 = staticinvoke <@%unk/%unk: View.create()>(%61, %AM36$build)
[2026-08-07T15:28:15.910] [ERROR] [1737474] [ArkAnalyzer] - [ViewTreeBuilder] ViewTree->viewComponentCreationParser not found class @%unk/%unk: ParallelizeUI. %65 = staticinvoke <@%unk/%unk: View.create()>(%64, %AM38$build)
[2026-08-07T15:28:15.958] [ERROR] [1737474] [ArkAnalyzer] - [ViewTreeBuilder] ViewTree->viewComponentCreationParser not found class @%unk/%unk: ParallelizeUI. %8 = staticinvoke <@%unk/%unk: View.create()>(%7, %AM0$build)
[2026-08-07T15:28:15.958] [ERROR] [1737474] [ArkAnalyzer] - [ViewTreeBuilder] ViewTree->viewComponentCreationParser not found class @%unk/%unk: ParallelizeUI. %11 = staticinvoke <@%unk/%unk: View.create()>(%10, %AM2$build)
[2026-08-07T15:28:15.958] [ERROR] [1737474] [ArkAnalyzer] - [ViewTreeBuilder] ViewTree->viewComponentCreationParser not found class @%unk/%unk: ParallelizeUI. %14 = staticinvoke <@%unk/%unk: View.create()>(%13, %AM4$build)
[2026-08-07T15:28:15.958] [ERROR] [1737474] [ArkAnalyzer] - [ViewTreeBuilder] ViewTree->viewComponentCreationParser not found class @%unk/%unk: ParallelizeUI. %17 = staticinvoke <@%unk/%unk: View.create()>(%16, %AM6$build)
[2026-08-07T15:28:15.959] [ERROR] [1737474] [ArkAnalyzer] - [ViewTreeBuilder] ViewTree->viewComponentCreationParser not found class @%unk/%unk: ParallelizeUI. %20 = staticinvoke <@%unk/%unk: View.create()>(%19, %AM8$build)
[2026-08-07T15:28:15.959] [ERROR] [1737474] [ArkAnalyzer] - [ViewTreeBuilder] ViewTree->viewComponentCreationParser not found class @%unk/%unk: ParallelizeUI. %23 = staticinvoke <@%unk/%unk: View.create()>(%22, %AM10$build)
[2026-08-07T15:28:15.959] [ERROR] [1737474] [ArkAnalyzer] - [ViewTreeBuilder] ViewTree->viewComponentCreationParser not found class @%unk/%unk: ParallelizeUI. %26 = staticinvoke <@%unk/%unk: View.create()>(%25, %AM12$build)
[2026-08-07T15:28:15.959] [ERROR] [1737474] [ArkAnalyzer] - [ViewTreeBuilder] ViewTree->viewComponentCreationParser not found class @%unk/%unk: ParallelizeUI. %29 = staticinvoke <@%unk/%unk: View.create()>(%28, %AM14$build)
[2026-08-07T15:28:15.959] [ERROR] [1737474] [ArkAnalyzer] - [ViewTreeBuilder] ViewTree->viewComponentCreationParser not found class @%unk/%unk: ParallelizeUI. %32 = staticinvoke <@%unk/%unk: View.create()>(%31, %AM16$build)
[2026-08-07T15:28:15.959] [ERROR] [1737474] [ArkAnalyzer] - [ViewTreeBuilder] ViewTree->viewComponentCreationParser not found class @%unk/%unk: ParallelizeUI. %35 = staticinvoke <@%unk/%unk: View.create()>(%34, %AM18$build)
[2026-08-07T15:28:15.959] [ERROR] [1737474] [ArkAnalyzer] - [ViewTreeBuilder] ViewTree->viewComponentCreationParser not found class @%unk/%unk: ParallelizeUI. %38 = staticinvoke <@%unk/%unk: View.create()>(%37, %AM20$build)
[2026-08-07T15:28:15.959] [ERROR] [1737474] [ArkAnalyzer] - [ViewTreeBuilder] ViewTree->viewComponentCreationParser not found class @%unk/%unk: ParallelizeUI. %41 = staticinvoke <@%unk/%unk: View.create()>(%40, %AM22$build)
[2026-08-07T15:28:15.960] [ERROR] [1737474] [ArkAnalyzer] - [ViewTreeBuilder] ViewTree->viewComponentCreationParser not found class @%unk/%unk: ParallelizeUI. %44 = staticinvoke <@%unk/%unk: View.create()>(%43, %AM24$build)
[2026-08-07T15:28:15.960] [ERROR] [1737474] [ArkAnalyzer] - [ViewTreeBuilder] ViewTree->viewComponentCreationParser not found class @%unk/%unk: ParallelizeUI. %47 = staticinvoke <@%unk/%unk: View.create()>(%46, %AM26$build)
[2026-08-07T15:28:15.961] [ERROR] [1737474] [ArkAnalyzer] - [ViewTreeBuilder] ViewTree->viewComponentCreationParser not found class @%unk/%unk: ParallelizeUI. %50 = staticinvoke <@%unk/%unk: View.create()>(%49, %AM28$build)
[2026-08-07T15:28:15.961] [ERROR] [1737474] [ArkAnalyzer] - [ViewTreeBuilder] ViewTree->viewComponentCreationParser not found class @%unk/%unk: ParallelizeUI. %53 = staticinvoke <@%unk/%unk: View.create()>(%52, %AM30$build)
[2026-08-07T15:28:15.961] [ERROR] [1737474] [ArkAnalyzer] - [ViewTreeBuilder] ViewTree->viewComponentCreationParser not found class @%unk/%unk: ParallelizeUI. %56 = staticinvoke <@%unk/%unk: View.create()>(%55, %AM32$build)
[2026-08-07T15:28:15.962] [ERROR] [1737474] [ArkAnalyzer] - [ViewTreeBuilder] ViewTree->viewComponentCreationParser not found class @%unk/%unk: ParallelizeUI. %59 = staticinvoke <@%unk/%unk: View.create()>(%58, %AM34$build)
[2026-08-07T15:28:15.962] [ERROR] [1737474] [ArkAnalyzer] - [ViewTreeBuilder] ViewTree->viewComponentCreationParser not found class @%unk/%unk: ParallelizeUI. %62 = staticinvoke <@%unk/%unk: View.create()>(%61, %AM36$build)
[2026-08-07T15:28:15.962] [ERROR] [1737474] [ArkAnalyzer] - [ViewTreeBuilder] ViewTree->viewComponentCreationParser not found class @%unk/%unk: ParallelizeUI. %65 = staticinvoke <@%unk/%unk: View.create()>(%64, %AM38$build)
[2026-08-07T15:28:16.004] [INFO] [1737474] [HomeCheck] - [Message] ===== progress: 60% ======
[2026-08-07T15:28:16.005] [INFO] [1737474] [HomeCheck] - [Message] ===== progress: 60% ======
[2026-08-07T15:28:16.007] [INFO] [1737474] [HomeCheck] - [Message] ===== progress: 60% ======
[2026-08-07T15:28:16.014] [ERROR] [1737474] [ArkAnalyzer] - [ViewTreeBuilder] ViewTree->viewComponentCreationParser not found class @%unk/%unk: ParallelizeUI. %8 = staticinvoke <@%unk/%unk: View.create()>(%7, %AM0$build)
[2026-08-07T15:28:16.014] [ERROR] [1737474] [ArkAnalyzer] - [ViewTreeBuilder] ViewTree->viewComponentCreationParser not found class @%unk/%unk: ParallelizeUI. %11 = staticinvoke <@%unk/%unk: View.create()>(%10, %AM3$build)
[2026-08-07T15:28:16.014] [ERROR] [1737474] [ArkAnalyzer] - [ViewTreeBuilder] ViewTree->viewComponentCreationParser not found class @%unk/%unk: ParallelizeUI. %14 = staticinvoke <@%unk/%unk: View.create()>(%13, %AM5$build)
[2026-08-07T15:28:16.014] [ERROR] [1737474] [ArkAnalyzer] - [ViewTreeBuilder] ViewTree->viewComponentCreationParser not found class @%unk/%unk: ParallelizeUI. %17 = staticinvoke <@%unk/%unk: View.create()>(%16, %AM8$build)
[2026-08-07T15:28:16.014] [ERROR] [1737474] [ArkAnalyzer] - [ViewTreeBuilder] ViewTree->viewComponentCreationParser not found class @%unk/%unk: ParallelizeUI. %20 = staticinvoke <@%unk/%unk: View.create()>(%19, %AM10$build)
[2026-08-07T15:28:16.014] [ERROR] [1737474] [ArkAnalyzer] - [ViewTreeBuilder] ViewTree->viewComponentCreationParser not found class @%unk/%unk: ParallelizeUI. %23 = staticinvoke <@%unk/%unk: View.create()>(%22, %AM12$build)
[2026-08-07T15:28:16.015] [ERROR] [1737474] [ArkAnalyzer] - [ViewTreeBuilder] ViewTree->viewComponentCreationParser not found class @%unk/%unk: ParallelizeUI. %26 = staticinvoke <@%unk/%unk: View.create()>(%25, %AM14$build)
[2026-08-07T15:28:16.015] [ERROR] [1737474] [ArkAnalyzer] - [ViewTreeBuilder] ViewTree->viewComponentCreationParser not found class @%unk/%unk: ParallelizeUI. %29 = staticinvoke <@%unk/%unk: View.create()>(%28, %AM16$build)
[2026-08-07T15:28:16.015] [ERROR] [1737474] [ArkAnalyzer] - [ViewTreeBuilder] ViewTree->viewComponentCreationParser not found class @%unk/%unk: ParallelizeUI. %32 = staticinvoke <@%unk/%unk: View.create()>(%31, %AM18$build)
[2026-08-07T15:28:16.015] [ERROR] [1737474] [ArkAnalyzer] - [ViewTreeBuilder] ViewTree->viewComponentCreationParser not found class @%unk/%unk: ParallelizeUI. %35 = staticinvoke <@%unk/%unk: View.create()>(%34, %AM20$build)
[2026-08-07T15:28:16.015] [ERROR] [1737474] [ArkAnalyzer] - [ViewTreeBuilder] ViewTree->viewComponentCreationParser not found class @%unk/%unk: ParallelizeUI. %38 = staticinvoke <@%unk/%unk: View.create()>(%37, %AM22$build)
[2026-08-07T15:28:16.015] [ERROR] [1737474] [ArkAnalyzer] - [ViewTreeBuilder] ViewTree->viewComponentCreationParser not found class @%unk/%unk: ParallelizeUI. %41 = staticinvoke <@%unk/%unk: View.create()>(%40, %AM24$build)
[2026-08-07T15:28:16.015] [ERROR] [1737474] [ArkAnalyzer] - [ViewTreeBuilder] ViewTree->viewComponentCreationParser not found class @%unk/%unk: ParallelizeUI. %44 = staticinvoke <@%unk/%unk: View.create()>(%43, %AM26$build)
[2026-08-07T15:28:16.015] [ERROR] [1737474] [ArkAnalyzer] - [ViewTreeBuilder] ViewTree->viewComponentCreationParser not found class @%unk/%unk: ParallelizeUI. %47 = staticinvoke <@%unk/%unk: View.create()>(%46, %AM28$build)
[2026-08-07T15:28:16.016] [ERROR] [1737474] [ArkAnalyzer] - [ViewTreeBuilder] ViewTree->viewComponentCreationParser not found class @%unk/%unk: ParallelizeUI. %50 = staticinvoke <@%unk/%unk: View.create()>(%49, %AM30$build)
[2026-08-07T15:28:16.016] [ERROR] [1737474] [ArkAnalyzer] - [ViewTreeBuilder] ViewTree->viewComponentCreationParser not found class @%unk/%unk: ParallelizeUI. %53 = staticinvoke <@%unk/%unk: View.create()>(%52, %AM32$build)
[2026-08-07T15:28:16.016] [ERROR] [1737474] [ArkAnalyzer] - [ViewTreeBuilder] ViewTree->viewComponentCreationParser not found class @%unk/%unk: ParallelizeUI. %56 = staticinvoke <@%unk/%unk: View.create()>(%55, %AM34$build)
[2026-08-07T15:28:16.016] [ERROR] [1737474] [ArkAnalyzer] - [ViewTreeBuilder] ViewTree->viewComponentCreationParser not found class @%unk/%unk: ParallelizeUI. %59 = staticinvoke <@%unk/%unk: View.create()>(%58, %AM36$build)
[2026-08-07T15:28:16.016] [ERROR] [1737474] [ArkAnalyzer] - [ViewTreeBuilder] ViewTree->viewComponentCreationParser not found class @%unk/%unk: ParallelizeUI. %62 = staticinvoke <@%unk/%unk: View.create()>(%61, %AM38$build)
[2026-08-07T15:28:16.016] [ERROR] [1737474] [ArkAnalyzer] - [ViewTreeBuilder] ViewTree->viewComponentCreationParser not found class @%unk/%unk: ParallelizeUI. %65 = staticinvoke <@%unk/%unk: View.create()>(%64, %AM40$build)
[2026-08-07T15:28:16.016] [ERROR] [1737474] [ArkAnalyzer] - [ViewTreeBuilder] ViewTree->viewComponentCreationParser not found class @%unk/%unk: ParallelizeUI. %68 = staticinvoke <@%unk/%unk: View.create()>(%67, %AM42$build)
[2026-08-07T15:28:16.082] [ERROR] [1737474] [ArkAnalyzer] - [ViewTreeBuilder] ViewTree->viewComponentCreationParser not found class @%unk/%unk: ParallelizeUI. %8 = staticinvoke <@%unk/%unk: View.create()>(%7, %AM0$build)
[2026-08-07T15:28:16.083] [ERROR] [1737474] [ArkAnalyzer] - [ViewTreeBuilder] ViewTree->viewComponentCreationParser not found class @%unk/%unk: ParallelizeUI. %11 = staticinvoke <@%unk/%unk: View.create()>(%10, %AM2$build)
[2026-08-07T15:28:16.083] [ERROR] [1737474] [ArkAnalyzer] - [ViewTreeBuilder] ViewTree->viewComponentCreationParser not found class @%unk/%unk: ParallelizeUI. %14 = staticinvoke <@%unk/%unk: View.create()>(%13, %AM4$build)
[2026-08-07T15:28:16.083] [ERROR] [1737474] [ArkAnalyzer] - [ViewTreeBuilder] ViewTree->viewComponentCreationParser not found class @%unk/%unk: ParallelizeUI. %17 = staticinvoke <@%unk/%unk: View.create()>(%16, %AM6$build)
[2026-08-07T15:28:16.083] [ERROR] [1737474] [ArkAnalyzer] - [ViewTreeBuilder] ViewTree->viewComponentCreationParser not found class @%unk/%unk: ParallelizeUI. %20 = staticinvoke <@%unk/%unk: View.create()>(%19, %AM8$build)
[2026-08-07T15:28:16.083] [ERROR] [1737474] [ArkAnalyzer] - [ViewTreeBuilder] ViewTree->viewComponentCreationParser not found class @%unk/%unk: ParallelizeUI. %23 = staticinvoke <@%unk/%unk: View.create()>(%22, %AM10$build)
[2026-08-07T15:28:16.083] [ERROR] [1737474] [ArkAnalyzer] - [ViewTreeBuilder] ViewTree->viewComponentCreationParser not found class @%unk/%unk: ParallelizeUI. %26 = staticinvoke <@%unk/%unk: View.create()>(%25, %AM12$build)
[2026-08-07T15:28:16.083] [ERROR] [1737474] [ArkAnalyzer] - [ViewTreeBuilder] ViewTree->viewComponentCreationParser not found class @%unk/%unk: ParallelizeUI. %29 = staticinvoke <@%unk/%unk: View.create()>(%28, %AM14$build)
[2026-08-07T15:28:16.084] [ERROR] [1737474] [ArkAnalyzer] - [ViewTreeBuilder] ViewTree->viewComponentCreationParser not found class @%unk/%unk: ParallelizeUI. %32 = staticinvoke <@%unk/%unk: View.create()>(%31, %AM16$build)
[2026-08-07T15:28:16.084] [ERROR] [1737474] [ArkAnalyzer] - [ViewTreeBuilder] ViewTree->viewComponentCreationParser not found class @%unk/%unk: ParallelizeUI. %35 = staticinvoke <@%unk/%unk: View.create()>(%34, %AM18$build)
[2026-08-07T15:28:16.084] [ERROR] [1737474] [ArkAnalyzer] - [ViewTreeBuilder] ViewTree->viewComponentCreationParser not found class @%unk/%unk: ParallelizeUI. %38 = staticinvoke <@%unk/%unk: View.create()>(%37, %AM20$build)
[2026-08-07T15:28:16.084] [ERROR] [1737474] [ArkAnalyzer] - [ViewTreeBuilder] ViewTree->viewComponentCreationParser not found class @%unk/%unk: ParallelizeUI. %41 = staticinvoke <@%unk/%unk: View.create()>(%40, %AM22$build)
[2026-08-07T15:28:16.084] [ERROR] [1737474] [ArkAnalyzer] - [ViewTreeBuilder] ViewTree->viewComponentCreationParser not found class @%unk/%unk: ParallelizeUI. %44 = staticinvoke <@%unk/%unk: View.create()>(%43, %AM24$build)
[2026-08-07T15:28:16.084] [ERROR] [1737474] [ArkAnalyzer] - [ViewTreeBuilder] ViewTree->viewComponentCreationParser not found class @%unk/%unk: ParallelizeUI. %47 = staticinvoke <@%unk/%unk: View.create()>(%46, %AM26$build)
[2026-08-07T15:28:16.084] [ERROR] [1737474] [ArkAnalyzer] - [ViewTreeBuilder] ViewTree->viewComponentCreationParser not found class @%unk/%unk: ParallelizeUI. %50 = staticinvoke <@%unk/%unk: View.create()>(%49, %AM28$build)
[2026-08-07T15:28:16.084] [ERROR] [1737474] [ArkAnalyzer] - [ViewTreeBuilder] ViewTree->viewComponentCreationParser not found class @%unk/%unk: ParallelizeUI. %53 = staticinvoke <@%unk/%unk: View.create()>(%52, %AM30$build)
[2026-08-07T15:28:16.084] [ERROR] [1737474] [ArkAnalyzer] - [ViewTreeBuilder] ViewTree->viewComponentCreationParser not found class @%unk/%unk: ParallelizeUI. %56 = staticinvoke <@%unk/%unk: View.create()>(%55, %AM32$build)
[2026-08-07T15:28:16.085] [ERROR] [1737474] [ArkAnalyzer] - [ViewTreeBuilder] ViewTree->viewComponentCreationParser not found class @%unk/%unk: ParallelizeUI. %59 = staticinvoke <@%unk/%unk: View.create()>(%58, %AM34$build)
[2026-08-07T15:28:16.085] [ERROR] [1737474] [ArkAnalyzer] - [ViewTreeBuilder] ViewTree->viewComponentCreationParser not found class @%unk/%unk: ParallelizeUI. %62 = staticinvoke <@%unk/%unk: View.create()>(%61, %AM36$build)
[2026-08-07T15:28:16.085] [ERROR] [1737474] [ArkAnalyzer] - [ViewTreeBuilder] ViewTree->viewComponentCreationParser not found class @%unk/%unk: ParallelizeUI. %65 = staticinvoke <@%unk/%unk: View.create()>(%64, %AM38$build)
[2026-08-07T15:28:16.095] [INFO] [1737474] [HomeCheck] - [Message] ===== progress: 80% ======
[2026-08-07T15:28:16.095] [INFO] [1737474] [HomeCheck] - [Message] ===== progress: 80% ======
[2026-08-07T15:28:16.125] [INFO] [1737474] [HomeCheck] - [Message] ===== progress: 100% ======
[2026-08-07T15:28:16.126] [INFO] [1737474] [HomeCheck] - [CheckEntry] 121 issues from checker - @performance/foreach-args-check
[2026-08-07T15:28:16.128] [INFO] [1737474] [HomeCheck] - [Main] Checking completed.
[2026-08-07T15:28:16.128] [INFO] [1737474] [HomeCheck] - [Main] HomeCheck took: 12.26 s.
