[2026-08-07T16:16:24.123] [INFO] [2009204] [HomeCheck] - [ConfigUtils] Checking started.
[2026-08-07T16:16:24.124] [ERROR] [2009204] [HomeCheck] - [FileUtils] Error occurred while reading file list from .: Error: EISDIR: illegal operation on a directory, read
[2026-08-07T16:16:24.232] [INFO] [2009204] [HomeCheck] - [CheckEntry] File count: 267
[2026-08-07T16:16:24.235] [INFO] [2009204] [HomeCheck] - [CheckEntry] Build sceneConfig completed.
[2026-08-07T16:16:34.802] [INFO] [2009204] [HomeCheck] - [CheckEntry] Build scene completed.
[2026-08-07T16:16:35.560] [INFO] [2009204] [HomeCheck] - [CheckEntry] Infer types completed.
[2026-08-07T16:16:35.562] [INFO] [2009204] [HomeCheck] - [ConfigUtils] The npmPath:npm
[2026-08-07T16:16:35.562] [INFO] [2009204] [HomeCheck] - [ConfigUtils] The npmInstallDir:/home/zhihao/hdd/haprepair/homecheck
[2026-08-07T16:16:35.567] [INFO] [2009204] [HomeCheck] - [Message] ===== progress: 0% ======
[2026-08-07T16:16:35.567] [INFO] [2009204] [HomeCheck] - [Message] ===== progress: 0% ======
[2026-08-07T16:16:35.645] [INFO] [2009204] [HomeCheck] - [Message] ===== progress: 20% ======
[2026-08-07T16:16:35.646] [INFO] [2009204] [HomeCheck] - [Message] ===== progress: 20% ======
[2026-08-07T16:16:35.647] [INFO] [2009204] [HomeCheck] - [Message] ===== progress: 20% ======
[2026-08-07T16:16:35.697] [INFO] [2009204] [HomeCheck] - [Message] ===== progress: 40% ======
[2026-08-07T16:16:35.698] [INFO] [2009204] [HomeCheck] - [Message] ===== progress: 40% ======
[2026-08-07T16:16:35.728] [INFO] [2009204] [HomeCheck] - [Message] ===== progress: 60% ======
[2026-08-07T16:16:35.728] [INFO] [2009204] [HomeCheck] - [Message] ===== progress: 60% ======
[2026-08-07T16:16:35.728] [INFO] [2009204] [HomeCheck] - [Message] ===== progress: 60% ======
[2026-08-07T16:16:35.731] [INFO] [2009204] [HomeCheck] - [Message] ===== progress: 80% ======
[2026-08-07T16:16:35.731] [INFO] [2009204] [HomeCheck] - [Message] ===== progress: 80% ======
[2026-08-07T16:16:35.731] [INFO] [2009204] [HomeCheck] - [Message] ===== progress: 80% ======
[2026-08-07T16:16:35.778] [INFO] [2009204] [HomeCheck] - [Message] ===== progress: 100% ======
[2026-08-07T16:16:35.779] [INFO] [2009204] [HomeCheck] - [CheckEntry] 88 issues from checker - @performance/hp-arkui-set-cache-count-for-lazyforeach-grid
[2026-08-07T16:16:35.781] [INFO] [2009204] [HomeCheck] - [Main] Checking completed.
[2026-08-07T16:16:35.781] [INFO] [2009204] [HomeCheck] - [Main] HomeCheck took: 11.669 s.
