[2026-08-07T16:25:18.929] [INFO] [2037671] [HomeCheck] - [ConfigUtils] Checking started.
[2026-08-07T16:25:18.931] [ERROR] [2037671] [HomeCheck] - [FileUtils] Error occurred while reading file list from .: Error: EISDIR: illegal operation on a directory, read
[2026-08-07T16:25:19.039] [INFO] [2037671] [HomeCheck] - [CheckEntry] File count: 267
[2026-08-07T16:25:19.042] [INFO] [2037671] [HomeCheck] - [CheckEntry] Build sceneConfig completed.
[2026-08-07T16:25:29.577] [INFO] [2037671] [HomeCheck] - [CheckEntry] Build scene completed.
[2026-08-07T16:25:30.331] [INFO] [2037671] [HomeCheck] - [CheckEntry] Infer types completed.
[2026-08-07T16:25:30.332] [INFO] [2037671] [HomeCheck] - [ConfigUtils] The npmPath:npm
[2026-08-07T16:25:30.332] [INFO] [2037671] [HomeCheck] - [ConfigUtils] The npmInstallDir:/home/zhihao/hdd/haprepair/homecheck
[2026-08-07T16:25:30.337] [INFO] [2037671] [HomeCheck] - [Message] ===== progress: 0% ======
[2026-08-07T16:25:30.337] [INFO] [2037671] [HomeCheck] - [Message] ===== progress: 0% ======
[2026-08-07T16:25:30.415] [INFO] [2037671] [HomeCheck] - [Message] ===== progress: 20% ======
[2026-08-07T16:25:30.416] [INFO] [2037671] [HomeCheck] - [Message] ===== progress: 20% ======
[2026-08-07T16:25:30.416] [INFO] [2037671] [HomeCheck] - [Message] ===== progress: 20% ======
[2026-08-07T16:25:30.464] [INFO] [2037671] [HomeCheck] - [Message] ===== progress: 40% ======
[2026-08-07T16:25:30.465] [INFO] [2037671] [HomeCheck] - [Message] ===== progress: 40% ======
[2026-08-07T16:25:30.496] [INFO] [2037671] [HomeCheck] - [Message] ===== progress: 60% ======
[2026-08-07T16:25:30.496] [INFO] [2037671] [HomeCheck] - [Message] ===== progress: 60% ======
[2026-08-07T16:25:30.496] [INFO] [2037671] [HomeCheck] - [Message] ===== progress: 60% ======
[2026-08-07T16:25:30.499] [INFO] [2037671] [HomeCheck] - [Message] ===== progress: 80% ======
[2026-08-07T16:25:30.499] [INFO] [2037671] [HomeCheck] - [Message] ===== progress: 80% ======
[2026-08-07T16:25:30.499] [INFO] [2037671] [HomeCheck] - [Message] ===== progress: 80% ======
[2026-08-07T16:25:30.546] [INFO] [2037671] [HomeCheck] - [Message] ===== progress: 100% ======
[2026-08-07T16:25:30.547] [INFO] [2037671] [HomeCheck] - [CheckEntry] 88 issues from checker - @performance/hp-arkui-set-cache-count-for-lazyforeach-grid
[2026-08-07T16:25:30.549] [INFO] [2037671] [HomeCheck] - [Main] Checking completed.
[2026-08-07T16:25:30.549] [INFO] [2037671] [HomeCheck] - [Main] HomeCheck took: 11.63 s.
