[2026-08-07T16:05:18.399] [INFO] [1976643] [HomeCheck] - [ConfigUtils] Checking started.
[2026-08-07T16:05:18.400] [ERROR] [1976643] [HomeCheck] - [FileUtils] Error occurred while reading file list from .: Error: EISDIR: illegal operation on a directory, read
[2026-08-07T16:05:18.509] [INFO] [1976643] [HomeCheck] - [CheckEntry] File count: 267
[2026-08-07T16:05:18.512] [INFO] [1976643] [HomeCheck] - [CheckEntry] Build sceneConfig completed.
[2026-08-07T16:05:29.224] [INFO] [1976643] [HomeCheck] - [CheckEntry] Build scene completed.
[2026-08-07T16:05:29.990] [INFO] [1976643] [HomeCheck] - [CheckEntry] Infer types completed.
[2026-08-07T16:05:29.992] [INFO] [1976643] [HomeCheck] - [ConfigUtils] The npmPath:npm
[2026-08-07T16:05:29.992] [INFO] [1976643] [HomeCheck] - [ConfigUtils] The npmInstallDir:/home/zhihao/hdd/haprepair/homecheck
[2026-08-07T16:05:29.997] [INFO] [1976643] [HomeCheck] - [Message] ===== progress: 0% ======
[2026-08-07T16:05:29.997] [INFO] [1976643] [HomeCheck] - [Message] ===== progress: 0% ======
[2026-08-07T16:05:30.078] [INFO] [1976643] [HomeCheck] - [Message] ===== progress: 20% ======
[2026-08-07T16:05:30.080] [INFO] [1976643] [HomeCheck] - [Message] ===== progress: 20% ======
[2026-08-07T16:05:30.080] [INFO] [1976643] [HomeCheck] - [Message] ===== progress: 20% ======
[2026-08-07T16:05:30.131] [INFO] [1976643] [HomeCheck] - [Message] ===== progress: 40% ======
[2026-08-07T16:05:30.132] [INFO] [1976643] [HomeCheck] - [Message] ===== progress: 40% ======
[2026-08-07T16:05:30.163] [INFO] [1976643] [HomeCheck] - [Message] ===== progress: 60% ======
[2026-08-07T16:05:30.163] [INFO] [1976643] [HomeCheck] - [Message] ===== progress: 60% ======
[2026-08-07T16:05:30.163] [INFO] [1976643] [HomeCheck] - [Message] ===== progress: 60% ======
[2026-08-07T16:05:30.166] [INFO] [1976643] [HomeCheck] - [Message] ===== progress: 80% ======
[2026-08-07T16:05:30.166] [INFO] [1976643] [HomeCheck] - [Message] ===== progress: 80% ======
[2026-08-07T16:05:30.166] [INFO] [1976643] [HomeCheck] - [Message] ===== progress: 80% ======
[2026-08-07T16:05:30.216] [INFO] [1976643] [HomeCheck] - [Message] ===== progress: 100% ======
[2026-08-07T16:05:30.217] [INFO] [1976643] [HomeCheck] - [CheckEntry] 88 issues from checker - @performance/hp-arkui-set-cache-count-for-lazyforeach-grid
[2026-08-07T16:05:30.219] [INFO] [1976643] [HomeCheck] - [Main] Checking completed.
[2026-08-07T16:05:30.219] [INFO] [1976643] [HomeCheck] - [Main] HomeCheck took: 11.831 s.
