2024-11-11 07:26:27,076 - INFO - 读取文件: ../mydefects2/ets/pages/defects/foreach-args-check.ets
2024-11-11 07:26:27,076 - INFO - 读取Excel文件中的缺陷信息
2024-11-11 07:26:27,079 - INFO - CodeLinter分析结果:
2024-11-11 07:26:27,079 - INFO - [
  {
    "rule": "@performance/foreach-args-check",
    "line": 10,
    "message": "Suggestion: Set keyGenerator for ForEach.",
    "code": "ForEach(this.items, (item: number, index: number) => {"
  }
]
2024-11-11 07:26:27,079 - INFO - 分析第1/1个缺陷
2024-11-11 07:26:36,502 - INFO - {'rule': '@performance/foreach-args-check', 'defect_block': {'code': ['@Entry', '@Component', 'struct GridTest {', '  private items: number[] = [10, 20, 30, 40, 50];', '', '  build() {', '    RelativeContainer() {', '      List() {', '        ForEach(this.items, (item: number, index: number) => {', '          ListItem() {', '            Text(item.toString());', '          }', '        })', '      }', "      .width('100%')", "      .height('100%')", '    }', "    .height('100%')", "    .width('100%')", '  }', '}'], 'start_line': '1', 'end_line': '19', 'line of interest': 'ForEach(this.items, (item: number, index: number) => {'}, 'analysis': 'The defect arises from not including a keyGenerator function as the third argument in the ForEach call, which can lead to inefficiencies during rendering. It is advisable to provide a unique key for each item.'}
2024-11-11 07:26:36,503 - INFO - 开始生成修复建议
2024-11-11 07:26:37,047 - INFO - 处理第1/1个修复建议
2024-11-11 07:26:41,417 - INFO - 修复建议1的结果:
2024-11-11 07:26:41,417 - INFO - ```json
{
  "problem_code": "@Entry\n@Component\nstruct GridTest {\n  private items: number[] = [10, 20, 30, 40, 50];\n\n  build() {\n    RelativeContainer() {\n      List() {\n        ForEach(this.items, (item: number, index: number) => {\n          ListItem() {\n            Text(item.toString());\n          }\n        })\n      }\n      .width('100%')\n      .height('100%')\n    }\n    .height('100%')\n    .width('100%')\n  }\n}\n",
  "problem_fix": "@Entry\n@Component\nstruct GridTest {\n  private items: number[] = [10, 20, 30, 40, 50];\n\n  build() {\n    RelativeContainer() {\n      List() {\n        ForEach(this.items, (item: number, index: number) => {\n          ListItem() {\n            Text(item.toString());\n          }\n        }, (item: number, index: number) => item.toString())\n      }\n      .width('100%')\n      .height('100%')\n    }\n    .height('100%')\n    .width('100%')\n  }\n}\n"
}
```
2024-11-11 07:26:41,417 - INFO - 处理修复结果
2024-11-11 07:26:41,417 - INFO - 处理第1个修复结果
2024-11-11 07:26:41,417 - INFO - 原始代码:
@Entry
@Component
struct GridTest {
  private items: number[] = [10, 20, 30, 40, 50];

  build() {
    RelativeContainer() {
      List() {
        ForEach(this.items, (item: number, index: number) => {
          ListItem() {
            Text(item.toString());
          }
        })
      }
      .width('100%')
      .height('100%')
    }
    .height('100%')
    .width('100%')
  }
}

2024-11-11 07:26:41,417 - INFO - 修复后代码:
@Entry
@Component
struct GridTest {
  private items: number[] = [10, 20, 30, 40, 50];

  build() {
    RelativeContainer() {
      List() {
        ForEach(this.items, (item: number, index: number) => {
          ListItem() {
            Text(item.toString());
          }
        }, (item: number, index: number) => item.toString())
      }
      .width('100%')
      .height('100%')
    }
    .height('100%')
    .width('100%')
  }
}

2024-11-11 07:26:41,418 - INFO - 生成最终修复代码
2024-11-11 07:26:46,186 - INFO - 最终修复结果:
2024-11-11 07:26:46,186 - INFO - ```arkts
@Entry
@Component
struct GridTest {
  private items: number[] = [10, 20, 30, 40, 50];

  build() {
    RelativeContainer() {
      List() {
        ForEach(this.items, (item: number, index: number) => {
          ListItem() {
            Text(item.toString());
          }
        }, (item: number, index: number) => item.toString())
      }
      .width('100%')
      .height('100%')
    }
    .height('100%')
    .width('100%')
  }
}
```
