2024-11-11 07:33:45,999 - INFO - 读取文件: ../mydefects2/ets/pages/defects/hp-arkui-remove-unchanged-state-var.ets
2024-11-11 07:33:46,000 - INFO - 读取Excel文件中的缺陷信息
2024-11-11 07:33:46,002 - INFO - CodeLinter分析结果:
2024-11-11 07:33:46,002 - INFO - [
  {
    "rule": "@performance/hp-arkui-remove-unchanged-state-var",
    "line": 7,
    "message": "Remove unchanged state variables",
    "code": "@State button_msg: string = \"Change Text and Color\""
  }
]
2024-11-11 07:33:46,002 - INFO - 分析第1/1个缺陷
2024-11-11 07:33:51,667 - INFO - {'rule': '@performance/hp-arkui-remove-unchanged-state-var', 'defect_block': {'code': ['  @State text: string = "Initial Text";', '  @State color: Color = Color.Blue;', '  @State button_msg: string = "Change Text and Color"'], 'start_line': 5, 'end_line': 7, 'line of interest': '@State button_msg: string = "Change Text and Color"'}, 'analysis': "The 'button_msg' state variable is not being changed, hence it can be removed to improve performance. It is recommended to remove state variables unless they directly influence the UI components."}
2024-11-11 07:33:51,667 - INFO - 开始生成修复建议
2024-11-11 07:33:52,232 - INFO - 处理第1/1个修复建议
2024-11-11 07:33:56,592 - INFO - 修复建议1的结果:
2024-11-11 07:33:56,592 - INFO - ```json
{
  "problem_code": "  @State text: string = \"Initial Text\";\n  @State color: Color = Color.Blue;\n  @State button_msg: string = \"Change Text and Color\"\n",
  "problem_fix": "  @State text: string = \"Initial Text\";\n  @State color: Color = Color.Blue;\n  // 直接使用普通变量\n  button_msg: string = \"Change Text and Color\"\n"
}
```
2024-11-11 07:33:56,592 - INFO - 处理修复结果
2024-11-11 07:33:56,592 - INFO - 处理第1个修复结果
2024-11-11 07:33:56,593 - INFO - 原始代码:
  @State text: string = "Initial Text";
  @State color: Color = Color.Blue;
  @State button_msg: string = "Change Text and Color"

2024-11-11 07:33:56,593 - INFO - 修复后代码:
  @State text: string = "Initial Text";
  @State color: Color = Color.Blue;
  // 直接使用普通变量
  button_msg: string = "Change Text and Color"

2024-11-11 07:33:56,593 - INFO - 生成最终修复代码
2024-11-11 07:33:59,779 - INFO - 最终修复结果:
2024-11-11 07:33:59,779 - INFO - 根据提供的patch，修复后的完整文件代码如下：

```arkts
@Entry
@Component
struct MyComponent {
  // 定义状态变量
  @State text: string = "Initial Text";
  @State color: Color = Color.Blue;
  // 直接使用普通变量
  button_msg: string = "Change Text and Color"

  build() {
    Column() {
      // 使用状态变量来设置文本内容和颜色
      Text(this.text)
        .fontSize(20)
        .fontColor(this.color)
        .padding(20)

      Button(this.button_msg)
        .onClick(() => {
          this.text = "Hello";
        })
        .fontSize(16)
        .backgroundColor(Color.Gray)
        .padding(10)
    }
  }
}
```
