2024-11-11 07:39:20,845 - INFO - 读取文件: ../mydefects2/ets/pages/defects/hp-arkui-use-word-break-to-replace-zero-width-space.ets
2024-11-11 07:39:20,846 - INFO - 读取Excel文件中的缺陷信息
2024-11-11 07:39:20,848 - INFO - CodeLinter分析结果:
2024-11-11 07:39:20,849 - INFO - [
  {
    "rule": "@performance/hp-arkui-use-word-break-to-replace-zero-width-space",
    "line": 8,
    "message": "Use word-break to replace zero-width spaces (\\u200b)",
    "code": "Text(this.longText.split(\"\").join(\"\\u200B\"))"
  }
]
2024-11-11 07:39:20,849 - INFO - 分析第1/1个缺陷
2024-11-11 07:39:27,977 - INFO - {'rule': '@performance/hp-arkui-use-word-break-to-replace-zero-width-space', 'defect_block': {'code': ['@Entry', '@Component', 'struct MyComponent {', "  private longText: string = 'ThisIsAVeryLongTextWithoutSpaces';", '  build() {', '    // 使用零宽空格(\\u200b)来强制文本换行', '    Text(this.longText.split("").join("\\u200B"))', '      .fontSize(16)', '      .padding(10)', '      .textAlign(TextAlign.Start)', '  }', '}'], 'start_line': '1', 'end_line': '11', 'line of interest': 'Text(this.longText.split("").join("\\u200B"))'}, 'analysis': 'Use word-break to replace zero-width spaces (\\u200b)'}
2024-11-11 07:39:27,977 - INFO - 开始生成修复建议
2024-11-11 07:39:28,513 - INFO - 处理第1/1个修复建议
2024-11-11 07:39:32,463 - INFO - 修复建议1的结果:
2024-11-11 07:39:32,464 - INFO - ```json
{
  "problem_code": "@Entry\n@Component\nstruct MyComponent {\n  private longText: string = 'ThisIsAVeryLongTextWithoutSpaces';\n  build() {\n    // 使用零宽空格(\\u200b)来强制文本换行\n    Text(this.longText.split(\"\").join(\"\\u200B\"))\n      .fontSize(16)\n      .padding(10)\n      .textAlign(TextAlign.Start)\n  }\n}\n",
  "problem_fix": "@Entry\n@Component\nstruct MyComponent {\n  private longText: string = 'ThisIsAVeryLongTextWithoutSpaces';\n  build() {\n    // 使用word-break样式替代零宽空格换行\n    Text(this.longText)\n      .fontSize(16)\n      .padding(10)\n      .textAlign(TextAlign.Start)\n      .style({ 'word-break': 'break-all' })\n  }\n}\n"
}
```
2024-11-11 07:39:32,464 - INFO - 处理修复结果
2024-11-11 07:39:32,464 - INFO - 处理第1个修复结果
2024-11-11 07:39:32,464 - INFO - 原始代码:
@Entry
@Component
struct MyComponent {
  private longText: string = 'ThisIsAVeryLongTextWithoutSpaces';
  build() {
    // 使用零宽空格(\u200b)来强制文本换行
    Text(this.longText.split("").join("\u200B"))
      .fontSize(16)
      .padding(10)
      .textAlign(TextAlign.Start)
  }
}

2024-11-11 07:39:32,464 - INFO - 修复后代码:
@Entry
@Component
struct MyComponent {
  private longText: string = 'ThisIsAVeryLongTextWithoutSpaces';
  build() {
    // 使用word-break样式替代零宽空格换行
    Text(this.longText)
      .fontSize(16)
      .padding(10)
      .textAlign(TextAlign.Start)
      .style({ 'word-break': 'break-all' })
  }
}

2024-11-11 07:39:32,464 - INFO - 生成最终修复代码
2024-11-11 07:39:34,874 - INFO - 最终修复结果:
2024-11-11 07:39:34,874 - INFO - 修复后的完整文件代码如下：
```arkts
@Entry
@Component
struct MyComponent {
  private longText: string = 'ThisIsAVeryLongTextWithoutSpaces';

  build() {
    // 使用word-break样式替代零宽空格换行
    Text(this.longText)
      .fontSize(16)
      .padding(10)
      .textAlign(TextAlign.Start)
      .style({ 'word-break': 'break-all' })
  }
}
```
