2024-11-11 07:28:05,601 - INFO - 读取文件: ../mydefects2/ets/pages/defects/hp-arkui-combine-same-arg-animateto.ets
2024-11-11 07:28:05,601 - INFO - 读取Excel文件中的缺陷信息
2024-11-11 07:28:05,604 - INFO - CodeLinter分析结果:
2024-11-11 07:28:05,604 - INFO - [
  {
    "rule": "@performance/hp-arkui-use-transition-to-replace-animateto",
    "line": 24,
    "message": "Use transition for component transition animation",
    "code": ".opacity(this.boxOpacity)"
  },
  {
    "rule": "@performance/hp-arkui-combine-same-arg-animateto",
    "line": 28,
    "message": "Combine animateTo calls that share the same parameters",
    "code": "this.resizeBox();"
  }
]
2024-11-11 07:28:05,604 - INFO - 分析第1/2个缺陷
2024-11-11 07:28:28,237 - INFO - {'rule': '@performance/hp-arkui-use-transition-to-replace-animateto', 'defect_block': {'code': ['@Entry', '@Component', 'struct ExampleComponent {', '  @State boxSize: number = 100;', '  @State boxOpacity: number = 1;', '', '  resizeBox() {', '    animateTo({ curve: Curve.EaseInOut, duration: 500 }, () => {', '      this.boxSize = (this.boxSize === 100 ? 200 : 100);', '    });', '  }', '', '  changeOpacity() {', '    animateTo({ curve: Curve.EaseInOut, duration: 500 }, () => {', '      this.boxOpacity = (this.boxOpacity === 1 ? 0.5 : 1);', '    });', '  }', '', '  build() {', '    Column() {', '      Row()', '        .width(this.boxSize)', '        .height(this.boxSize)', '        .opacity(this.boxOpacity)', '        .backgroundColor(Color.Blue)', "      Button('Animate')", '        .onClick(() => {', '          this.resizeBox();', '          this.changeOpacity();', '        })', '    }', "    .width('100%')", "    .height('100%')", '  }', '}'], 'start_line': '1', 'end_line': '33', 'line of interest': '.opacity(this.boxOpacity)'}, 'analysis': "Use transition for component transition animation. The current code uses 'animateTo' which is less efficient compared to 'transition' for state changes affecting opacity."}
2024-11-11 07:28:28,237 - INFO - 分析第2/2个缺陷
2024-11-11 07:28:39,202 - INFO - {'rule': '@performance/hp-arkui-combine-same-arg-animateto', 'defect_block': {'code': ['@Entry', '@Component', 'struct ExampleComponent {', '  @State boxSize: number = 100;', '  @State boxOpacity: number = 1;', '', '  resizeBox() {', '    animateTo({ curve: Curve.EaseInOut, duration: 500 }, () => {', '      this.boxSize = (this.boxSize === 100 ? 200 : 100);', '    });', '  }', '', '  changeOpacity() {', '    animateTo({ curve: Curve.EaseInOut, duration: 500 }, () => {', '      this.boxOpacity = (this.boxOpacity === 1 ? 0.5 : 1);', '    });', '  }', '', '  build() {', '    Column() {', '      Row()', '        .width(this.boxSize)', '        .height(this.boxSize)', '        .opacity(this.boxOpacity)', '        .backgroundColor(Color.Blue)', "      Button('Animate')", '        .onClick(() => {', '          // Separate animateTo calls with the same parameters can be combined', '          this.resizeBox();', '          this.changeOpacity();', '        })', '    }', "    .width('100%')", "    .height('100%')", '  }', '}'], 'start_line': '1', 'end_line': '34', 'line of interest': 'this.resizeBox();'}, 'analysis': 'Combine animateTo calls that share the same parameters'}
2024-11-11 07:28:39,202 - INFO - 开始生成修复建议
2024-11-11 07:28:42,199 - INFO - 处理第1/2个修复建议
2024-11-11 07:28:58,065 - INFO - 修复建议1的结果:
2024-11-11 07:28:58,065 - INFO - ```json
{
  "problem_code": "@Entry\n@Component\nstruct ExampleComponent {\n  @State boxSize: number = 100;\n  @State boxOpacity: number = 1;\n\n  resizeBox() {\n    animateTo({ curve: Curve.EaseInOut, duration: 500 }, () => {\n      this.boxSize = (this.boxSize === 100 ? 200 : 100);\n    });\n  }\n\n  changeOpacity() {\n    animateTo({ curve: Curve.EaseInOut, duration: 500 }, () => {\n      this.boxOpacity = (this.boxOpacity === 1 ? 0.5 : 1);\n    });\n  }\n\n  build() {\n    Column() {\n      Row()\n        .width(this.boxSize)\n        .height(this.boxSize)\n        .opacity(this.boxOpacity)\n        .backgroundColor(Color.Blue)\n      Button('Animate')\n        .onClick(() => {\n          this.resizeBox();\n          this.changeOpacity();\n        })\n    }\n    .width('100%')\n    .height('100%')\n  }\n}",
  "problem_fix": "@Entry\n@Component\nstruct ExampleComponent {\n  @State boxSize: number = 100;\n  @State boxOpacity: number = 1;\n\n  resizeBox() {\n    animateTo({ curve: Curve.EaseInOut, duration: 500 }, () => {\n      this.boxSize = (this.boxSize === 100 ? 200 : 100);\n    });\n  }\n\n  changeOpacity() {\n    transition({ curve: Curve.EaseInOut, duration: 500 }, () => {\n      this.boxOpacity = (this.boxOpacity === 1 ? 0.5 : 1);\n    });\n  }\n\n  build() {\n    Column() {\n      Row()\n        .width(this.boxSize)\n        .height(this.boxSize)\n        .opacity(this.boxOpacity)\n        .backgroundColor(Color.Blue)\n      Button('Animate')\n        .onClick(() => {\n          this.resizeBox();\n          this.changeOpacity();\n        })\n    }\n    .width('100%')\n    .height('100%')\n  }\n}"
}
```
2024-11-11 07:28:58,065 - INFO - 处理第2/2个修复建议
2024-11-11 07:29:07,737 - INFO - 修复建议2的结果:
2024-11-11 07:29:07,738 - INFO - ```json
{
  "problem_code": "@Entry\n@Component\nstruct ExampleComponent {\n  @State boxSize: number = 100;\n  @State boxOpacity: number = 1;\n\n  resizeBox() {\n    animateTo({ curve: Curve.EaseInOut, duration: 500 }, () => {\n      this.boxSize = (this.boxSize === 100 ? 200 : 100);\n    });\n  }\n\n  changeOpacity() {\n    animateTo({ curve: Curve.EaseInOut, duration: 500 }, () => {\n      this.boxOpacity = (this.boxOpacity === 1 ? 0.5 : 1);\n    });\n  }\n\n  build() {\n    Column() {\n      Row()\n        .width(this.boxSize)\n        .height(this.boxSize)\n        .opacity(this.boxOpacity)\n        .backgroundColor(Color.Blue)\n      Button('Animate')\n        .onClick(() => {\n          // Separate animateTo calls with the same parameters can be combined\n          this.resizeBox();\n          this.changeOpacity();\n        })\n    }\n    .width('100%')\n    .height('100%')\n  }\n}\n",
  "problem_fix": "@Entry\n@Component\nstruct ExampleComponent {\n  @State boxSize: number = 100;\n  @State boxOpacity: number = 1;\n\n  animateBox() {\n    animateTo({ curve: Curve.EaseInOut, duration: 500 }, () => {\n      this.boxSize = (this.boxSize === 100 ? 200 : 100);\n      this.boxOpacity = (this.boxOpacity === 1 ? 0.5 : 1);\n    });\n  }\n\n  build() {\n    Column() {\n      Row()\n        .width(this.boxSize)\n        .height(this.boxSize)\n        .opacity(this.boxOpacity)\n        .backgroundColor(Color.Blue)\n      Button('Animate')\n        .onClick(() => {\n          this.animateBox();\n        })\n    }\n    .width('100%')\n    .height('100%')\n  }\n}\n"
}
```
2024-11-11 07:29:07,738 - INFO - 处理修复结果
2024-11-11 07:29:07,738 - INFO - 处理第1个修复结果
2024-11-11 07:29:07,738 - INFO - 原始代码:
@Entry
@Component
struct ExampleComponent {
  @State boxSize: number = 100;
  @State boxOpacity: number = 1;

  resizeBox() {
    animateTo({ curve: Curve.EaseInOut, duration: 500 }, () => {
      this.boxSize = (this.boxSize === 100 ? 200 : 100);
    });
  }

  changeOpacity() {
    animateTo({ curve: Curve.EaseInOut, duration: 500 }, () => {
      this.boxOpacity = (this.boxOpacity === 1 ? 0.5 : 1);
    });
  }

  build() {
    Column() {
      Row()
        .width(this.boxSize)
        .height(this.boxSize)
        .opacity(this.boxOpacity)
        .backgroundColor(Color.Blue)
      Button('Animate')
        .onClick(() => {
          this.resizeBox();
          this.changeOpacity();
        })
    }
    .width('100%')
    .height('100%')
  }
}
2024-11-11 07:29:07,738 - INFO - 修复后代码:
@Entry
@Component
struct ExampleComponent {
  @State boxSize: number = 100;
  @State boxOpacity: number = 1;

  resizeBox() {
    animateTo({ curve: Curve.EaseInOut, duration: 500 }, () => {
      this.boxSize = (this.boxSize === 100 ? 200 : 100);
    });
  }

  changeOpacity() {
    transition({ curve: Curve.EaseInOut, duration: 500 }, () => {
      this.boxOpacity = (this.boxOpacity === 1 ? 0.5 : 1);
    });
  }

  build() {
    Column() {
      Row()
        .width(this.boxSize)
        .height(this.boxSize)
        .opacity(this.boxOpacity)
        .backgroundColor(Color.Blue)
      Button('Animate')
        .onClick(() => {
          this.resizeBox();
          this.changeOpacity();
        })
    }
    .width('100%')
    .height('100%')
  }
}
2024-11-11 07:29:07,738 - INFO - 处理第2个修复结果
2024-11-11 07:29:07,738 - INFO - 原始代码:
@Entry
@Component
struct ExampleComponent {
  @State boxSize: number = 100;
  @State boxOpacity: number = 1;

  resizeBox() {
    animateTo({ curve: Curve.EaseInOut, duration: 500 }, () => {
      this.boxSize = (this.boxSize === 100 ? 200 : 100);
    });
  }

  changeOpacity() {
    animateTo({ curve: Curve.EaseInOut, duration: 500 }, () => {
      this.boxOpacity = (this.boxOpacity === 1 ? 0.5 : 1);
    });
  }

  build() {
    Column() {
      Row()
        .width(this.boxSize)
        .height(this.boxSize)
        .opacity(this.boxOpacity)
        .backgroundColor(Color.Blue)
      Button('Animate')
        .onClick(() => {
          // Separate animateTo calls with the same parameters can be combined
          this.resizeBox();
          this.changeOpacity();
        })
    }
    .width('100%')
    .height('100%')
  }
}

2024-11-11 07:29:07,738 - INFO - 修复后代码:
@Entry
@Component
struct ExampleComponent {
  @State boxSize: number = 100;
  @State boxOpacity: number = 1;

  animateBox() {
    animateTo({ curve: Curve.EaseInOut, duration: 500 }, () => {
      this.boxSize = (this.boxSize === 100 ? 200 : 100);
      this.boxOpacity = (this.boxOpacity === 1 ? 0.5 : 1);
    });
  }

  build() {
    Column() {
      Row()
        .width(this.boxSize)
        .height(this.boxSize)
        .opacity(this.boxOpacity)
        .backgroundColor(Color.Blue)
      Button('Animate')
        .onClick(() => {
          this.animateBox();
        })
    }
    .width('100%')
    .height('100%')
  }
}

2024-11-11 07:29:07,739 - INFO - 生成最终修复代码
2024-11-11 07:29:12,264 - INFO - 最终修复结果:
2024-11-11 07:29:12,264 - INFO - 根据提供的patch，我们需要对代码进行以下修改：
1. 使用单一的 `animateBox` 方法，合并对 `boxSize` 和 `boxOpacity` 的动画操作。
2. 在 `animateBox` 方法中，使用 `animateTo` 方法定义动画属性。

下面是应用这些patch后的完整代码：

```arkts
@Entry
@Component
struct ExampleComponent {
  @State boxSize: number = 100;
  @State boxOpacity: number = 1;

  animateBox() {
    animateTo({ curve: Curve.EaseInOut, duration: 500 }, () => {
      this.boxSize = (this.boxSize === 100 ? 200 : 100);
      this.boxOpacity = (this.boxOpacity === 1 ? 0.5 : 1);
    });
  }

  build() {
    Column() {
      Row()
        .width(this.boxSize)
        .height(this.boxSize)
        .opacity(this.boxOpacity)
        .backgroundColor(Color.Blue)
      Button('Animate')
        .onClick(() => {
          this.animateBox();
        })
    }
    .width('100%')
    .height('100%')
  }
}
```

这样应用了patch后，我们合并了两个动画操作，并保持了其它代码不变。
