2024-11-11 07:34:40,821 - INFO - 读取文件: ../mydefects2/ets/pages/defects/hp-arkui-set-cache-count-for-lazyforeach-grid.ets
2024-11-11 07:34:40,821 - INFO - 读取Excel文件中的缺陷信息
2024-11-11 07:34:40,824 - INFO - CodeLinter分析结果:
2024-11-11 07:34:40,824 - INFO - [
  {
    "rule": "@performance/hp-arkui-set-cache-count-for-lazyforeach-grid",
    "line": 14,
    "message": "Set cachedCount to an appropriate value when using LazyForEach in grids",
    "code": "List() {"
  }
]
2024-11-11 07:34:40,825 - INFO - 分析第1/1个缺陷
2024-11-11 07:34:49,913 - INFO - {'rule': '@performance/hp-arkui-set-cache-count-for-lazyforeach-grid', 'defect_block': {'code': ['  build() {', '    Column() {', "      Text('产品列表')", '        .fontSize(24)', '        .padding(10)', '        .textAlign(TextAlign.Center)', '', '      // 产品列表', '      List() {', '        LazyForEach(this.products, (item: number) => {', '          ListItem() {', '            // 使用 ProductItem 自定义组件，嵌套显示产品信息', '            ProductItem({ productId: item })', '          }', '        }, (item: number) => item.toString())', '      }', '      .height(500)', "      .width('100%')", '      .backgroundColor(Color.LightGray)', '    }', '  }'], 'start_line': 7, 'end_line': 20, 'line of interest': 'List() {'}, 'analysis': 'The List component contains a LazyForEach which is used within a grid-like structure. It is recommended to set an appropriate cachedCount to optimize performance by controlling how many items are kept in memory and preloaded. This reduces frame drops especially during scrolling.'}
2024-11-11 07:34:49,914 - INFO - 开始生成修复建议
2024-11-11 07:34:50,498 - INFO - 处理第1/1个修复建议
2024-11-11 07:34:56,415 - INFO - 修复建议1的结果:
2024-11-11 07:34:56,415 - INFO - ```json
{
  "problem_code": "  build() {\n    Column() {\n      Text('产品列表')\n        .fontSize(24)\n        .padding(10)\n        .textAlign(TextAlign.Center)\n\n      // 产品列表\n      List() {\n        LazyForEach(this.products, (item: number) => {\n          ListItem() {\n            // 使用 ProductItem 自定义组件，嵌套显示产品信息\n            ProductItem({ productId: item })\n          }\n        }, (item: number) => item.toString())\n      }\n      .height(500)\n      .width('100%')\n      .backgroundColor(Color.LightGray)\n    }\n  }\n",
  "problem_fix": "  build() {\n    Column() {\n      Text('产品列表')\n        .fontSize(24)\n        .padding(10)\n        .textAlign(TextAlign.Center)\n\n      // 产品列表\n      List() {\n        LazyForEach(this.products, (item: number) => {\n          ListItem() {\n            // 使用 ProductItem 自定义组件，嵌套显示产品信息\n            ProductItem({ productId: item })\n          }\n        }, (item: number) => item.toString())\n      }\n      // 设置缓存数量\n      .cachedCount(3)\n      .height(500)\n      .width('100%')\n      .backgroundColor(Color.LightGray)\n    }\n  }\n"
}
```
2024-11-11 07:34:56,415 - INFO - 处理修复结果
2024-11-11 07:34:56,415 - INFO - 处理第1个修复结果
2024-11-11 07:34:56,415 - INFO - 原始代码:
  build() {
    Column() {
      Text('产品列表')
        .fontSize(24)
        .padding(10)
        .textAlign(TextAlign.Center)

      // 产品列表
      List() {
        LazyForEach(this.products, (item: number) => {
          ListItem() {
            // 使用 ProductItem 自定义组件，嵌套显示产品信息
            ProductItem({ productId: item })
          }
        }, (item: number) => item.toString())
      }
      .height(500)
      .width('100%')
      .backgroundColor(Color.LightGray)
    }
  }

2024-11-11 07:34:56,415 - INFO - 修复后代码:
  build() {
    Column() {
      Text('产品列表')
        .fontSize(24)
        .padding(10)
        .textAlign(TextAlign.Center)

      // 产品列表
      List() {
        LazyForEach(this.products, (item: number) => {
          ListItem() {
            // 使用 ProductItem 自定义组件，嵌套显示产品信息
            ProductItem({ productId: item })
          }
        }, (item: number) => item.toString())
      }
      // 设置缓存数量
      .cachedCount(3)
      .height(500)
      .width('100%')
      .backgroundColor(Color.LightGray)
    }
  }

2024-11-11 07:34:56,415 - INFO - 生成最终修复代码
2024-11-11 07:35:04,097 - INFO - 最终修复结果:
2024-11-11 07:35:04,097 - INFO - 修复后的完整文件代码如下：
```arkts
@Entry
@Component
struct ProductListComponent {
  @State products: number[] = Array.from<number, number>(Array(1000), (_, i) => i + 1);

  build() {
    Column() {
      Text('产品列表')
        .fontSize(24)
        .padding(10)
        .textAlign(TextAlign.Center)

      // 产品列表
      List() {
        LazyForEach(this.products, (item: number) => {
          ListItem() {
            // 使用 ProductItem 自定义组件，嵌套显示产品信息
            ProductItem({ productId: item })
          }
        }, (item: number) => item.toString())
      }
      // 设置缓存数量
      .cachedCount(3)
      .height(500)
      .width('100%')
      .backgroundColor(Color.LightGray)
    }
  }
}

// 定义的产品组件，用于显示产品的基本信息
@Reusable
@Component
struct ProductItem {
  @State productId: number = 0;

  aboutToReuse(params: ESObject): void {
    this.productId = params.productId as number;
  }

  build() {
    Row() {
      Text('产品ID: ' + this.productId)
        .fontSize(18)
        .padding(10)
    }
    .backgroundColor(0xE5E5E5)
    .padding(5)
  }
}
```
