2024-11-11 07:32:07,330 - INFO - 读取文件: ../mydefects2/ets/pages/defects/hp-arkui-remove-redundant-nest-container.ets
2024-11-11 07:32:07,330 - INFO - 读取Excel文件中的缺陷信息
2024-11-11 07:32:07,335 - INFO - CodeLinter分析结果:
2024-11-11 07:32:07,335 - INFO - [
  {
    "rule": "@performance/hp-arkui-remove-container-without-property",
    "line": 11,
    "message": "Reduce redundant nested container",
    "code": "Stack() {"
  },
  {
    "rule": "@performance/hp-arkui-remove-container-without-property",
    "line": 12,
    "message": "Reduce redundant nested container",
    "code": "Column() {"
  },
  {
    "rule": "@performance/hp-arkui-remove-container-without-property",
    "line": 13,
    "message": "Reduce redundant nested container",
    "code": "Stack() {"
  },
  {
    "rule": "@performance/hp-arkui-remove-container-without-property",
    "line": 14,
    "message": "Reduce redundant nested container",
    "code": "Flex() {"
  },
  {
    "rule": "@performance/hp-arkui-remove-container-without-property",
    "line": 15,
    "message": "Reduce redundant nested container",
    "code": "Column() {"
  }
]
2024-11-11 07:32:07,335 - INFO - 分析第1/5个缺陷
2024-11-11 07:32:15,122 - INFO - {'rule': '@performance/hp-arkui-remove-container-without-property', 'defect_block': {'code': ['ForEach(this.items, (item: Number) => {', '  Column() {', '    Stack() {', '      Column() {', '        Stack() {', '          Flex() {', '            Column() {', '              Text(item.toString())', '                .fontSize(14)', '                .backgroundColor(Color.Gray)', '                .padding(10)', '            }', '          }', '        }', '      }', '    }', '  }', '  .backgroundColor(Color.White)', '  .padding(5)', '}, (item: string) => item.toString())'], 'start_line': 8, 'end_line': 21, 'line of interest': 'Stack() {'}, 'analysis': 'The code contains a redundant nested container (Stack) without specific properties, which should be simplified to reduce the view hierarchy according to the ArkUI performance guidelines.'}
2024-11-11 07:32:15,122 - INFO - 分析第2/5个缺陷
2024-11-11 07:32:21,006 - INFO - {'rule': '@performance/hp-arkui-remove-container-without-property', 'defect_block': {'code': ['ForEach(this.items, (item: Number) => {', '  Column() {', '    Stack() {', '      Column() {', '        Stack() {', '          Flex() {', '            Column() {', '              Text(item.toString())', '                .fontSize(14)', '                .backgroundColor(Color.Gray)', '                .padding(10)', '            }', '          }', '        }', '      }', '    }', '  }', '  .backgroundColor(Color.White)', '  .padding(5)', '}, (item: string) => item.toString())'], 'start_line': '9', 'end_line': '22', 'line of interest': 'Column() {'}, 'analysis': "The defect is due to redundant nested containers without properties which can be reduced to improve performance. The suggested rule is to remove or reduce unnecessary layers of 'Column', 'Stack', or 'Flex' to minimize the view hierarchy depth."}
2024-11-11 07:32:21,006 - INFO - 分析第3/5个缺陷
2024-11-11 07:32:29,034 - INFO - {'rule': '@performance/hp-arkui-remove-container-without-property', 'defect_block': {'code': ['      Column() {', '        ForEach(this.items, (item: Number) => {', '          Column() {', '            Stack() {', '              Column() {', '                Stack() {', '                  Flex() {', '                    Column() {', '                      Text(item.toString())', '                        .fontSize(14)', '                        .backgroundColor(Color.Gray)', '                        .padding(10)', '                    }', '                  }', '                }', '              }', '            }', '          }', '          .backgroundColor(Color.White)', '          .padding(5)', '        }, (item: string) => item.toString())', '      }'], 'start_line': 6, 'end_line': 21, 'line of interest': 'Stack() {'}, 'analysis': "The CodeLinter has identified excessive nesting that doesn't serve a functional purpose. 'Stack' components are being used without any property settings, which can lead to additional layout calculations without visual or functional benefits. It is recommended to remove or simplify such containers to enhance the performance and maintainability of the component."}
2024-11-11 07:32:29,034 - INFO - 分析第4/5个缺陷
2024-11-11 07:32:37,403 - INFO - {'rule': '@performance/hp-arkui-remove-container-without-property', 'defect_block': {'code': ['ForEach(this.items, (item: Number) => {', '  Column() {', '    Stack() {', '      Column() {', '        Stack() {', '          Flex() {', '            Column() {', '              Text(item.toString())', '                .fontSize(14)', '                .backgroundColor(Color.Gray)', '                .padding(10)', '            }', '          }', '        }', '      }', '    }', '  }', '  .backgroundColor(Color.White)', '  .padding(5)', '}, (item: string) => item.toString())'], 'start_line': 11, 'end_line': 25, 'line of interest': 'Flex() {'}, 'analysis': "This code contains redundant nested containers without properties. In this scenario, reducing nested levels can improve performance. The 'Flex' container does not modify the content and can be removed to reduce nesting."}
2024-11-11 07:32:37,404 - INFO - 分析第5/5个缺陷
2024-11-11 07:32:43,871 - INFO - {'rule': '@performance/hp-arkui-remove-container-without-property', 'defect_block': {'code': ['ForEach(this.items, (item: Number) => {', '  Column() {', '    Stack() {', '      Column() {', '        Stack() {', '          Flex() {', '            Column() {', '              Text(item.toString())', '                .fontSize(14)', '                .backgroundColor(Color.Gray)', '                .padding(10)', '            }', '          }', '        }', '      }', '    }', '  }', '  .backgroundColor(Color.White)', '  .padding(5)', '}, (item: string) => item.toString())'], 'start_line': 12, 'end_line': 27, 'line of interest': 'Column() {'}, 'analysis': 'The code has a redundant nested container pattern. The rule suggests reducing unnecessary nested containers to optimize performance.'}
2024-11-11 07:32:43,871 - INFO - 开始生成修复建议
2024-11-11 07:32:45,644 - INFO - 处理第1/5个修复建议
2024-11-11 07:32:49,461 - INFO - 修复建议1的结果:
2024-11-11 07:32:49,461 - INFO - ```json
{
  "problem_code": "ForEach(this.items, (item: Number) => {\n  Column() {\n    Stack() {\n      Column() {\n        Stack() {\n          Flex() {\n            Column() {\n              Text(item.toString())\n                .fontSize(14)\n                .backgroundColor(Color.Gray)\n                .padding(10)\n            }\n          }\n        }\n      }\n    }\n  }\n  .backgroundColor(Color.White)\n  .padding(5)\n}, (item: string) => item.toString())",
  "problem_fix": "ForEach(this.items, (item: Number) => {\n  Column() {\n    Flex() {\n      Text(item.toString())\n        .fontSize(14)\n        .backgroundColor(Color.Gray)\n        .padding(10)\n    }\n  }\n  .backgroundColor(Color.White)\n  .padding(5)\n}, (item: string) => item.toString())"
}
```
2024-11-11 07:32:49,461 - INFO - 处理第2/5个修复建议
2024-11-11 07:32:55,619 - INFO - 修复建议2的结果:
2024-11-11 07:32:55,619 - INFO - ```json
{
  "problem_code": "ForEach(this.items, (item: Number) => {\n  Column() {\n    Stack() {\n      Column() {\n        Stack() {\n          Flex() {\n            Column() {\n              Text(item.toString())\n                .fontSize(14)\n                .backgroundColor(Color.Gray)\n                .padding(10)\n            }\n          }\n        }\n      }\n    }\n  }\n  .backgroundColor(Color.White)\n  .padding(5)\n}, (item: string) => item.toString())\n",
  "problem_fix": "ForEach(this.items, (item: Number) => {\n  Column() {\n    Text(item.toString())\n      .fontSize(14)\n      .backgroundColor(Color.Gray)\n      .padding(10)\n  }\n  .backgroundColor(Color.White)\n  .padding(5)\n}, (item: string) => item.toString())\n"
}
```
2024-11-11 07:32:55,619 - INFO - 处理第3/5个修复建议
2024-11-11 07:33:02,138 - INFO - 修复建议3的结果:
2024-11-11 07:33:02,138 - INFO - ```json
{
  "problem_code": "      Column() {\n        ForEach(this.items, (item: Number) => {\n          Column() {\n            Stack() {\n              Column() {\n                Stack() {\n                  Flex() {\n                    Column() {\n                      Text(item.toString())\n                        .fontSize(14)\n                        .backgroundColor(Color.Gray)\n                        .padding(10)\n                    }\n                  }\n                }\n              }\n            }\n          }\n          .backgroundColor(Color.White)\n          .padding(5)\n        }, (item: string) => item.toString())\n      }\n",
  "problem_fix": "      Column() {\n        ForEach(this.items, (item: Number) => {\n          Column() {\n            Column() {\n              Column() {\n                Flex() {\n                  Text(item.toString())\n                    .fontSize(14)\n                    .backgroundColor(Color.Gray)\n                    .padding(10)\n                }\n              }\n            }\n          }\n          .backgroundColor(Color.White)\n          .padding(5)\n        }, (item: string) => item.toString())\n      }\n"
}
```
2024-11-11 07:33:02,138 - INFO - 处理第4/5个修复建议
2024-11-11 07:33:13,340 - INFO - 修复建议4的结果:
2024-11-11 07:33:13,341 - INFO - ```json
{
  "problem_code": "ForEach(this.items, (item: Number) => {\n  Column() {\n    Stack() {\n      Column() {\n        Stack() {\n          Flex() {\n            Column() {\n              Text(item.toString())\n                .fontSize(14)\n                .backgroundColor(Color.Gray)\n                .padding(10)\n            }\n          }\n        }\n      }\n    }\n  }\n  .backgroundColor(Color.White)\n  .padding(5)\n}, (item: string) => item.toString())",
  "problem_fix": "ForEach(this.items, (item: Number) => {\n  Column() {\n    Stack() {\n      Column() {\n        Stack() {\n          Column() {\n            Text(item.toString())\n              .fontSize(14)\n              .backgroundColor(Color.Gray)\n              .padding(10)\n          }\n        }\n      }\n    }\n  }\n  .backgroundColor(Color.White)\n  .padding(5)\n}, (item: string) => item.toString())"
}
```
2024-11-11 07:33:13,341 - INFO - 处理第5/5个修复建议
2024-11-11 07:33:18,193 - INFO - 修复建议5的结果:
2024-11-11 07:33:18,193 - INFO - ```json
{
  "problem_code": "ForEach(this.items, (item: Number) => {\n  Column() {\n    Stack() {\n      Column() {\n        Stack() {\n          Flex() {\n            Column() {\n              Text(item.toString())\n                .fontSize(14)\n                .backgroundColor(Color.Gray)\n                .padding(10)\n            }\n          }\n        }\n      }\n    }\n  }\n  .backgroundColor(Color.White)\n  .padding(5)\n}, (item: string) => item.toString())\n",
  "problem_fix": "ForEach(this.items, (item: Number) => {\n  Column() {\n    Text(item.toString())\n      .fontSize(14)\n      .backgroundColor(Color.Gray)\n      .padding(10)\n  }\n  .backgroundColor(Color.White)\n  .padding(5)\n}, (item: string) => item.toString())\n"
}
```
2024-11-11 07:33:18,193 - INFO - 处理修复结果
2024-11-11 07:33:18,193 - INFO - 处理第1个修复结果
2024-11-11 07:33:18,193 - INFO - 原始代码:
ForEach(this.items, (item: Number) => {
  Column() {
    Stack() {
      Column() {
        Stack() {
          Flex() {
            Column() {
              Text(item.toString())
                .fontSize(14)
                .backgroundColor(Color.Gray)
                .padding(10)
            }
          }
        }
      }
    }
  }
  .backgroundColor(Color.White)
  .padding(5)
}, (item: string) => item.toString())
2024-11-11 07:33:18,193 - INFO - 修复后代码:
ForEach(this.items, (item: Number) => {
  Column() {
    Flex() {
      Text(item.toString())
        .fontSize(14)
        .backgroundColor(Color.Gray)
        .padding(10)
    }
  }
  .backgroundColor(Color.White)
  .padding(5)
}, (item: string) => item.toString())
2024-11-11 07:33:18,193 - INFO - 处理第2个修复结果
2024-11-11 07:33:18,194 - INFO - 原始代码:
ForEach(this.items, (item: Number) => {
  Column() {
    Stack() {
      Column() {
        Stack() {
          Flex() {
            Column() {
              Text(item.toString())
                .fontSize(14)
                .backgroundColor(Color.Gray)
                .padding(10)
            }
          }
        }
      }
    }
  }
  .backgroundColor(Color.White)
  .padding(5)
}, (item: string) => item.toString())

2024-11-11 07:33:18,194 - INFO - 修复后代码:
ForEach(this.items, (item: Number) => {
  Column() {
    Text(item.toString())
      .fontSize(14)
      .backgroundColor(Color.Gray)
      .padding(10)
  }
  .backgroundColor(Color.White)
  .padding(5)
}, (item: string) => item.toString())

2024-11-11 07:33:18,194 - INFO - 处理第3个修复结果
2024-11-11 07:33:18,194 - INFO - 原始代码:
      Column() {
        ForEach(this.items, (item: Number) => {
          Column() {
            Stack() {
              Column() {
                Stack() {
                  Flex() {
                    Column() {
                      Text(item.toString())
                        .fontSize(14)
                        .backgroundColor(Color.Gray)
                        .padding(10)
                    }
                  }
                }
              }
            }
          }
          .backgroundColor(Color.White)
          .padding(5)
        }, (item: string) => item.toString())
      }

2024-11-11 07:33:18,194 - INFO - 修复后代码:
      Column() {
        ForEach(this.items, (item: Number) => {
          Column() {
            Column() {
              Column() {
                Flex() {
                  Text(item.toString())
                    .fontSize(14)
                    .backgroundColor(Color.Gray)
                    .padding(10)
                }
              }
            }
          }
          .backgroundColor(Color.White)
          .padding(5)
        }, (item: string) => item.toString())
      }

2024-11-11 07:33:18,194 - INFO - 处理第4个修复结果
2024-11-11 07:33:18,194 - INFO - 原始代码:
ForEach(this.items, (item: Number) => {
  Column() {
    Stack() {
      Column() {
        Stack() {
          Flex() {
            Column() {
              Text(item.toString())
                .fontSize(14)
                .backgroundColor(Color.Gray)
                .padding(10)
            }
          }
        }
      }
    }
  }
  .backgroundColor(Color.White)
  .padding(5)
}, (item: string) => item.toString())
2024-11-11 07:33:18,194 - INFO - 修复后代码:
ForEach(this.items, (item: Number) => {
  Column() {
    Stack() {
      Column() {
        Stack() {
          Column() {
            Text(item.toString())
              .fontSize(14)
              .backgroundColor(Color.Gray)
              .padding(10)
          }
        }
      }
    }
  }
  .backgroundColor(Color.White)
  .padding(5)
}, (item: string) => item.toString())
2024-11-11 07:33:18,194 - INFO - 处理第5个修复结果
2024-11-11 07:33:18,194 - INFO - 原始代码:
ForEach(this.items, (item: Number) => {
  Column() {
    Stack() {
      Column() {
        Stack() {
          Flex() {
            Column() {
              Text(item.toString())
                .fontSize(14)
                .backgroundColor(Color.Gray)
                .padding(10)
            }
          }
        }
      }
    }
  }
  .backgroundColor(Color.White)
  .padding(5)
}, (item: string) => item.toString())

2024-11-11 07:33:18,195 - INFO - 修复后代码:
ForEach(this.items, (item: Number) => {
  Column() {
    Text(item.toString())
      .fontSize(14)
      .backgroundColor(Color.Gray)
      .padding(10)
  }
  .backgroundColor(Color.White)
  .padding(5)
}, (item: string) => item.toString())

2024-11-11 07:33:18,195 - INFO - 生成最终修复代码
2024-11-11 07:33:30,027 - INFO - 最终修复结果:
2024-11-11 07:33:30,027 - INFO - 根据提供的修复patch，我们需要对原代码进行修改。在原代码的`ForEach`循环中有过多的嵌套布局，我们按照`problem_fix`中的说明来简化布局。以下是修复后的完整文件代码：

```arkts
@Entry
@Component
struct NestedViewComponent {
  @State items: Number[] = Array.from(Array<number>(500), (v, k) => k);  // 500 个数据项

  build() {
    Scroll() {
      Column() {
        ForEach(this.items, (item: Number) => {
          Column() {
            Text(item.toString())
              .fontSize(14)
              .backgroundColor(Color.Gray)
              .padding(10)
          }
          .backgroundColor(Color.White)
          .padding(5)
        }, (item: string) => item.toString())
      }
      .width('100%')
      .height('100%')
    }
  }
}
```

以上代码中，我们根据修复建议去掉了多余的嵌套结构，直接在`Column`中使用`Text`组件来显示项目内容，这提高了代码的可读性和布局的简洁性。
