2024-11-11 07:31:23,713 - INFO - 读取文件: ../mydefects2/ets/pages/defects/hp-arkui-remove-container-without-property.ets
2024-11-11 07:31:23,713 - INFO - 读取Excel文件中的缺陷信息
2024-11-11 07:31:23,716 - INFO - CodeLinter分析结果:
2024-11-11 07:31:23,716 - INFO - [
  {
    "rule": "@performance/hp-arkui-remove-container-without-property",
    "line": 12,
    "message": "Reduce redundant nested container",
    "code": "Flex() {"
  },
  {
    "rule": "@performance/hp-arkui-remove-container-without-property",
    "line": 13,
    "message": "Reduce redundant nested container",
    "code": "Flex() {"
  },
  {
    "rule": "@performance/hp-arkui-remove-container-without-property",
    "line": 14,
    "message": "Reduce redundant nested container",
    "code": "Flex() {"
  }
]
2024-11-11 07:31:23,716 - INFO - 分析第1/3个缺陷
2024-11-11 07:31:30,249 - INFO - {'rule': '@performance/hp-arkui-remove-container-without-property', 'defect_block': {'code': ['Grid(this.scroller) {', '  ForEach(this.number, (item: number) => {', '    GridItem() {', '      Flex() {', '        Flex() {', '          Flex() {', '            Text(item.toString())', '              .fontSize(16)', '              .backgroundColor(0xF9CF93)', "              .width('100%')", '              .height(80)', '              .textAlign(TextAlign.Center)', '              .border({width:1})', '          }', '        }', '      }', '    }', '  }, (item:string) => item)', '}'], 'start_line': '7', 'end_line': '18', 'line of interest': 'Flex() {'}, 'analysis': 'The code contains redundant nested Flex() containers that serve no additional purpose. This excessive nesting can impact performance and should be simplified.'}
2024-11-11 07:31:30,249 - INFO - 分析第2/3个缺陷
2024-11-11 07:31:38,196 - INFO - {'rule': '@performance/hp-arkui-remove-container-without-property', 'defect_block': {'code': ['ForEach(this.number, (item: number) => {', '  GridItem() {', '    Flex() {', '      Flex() {', '        Flex() {', '          Text(item.toString())', '            .fontSize(16)', '            .backgroundColor(0xF9CF93)', "            .width('100%')", '            .height(80)', '            .textAlign(TextAlign.Center)', '            .border({width:1})', '        }', '      }', '    }', '  }', '}, (item:string) => item)'], 'start_line': 10, 'end_line': 18, 'line of interest': 'Flex() {'}, 'analysis': 'Reduce redundant nested container'}
2024-11-11 07:31:38,196 - INFO - 分析第3/3个缺陷
2024-11-11 07:31:45,285 - INFO - {'rule': '@performance/hp-arkui-remove-container-without-property', 'defect_block': {'code': ['GridItem() {', '  Flex() {', '    Flex() {', '      Flex() {', '        Text(item.toString())', '          .fontSize(16)', '          .backgroundColor(0xF9CF93)', "          .width('100%')", '          .height(80)', '          .textAlign(TextAlign.Center)', '          .border({width:1})', '      }', '    }', '  }', '}'], 'start_line': 11, 'end_line': 19, 'line of interest': 'Flex() {'}, 'analysis': "The code includes redundant nested Flex containers which do not offer additional properties or functionality. This increases view nesting levels and may affect performance. It's recommended to remove unnecessary Flex containers."}
2024-11-11 07:31:45,285 - INFO - 开始生成修复建议
2024-11-11 07:31:46,448 - INFO - 处理第1/3个修复建议
2024-11-11 07:31:52,064 - INFO - 修复建议1的结果:
2024-11-11 07:31:52,064 - INFO - ```json
{
  "problem_code": "Grid(this.scroller) {\n  ForEach(this.number, (item: number) => {\n    GridItem() {\n      Flex() {\n        Flex() {\n          Flex() {\n            Text(item.toString())\n              .fontSize(16)\n              .backgroundColor(0xF9CF93)\n              .width('100%')\n              .height(80)\n              .textAlign(TextAlign.Center)\n              .border({width:1})\n          }\n        }\n      }\n    }\n  }, (item:string) => item)\n}\n",
  "problem_fix": "Grid(this.scroller) {\n  ForEach(this.number, (item: number) => {\n    GridItem() {\n      Text(item.toString())\n        .fontSize(16)\n        .backgroundColor(0xF9CF93)\n        .width('100%')\n        .height(80)\n        .textAlign(TextAlign.Center)\n        .border({width:1})\n    }\n  }, (item:string) => item)\n}\n"
}
```
2024-11-11 07:31:52,064 - INFO - 处理第2/3个修复建议
2024-11-11 07:31:56,648 - INFO - 修复建议2的结果:
2024-11-11 07:31:56,648 - INFO - ```json
{
  "problem_code": "ForEach(this.number, (item: number) => {\n  GridItem() {\n    Flex() {\n      Flex() {\n        Flex() {\n          Text(item.toString())\n            .fontSize(16)\n            .backgroundColor(0xF9CF93)\n            .width('100%')\n            .height(80)\n            .textAlign(TextAlign.Center)\n            .border({width:1})\n        }\n      }\n    }\n  }\n}, (item:string) => item)\n",
  "problem_fix": "ForEach(this.number, (item: number) => {\n  GridItem() {\n    Text(item.toString())\n      .fontSize(16)\n      .backgroundColor(0xF9CF93)\n      .width('100%')\n      .height(80)\n      .textAlign(TextAlign.Center)\n      .border({width:1})\n  }\n}, (item:string) => item)\n"
}
```
2024-11-11 07:31:56,648 - INFO - 处理第3/3个修复建议
2024-11-11 07:32:02,732 - INFO - 修复建议3的结果:
2024-11-11 07:32:02,733 - INFO - ```json
{
  "problem_code": "GridItem() {\n  Flex() {\n    Flex() {\n      Flex() {\n        Text(item.toString())\n          .fontSize(16)\n          .backgroundColor(0xF9CF93)\n          .width('100%')\n          .height(80)\n          .textAlign(TextAlign.Center)\n          .border({width:1})\n      }\n    }\n  }\n}\n",
  "problem_fix": "GridItem() {\n  Text(item.toString())\n    .fontSize(16)\n    .backgroundColor(0xF9CF93)\n    .width('100%')\n    .height(80)\n    .textAlign(TextAlign.Center)\n    .border({width:1})\n}\n"
}
```
2024-11-11 07:32:02,733 - INFO - 处理修复结果
2024-11-11 07:32:02,733 - INFO - 处理第1个修复结果
2024-11-11 07:32:02,733 - INFO - 原始代码:
Grid(this.scroller) {
  ForEach(this.number, (item: number) => {
    GridItem() {
      Flex() {
        Flex() {
          Flex() {
            Text(item.toString())
              .fontSize(16)
              .backgroundColor(0xF9CF93)
              .width('100%')
              .height(80)
              .textAlign(TextAlign.Center)
              .border({width:1})
          }
        }
      }
    }
  }, (item:string) => item)
}

2024-11-11 07:32:02,733 - INFO - 修复后代码:
Grid(this.scroller) {
  ForEach(this.number, (item: number) => {
    GridItem() {
      Text(item.toString())
        .fontSize(16)
        .backgroundColor(0xF9CF93)
        .width('100%')
        .height(80)
        .textAlign(TextAlign.Center)
        .border({width:1})
    }
  }, (item:string) => item)
}

2024-11-11 07:32:02,733 - INFO - 处理第2个修复结果
2024-11-11 07:32:02,733 - INFO - 原始代码:
ForEach(this.number, (item: number) => {
  GridItem() {
    Flex() {
      Flex() {
        Flex() {
          Text(item.toString())
            .fontSize(16)
            .backgroundColor(0xF9CF93)
            .width('100%')
            .height(80)
            .textAlign(TextAlign.Center)
            .border({width:1})
        }
      }
    }
  }
}, (item:string) => item)

2024-11-11 07:32:02,733 - INFO - 修复后代码:
ForEach(this.number, (item: number) => {
  GridItem() {
    Text(item.toString())
      .fontSize(16)
      .backgroundColor(0xF9CF93)
      .width('100%')
      .height(80)
      .textAlign(TextAlign.Center)
      .border({width:1})
  }
}, (item:string) => item)

2024-11-11 07:32:02,733 - INFO - 处理第3个修复结果
2024-11-11 07:32:02,734 - INFO - 原始代码:
GridItem() {
  Flex() {
    Flex() {
      Flex() {
        Text(item.toString())
          .fontSize(16)
          .backgroundColor(0xF9CF93)
          .width('100%')
          .height(80)
          .textAlign(TextAlign.Center)
          .border({width:1})
      }
    }
  }
}

2024-11-11 07:32:02,734 - INFO - 修复后代码:
GridItem() {
  Text(item.toString())
    .fontSize(16)
    .backgroundColor(0xF9CF93)
    .width('100%')
    .height(80)
    .textAlign(TextAlign.Center)
    .border({width:1})
}

2024-11-11 07:32:02,734 - INFO - 生成最终修复代码
2024-11-11 07:32:07,326 - INFO - 最终修复结果:
2024-11-11 07:32:07,326 - INFO - 修复后的完整文件代码如下：
```arkts
@Entry
@Component
struct MyComponent{
  @State number: Number[] = Array.from(Array<number>(1000), (val, i) => i);
  scroller: Scroller = new Scroller()

  build() {
    Column() {
      Grid(this.scroller) {
        ForEach(this.number, (item: number) => {
          GridItem() {
            Text(item.toString())
              .fontSize(16)
              .backgroundColor(0xF9CF93)
              .width('100%')
              .height(80)
              .textAlign(TextAlign.Center)
              .border({width:1})
          }
        }, (item:string) => item)
      }
      .columnsTemplate('1fr 1fr 1fr 1fr 1fr')
      .columnsGap(0)
      .rowsGap(0)
      .size({ width: "100%", height: "100%" })
    }
  }
}
```
以上代码根据给定的patch进行了修复，主要是去掉了多余的嵌套`Flex`，简化了代码结构，使得`GridItem`中只包含`Text`。
