2024-11-11 07:35:36,143 - INFO - 读取文件: ../mydefects2/ets/pages/defects/hp-arkui-suggest-use-effectkit-blur.ets
2024-11-11 07:35:36,143 - INFO - 读取Excel文件中的缺陷信息
2024-11-11 07:35:36,148 - INFO - CodeLinter分析结果:
2024-11-11 07:35:36,148 - INFO - [
  {
    "rule": "@performance/hp-arkui-suggest-use-effectkit-blur",
    "line": 11,
    "message": "Suggestion Use effectKit.createEffect to create a blur effect",
    "code": ".backdropBlur(3)"
  },
  {
    "rule": "@performance/hp-arkui-suggest-use-effectkit-blur",
    "line": 17,
    "message": "Suggestion Use effectKit.createEffect to create a blur effect",
    "code": ".blur(1)"
  }
]
2024-11-11 07:35:36,149 - INFO - 分析第1/2个缺陷
2024-11-11 07:35:42,095 - INFO - {'rule': '@performance/hp-arkui-suggest-use-effectkit-blur', 'defect_block': {'code': ["        Text('This is blurred text')", '          .fontSize(20)', "          .width('90%')", '          .height(50)', '          .backdropBlur(3)', "          .backgroundImage('/pages/attrs/image/image.jpg')", '          .backgroundImageSize({ width: 1200, height: 160 })'], 'start_line': 9, 'end_line': 15, 'line of interest': '.backdropBlur(3)'}, 'analysis': '建议使用effectKit.createEffect实现模糊效果。通用丢帧场景下，建议优先修改。'}
2024-11-11 07:35:42,095 - INFO - 分析第2/2个缺陷
2024-11-11 07:35:47,022 - INFO - {'rule': '@performance/hp-arkui-suggest-use-effectkit-blur', 'defect_block': {'code': ["Image('resources/base/media/background.jpg')", '  .blur(1)', "  .width('90%')", '  .height(200)'], 'start_line': '16', 'end_line': '19', 'line of interest': '.blur(1)'}, 'analysis': 'Suggestion Use effectKit.createEffect to create a blur effect'}
2024-11-11 07:35:47,022 - INFO - 开始生成修复建议
2024-11-11 07:35:47,865 - INFO - 处理第1/2个修复建议
2024-11-11 07:35:51,081 - INFO - 修复建议1的结果:
2024-11-11 07:35:51,081 - INFO - ```json
{
  "problem_code": "        Text('This is blurred text')\n          .fontSize(20)\n          .width('90%')\n          .height(50)\n          .backdropBlur(3)\n          .backgroundImage('/pages/attrs/image/image.jpg')\n          .backgroundImageSize({ width: 1200, height: 160 })\n\n",
  "problem_fix": "        Text('This is blurred text')\n          .fontSize(20)\n          .width('90%')\n          .height(50)\n          .effectKit(effect => effect.createEffect('blur', { radius: 3 }))\n          .backgroundImage('/pages/attrs/image/image.jpg')\n          .backgroundImageSize({ width: 1200, height: 160 })\n\n"
}
```
2024-11-11 07:35:51,081 - INFO - 处理第2/2个修复建议
2024-11-11 07:35:53,580 - INFO - 修复建议2的结果:
2024-11-11 07:35:53,580 - INFO - ```json
{
  "problem_code": "Image('resources/base/media/background.jpg')\n  .blur(1)\n  .width('90%')\n  .height(200)\n",
  "problem_fix": "Image('resources/base/media/background.jpg')\n  .width('90%')\n  .height(200)\n  .effectKit.createEffect({\n    type: 'blur',\n    radius: 1\n  })\n"
}
```
2024-11-11 07:35:53,580 - INFO - 处理修复结果
2024-11-11 07:35:53,580 - INFO - 处理第1个修复结果
2024-11-11 07:35:53,581 - INFO - 原始代码:
        Text('This is blurred text')
          .fontSize(20)
          .width('90%')
          .height(50)
          .backdropBlur(3)
          .backgroundImage('/pages/attrs/image/image.jpg')
          .backgroundImageSize({ width: 1200, height: 160 })


2024-11-11 07:35:53,581 - INFO - 修复后代码:
        Text('This is blurred text')
          .fontSize(20)
          .width('90%')
          .height(50)
          .effectKit(effect => effect.createEffect('blur', { radius: 3 }))
          .backgroundImage('/pages/attrs/image/image.jpg')
          .backgroundImageSize({ width: 1200, height: 160 })


2024-11-11 07:35:53,581 - INFO - 处理第2个修复结果
2024-11-11 07:35:53,581 - INFO - 原始代码:
Image('resources/base/media/background.jpg')
  .blur(1)
  .width('90%')
  .height(200)

2024-11-11 07:35:53,581 - INFO - 修复后代码:
Image('resources/base/media/background.jpg')
  .width('90%')
  .height(200)
  .effectKit.createEffect({
    type: 'blur',
    radius: 1
  })

2024-11-11 07:35:53,581 - INFO - 生成最终修复代码
2024-11-11 07:35:57,865 - INFO - 最终修复结果:
2024-11-11 07:35:57,865 - INFO - ```arkts
@Entry
@Component
struct BlurEffectComponent {
  build() {
    Column({ space: 10 }) {
      Text('Text with blur effect').fontSize(18).fontColor(0xAAAAAA).width('90%')
      Text('This is blurred text')
        .fontSize(20)
        .width('90%')
        .height(50)
        .effectKit(effect => effect.createEffect('blur', { radius: 3 }))
        .backgroundImage('/pages/attrs/image/image.jpg')
        .backgroundImageSize({ width: 1200, height: 160 })

      Text('Background blur effect').fontSize(18).fontColor(0xAAAAAA).width('90%')
      Image('resources/base/media/background.jpg')
        .width('90%')
        .height(200)
        .effectKit.createEffect({
          type: 'blur',
          radius: 1
        })
    }
    .width('100%')
    .margin({ top: 10 })
  }
}
```
