2024-11-11 07:29:26,022 - INFO - 读取文件: ../mydefects2/ets/pages/defects/hp-arkui-load-on-demand.ets
2024-11-11 07:29:26,022 - INFO - 读取Excel文件中的缺陷信息
2024-11-11 07:29:26,025 - INFO - CodeLinter分析结果:
2024-11-11 07:29:26,025 - INFO - [
  {
    "rule": "@performance/hp-arkui-load-on-demand",
    "line": 13,
    "message": "Use LazyForEach when appropriate",
    "code": "ForEach(this.items, (item: string) => {"
  }
]
2024-11-11 07:29:26,025 - INFO - 分析第1/1个缺陷
2024-11-11 07:29:32,168 - INFO - {'rule': '@performance/hp-arkui-load-on-demand', 'defect_block': {'code': ['  @State items: string[] = [', "    'Apple', 'Banana', 'Orange', 'Grapes', 'Mango', 'Pineapple', 'Strawberry', ", "    'Blueberry', 'Watermelon', 'Peach', 'Cherry', 'Papaya', 'Kiwi', 'Lychee', ", "    'Pear', 'Plum', 'Apricot', 'Pomegranate', 'Dragonfruit', 'Cantaloupe'", '  ];', '  ', '  build() {', '    List() {', '      ForEach(this.items, (item: string) => {', '        ListItem() {', '          Text(item)', '        }', '      }, (item: string) => item)', '    }', "    .width('100%')", "    .height('100%')", '  }'], 'start_line': '3', 'end_line': '17', 'line of interest': 'ForEach(this.items, (item: string) => {'}, 'analysis': 'In the context of a large list of items, using ForEach instead of LazyForEach may lead to performance issues such as dropped frames during scrolling. It is recommended to use LazyForEach to improve performance by loading list items on demand.'}
2024-11-11 07:29:32,169 - INFO - 开始生成修复建议
2024-11-11 07:29:32,739 - INFO - 处理第1/1个修复建议
2024-11-11 07:29:46,511 - INFO - 修复建议1的结果:
2024-11-11 07:29:46,511 - INFO - ```json
{
  "problem_code": "  @State items: string[] = [\n    'Apple', 'Banana', 'Orange', 'Grapes', 'Mango', 'Pineapple', 'Strawberry', \n    'Blueberry', 'Watermelon', 'Peach', 'Cherry', 'Papaya', 'Kiwi', 'Lychee', \n    'Pear', 'Plum', 'Apricot', 'Pomegranate', 'Dragonfruit', 'Cantaloupe'\n  ];\n  \n  build() {\n    List() {\n      ForEach(this.items, (item: string) => {\n        ListItem() {\n          Text(item)\n        }\n      }, (item: string) => item)\n    }\n    .width('100%')\n    .height('100%')\n  }\n",
  "problem_fix": "  import { MyDataSource } from './MyDataSource';\n\n  @State items: MyDataSource = new MyDataSource([\n    'Apple', 'Banana', 'Orange', 'Grapes', 'Mango', 'Pineapple', 'Strawberry', \n    'Blueberry', 'Watermelon', 'Peach', 'Cherry', 'Papaya', 'Kiwi', 'Lychee', \n    'Pear', 'Plum', 'Apricot', 'Pomegranate', 'Dragonfruit', 'Cantaloupe'\n  ]);\n  \n  build() {\n    List() {\n      LazyForEach(this.items, (item: string) => {\n        ListItem() {\n          Text(item)\n        }\n      }, (item: string) => item)\n    }\n    .width('100%')\n    .height('100%')\n  }\n"
}
```
2024-11-11 07:29:46,511 - INFO - 处理修复结果
2024-11-11 07:29:46,511 - INFO - 处理第1个修复结果
2024-11-11 07:29:46,511 - INFO - 原始代码:
  @State items: string[] = [
    'Apple', 'Banana', 'Orange', 'Grapes', 'Mango', 'Pineapple', 'Strawberry', 
    'Blueberry', 'Watermelon', 'Peach', 'Cherry', 'Papaya', 'Kiwi', 'Lychee', 
    'Pear', 'Plum', 'Apricot', 'Pomegranate', 'Dragonfruit', 'Cantaloupe'
  ];
  
  build() {
    List() {
      ForEach(this.items, (item: string) => {
        ListItem() {
          Text(item)
        }
      }, (item: string) => item)
    }
    .width('100%')
    .height('100%')
  }

2024-11-11 07:29:46,511 - INFO - 修复后代码:
  import { MyDataSource } from './MyDataSource';

  @State items: MyDataSource = new MyDataSource([
    'Apple', 'Banana', 'Orange', 'Grapes', 'Mango', 'Pineapple', 'Strawberry', 
    'Blueberry', 'Watermelon', 'Peach', 'Cherry', 'Papaya', 'Kiwi', 'Lychee', 
    'Pear', 'Plum', 'Apricot', 'Pomegranate', 'Dragonfruit', 'Cantaloupe'
  ]);
  
  build() {
    List() {
      LazyForEach(this.items, (item: string) => {
        ListItem() {
          Text(item)
        }
      }, (item: string) => item)
    }
    .width('100%')
    .height('100%')
  }

2024-11-11 07:29:46,511 - INFO - 生成最终修复代码
2024-11-11 07:29:54,894 - INFO - 最终修复结果:
2024-11-11 07:29:54,894 - INFO - 修复后的完整文件代码如下：
```arkts
import { MyDataSource } from './MyDataSource';

@Entry
@Component
struct LargeListComponent {
  @State items: MyDataSource = new MyDataSource([
    'Apple', 'Banana', 'Orange', 'Grapes', 'Mango', 'Pineapple', 'Strawberry', 
    'Blueberry', 'Watermelon', 'Peach', 'Cherry', 'Papaya', 'Kiwi', 'Lychee', 
    'Pear', 'Plum', 'Apricot', 'Pomegranate', 'Dragonfruit', 'Cantaloupe'
  ]);

  build() {
    List() {
      LazyForEach(this.items, (item: string) => {
        ListItem() {
          Text(item)
        }
      }, (item: string) => item)
    }
    .width('100%')
    .height('100%')
  }
}
```
