2024-11-11 07:33:30,029 - INFO - 读取文件: ../mydefects2/ets/pages/defects/hp-arkui-remove-redundant-state-var.ets
2024-11-11 07:33:30,029 - INFO - 读取Excel文件中的缺陷信息
2024-11-11 07:33:30,032 - INFO - CodeLinter分析结果:
2024-11-11 07:33:30,032 - INFO - [
  {
    "rule": "@performance/hp-arkui-remove-redundant-state-var",
    "line": 4,
    "message": "Remove state variables that are not associated with a UI component",
    "code": "@State currentStatus: string = \"initial\";"
  }
]
2024-11-11 07:33:30,032 - INFO - 分析第1/1个缺陷
2024-11-11 07:33:37,040 - INFO - {'rule': '@performance/hp-arkui-remove-redundant-state-var', 'defect_block': {'code': ['@Entry', '@Component', 'struct MyComponent {', '  @State currentStatus: string = "initial";', '', '  updateStatus(newStatus: string): void {', '    this.currentStatus = newStatus;', '  }', '', '  build() {', '    Stack() {', '      Text("这是一个按钮")', '        .fontSize(16)', '        .textAlign(TextAlign.Center)', '    }', '    .backgroundColor("blue")', '    .width(200)', '    .height(100)', '  }', '}'], 'start_line': '1', 'end_line': '21', 'line of interest': '@State currentStatus: string = "initial";'}, 'analysis': 'Remove state variables that are not associated with a UI component'}
2024-11-11 07:33:37,040 - INFO - 开始生成修复建议
2024-11-11 07:33:37,732 - INFO - 处理第1/1个修复建议
2024-11-11 07:33:42,729 - INFO - 修复建议1的结果:
2024-11-11 07:33:42,729 - INFO - ```json
{
  "problem_code": "@Entry\n@Component\nstruct MyComponent {\n  @State currentStatus: string = \"initial\";\n\n  updateStatus(newStatus: string): void {\n    this.currentStatus = newStatus;\n  }\n\n  build() {\n    Stack() {\n      Text(\"这是一个按钮\")\n        .fontSize(16)\n        .textAlign(TextAlign.Center)\n    }\n    .backgroundColor(\"blue\")\n    .width(200)\n    .height(100)\n  }\n}\n",
  "problem_fix": "@Entry\n@Component\nstruct MyComponent {\n  currentStatus: string = \"initial\";\n\n  updateStatus(newStatus: string): void {\n    this.currentStatus = newStatus;\n  }\n\n  build() {\n    Stack() {\n      Text(\"这是一个按钮\")\n        .fontSize(16)\n        .textAlign(TextAlign.Center)\n    }\n    .backgroundColor(\"blue\")\n    .width(200)\n    .height(100)\n  }\n}\n"
}
```
2024-11-11 07:33:42,729 - INFO - 处理修复结果
2024-11-11 07:33:42,729 - INFO - 处理第1个修复结果
2024-11-11 07:33:42,729 - INFO - 原始代码:
@Entry
@Component
struct MyComponent {
  @State currentStatus: string = "initial";

  updateStatus(newStatus: string): void {
    this.currentStatus = newStatus;
  }

  build() {
    Stack() {
      Text("这是一个按钮")
        .fontSize(16)
        .textAlign(TextAlign.Center)
    }
    .backgroundColor("blue")
    .width(200)
    .height(100)
  }
}

2024-11-11 07:33:42,729 - INFO - 修复后代码:
@Entry
@Component
struct MyComponent {
  currentStatus: string = "initial";

  updateStatus(newStatus: string): void {
    this.currentStatus = newStatus;
  }

  build() {
    Stack() {
      Text("这是一个按钮")
        .fontSize(16)
        .textAlign(TextAlign.Center)
    }
    .backgroundColor("blue")
    .width(200)
    .height(100)
  }
}

2024-11-11 07:33:42,729 - INFO - 生成最终修复代码
2024-11-11 07:33:45,998 - INFO - 最终修复结果:
2024-11-11 07:33:45,998 - INFO - 修复后的完整代码文件如下：

```arkts
@Entry
@Component
struct MyComponent {
  currentStatus: string = "initial";

  updateStatus(newStatus: string): void {
    this.currentStatus = newStatus;
  }

  build() {
    Stack() {
      Text("这是一个按钮")
        .fontSize(16)
        .textAlign(TextAlign.Center)
    }
    .backgroundColor("blue")
    .width(200)
    .height(100)
  }
}
```

修复主要将`@State`修饰符去掉，仅保留`currentStatus: string = "initial";`，以解决patch中提到的问题。其他代码保持不变。
