2024-11-11 07:36:43,042 - INFO - 读取文件: ../mydefects2/ets/pages/defects/hp-arkui-use-local-var-to-replace-state-var.ets
2024-11-11 07:36:43,043 - INFO - 读取Excel文件中的缺陷信息
2024-11-11 07:36:43,046 - INFO - CodeLinter分析结果:
2024-11-11 07:36:43,046 - INFO - [
  {
    "rule": "@performance/hp-arkui-use-local-var-to-replace-state-var",
    "line": 9,
    "message": "Replace state variables with local variables for temporary calculation",
    "code": "this.counter += 1;"
  },
  {
    "rule": "@performance/hp-arkui-use-local-var-to-replace-state-var",
    "line": 10,
    "message": "Replace state variables with local variables for temporary calculation",
    "code": "this.counter += 2;"
  },
  {
    "rule": "@performance/hp-arkui-use-local-var-to-replace-state-var",
    "line": 11,
    "message": "Replace state variables with local variables for temporary calculation",
    "code": "this.counter += 3;"
  }
]
2024-11-11 07:36:43,047 - INFO - 分析第1/3个缺陷
2024-11-11 07:36:53,585 - INFO - {'rule': '@performance/hp-arkui-use-local-var-to-replace-state-var', 'defect_block': {'code': ['@Entry', '@Component', 'struct CounterComponent {', '  @State counter: number = 0;', '  incrementMultipleTimes() {', '    for (let i = 0; i < 5; i++) {', '      this.counter += 1;', '      this.counter += 2;', '      this.counter += 3;', '    }', '  }', '  build() {', '    Column() {', "      Text('Counter: ' + this.counter)", '        .fontSize(20)', '        .padding(10)', "      Button('Increase Counter')", '        .onClick(() => {', '          this.incrementMultipleTimes();', '        })', '        .fontSize(16)', '        .backgroundColor(Color.Gray)', '        .padding(10)', '    }', '    .padding(20)', '  }', '}'], 'start_line': '1', 'end_line': '26', 'line of interest': 'this.counter += 1;'}, 'analysis': "Replace state variables with local variables for temporary calculation. The current code increases the state variable 'counter' multiple times in a loop, which may result in unnecessary state updates. It's recommended to use a local variable for temporary calculations and update the state variable once to minimize performance impact."}
2024-11-11 07:36:53,596 - INFO - 分析第2/3个缺陷
2024-11-11 07:37:00,506 - INFO - {'rule': '@performance/hp-arkui-use-local-var-to-replace-state-var', 'defect_block': {'code': ['  @State counter: number = 0;', '  incrementMultipleTimes() {', '    for (let i = 0; i < 5; i++) {', '      this.counter += 1;', '      this.counter += 2;', '      this.counter += 3;', '    }', '  }'], 'start_line': 4, 'end_line': 11, 'line of interest': 'this.counter += 2;'}, 'analysis': "The method incrementMultipleTimes updates the @State variable 'counter' directly inside a loop. It's recommended to use a local variable for temporary calculations to prevent unnecessary state updates and improve performance. This involves creating a local variable to perform additions and then updating the state variable 'counter' once after the loop finishes."}
2024-11-11 07:37:00,506 - INFO - 分析第3/3个缺陷
2024-11-11 07:37:05,933 - INFO - {'rule': '@performance/hp-arkui-use-local-var-to-replace-state-var', 'defect_block': {'code': ['incrementMultipleTimes() {', '  for (let i = 0; i < 5; i++) {', '    this.counter += 1;', '    this.counter += 2;', '    this.counter += 3;', '  }', '}'], 'start_line': '7', 'end_line': '13', 'line of interest': 'this.counter += 3;'}, 'analysis': "The function incrementally updates the state variable 'counter' directly within a loop. It is recommended to use a local variable to accumulate the total change and update the state variable once, outside the loop, to reduce unnecessary state updates."}
2024-11-11 07:37:05,933 - INFO - 开始生成修复建议
2024-11-11 07:37:07,252 - INFO - 处理第1/3个修复建议
2024-11-11 07:37:13,677 - INFO - 修复建议1的结果:
2024-11-11 07:37:13,677 - INFO - ```json
{
  "problem_code": "@Entry\n@Component\nstruct CounterComponent {\n  @State counter: number = 0;\n  incrementMultipleTimes() {\n    for (let i = 0; i < 5; i++) {\n      this.counter += 1;\n      this.counter += 2;\n      this.counter += 3;\n    }\n  }\n  build() {\n    Column() {\n      Text('Counter: ' + this.counter)\n        .fontSize(20)\n        .padding(10)\n      Button('Increase Counter')\n        .onClick(() => {\n          this.incrementMultipleTimes();\n        })\n        .fontSize(16)\n        .backgroundColor(Color.Gray)\n        .padding(10)\n    }\n    .padding(20)\n  }\n}\n",
  "problem_fix": "@Entry\n@Component\nstruct CounterComponent {\n  @State counter: number = 0;\n  incrementMultipleTimes() {\n    let tempCounter = this.counter;\n    for (let i = 0; i < 5; i++) {\n      tempCounter += 1;\n      tempCounter += 2;\n      tempCounter += 3;\n    }\n    this.counter = tempCounter;\n  }\n  build() {\n    Column() {\n      Text('Counter: ' + this.counter)\n        .fontSize(20)\n        .padding(10)\n      Button('Increase Counter')\n        .onClick(() => {\n          this.incrementMultipleTimes();\n        })\n        .fontSize(16)\n        .backgroundColor(Color.Gray)\n        .padding(10)\n    }\n    .padding(20)\n  }\n}\n"
}
```
2024-11-11 07:37:13,678 - INFO - 处理第2/3个修复建议
2024-11-11 07:37:16,566 - INFO - 修复建议2的结果:
2024-11-11 07:37:16,566 - INFO - ```json
{
  "problem_code": "  @State counter: number = 0;\n  incrementMultipleTimes() {\n    for (let i = 0; i < 5; i++) {\n      this.counter += 1;\n      this.counter += 2;\n      this.counter += 3;\n    }\n  }\n",
  "problem_fix": "  @State counter: number = 0;\n  incrementMultipleTimes() {\n    let tempCounter = this.counter;\n    for (let i = 0; i < 5; i++) {\n      tempCounter += 1;\n      tempCounter += 2;\n      tempCounter += 3;\n    }\n    this.counter = tempCounter;\n  }\n"
}
```
2024-11-11 07:37:16,566 - INFO - 处理第3/3个修复建议
2024-11-11 07:37:19,439 - INFO - 修复建议3的结果:
2024-11-11 07:37:19,439 - INFO - ```json
{
  "problem_code": "incrementMultipleTimes() {\n  for (let i = 0; i < 5; i++) {\n    this.counter += 1;\n    this.counter += 2;\n    this.counter += 3;\n  }\n}\n",
  "problem_fix": "incrementMultipleTimes() {\n  let incrementValue = 0;\n  for (let i = 0; i < 5; i++) {\n    incrementValue += 1;\n    incrementValue += 2;\n    incrementValue += 3;\n  }\n  this.counter += incrementValue;\n}\n"
}
```
2024-11-11 07:37:19,439 - INFO - 处理修复结果
2024-11-11 07:37:19,439 - INFO - 处理第1个修复结果
2024-11-11 07:37:19,439 - INFO - 原始代码:
@Entry
@Component
struct CounterComponent {
  @State counter: number = 0;
  incrementMultipleTimes() {
    for (let i = 0; i < 5; i++) {
      this.counter += 1;
      this.counter += 2;
      this.counter += 3;
    }
  }
  build() {
    Column() {
      Text('Counter: ' + this.counter)
        .fontSize(20)
        .padding(10)
      Button('Increase Counter')
        .onClick(() => {
          this.incrementMultipleTimes();
        })
        .fontSize(16)
        .backgroundColor(Color.Gray)
        .padding(10)
    }
    .padding(20)
  }
}

2024-11-11 07:37:19,439 - INFO - 修复后代码:
@Entry
@Component
struct CounterComponent {
  @State counter: number = 0;
  incrementMultipleTimes() {
    let tempCounter = this.counter;
    for (let i = 0; i < 5; i++) {
      tempCounter += 1;
      tempCounter += 2;
      tempCounter += 3;
    }
    this.counter = tempCounter;
  }
  build() {
    Column() {
      Text('Counter: ' + this.counter)
        .fontSize(20)
        .padding(10)
      Button('Increase Counter')
        .onClick(() => {
          this.incrementMultipleTimes();
        })
        .fontSize(16)
        .backgroundColor(Color.Gray)
        .padding(10)
    }
    .padding(20)
  }
}

2024-11-11 07:37:19,439 - INFO - 处理第2个修复结果
2024-11-11 07:37:19,440 - INFO - 原始代码:
  @State counter: number = 0;
  incrementMultipleTimes() {
    for (let i = 0; i < 5; i++) {
      this.counter += 1;
      this.counter += 2;
      this.counter += 3;
    }
  }

2024-11-11 07:37:19,440 - INFO - 修复后代码:
  @State counter: number = 0;
  incrementMultipleTimes() {
    let tempCounter = this.counter;
    for (let i = 0; i < 5; i++) {
      tempCounter += 1;
      tempCounter += 2;
      tempCounter += 3;
    }
    this.counter = tempCounter;
  }

2024-11-11 07:37:19,440 - INFO - 处理第3个修复结果
2024-11-11 07:37:19,440 - INFO - 原始代码:
incrementMultipleTimes() {
  for (let i = 0; i < 5; i++) {
    this.counter += 1;
    this.counter += 2;
    this.counter += 3;
  }
}

2024-11-11 07:37:19,440 - INFO - 修复后代码:
incrementMultipleTimes() {
  let incrementValue = 0;
  for (let i = 0; i < 5; i++) {
    incrementValue += 1;
    incrementValue += 2;
    incrementValue += 3;
  }
  this.counter += incrementValue;
}

2024-11-11 07:37:19,440 - INFO - 生成最终修复代码
2024-11-11 07:37:22,951 - INFO - 最终修复结果:
2024-11-11 07:37:22,951 - INFO - ```arkts
@Entry
@Component
struct CounterComponent {
  @State counter: number = 0;

  // 修改 incrementMultipleTimes 方法来使用临时变量 incrementValue，而不是直接更新状态变量
  incrementMultipleTimes() {
    let incrementValue = 0;
    for (let i = 0; i < 5; i++) {
      incrementValue += 1;
      incrementValue += 2;
      incrementValue += 3;
    }
    this.counter += incrementValue;
  }

  build() {
    Column() {
      Text('Counter: ' + this.counter)  // 显示计数器值
        .fontSize(20)
        .padding(10)

      Button('Increase Counter')
        .onClick(() => {
          // 点击时递增计数器值，直接更新状态变量
          this.incrementMultipleTimes();
        })
        .fontSize(16)
        .backgroundColor(Color.Gray)
        .padding(10)
    }
    .padding(20)
  }
}
```
