2024-11-11 07:38:57,148 - INFO - 读取文件: ../mydefects2/ets/pages/defects/hp-arkui-use-transition-to-replace-animateto.ets
2024-11-11 07:38:57,148 - INFO - 读取Excel文件中的缺陷信息
2024-11-11 07:38:57,150 - INFO - CodeLinter分析结果:
2024-11-11 07:38:57,150 - INFO - [
  {
    "rule": "@performance/hp-arkui-use-transition-to-replace-animateto",
    "line": 12,
    "message": "Use transition for component transition animation",
    "code": ".opacity(this.mOpacity)"
  }
]
2024-11-11 07:38:57,151 - INFO - 分析第1/1个缺陷
2024-11-11 07:39:05,619 - INFO - {'rule': '@performance/hp-arkui-use-transition-to-replace-animateto', 'defect_block': {'code': ['@Entry', '@Component', 'struct MyComponent {', '  @State mOpacity: number = 1;', '  @State visible: boolean = true;', '', '  build() {', '    Column() {', '      Row() {', '        if (this.visible) {', "          Text('Component Content')", '            .opacity(this.mOpacity)', '        }', '      }', "      .width('100%')", '      .height(100)', '      .justifyContent(FlexAlign.Center)', '', "      Button('Toggle Visibility')", '        .onClick(() => {', '          this.visible = true;', '          animateTo({', '            duration: 800,', '            onFinish: () => {', '              if (this.mOpacity === 0) {', '                this.visible = false;', '              }', '            }', '          }, () => {', '            this.mOpacity = this.mOpacity === 1 ? 0 : 1;', '          });', '        })', '        .fontSize(16)', '        .padding(10)', '        .backgroundColor(Color.Blue)', '    }', '  }', '}'], 'start_line': '1', 'end_line': '36', 'line of interest': '.opacity(this.mOpacity)'}, 'analysis': "The component uses animateTo for transitioning the opacity of a component, which is less efficient for component transitions. It's suggested to use transition instead of animateTo for handling component transition animations for better performance."}
2024-11-11 07:39:05,619 - INFO - 开始生成修复建议
2024-11-11 07:39:06,464 - INFO - 处理第1/1个修复建议
2024-11-11 07:39:13,920 - INFO - 修复建议1的结果:
2024-11-11 07:39:13,920 - INFO - ```json
{
  "problem_code": "@Entry\n@Component\nstruct MyComponent {\n  @State mOpacity: number = 1;\n  @State visible: boolean = true;\n\n  build() {\n    Column() {\n      Row() {\n        if (this.visible) {\n          Text('Component Content')\n            .opacity(this.mOpacity)\n        }\n      }\n      .width('100%')\n      .height(100)\n      .justifyContent(FlexAlign.Center)\n\n      Button('Toggle Visibility')\n        .onClick(() => {\n          this.visible = true;\n          animateTo({\n            duration: 800,\n            onFinish: () => {\n              if (this.mOpacity === 0) {\n                this.visible = false;\n              }\n            }\n          }, () => {\n            this.mOpacity = this.mOpacity === 1 ? 0 : 1;\n          });\n        })\n        .fontSize(16)\n        .padding(10)\n        .backgroundColor(Color.Blue)\n    }\n  }\n}\n",
  "problem_fix": "@Entry\n@Component\nstruct MyComponent {\n  @State mOpacity: number = 1;\n  @State visible: boolean = true;\n\n  build() {\n    Column() {\n      Row() {\n        if (this.visible) {\n          Text('Component Content')\n            .opacity(this.mOpacity)\n        }\n      }\n      .width('100%')\n      .height(100)\n      .justifyContent(FlexAlign.Center)\n\n      Button('Toggle Visibility')\n        .onClick(() => {\n          this.visible = true;\n          transition({\n            duration: 800,\n            onFinish: () => {\n              if (this.mOpacity === 0) {\n                this.visible = false;\n              }\n            }\n          }, () => {\n            this.mOpacity = this.mOpacity === 1 ? 0 : 1;\n          });\n        })\n        .fontSize(16)\n        .padding(10)\n        .backgroundColor(Color.Blue)\n    }\n  }\n}\n"
}
```
2024-11-11 07:39:13,921 - INFO - 处理修复结果
2024-11-11 07:39:13,921 - INFO - 处理第1个修复结果
2024-11-11 07:39:13,921 - INFO - 原始代码:
@Entry
@Component
struct MyComponent {
  @State mOpacity: number = 1;
  @State visible: boolean = true;

  build() {
    Column() {
      Row() {
        if (this.visible) {
          Text('Component Content')
            .opacity(this.mOpacity)
        }
      }
      .width('100%')
      .height(100)
      .justifyContent(FlexAlign.Center)

      Button('Toggle Visibility')
        .onClick(() => {
          this.visible = true;
          animateTo({
            duration: 800,
            onFinish: () => {
              if (this.mOpacity === 0) {
                this.visible = false;
              }
            }
          }, () => {
            this.mOpacity = this.mOpacity === 1 ? 0 : 1;
          });
        })
        .fontSize(16)
        .padding(10)
        .backgroundColor(Color.Blue)
    }
  }
}

2024-11-11 07:39:13,921 - INFO - 修复后代码:
@Entry
@Component
struct MyComponent {
  @State mOpacity: number = 1;
  @State visible: boolean = true;

  build() {
    Column() {
      Row() {
        if (this.visible) {
          Text('Component Content')
            .opacity(this.mOpacity)
        }
      }
      .width('100%')
      .height(100)
      .justifyContent(FlexAlign.Center)

      Button('Toggle Visibility')
        .onClick(() => {
          this.visible = true;
          transition({
            duration: 800,
            onFinish: () => {
              if (this.mOpacity === 0) {
                this.visible = false;
              }
            }
          }, () => {
            this.mOpacity = this.mOpacity === 1 ? 0 : 1;
          });
        })
        .fontSize(16)
        .padding(10)
        .backgroundColor(Color.Blue)
    }
  }
}

2024-11-11 07:39:13,921 - INFO - 生成最终修复代码
2024-11-11 07:39:20,844 - INFO - 最终修复结果:
2024-11-11 07:39:20,844 - INFO - 根据提供的修复patch信息，我们需要将代码中`animateTo`函数替换为`transition`函数。以下是修复后的完整文件代码：

```arkts
@Entry
@Component
struct MyComponent {
  @State mOpacity: number = 1;
  @State visible: boolean = true;

  build() {
    Column() {
      Row() {
        if (this.visible) {
          Text('Component Content')
            .opacity(this.mOpacity)
        }
      }
      .width('100%')
      .height(100)
      .justifyContent(FlexAlign.Center)

      Button('Toggle Visibility')
        .onClick(() => {
          this.visible = true;
          transition({
            duration: 800,
            onFinish: () => {
              if (this.mOpacity === 0) {
                this.visible = false;
              }
            }
          }, () => {
            this.mOpacity = this.mOpacity === 1 ? 0 : 1;
          });
        })
        .fontSize(16)
        .padding(10)
        .backgroundColor(Color.Blue)
    }
  }
}
```
