2024-11-11 07:38:34,700 - INFO - 读取文件: ../mydefects2/ets/pages/defects/hp-arkui-use-taskpool-for-web-request.ets
2024-11-11 07:38:34,701 - INFO - 读取Excel文件中的缺陷信息
2024-11-11 07:38:34,703 - INFO - CodeLinter分析结果:
2024-11-11 07:38:34,703 - INFO - [
  {
    "rule": "@performance/hp-arkui-use-taskpool-for-web-request",
    "line": 15,
    "message": "Use taskpool for asynchronous processing of network resource requests and responses",
    "code": "httpRequest.request(\"EXAMPLE_URL\", (err: Error, data: http.HttpResponse) => {"
  }
]
2024-11-11 07:38:34,704 - INFO - 分析第1/1个缺陷
2024-11-11 07:38:43,269 - INFO - {'rule': '@performance/hp-arkui-use-taskpool-for-web-request', 'defect_block': {'code': ['let httpRequest = http.createHttp();', 'httpRequest.request("EXAMPLE_URL", (err: Error, data: http.HttpResponse) => {', '  if (!err) {', "    console.info('Result: ' + data.result);", "    console.info('Code: ' + data.responseCode);", '  } else {', "    console.info('Error: ' + JSON.stringify(err));", '  }', '});'], 'start_line': 12, 'end_line': 20, 'line of interest': 'httpRequest.request("EXAMPLE_URL", (err: Error, data: http.HttpResponse) => {'}, 'analysis': 'It is suggested to use taskpool for asynchronous processing of network resource requests and responses to avoid blocking the main thread and improve performance.'}
2024-11-11 07:38:43,269 - INFO - 开始生成修复建议
2024-11-11 07:38:45,922 - INFO - 处理第1/1个修复建议
2024-11-11 07:38:53,489 - INFO - 修复建议1的结果:
2024-11-11 07:38:53,489 - INFO - ```json
{
  "problem_code": "let httpRequest = http.createHttp();\nhttpRequest.request(\"EXAMPLE_URL\", (err: Error, data: http.HttpResponse) => {\n  if (!err) {\n    console.info('Result: ' + data.result);\n    console.info('Code: ' + data.responseCode);\n  } else {\n    console.info('Error: ' + JSON.stringify(err));\n  }\n});\n",
  "problem_fix": "import { taskpool } from '@kit.TaskPool';\n\nlet httpRequest = http.createHttp();\ntaskpool.run(() => {\n  httpRequest.request(\"EXAMPLE_URL\", (err: Error, data: http.HttpResponse) => {\n    if (!err) {\n      console.info('Result: ' + data.result);\n      console.info('Code: ' + data.responseCode);\n    } else {\n      console.info('Error: ' + JSON.stringify(err));\n    }\n  });\n});\n"
}
```
2024-11-11 07:38:53,489 - INFO - 处理修复结果
2024-11-11 07:38:53,490 - INFO - 处理第1个修复结果
2024-11-11 07:38:53,490 - INFO - 原始代码:
let httpRequest = http.createHttp();
httpRequest.request("EXAMPLE_URL", (err: Error, data: http.HttpResponse) => {
  if (!err) {
    console.info('Result: ' + data.result);
    console.info('Code: ' + data.responseCode);
  } else {
    console.info('Error: ' + JSON.stringify(err));
  }
});

2024-11-11 07:38:53,490 - INFO - 修复后代码:
import { taskpool } from '@kit.TaskPool';

let httpRequest = http.createHttp();
taskpool.run(() => {
  httpRequest.request("EXAMPLE_URL", (err: Error, data: http.HttpResponse) => {
    if (!err) {
      console.info('Result: ' + data.result);
      console.info('Code: ' + data.responseCode);
    } else {
      console.info('Error: ' + JSON.stringify(err));
    }
  });
});

2024-11-11 07:38:53,490 - INFO - 生成最终修复代码
2024-11-11 07:38:57,146 - INFO - 最终修复结果:
2024-11-11 07:38:57,146 - INFO - 修复后的完整代码如下:
```arkts
import { http } from '@kit.NetworkKit';
import { taskpool } from '@kit.TaskPool';

@Entry
@Component
struct MyComponent {
  build() {
    Column() {
      Text('点击发送网络请求')
        .fontSize(20)
        .padding(10)

      Button('发送请求')
        .onClick(() => {
          let httpRequest = http.createHttp();
          taskpool.run(() => {
            httpRequest.request("EXAMPLE_URL", (err: Error, data: http.HttpResponse) => {
              if (!err) {
                console.info('Result: ' + data.result);
                console.info('Code: ' + data.responseCode);
              } else {
                console.info('Error: ' + JSON.stringify(err));
              }
            });
          });
        })
        .padding(20)
        .backgroundColor(Color.Blue)
        .fontColor(Color.White)
    }
    .padding(20)
  }
}
```
修复后的代码已经根据patch将网络请求的操作放到了任务池中去执行，以保持UI的流畅。其他部分保持不变。
