2024-11-11 07:27:05,211 - INFO - 读取文件: ../mydefects2/ets/pages/defects/hp-arkts-no-use-any-export-current.ets
2024-11-11 07:27:05,212 - INFO - 读取Excel文件中的缺陷信息
2024-11-11 07:27:05,213 - INFO - CodeLinter分析结果:
2024-11-11 07:27:05,213 - INFO - [
  {
    "rule": "@performance/hp-arkts-no-use-any-export-other",
    "line": 1,
    "message": "Do not use export * to export types and data defined in the other module",
    "code": "export * from './product';"
  },
  {
    "rule": "@performance/hp-arkts-no-use-any-export-other",
    "line": 2,
    "message": "Do not use export * to export types and data defined in the other module",
    "code": "export * as Inventory from './product';"
  }
]
2024-11-11 07:27:05,213 - INFO - 分析第1/2个缺陷
2024-11-11 07:27:11,204 - INFO - {'rule': '@performance/hp-arkts-no-use-any-export-other', 'defect_block': {'code': ["export * from './product';", "export * as Inventory from './product';", '', 'class Order {', '  orderId?: number;', '  productName?: string;', '}'], 'start_line': 1, 'end_line': 7, 'line of interest': "export * from './product';"}, 'analysis': 'Avoid using export * to export types and data defined in other modules. This can lead to increased bundle size and hinder tree shaking optimization.'}
2024-11-11 07:27:11,204 - INFO - 分析第2/2个缺陷
2024-11-11 07:27:18,331 - INFO - {'rule': '@performance/hp-arkts-no-use-any-export-other', 'defect_block': {'code': ["export * from './product';", "export * as Inventory from './product';"], 'start_line': 1, 'end_line': 2, 'line of interest': "export * as Inventory from './product';"}, 'analysis': 'Do not use export * to export types and data defined in the other module. This can lead to unexpected exports and make code harder to maintain.'}
2024-11-11 07:27:18,331 - INFO - 开始生成修复建议
2024-11-11 07:27:19,087 - INFO - 处理第1/2个修复建议
2024-11-11 07:27:28,731 - INFO - 修复建议1的结果:
2024-11-11 07:27:28,731 - INFO - ```json
{
  "problem_code": "export * from './product';\nexport * as Inventory from './product';\n\nclass Order {\n  orderId?: number;\n  productName?: string;\n}\n",
  "problem_fix": "export { specificFunctionOrType1, specificFunctionOrType2 } from './product';\n\nclass Order {\n  orderId?: number;\n  productName?: string;\n}\n"
}
```
2024-11-11 07:27:28,731 - INFO - 处理第2/2个修复建议
2024-11-11 07:27:31,616 - INFO - 修复建议2的结果:
2024-11-11 07:27:31,616 - INFO - ```json
{
  "problem_code": "export * from './product';\nexport * as Inventory from './product';\n",
  "problem_fix": "export { Product } from './product';\n\nclass Order {\n  orderId?: number;\n  productName?: string;\n}"
}
```
2024-11-11 07:27:31,616 - INFO - 处理修复结果
2024-11-11 07:27:31,616 - INFO - 处理第1个修复结果
2024-11-11 07:27:31,616 - INFO - 原始代码:
export * from './product';
export * as Inventory from './product';

class Order {
  orderId?: number;
  productName?: string;
}

2024-11-11 07:27:31,616 - INFO - 修复后代码:
export { specificFunctionOrType1, specificFunctionOrType2 } from './product';

class Order {
  orderId?: number;
  productName?: string;
}

2024-11-11 07:27:31,616 - INFO - 处理第2个修复结果
2024-11-11 07:27:31,616 - INFO - 原始代码:
export * from './product';
export * as Inventory from './product';

2024-11-11 07:27:31,616 - INFO - 修复后代码:
export { Product } from './product';

class Order {
  orderId?: number;
  productName?: string;
}
2024-11-11 07:27:31,617 - INFO - 生成最终修复代码
2024-11-11 07:27:33,476 - INFO - 最终修复结果:
2024-11-11 07:27:33,476 - INFO - ```arkts
export { Product } from './product';

class Order {
  orderId?: number;
  productName?: string;
}
```
