2024-11-11 07:27:33,477 - INFO - 读取文件: ../mydefects2/ets/pages/defects/hp-arkui-avoid-empty-callback.ets
2024-11-11 07:27:33,478 - INFO - 读取Excel文件中的缺陷信息
2024-11-11 07:27:33,480 - INFO - CodeLinter分析结果:
2024-11-11 07:27:33,480 - INFO - [
  {
    "rule": "@performance/hp-arkui-avoid-empty-callback",
    "line": 5,
    "message": "Avoid setting empty system callback listeners",
    "code": ".onChange(() => {"
  }
]
2024-11-11 07:27:33,480 - INFO - 分析第1/1个缺陷
2024-11-11 07:27:38,165 - INFO - {'rule': '@performance/hp-arkui-avoid-empty-callback', 'defect_block': {'code': ['@Component', 'struct TestComponent {', '  build() {', '    Slider({ min: 0, max: 100 })', '      .onChange(() => {', '        // 无业务逻辑', '      })', '  }', '}'], 'start_line': 1, 'end_line': 8, 'line of interest': '.onChange(() => {'}, 'analysis': 'Avoid setting empty system callback listeners'}
2024-11-11 07:27:38,165 - INFO - 开始生成修复建议
2024-11-11 07:27:38,672 - INFO - 处理第1/1个修复建议
2024-11-11 07:27:44,545 - INFO - 修复建议1的结果:
2024-11-11 07:27:44,545 - INFO - ```json
{
  "problem_code": "@Component\nstruct TestComponent {\n  build() {\n    Slider({ min: 0, max: 100 })\n      .onChange(() => {\n        // 无业务逻辑\n      })\n  }\n}\n",
  "problem_fix": "@Component\nstruct TestComponent {\n  handleSliderChange(value: number) {\n    // 处理滑块值变化的逻辑\n  }\n\n  build() {\n    Slider({ min: 0, max: 100 })\n      .onChange((value) => {\n        this.handleSliderChange(value)\n      })\n  }\n}\n"
}
```
2024-11-11 07:27:44,545 - INFO - 处理修复结果
2024-11-11 07:27:44,545 - INFO - 处理第1个修复结果
2024-11-11 07:27:44,545 - INFO - 原始代码:
@Component
struct TestComponent {
  build() {
    Slider({ min: 0, max: 100 })
      .onChange(() => {
        // 无业务逻辑
      })
  }
}

2024-11-11 07:27:44,545 - INFO - 修复后代码:
@Component
struct TestComponent {
  handleSliderChange(value: number) {
    // 处理滑块值变化的逻辑
  }

  build() {
    Slider({ min: 0, max: 100 })
      .onChange((value) => {
        this.handleSliderChange(value)
      })
  }
}

2024-11-11 07:27:44,545 - INFO - 生成最终修复代码
2024-11-11 07:27:46,731 - INFO - 最终修复结果:
2024-11-11 07:27:46,731 - INFO - 修复后的代码如下：
```arkts
@Component
struct TestComponent {
  handleSliderChange(value: number) {
    // 处理滑块值变化的逻辑
  }

  build() {
    Slider({ min: 0, max: 100 })
      .onChange((value) => {
        this.handleSliderChange(value)
      })
  }
}
```
