2024-11-11 07:38:16,556 - INFO - 读取文件: ../mydefects2/ets/pages/defects/hp-arkui-use-scale-to-replace-attr-animateto.ets
2024-11-11 07:38:16,556 - INFO - 读取Excel文件中的缺陷信息
2024-11-11 07:38:16,559 - INFO - CodeLinter分析结果:
2024-11-11 07:38:16,559 - INFO - [
  {
    "rule": "@performance/hp-arkui-use-scale-to-replace-attr-animateto",
    "line": 19,
    "message": "Use the scale animation to replace animateTo when the component layout is changed",
    "code": "animateTo({ duration: 1000 }, () => {"
  }
]
2024-11-11 07:38:16,559 - INFO - 分析第1/1个缺陷
2024-11-11 07:38:22,302 - INFO - {'rule': '@performance/hp-arkui-use-scale-to-replace-attr-animateto', 'defect_block': {'code': ["Button('调整大小')", '  .backgroundColor(Color.Green)', '  .fontColor(Color.White)', '  .fontSize(20)', '  .padding(10)', '  .margin({ top: 30 })', '  .onClick(() => {', '    animateTo({ duration: 1000 }, () => {', '      this.boxWidth = 200;', '      this.boxHeight = 200;', '    })', '  })'], 'start_line': 11, 'end_line': 22, 'line of interest': 'animateTo({ duration: 1000 }, () => {'}, 'analysis': 'Use the scale animation to replace animateTo when the component layout is changed. Animations involving layout properties like width and height should use scale transformations for better performance.'}
2024-11-11 07:38:22,302 - INFO - 开始生成修复建议
2024-11-11 07:38:22,840 - INFO - 处理第1/1个修复建议
2024-11-11 07:38:27,744 - INFO - 修复建议1的结果:
2024-11-11 07:38:27,744 - INFO - ```json
{
  "problem_code": "Button('调整大小')\n  .backgroundColor(Color.Green)\n  .fontColor(Color.White)\n  .fontSize(20)\n  .padding(10)\n  .margin({ top: 30 })\n  .onClick(() => {\n    animateTo({ duration: 1000 }, () => {\n      this.boxWidth = 200;\n      this.boxHeight = 200;\n    })\n  })\n",
  "problem_fix": "Button('调整大小')\n  .backgroundColor(Color.Green)\n  .fontColor(Color.White)\n  .fontSize(20)\n  .padding(10)\n  .margin({ top: 30 })\n  .onClick(() => {\n    const initialScaleWidth = this.boxWidth / 200;\n    const initialScaleHeight = this.boxHeight / 200;\n    this.boxWidth = 200;\n    this.boxHeight = 200;\n    scale({\n      duration: 1000,\n      fromScale: { x: initialScaleWidth, y: initialScaleHeight },\n      toScale: { x: 1, y: 1 },\n    })\n  })\n"
}
```
2024-11-11 07:38:27,744 - INFO - 处理修复结果
2024-11-11 07:38:27,744 - INFO - 处理第1个修复结果
2024-11-11 07:38:27,744 - INFO - 原始代码:
Button('调整大小')
  .backgroundColor(Color.Green)
  .fontColor(Color.White)
  .fontSize(20)
  .padding(10)
  .margin({ top: 30 })
  .onClick(() => {
    animateTo({ duration: 1000 }, () => {
      this.boxWidth = 200;
      this.boxHeight = 200;
    })
  })

2024-11-11 07:38:27,745 - INFO - 修复后代码:
Button('调整大小')
  .backgroundColor(Color.Green)
  .fontColor(Color.White)
  .fontSize(20)
  .padding(10)
  .margin({ top: 30 })
  .onClick(() => {
    const initialScaleWidth = this.boxWidth / 200;
    const initialScaleHeight = this.boxHeight / 200;
    this.boxWidth = 200;
    this.boxHeight = 200;
    scale({
      duration: 1000,
      fromScale: { x: initialScaleWidth, y: initialScaleHeight },
      toScale: { x: 1, y: 1 },
    })
  })

2024-11-11 07:38:27,745 - INFO - 生成最终修复代码
2024-11-11 07:38:34,699 - INFO - 最终修复结果:
2024-11-11 07:38:34,699 - INFO - 修复后的完整文件代码如下:
```arkts
@Entry
@Component
struct MyComponent {
  @State boxWidth: number = 50;
  @State boxHeight: number = 50;
  build() {
    Column() {
      Text()
        .backgroundColor(Color.Blue)
        .width(this.boxWidth)
        .height(this.boxHeight)
      Button('调整大小')
        .backgroundColor(Color.Green)
        .fontColor(Color.White)
        .fontSize(20)
        .padding(10)
        .margin({ top: 30 })
        .onClick(() => {
          const initialScaleWidth = this.boxWidth / 200;
          const initialScaleHeight = this.boxHeight / 200;
          this.boxWidth = 200;
          this.boxHeight = 200;
          scale({
            duration: 1000,
            fromScale: { x: initialScaleWidth, y: initialScaleHeight },
            toScale: { x: 1, y: 1 },
          })
        })
    }
  }
}
```
