2024-11-11 07:39:34,876 - INFO - 读取文件: ../mydefects2/ets/pages/defects/hp-performance-no-closures.ets
2024-11-11 07:39:34,876 - INFO - 读取Excel文件中的缺陷信息
2024-11-11 07:39:34,879 - INFO - CodeLinter分析结果:
2024-11-11 07:39:34,879 - INFO - [
  {
    "rule": "@performance/hp-performance-no-closures",
    "line": 16,
    "message": "Pass in parameters for internal variables of functions",
    "code": "return config.timeout * config.retries;"
  }
]
2024-11-11 07:39:34,879 - INFO - 分析第1/1个缺陷
2024-11-11 07:39:45,689 - INFO - {'rule': '@performance/hp-performance-no-closures', 'defect_block': {'code': ['let config: GeneratedObjectLiteralInterface_1 = {', '  timeout: 5000,', '  retries: 3,', '};', '', 'function fetchData() {', '  // 直接访问全局变量 config', '  console.log(`Fetching data with timeout: ${config.timeout}ms and retries: ${config.retries}`);', '', '  // 模拟一些操作', '  return config.timeout * config.retries;', '}', '', 'fetchData();'], 'start_line': 4, 'end_line': 17, 'line of interest': 'return config.timeout * config.retries;'}, 'analysis': "The rule @performance/hp-performance-no-closures suggests passing variables to functions rather than accessing global variables directly. The code fetchData directly accesses the global variable 'config'. To align with best practices, pass the timeout and retries as parameters to the fetchData function."}
2024-11-11 07:39:45,689 - INFO - 开始生成修复建议
2024-11-11 07:39:46,227 - INFO - 处理第1/1个修复建议
2024-11-11 07:39:52,502 - INFO - 修复建议1的结果:
2024-11-11 07:39:52,502 - INFO - ```json
{
  "problem_code": "let config: GeneratedObjectLiteralInterface_1 = {\n  timeout: 5000,\n  retries: 3,\n};\n\nfunction fetchData() {\n  // 直接访问全局变量 config\n  console.log(`Fetching data with timeout: ${config.timeout}ms and retries: ${config.retries}`);\n\n  // 模拟一些操作\n  return config.timeout * config.retries;\n}\n\nfetchData();\n",
  "problem_fix": "let config: GeneratedObjectLiteralInterface_1 = {\n  timeout: 5000,\n  retries: 3,\n};\n\nfunction fetchData(timeout: number, retries: number) {\n  // 使用参数传递\n  console.log(`Fetching data with timeout: ${timeout}ms and retries: ${retries}`);\n\n  // 模拟一些操作\n  return timeout * retries;\n}\n\nfetchData(config.timeout, config.retries);\n"
}
```
2024-11-11 07:39:52,502 - INFO - 处理修复结果
2024-11-11 07:39:52,502 - INFO - 处理第1个修复结果
2024-11-11 07:39:52,502 - INFO - 原始代码:
let config: GeneratedObjectLiteralInterface_1 = {
  timeout: 5000,
  retries: 3,
};

function fetchData() {
  // 直接访问全局变量 config
  console.log(`Fetching data with timeout: ${config.timeout}ms and retries: ${config.retries}`);

  // 模拟一些操作
  return config.timeout * config.retries;
}

fetchData();

2024-11-11 07:39:52,502 - INFO - 修复后代码:
let config: GeneratedObjectLiteralInterface_1 = {
  timeout: 5000,
  retries: 3,
};

function fetchData(timeout: number, retries: number) {
  // 使用参数传递
  console.log(`Fetching data with timeout: ${timeout}ms and retries: ${retries}`);

  // 模拟一些操作
  return timeout * retries;
}

fetchData(config.timeout, config.retries);

2024-11-11 07:39:52,502 - INFO - 生成最终修复代码
2024-11-11 07:39:55,216 - INFO - 最终修复结果:
2024-11-11 07:39:55,216 - INFO - 根据提供的patch，修复后的代码如下：

```arkts
interface GeneratedObjectLiteralInterface_1 {
  timeout: number;
  retries: number;
}

let config: GeneratedObjectLiteralInterface_1 = {
  timeout: 5000,
  retries: 3,
};

function fetchData(timeout: number, retries: number) {
  // 使用参数传递
  console.log(`Fetching data with timeout: ${timeout}ms and retries: ${retries}`);

  // 模拟一些操作
  return timeout * retries;
}

fetchData(config.timeout, config.retries);
```

此修复将 `fetchData` 函数修改为接受两个参数 `timeout` 和 `retries`，并在调用 `fetchData` 时传递 `config` 对象的相应属性。
