2024-11-11 07:39:55,218 - INFO - 读取文件: ../mydefects2/ets/pages/defects/lottie-animation-destroy-check.ets
2024-11-11 07:39:55,218 - INFO - 读取Excel文件中的缺陷信息
2024-11-11 07:39:55,221 - INFO - CodeLinter分析结果:
2024-11-11 07:39:55,221 - INFO - [
  {
    "rule": "@performance/lottie-animation-destroy-check",
    "line": 19,
    "message": "Destroy Lottie animations correctly.",
    "code": "this.animationItem = lottie.loadAnimation({"
  }
]
2024-11-11 07:39:55,221 - INFO - 分析第1/1个缺陷
2024-11-11 07:40:02,591 - INFO - {'rule': '@performance/lottie-animation-destroy-check', 'defect_block': {'code': ["import lottie from '@ohos.lottie';", "import { AnimationItem } from '@ohos.lottie';", '', "const ANIMATION_PATH: string = 'media/funnyAnimation.json';", '', '@Entry', '@Component', 'struct LottieAnimation2 {', '  private animationController: CanvasRenderingContext2D = new CanvasRenderingContext2D();', '  private animationItem?: AnimationItem;', '', '  build() {', '    Column() {', '      Canvas(this.animationController)', '        .width(200)', '        .height(200)', '        .backgroundColor(Color.White)', '        .onReady(() => {', '          this.animationItem = lottie.loadAnimation({', '            container: this.animationController,', "            renderer: 'canvas',", '            loop: true,', '            autoplay: true,', '            path: ANIMATION_PATH,', '          });', '        })', '', "      Button('Stop Animation')", '        .onClick(() => {', '          if (this.animationItem) {', '            this.animationItem.stop();', '          }', '        })', '        .padding(10)', '        .backgroundColor(Color.Blue)', '        .fontColor(Color.White)', '    }', '  }', '}'], 'start_line': 1, 'end_line': 39, 'line of interest': 'this.animationItem = lottie.loadAnimation({'}, 'analysis': 'The defect occurs because the lottie animation is created but not destroyed. When using lottie animations, it is important to correctly destroy them using the `destroy` method to avoid resource leaks. This should be done in an appropriate lifecycle method like `onDisAppear` or `aboutToDisappear`.'}
2024-11-11 07:40:02,591 - INFO - 开始生成修复建议
2024-11-11 07:40:03,175 - INFO - 处理第1/1个修复建议
2024-11-11 07:40:11,556 - INFO - 修复建议1的结果:
2024-11-11 07:40:11,556 - INFO - ```json
{
  "problem_code": "import lottie from '@ohos.lottie';\nimport { AnimationItem } from '@ohos.lottie';\n\nconst ANIMATION_PATH: string = 'media/funnyAnimation.json';\n\n@Entry\n@Component\nstruct LottieAnimation2 {\n  private animationController: CanvasRenderingContext2D = new CanvasRenderingContext2D();\n  private animationItem?: AnimationItem;\n\n  build() {\n    Column() {\n      Canvas(this.animationController)\n        .width(200)\n        .height(200)\n        .backgroundColor(Color.White)\n        .onReady(() => {\n          this.animationItem = lottie.loadAnimation({\n            container: this.animationController,\n            renderer: 'canvas',\n            loop: true,\n            autoplay: true,\n            path: ANIMATION_PATH,\n          });\n        })\n\n      Button('Stop Animation')\n        .onClick(() => {\n          if (this.animationItem) {\n            this.animationItem.stop();\n          }\n        })\n        .padding(10)\n        .backgroundColor(Color.Blue)\n        .fontColor(Color.White)\n    }\n  }\n}\n",
  "problem_fix": "import lottie from '@ohos.lottie';\nimport { AnimationItem } from '@ohos.lottie';\n\nconst ANIMATION_PATH: string = 'media/funnyAnimation.json';\n\n@Entry\n@Component\nstruct LottieAnimation2 {\n  private animationController: CanvasRenderingContext2D = new CanvasRenderingContext2D();\n  private animationItem?: AnimationItem;\n\n  build() {\n    Column() {\n      Canvas(this.animationController)\n        .width(200)\n        .height(200)\n        .backgroundColor(Color.White)\n        .onReady(() => {\n          this.animationItem = lottie.loadAnimation({\n            container: this.animationController,\n            renderer: 'canvas',\n            loop: true,\n            autoplay: true,\n            path: ANIMATION_PATH,\n          });\n        })\n\n      Button('Stop Animation')\n        .onClick(() => {\n          if (this.animationItem) {\n            this.animationItem.stop();\n          }\n        })\n        .padding(10)\n        .backgroundColor(Color.Blue)\n        .fontColor(Color.White)\n    }\n  }\n\n  onDisAppear() {\n    if (this.animationItem) {\n      this.animationItem.destroy();  \n      this.animationItem = undefined;\n    }\n  }\n}\n"
}
```
2024-11-11 07:40:11,556 - INFO - 处理修复结果
2024-11-11 07:40:11,556 - INFO - 处理第1个修复结果
2024-11-11 07:40:11,556 - INFO - 原始代码:
import lottie from '@ohos.lottie';
import { AnimationItem } from '@ohos.lottie';

const ANIMATION_PATH: string = 'media/funnyAnimation.json';

@Entry
@Component
struct LottieAnimation2 {
  private animationController: CanvasRenderingContext2D = new CanvasRenderingContext2D();
  private animationItem?: AnimationItem;

  build() {
    Column() {
      Canvas(this.animationController)
        .width(200)
        .height(200)
        .backgroundColor(Color.White)
        .onReady(() => {
          this.animationItem = lottie.loadAnimation({
            container: this.animationController,
            renderer: 'canvas',
            loop: true,
            autoplay: true,
            path: ANIMATION_PATH,
          });
        })

      Button('Stop Animation')
        .onClick(() => {
          if (this.animationItem) {
            this.animationItem.stop();
          }
        })
        .padding(10)
        .backgroundColor(Color.Blue)
        .fontColor(Color.White)
    }
  }
}

2024-11-11 07:40:11,556 - INFO - 修复后代码:
import lottie from '@ohos.lottie';
import { AnimationItem } from '@ohos.lottie';

const ANIMATION_PATH: string = 'media/funnyAnimation.json';

@Entry
@Component
struct LottieAnimation2 {
  private animationController: CanvasRenderingContext2D = new CanvasRenderingContext2D();
  private animationItem?: AnimationItem;

  build() {
    Column() {
      Canvas(this.animationController)
        .width(200)
        .height(200)
        .backgroundColor(Color.White)
        .onReady(() => {
          this.animationItem = lottie.loadAnimation({
            container: this.animationController,
            renderer: 'canvas',
            loop: true,
            autoplay: true,
            path: ANIMATION_PATH,
          });
        })

      Button('Stop Animation')
        .onClick(() => {
          if (this.animationItem) {
            this.animationItem.stop();
          }
        })
        .padding(10)
        .backgroundColor(Color.Blue)
        .fontColor(Color.White)
    }
  }

  onDisAppear() {
    if (this.animationItem) {
      this.animationItem.destroy();  
      this.animationItem = undefined;
    }
  }
}

2024-11-11 07:40:11,556 - INFO - 生成最终修复代码
2024-11-11 07:40:18,129 - INFO - 最终修复结果:
2024-11-11 07:40:18,129 - INFO - 根据提供的修复patch，我将添加一个 `onDisAppear` 方法，以确保当组件消失时正确处理 `animationItem` 的生命周期。以下是修复后的完整代码：

```arkts
import lottie from '@ohos.lottie';
import { AnimationItem } from '@ohos.lottie';

const ANIMATION_PATH: string = 'media/funnyAnimation.json';

@Entry
@Component
struct LottieAnimation2 {
  private animationController: CanvasRenderingContext2D = new CanvasRenderingContext2D();
  private animationItem?: AnimationItem;

  build() {
    Column() {
      Canvas(this.animationController)
        .width(200)
        .height(200)
        .backgroundColor(Color.White)
        .onReady(() => {
          this.animationItem = lottie.loadAnimation({
            container: this.animationController,
            renderer: 'canvas',
            loop: true,
            autoplay: true,
            path: ANIMATION_PATH,
          });
        })

      Button('Stop Animation')
        .onClick(() => {
          if (this.animationItem) {
            this.animationItem.stop();
          }
        })
        .padding(10)
        .backgroundColor(Color.Blue)
        .fontColor(Color.White)
    }
  }

  onDisAppear() {
    if (this.animationItem) {
      this.animationItem.destroy();  
      this.animationItem = undefined;
    }
  }
}
```

这段代码新增了 `onDisAppear()` 方法，用来在组件消失时清理 `animationItem`，避免内存泄漏。其他代码保持不变。
