2024-11-11 07:41:09,926 - INFO - 读取文件: ../mydefects2/ets/pages/defects/sparse-array-check.ets
2024-11-11 07:41:09,926 - INFO - 读取Excel文件中的缺陷信息
2024-11-11 07:41:09,930 - INFO - CodeLinter分析结果:
2024-11-11 07:41:09,931 - INFO - [
  {
    "rule": "@performance/sparse-array-check",
    "line": 2,
    "message": "Sparse array detected. Avoid using sparse arrays.",
    "code": "let data: number[] = new Array(count);"
  },
  {
    "rule": "@performance/sparse-array-check",
    "line": 4,
    "message": "Sparse array detected. Avoid using sparse arrays.",
    "code": "data[5000] = 42;  // \u7a00\u758f\u6570\u7ec4\uff0c\u53ea\u6709\u4e00\u4e2a\u5143\u7d20\u8d4b\u503c"
  },
  {
    "rule": "@performance/sparse-array-check",
    "line": 5,
    "message": "Sparse array detected. Avoid using sparse arrays.",
    "code": "data[75000] = 84; // \u7a00\u758f\u6570\u7ec4"
  }
]
2024-11-11 07:41:09,931 - INFO - 分析第1/3个缺陷
2024-11-11 07:41:15,457 - INFO - {'rule': '@performance/sparse-array-check', 'defect_block': {'code': ['let count = 100000;', 'let data: number[] = new Array(count);', 'data = new Array();', 'data[5000] = 42;', 'data[75000] = 84;'], 'start_line': 1, 'end_line': 5, 'line of interest': 'let data: number[] = new Array(count);'}, 'analysis': "This code block is creating a sparse array by first initializing a new Array with a length and then assigning values at distant indices without populating the array completely. Sparse arrays can lead to inefficient memory usage and slow performance. The initial allocation of 'new Array(count)' followed by 'data = new Array();' may not serve the intended purpose and create a sparse array."}
2024-11-11 07:41:15,457 - INFO - 分析第2/3个缺陷
2024-11-11 07:41:21,191 - INFO - {'rule': '@performance/sparse-array-check', 'defect_block': {'code': ['let count = 100000;', 'let data: number[] = new Array(count);', 'data = new Array();', 'data[5000] = 42;  // 稀疏数组，只有一个元素赋值', 'data[75000] = 84; // 稀疏数组'], 'start_line': '1', 'end_line': '5', 'line of interest': 'data[5000] = 42;  // 稀疏数组，只有一个元素赋值'}, 'analysis': 'Sparse array detected. Avoid using sparse arrays.'}
2024-11-11 07:41:21,191 - INFO - 分析第3/3个缺陷
2024-11-11 07:41:27,525 - INFO - {'rule': '@performance/sparse-array-check', 'defect_block': {'code': ['let count = 100000;', 'let data: number[] = new Array(count);', 'data = new Array();', 'data[5000] = 42;  // 稀疏数组，只有一个元素赋值', 'data[75000] = 84; // 稀疏数组'], 'start_line': '1', 'end_line': '5', 'line of interest': 'data[75000] = 84; // 稀疏数组'}, 'analysis': 'Sparse array detected. Avoid using sparse arrays.'}
2024-11-11 07:41:27,525 - INFO - 开始生成修复建议
2024-11-11 07:41:28,701 - INFO - 处理第1/3个修复建议
2024-11-11 07:41:39,617 - INFO - 修复建议1的结果:
2024-11-11 07:41:39,617 - INFO - ```json
{
  "problem_code": "let count = 100000;\nlet data: number[] = new Array(count);\ndata = new Array();\ndata[5000] = 42;\ndata[75000] = 84;\n",
  "problem_fix": "let data: number[] = [];\ndata[0] = 42; // 结合原先的数据逻辑安排\n// 将84作为下一个索引处数据\nif (data.length <= 1) {\n  data.push(undefined); // 添加必要的填充以便后续元素的设置\n}\ndata[1] = 84;\n"
}
```
2024-11-11 07:41:39,617 - INFO - 处理第2/3个修复建议
2024-11-11 07:41:42,361 - INFO - 修复建议2的结果:
2024-11-11 07:41:42,361 - INFO - ```json
{
  "problem_code": "let count = 100000;\nlet data: number[] = new Array(count);\ndata = new Array();\ndata[5000] = 42;  // 稀疏数组，只有一个元素赋值\ndata[75000] = 84; // 稀疏数组\n",
  "problem_fix": "let data: { index: number, value: number }[] = [];\ndata.push({ index: 5000, value: 42 });\ndata.push({ index: 75000, value: 84 });"
}
```
2024-11-11 07:41:42,361 - INFO - 处理第3/3个修复建议
2024-11-11 07:41:50,326 - INFO - 修复建议3的结果:
2024-11-11 07:41:50,326 - INFO - ```json
{
  "problem_code": "let count = 100000;\nlet data: number[] = new Array(count);\ndata = new Array();\ndata[5000] = 42;  // 稀疏数组，只有一个元素赋值\ndata[75000] = 84; // 稀疏数组\n",
  "problem_fix": "let data: { index: number, value: number }[] = [{ index: 5000, value: 42 }, { index: 75000, value: 84 }];"
}
```
2024-11-11 07:41:50,327 - INFO - 处理修复结果
2024-11-11 07:41:50,327 - INFO - 处理第1个修复结果
2024-11-11 07:41:50,327 - INFO - 原始代码:
let count = 100000;
let data: number[] = new Array(count);
data = new Array();
data[5000] = 42;
data[75000] = 84;

2024-11-11 07:41:50,327 - INFO - 修复后代码:
let data: number[] = [];
data[0] = 42; // 结合原先的数据逻辑安排
// 将84作为下一个索引处数据
if (data.length <= 1) {
  data.push(undefined); // 添加必要的填充以便后续元素的设置
}
data[1] = 84;

2024-11-11 07:41:50,327 - INFO - 处理第2个修复结果
2024-11-11 07:41:50,327 - INFO - 原始代码:
let count = 100000;
let data: number[] = new Array(count);
data = new Array();
data[5000] = 42;  // 稀疏数组，只有一个元素赋值
data[75000] = 84; // 稀疏数组

2024-11-11 07:41:50,327 - INFO - 修复后代码:
let data: { index: number, value: number }[] = [];
data.push({ index: 5000, value: 42 });
data.push({ index: 75000, value: 84 });
2024-11-11 07:41:50,327 - INFO - 处理第3个修复结果
2024-11-11 07:41:50,327 - INFO - 原始代码:
let count = 100000;
let data: number[] = new Array(count);
data = new Array();
data[5000] = 42;  // 稀疏数组，只有一个元素赋值
data[75000] = 84; // 稀疏数组

2024-11-11 07:41:50,327 - INFO - 修复后代码:
let data: { index: number, value: number }[] = [{ index: 5000, value: 42 }, { index: 75000, value: 84 }];
2024-11-11 07:41:50,328 - INFO - 生成最终修复代码
2024-11-11 07:41:53,819 - INFO - 最终修复结果:
2024-11-11 07:41:53,819 - INFO - 根据给出的patch信息，我将使用第三种解决方法来修复代码。以下是修复后的完整文件代码：

```arkts
let data: { index: number, value: number }[] = [{ index: 5000, value: 42 }, { index: 75000, value: 84 }];
```

该修复将原始的稀疏数组替换为一个包含对象的数组，其中每个对象包含需要插入的索引和对应的值。这种方法避免了稀疏数组，并且保持了数据的逻辑结构。
