2024-11-11 07:41:53,820 - INFO - 读取文件: ../mydefects2/ets/pages/defects/timezone-interface-check.ets
2024-11-11 07:41:53,821 - INFO - 读取Excel文件中的缺陷信息
2024-11-11 07:41:53,824 - INFO - CodeLinter分析结果:
2024-11-11 07:41:53,824 - INFO - [
  {
    "rule": "@performance/timezone-interface-check",
    "line": 9,
    "message": "Suggestion: Use I18n APIs correctly to obtain or set the time zone.",
    "code": "let zoneOffset = calendar.get('zone_offset');  // \u83b7\u53d6\u65f6\u533a\u504f\u79fb\uff0c\u4f46\u7f3a\u5c11dst_offset\u83b7\u53d6"
  }
]
2024-11-11 07:41:53,824 - INFO - 分析第1/1个缺陷
2024-11-11 07:42:00,329 - INFO - {'rule': '@performance/timezone-interface-check', 'defect_block': {'code': ["let timeZone = '123';", 'let calendar = i18n.getCalendar(i18n.getSystemLocale());', 'calendar.setTimeZone(timeZone);', '', "let zoneOffset = calendar.get('zone_offset');  // 获取时区偏移，但缺少dst_offset获取"], 'start_line': 4, 'end_line': 9, 'line of interest': "let zoneOffset = calendar.get('zone_offset');  // 获取时区偏移，但缺少dst_offset获取"}, 'analysis': "To correctly handle time zones, especially in non-local contexts, you should ensure you're also managing the Daylight Saving Time (DST) offset. The code only retrieves the 'zone_offset' without considering the 'dst_offset', which might lead to incorrect time calculations in regions observing DST."}
2024-11-11 07:42:00,329 - INFO - 开始生成修复建议
2024-11-11 07:42:00,863 - INFO - 处理第1/1个修复建议
2024-11-11 07:42:04,085 - INFO - 修复建议1的结果:
2024-11-11 07:42:04,086 - INFO - ```json
{
  "problem_code": "let timeZone = '123';\nlet calendar = i18n.getCalendar(i18n.getSystemLocale());\ncalendar.setTimeZone(timeZone);\n\nlet zoneOffset = calendar.get('zone_offset');  // 获取时区偏移，但缺少dst_offset获取\n",
  "problem_fix": "import i18n from '@ohos.i18n';\n\n// 手动设置时区，不通过标准接口获取时间信息\nlet timeZone = '123';\nlet calendar = i18n.getCalendar(i18n.getSystemLocale());\ncalendar.setTimeZone(timeZone);\n\n// 获取时区偏移和DST偏移\nlet zoneOffset = calendar.get('zone_offset');\nlet dstOffset = calendar.get('dst_offset');\n"
}
```
2024-11-11 07:42:04,086 - INFO - 处理修复结果
2024-11-11 07:42:04,086 - INFO - 处理第1个修复结果
2024-11-11 07:42:04,086 - INFO - 原始代码:
let timeZone = '123';
let calendar = i18n.getCalendar(i18n.getSystemLocale());
calendar.setTimeZone(timeZone);

let zoneOffset = calendar.get('zone_offset');  // 获取时区偏移，但缺少dst_offset获取

2024-11-11 07:42:04,086 - INFO - 修复后代码:
import i18n from '@ohos.i18n';

// 手动设置时区，不通过标准接口获取时间信息
let timeZone = '123';
let calendar = i18n.getCalendar(i18n.getSystemLocale());
calendar.setTimeZone(timeZone);

// 获取时区偏移和DST偏移
let zoneOffset = calendar.get('zone_offset');
let dstOffset = calendar.get('dst_offset');

2024-11-11 07:42:04,086 - INFO - 生成最终修复代码
2024-11-11 07:42:06,531 - INFO - 最终修复结果:
2024-11-11 07:42:06,545 - INFO - 修复后的完整文件代码如下:
```arkts
import i18n from '@ohos.i18n';

// 手动设置时区，不通过标准接口获取时间信息
let timeZone = '123';
let calendar = i18n.getCalendar(i18n.getSystemLocale());
calendar.setTimeZone(timeZone);

// 获取时区偏移和DST偏移
let zoneOffset = calendar.get('zone_offset');
let dstOffset = calendar.get('dst_offset');
```
