2024-11-11 07:42:37,910 - INFO - 读取文件: ../mydefects2/ets/pages/defects/waterflow-data-preload-check.ets
2024-11-11 07:42:37,911 - INFO - 读取Excel文件中的缺陷信息
2024-11-11 07:42:37,914 - INFO - CodeLinter分析结果:
2024-11-11 07:42:37,914 - INFO - [
  {
    "rule": "@performance/waterflow-data-preload-check",
    "line": 31,
    "message": "Suggestion: Preload data in the WaterFlow component for better scrolling experience.",
    "code": "WaterFlow() {"
  }
]
2024-11-11 07:42:37,914 - INFO - 分析第1/1个缺陷
2024-11-11 07:42:49,624 - INFO - {'rule': '@performance/waterflow-data-preload-check', 'defect_block': {'code': ['WaterFlow() {', '  LazyForEach(this.dataSource, (item: number) => {', '    FlowItem() {', '      FlowItemComponent({ item: item })', '    }', "    .width('100%')", '    .height(this.itemSizes[item % 100])', '    .backgroundColor(Color.Blue)', '  }, (item: string) => item)', '}', '.cachedCount(2)', '.onReachEnd(() => {', '  console.info("Reached end of water flow, loading more data...");', '  setTimeout(() => {', '    for (let i = 0; i < 50; i++) {', '      this.dataSource.AddLastItem();', '    }', '  }, 1000);', '})', '.columnsTemplate("1fr 1fr")', '.columnsGap(10)', '.rowsGap(5)', '.backgroundColor(Color.LightGray)', ".width('100%')", ".height('100%')"], 'start_line': '19', 'end_line': '40', 'line of interest': 'WaterFlow() {'}, 'analysis': 'The WaterFlow component does not preload additional data before reaching the end. The suggestion is to preload data to enhance the scrolling experience and avoid delays when reaching the end.'}
2024-11-11 07:42:49,624 - INFO - 开始生成修复建议
2024-11-11 07:42:50,185 - INFO - 处理第1/1个修复建议
2024-11-11 07:42:55,802 - INFO - 修复建议1的结果:
2024-11-11 07:42:55,802 - INFO - ```json
{
  "problem_code": "WaterFlow() {\n  LazyForEach(this.dataSource, (item: number) => {\n    FlowItem() {\n      FlowItemComponent({ item: item })\n    }\n    .width('100%')\n    .height(this.itemSizes[item % 100])\n    .backgroundColor(Color.Blue)\n  }, (item: string) => item)\n}\n.cachedCount(2)\n.onReachEnd(() => {\n  console.info(\"Reached end of water flow, loading more data...\");\n  setTimeout(() => {\n    for (let i = 0; i < 50; i++) {\n      this.dataSource.AddLastItem();\n    }\n  }, 1000);\n})\n.columnsTemplate(\"1fr 1fr\")\n.columnsGap(10)\n.rowsGap(5)\n.backgroundColor(Color.LightGray)\n.width('100%')\n.height('100%')\n",
  "problem_fix": "WaterFlow() {\n  LazyForEach(this.dataSource, (item: number) => {\n    FlowItem() {\n      FlowItemComponent({ item: item })\n    }\n    .onAppear(() => {\n      if (item + 10 == this.dataSource.totalCount()) {\n        for (let i = 0; i < 50; i++) {\n          this.dataSource.AddLastItem();\n        }\n      }\n    })\n    .width('100%')\n    .height(this.itemSizes[item % 100])\n    .backgroundColor(Color.Blue)\n  }, (item: string) => item)\n}\n.cachedCount(2)\n.columnsTemplate(\"1fr 1fr\")\n.columnsGap(10)\n.rowsGap(5)\n.backgroundColor(Color.LightGray)\n.width('100%')\n.height('100%')\n"
}
```
2024-11-11 07:42:55,802 - INFO - 处理修复结果
2024-11-11 07:42:55,802 - INFO - 处理第1个修复结果
2024-11-11 07:42:55,803 - INFO - 原始代码:
WaterFlow() {
  LazyForEach(this.dataSource, (item: number) => {
    FlowItem() {
      FlowItemComponent({ item: item })
    }
    .width('100%')
    .height(this.itemSizes[item % 100])
    .backgroundColor(Color.Blue)
  }, (item: string) => item)
}
.cachedCount(2)
.onReachEnd(() => {
  console.info("Reached end of water flow, loading more data...");
  setTimeout(() => {
    for (let i = 0; i < 50; i++) {
      this.dataSource.AddLastItem();
    }
  }, 1000);
})
.columnsTemplate("1fr 1fr")
.columnsGap(10)
.rowsGap(5)
.backgroundColor(Color.LightGray)
.width('100%')
.height('100%')

2024-11-11 07:42:55,803 - INFO - 修复后代码:
WaterFlow() {
  LazyForEach(this.dataSource, (item: number) => {
    FlowItem() {
      FlowItemComponent({ item: item })
    }
    .onAppear(() => {
      if (item + 10 == this.dataSource.totalCount()) {
        for (let i = 0; i < 50; i++) {
          this.dataSource.AddLastItem();
        }
      }
    })
    .width('100%')
    .height(this.itemSizes[item % 100])
    .backgroundColor(Color.Blue)
  }, (item: string) => item)
}
.cachedCount(2)
.columnsTemplate("1fr 1fr")
.columnsGap(10)
.rowsGap(5)
.backgroundColor(Color.LightGray)
.width('100%')
.height('100%')

2024-11-11 07:42:55,803 - INFO - 生成最终修复代码
2024-11-11 07:43:05,740 - INFO - 最终修复结果:
2024-11-11 07:43:05,740 - INFO - 修复后的代码如下：
```arkts
import { WaterFlowDataSource } from '../data/WaterFlowDataSource'

@Entry
@Component
struct WaterFlowExample {
  public minSize: number = 100;
  public maxSize: number = 200;
  scroller: Scroller = new Scroller();
  dataSource: WaterFlowDataSource = new WaterFlowDataSource();
  private itemSizes: number[] = [];

  // 动态生成FlowItem的尺寸
  getSize(): number {
    let size = Math.random() * this.maxSize;
    return size > this.minSize ? size : this.minSize;
  }

  // 生成初始项的尺寸数组
  generateItemSizes() {
    for (let i = 0; i < 100; i++) {
      this.itemSizes.push(this.getSize());
    }
  }

  aboutToAppear() {
    this.generateItemSizes();
  }

  build() {
    Column() {
      WaterFlow() {
        LazyForEach(this.dataSource, (item: number) => {
          FlowItem() {
            FlowItemComponent({ item: item })
          }
          .onAppear(() => {
            if (item + 10 == this.dataSource.totalCount()) {
              for (let i = 0; i < 50; i++) {
                this.dataSource.AddLastItem();
              }
            }
          })
          .width('100%')
          .height(this.itemSizes[item % 100])
          .backgroundColor(Color.Blue)
        }, (item: string) => item)
      }
      .cachedCount(2)
      .columnsTemplate("1fr 1fr")
      .columnsGap(10)
      .rowsGap(5)
      .backgroundColor(Color.LightGray)
      .width('100%')
      .height('100%')
    }
  }
}

@Reusable
@Component
struct FlowItemComponent {
  @Prop item: number;

  build() {
    Column() {
      Text(`Item: ${this.item}`)
        .fontSize(14)
        .padding(5)
      Image(`resources/item_${this.item % 5}.jpg`)
        .width('100%')
        .height(100)
        .objectFit(ImageFit.Fill)
    }
  }
}
```
