2024-11-11 06:21:30,086 - INFO - 读取文件: ../mydefects/ets/pages/defects/constant-property-referencing-check-in-loops.ets
2024-11-11 06:21:30,086 - INFO - 读取Excel文件中的缺陷信息
2024-11-11 06:21:30,087 - INFO - CodeLinter分析结果:
2024-11-11 06:21:30,087 - INFO - [
  {
    "rule": "@performance/constant-property-referencing-check-in-loops",
    "line": 9,
    "message": "Suggestion: This property access occurs within a loop and returns a constant result; you are advised to extract it outside the loop body to reduce the number of property access times.",
    "code": "total += (Settings.config[index] * i);"
  }
]
2024-11-11 06:21:30,088 - INFO - 分析第1/1个缺陷
2024-11-11 06:21:37,505 - INFO - {'rule': '@performance/constant-property-referencing-check-in-loops', 'defect_block': {'code': ['class Settings {', '  static config: number[] = [5, 10, 15, 20, 25, 30];', '}', '', 'function computeValue(index: number): number {', '  let total: number = 0;', '  const configValue = Settings.config[index];', '  for (let i: number = 0; i < 10; i++) {', '    total += (configValue * i);', '  }', '  return total;', '}'], 'start_line': 1, 'end_line': 12, 'line of interest': 'total += (Settings.config[index] * i);'}, 'analysis': 'The `Settings.config[index]` property is accessed within a loop and returns a constant result; you are advised to extract it outside the loop body to reduce the number of property accesses.'}
2024-11-11 06:21:37,506 - INFO - 开始生成修复建议
2024-11-11 06:21:41,417 - INFO - 处理第1/1个修复建议
2024-11-11 06:21:45,849 - INFO - 修复建议1的结果:
2024-11-11 06:21:45,850 - INFO - ```json
{
  "problem_code": "class Settings {\n  static config: number[] = [5, 10, 15, 20, 25, 30];\n}\n\nfunction computeValue(index: number): number {\n  let total: number = 0;\n  for (let i: number = 0; i < 10; i++) {\n    total += (Settings.config[index] * i);\n  }\n  return total;\n}\n",
  "problem_fix": "class Settings {\n  static config: number[] = [5, 10, 15, 20, 25, 30];\n}\n\nfunction computeValue(index: number): number {\n  let total: number = 0;\n  const configValue = Settings.config[index];\n  for (let i: number = 0; i < 10; i++) {\n    total += (configValue * i);\n  }\n  return total;\n}\n"
}
```
2024-11-11 06:21:45,850 - INFO - 处理修复结果
2024-11-11 06:21:45,850 - INFO - 处理第1个修复结果
2024-11-11 06:21:45,850 - INFO - 原始代码:
class Settings {
  static config: number[] = [5, 10, 15, 20, 25, 30];
}

function computeValue(index: number): number {
  let total: number = 0;
  for (let i: number = 0; i < 10; i++) {
    total += (Settings.config[index] * i);
  }
  return total;
}

2024-11-11 06:21:45,850 - INFO - 修复后代码:
class Settings {
  static config: number[] = [5, 10, 15, 20, 25, 30];
}

function computeValue(index: number): number {
  let total: number = 0;
  const configValue = Settings.config[index];
  for (let i: number = 0; i < 10; i++) {
    total += (configValue * i);
  }
  return total;
}

2024-11-11 06:21:45,850 - INFO - 生成最终修复代码
2024-11-11 06:21:56,429 - INFO - 最终修复结果:
2024-11-11 06:21:56,430 - INFO - 修复后的完整代码如下：
```arkts
class Settings {
  static config: number[] = [5, 10, 15, 20, 25, 30];
}

function computeValue(index: number): number {
  let total: number = 0;
  const configValue = Settings.config[index];
  for (let i: number = 0; i < 10; i++) {
    total += (configValue * i);
  }
  return total;
}
```
