2024-11-11 06:30:44,526 - INFO - 读取文件: ../mydefects/ets/pages/defects/hp-arkui-use-attributeUpdater-control-refresh-scope.ets
2024-11-11 06:30:44,527 - INFO - 读取Excel文件中的缺陷信息
2024-11-11 06:30:44,530 - INFO - CodeLinter分析结果:
2024-11-11 06:30:44,530 - INFO - [
  {
    "rule": "@performance/hp-arkui-use-attributeUpdater-control-refresh-scope",
    "line": 40,
    "message": "Use attributeUpdater to precisely control the update scope of component attributes",
    "code": "Text('\u989c\u8272\u65b9\u5757')"
  }
]
2024-11-11 06:30:44,530 - INFO - 分析第1/1个缺陷
2024-11-11 06:30:52,118 - INFO - {'rule': '@performance/hp-arkui-use-attributeUpdater-control-refresh-scope', 'defect_block': {'code': ['@Reusable', '@Component', 'struct ColorBox {', '  @State color: string = "#FFFFFF";  // 颜色状态变量', '  aboutToReuse(params: Record<string, Object>): void {', '    this.color = params.color as string;', '  }', '  build() {', "    Text('颜色方块')", '      .fontSize(16)', '      .padding(5)', '      .backgroundColor(this.color)', '      .borderColor(this.color)', '      .borderWidth(2)', '      .borderStyle(BorderStyle.Solid)', '      .width(50)', '      .height(50)', '  }', '}'], 'start_line': '28', 'end_line': '45', 'line of interest': "Text('颜色方块')"}, 'analysis': 'Use attributeUpdater to precisely control the update scope of component attributes. The defect is with the use of the color state variable inside the Text element without using an AttributeUpdater to precisely control its updates.'}
2024-11-11 06:30:52,118 - INFO - 开始生成修复建议
2024-11-11 06:30:52,632 - INFO - 处理第1/1个修复建议
2024-11-11 06:30:59,173 - INFO - 修复建议1的结果:
2024-11-11 06:30:59,173 - INFO - ```json
{
  "problem_code": "@Reusable\n@Component\nstruct ColorBox {\n  @State color: string = \"#FFFFFF\";  // 颜色状态变量\n  aboutToReuse(params: Record<string, Object>): void {\n    this.color = params.color as string;\n  }\n  build() {\n    Text('颜色方块')\n      .fontSize(16)\n      .padding(5)\n      .backgroundColor(this.color)\n      .borderColor(this.color)\n      .borderWidth(2)\n      .borderStyle(BorderStyle.Solid)\n      .width(50)\n      .height(50)\n  }\n}\n",
  "problem_fix": "@Reusable\n@Component\nstruct ColorBox {\n  @State color: string = \"#FFFFFF\";  // 颜色状态变量\n  aboutToReuse(params: Record<string, Object>): void {\n    this.color = params.color as string;\n  }\n  build() {\n    Text('颜色方块')\n      .fontSize(16)\n      .padding(5)\n      .backgroundColor(this.color)\n      .borderColor(this.color)\n      .borderWidth(2)\n      .borderStyle(BorderStyle.Solid)\n      .width(50)\n      .height(50)\n      .attributeUpdater(() => {\n        this.backgroundColor(this.color);\n        this.borderColor(this.color);\n      })\n  }\n}\n"
}
```
2024-11-11 06:30:59,173 - INFO - 处理修复结果
2024-11-11 06:30:59,173 - INFO - 处理第1个修复结果
2024-11-11 06:30:59,174 - INFO - 原始代码:
@Reusable
@Component
struct ColorBox {
  @State color: string = "#FFFFFF";  // 颜色状态变量
  aboutToReuse(params: Record<string, Object>): void {
    this.color = params.color as string;
  }
  build() {
    Text('颜色方块')
      .fontSize(16)
      .padding(5)
      .backgroundColor(this.color)
      .borderColor(this.color)
      .borderWidth(2)
      .borderStyle(BorderStyle.Solid)
      .width(50)
      .height(50)
  }
}

2024-11-11 06:30:59,174 - INFO - 修复后代码:
@Reusable
@Component
struct ColorBox {
  @State color: string = "#FFFFFF";  // 颜色状态变量
  aboutToReuse(params: Record<string, Object>): void {
    this.color = params.color as string;
  }
  build() {
    Text('颜色方块')
      .fontSize(16)
      .padding(5)
      .backgroundColor(this.color)
      .borderColor(this.color)
      .borderWidth(2)
      .borderStyle(BorderStyle.Solid)
      .width(50)
      .height(50)
      .attributeUpdater(() => {
        this.backgroundColor(this.color);
        this.borderColor(this.color);
      })
  }
}

2024-11-11 06:30:59,174 - INFO - 生成最终修复代码
2024-11-11 06:31:05,791 - INFO - 最终修复结果:
2024-11-11 06:31:05,791 - INFO - 修复后的完整代码如下：

```arkts
@Entry
@Component
struct MyColorComponent {
  @State selectedColor: string = "#FF0000";
  private colors: string[] = ["#FF0000", "#00FF00", "#0000FF", "#FFFF00"];

  build() {
    Column() {
      Text('当前颜色: ' + this.selectedColor)
        .fontSize(20)
        .padding(10)

      List() {
        LazyForEach(this.colors, (color: string) => {
          ListItem() {
            ColorBox({ color: color })
              .onClick(() => {
                this.selectedColor = color;
              })
          }
        }, (color: string) => color)
      }
      .cachedCount(2)
      .width('100%')
      .height(200)
    }
  }
}

@Reusable
@Component
struct ColorBox {
  @State color: string = "#FFFFFF";  // 颜色状态变量

  aboutToReuse(params: Record<string, Object>): void {
    this.color = params.color as string;
  }

  build() {
      Text('颜色方块')
        .fontSize(16)
        .padding(5)
        .backgroundColor(this.color)
        .borderColor(this.color)
        .borderWidth(2)
        .borderStyle(BorderStyle.Solid)
        .width(50)
        .height(50)
        .attributeUpdater(() => {
          this.backgroundColor(this.color);
          this.borderColor(this.color);
        })
  }
}
```
