2024-11-11 06:23:27,499 - INFO - 读取文件: ../mydefects/ets/pages/defects/hp-arkui-combine-same-arg-animateto.ets
2024-11-11 06:23:27,499 - INFO - 读取Excel文件中的缺陷信息
2024-11-11 06:23:27,502 - INFO - CodeLinter分析结果:
2024-11-11 06:23:27,502 - INFO - [
  {
    "rule": "@performance/hp-arkui-use-transition-to-replace-animateto",
    "line": 24,
    "message": "Use transition for component transition animation",
    "code": ".opacity(this.boxOpacity)"
  },
  {
    "rule": "@performance/hp-arkui-combine-same-arg-animateto",
    "line": 28,
    "message": "Combine animateTo calls that share the same parameters",
    "code": "this.resizeBox();"
  }
]
2024-11-11 06:23:27,502 - INFO - 分析第1/2个缺陷
2024-11-11 06:23:35,698 - INFO - {'rule': '@performance/hp-arkui-use-transition-to-replace-animateto', 'defect_block': {'code': ['@Entry', '@Component', 'struct ExampleComponent {', '  @State boxSize: number = 100;', '  @State boxOpacity: number = 1;', '', '  resizeBox() {', '    animateTo({ curve: Curve.EaseInOut, duration: 500 }, () => {', '      this.boxSize = (this.boxSize === 100 ? 200 : 100);', '    });', '  }', '', '  changeOpacity() {', '    animateTo({ curve: Curve.EaseInOut, duration: 500 }, () => {', '      this.boxOpacity = (this.boxOpacity === 1 ? 0.5 : 1);', '    });', '  }', '', '  build() {', '    Column() {', '      Row()', '        .width(this.boxSize)', '        .height(this.boxSize)', '        .opacity(this.boxOpacity) // Here is the line of interest', '        .backgroundColor(Color.Blue)', "      Button('Animate')", '        .onClick(() => {', '          this.resizeBox();', '          this.changeOpacity();', '        })', '    }', "    .width('100%')", "    .height('100%')", '  }', '}'], 'start_line': 1, 'end_line': 33, 'line of interest': '.opacity(this.boxOpacity)'}, 'analysis': 'For better performance, use transition for animations instead of using animateTo for component transition effects.'}
2024-11-11 06:23:35,698 - INFO - 分析第2/2个缺陷
2024-11-11 06:23:43,923 - INFO - {'rule': '@performance/hp-arkui-combine-same-arg-animateto', 'defect_block': {'code': ['resizeBox() {', '  animateTo({ curve: Curve.EaseInOut, duration: 500 }, () => {', '    this.boxSize = (this.boxSize === 100 ? 200 : 100);', '  });', '}', 'changeOpacity() {', '  animateTo({ curve: Curve.EaseInOut, duration: 500 }, () => {', '    this.boxOpacity = (this.boxOpacity === 1 ? 0.5 : 1);', '  });', '}', "Button('Animate')", '  .onClick(() => {', '    this.resizeBox();', '    this.changeOpacity();', '  })'], 'start_line': 5, 'end_line': 28, 'line of interest': 'this.resizeBox();'}, 'analysis': 'The defect involves having separate animateTo calls in the resizeBox and changeOpacity functions, despite both sharing the same animating parameters (curve and duration). These calls should be combined into a single animateTo call to improve performance and avoid redundancy.'}
2024-11-11 06:23:43,923 - INFO - 开始生成修复建议
2024-11-11 06:23:44,735 - INFO - 处理第1/2个修复建议
2024-11-11 06:23:56,498 - INFO - 修复建议1的结果:
2024-11-11 06:23:56,498 - INFO - ```json
{
  "problem_code": "@Entry\n@Component\nstruct ExampleComponent {\n  @State boxSize: number = 100;\n  @State boxOpacity: number = 1;\n\n  resizeBox() {\n    animateTo({ curve: Curve.EaseInOut, duration: 500 }, () => {\n      this.boxSize = (this.boxSize === 100 ? 200 : 100);\n    });\n  }\n\n  changeOpacity() {\n    animateTo({ curve: Curve.EaseInOut, duration: 500 }, () => {\n      this.boxOpacity = (this.boxOpacity === 1 ? 0.5 : 1);\n    });\n  }\n\n  build() {\n    Column() {\n      Row()\n        .width(this.boxSize)\n        .height(this.boxSize)\n        .opacity(this.boxOpacity) // Here is the line of interest\n        .backgroundColor(Color.Blue)\n      Button('Animate')\n        .onClick(() => {\n          this.resizeBox();\n          this.changeOpacity();\n        })\n    }\n    .width('100%')\n    .height('100%')\n  }\n}\n",
  "problem_fix": "@Entry\n@Component\nstruct ExampleComponent {\n  @State boxSize: number = 100;\n  @State boxOpacity: number = 1;\n\n  build() {\n    Column() {\n      Row()\n        .width(this.boxSize)\n        .height(this.boxSize)\n        .transition({\n          duration: 500,\n          properties: ['width', 'height', 'opacity'],\n          curve: Curve.EaseInOut\n        })\n        .opacity(this.boxOpacity) // Updated to use transition\n        .backgroundColor(Color.Blue)\n      Button('Animate')\n        .onClick(() => {\n          this.boxSize = (this.boxSize === 100 ? 200 : 100);\n          this.boxOpacity = (this.boxOpacity === 1 ? 0.5 : 1);\n        })\n    }\n    .width('100%')\n    .height('100%')\n  }\n}\n"
}
```
2024-11-11 06:23:56,498 - INFO - 处理第2/2个修复建议
2024-11-11 06:24:05,305 - INFO - 修复建议2的结果:
2024-11-11 06:24:05,305 - INFO - ```json
{
  "problem_code": "resizeBox() {\n  animateTo({ curve: Curve.EaseInOut, duration: 500 }, () => {\n    this.boxSize = (this.boxSize === 100 ? 200 : 100);\n  });\n}\nchangeOpacity() {\n  animateTo({ curve: Curve.EaseInOut, duration: 500 }, () => {\n    this.boxOpacity = (this.boxOpacity === 1 ? 0.5 : 1);\n  });\n}\nButton('Animate')\n  .onClick(() => {\n    this.resizeBox();\n    this.changeOpacity();\n  })\n",
  "problem_fix": "resizeAndChangeOpacity() {\n  animateTo({ curve: Curve.EaseInOut, duration: 500 }, () => {\n    this.boxSize = (this.boxSize === 100 ? 200 : 100);\n    this.boxOpacity = (this.boxOpacity === 1 ? 0.5 : 1);\n  });\n}\nButton('Animate')\n  .onClick(() => {\n    this.resizeAndChangeOpacity();\n  })\n"
}
```
2024-11-11 06:24:05,306 - INFO - 处理修复结果
2024-11-11 06:24:05,306 - INFO - 处理第1个修复结果
2024-11-11 06:24:05,306 - INFO - 原始代码:
@Entry
@Component
struct ExampleComponent {
  @State boxSize: number = 100;
  @State boxOpacity: number = 1;

  resizeBox() {
    animateTo({ curve: Curve.EaseInOut, duration: 500 }, () => {
      this.boxSize = (this.boxSize === 100 ? 200 : 100);
    });
  }

  changeOpacity() {
    animateTo({ curve: Curve.EaseInOut, duration: 500 }, () => {
      this.boxOpacity = (this.boxOpacity === 1 ? 0.5 : 1);
    });
  }

  build() {
    Column() {
      Row()
        .width(this.boxSize)
        .height(this.boxSize)
        .opacity(this.boxOpacity) // Here is the line of interest
        .backgroundColor(Color.Blue)
      Button('Animate')
        .onClick(() => {
          this.resizeBox();
          this.changeOpacity();
        })
    }
    .width('100%')
    .height('100%')
  }
}

2024-11-11 06:24:05,306 - INFO - 修复后代码:
@Entry
@Component
struct ExampleComponent {
  @State boxSize: number = 100;
  @State boxOpacity: number = 1;

  build() {
    Column() {
      Row()
        .width(this.boxSize)
        .height(this.boxSize)
        .transition({
          duration: 500,
          properties: ['width', 'height', 'opacity'],
          curve: Curve.EaseInOut
        })
        .opacity(this.boxOpacity) // Updated to use transition
        .backgroundColor(Color.Blue)
      Button('Animate')
        .onClick(() => {
          this.boxSize = (this.boxSize === 100 ? 200 : 100);
          this.boxOpacity = (this.boxOpacity === 1 ? 0.5 : 1);
        })
    }
    .width('100%')
    .height('100%')
  }
}

2024-11-11 06:24:05,306 - INFO - 处理第2个修复结果
2024-11-11 06:24:05,306 - INFO - 原始代码:
resizeBox() {
  animateTo({ curve: Curve.EaseInOut, duration: 500 }, () => {
    this.boxSize = (this.boxSize === 100 ? 200 : 100);
  });
}
changeOpacity() {
  animateTo({ curve: Curve.EaseInOut, duration: 500 }, () => {
    this.boxOpacity = (this.boxOpacity === 1 ? 0.5 : 1);
  });
}
Button('Animate')
  .onClick(() => {
    this.resizeBox();
    this.changeOpacity();
  })

2024-11-11 06:24:05,306 - INFO - 修复后代码:
resizeAndChangeOpacity() {
  animateTo({ curve: Curve.EaseInOut, duration: 500 }, () => {
    this.boxSize = (this.boxSize === 100 ? 200 : 100);
    this.boxOpacity = (this.boxOpacity === 1 ? 0.5 : 1);
  });
}
Button('Animate')
  .onClick(() => {
    this.resizeAndChangeOpacity();
  })

2024-11-11 06:24:05,306 - INFO - 生成最终修复代码
2024-11-11 06:24:10,015 - INFO - 最终修复结果:
2024-11-11 06:24:10,015 - INFO - 根据提供的修复补丁，修复后的完整`ExampleComponent`代码如下:

```arkts
@Entry
@Component
struct ExampleComponent {
  @State boxSize: number = 100;
  @State boxOpacity: number = 1;

  resizeAndChangeOpacity() {
    animateTo({ curve: Curve.EaseInOut, duration: 500 }, () => {
      this.boxSize = (this.boxSize === 100 ? 200 : 100);
      this.boxOpacity = (this.boxOpacity === 1 ? 0.5 : 1);
    });
  }

  build() {
    Column() {
      Row()
        .width(this.boxSize)
        .height(this.boxSize)
        .transition({
          duration: 500,
          properties: ['width', 'height', 'opacity'],
          curve: Curve.EaseInOut
        })
        .opacity(this.boxOpacity)
        .backgroundColor(Color.Blue)
      Button('Animate')
        .onClick(() => {
          this.resizeAndChangeOpacity();
        })
    }
    .width('100%')
    .height('100%')
  }
}
```

此代码将`resizeBox`和`changeOpacity`两个方法合并为`resizeAndChangeOpacity`，并在`build`方法中使用了`transition`属性，以确保动画过渡效果的一致性。
