2024-11-11 06:29:33,817 - INFO - 读取文件: ../mydefects/ets/pages/defects/hp-arkui-suggest-cache-avplayer.ets
2024-11-11 06:29:33,817 - INFO - 读取Excel文件中的缺陷信息
2024-11-11 06:29:33,822 - INFO - CodeLinter分析结果:
2024-11-11 06:29:33,822 - INFO - [
  {
    "rule": "@performance/hp-arkui-suggest-cache-avplayer",
    "line": 18,
    "message": "Suggestion\u2002Cache\u2002AVPlayer\u2002instances\u2002to\u2002shorten\u2002the\u2002playback\u2002start\u2002delay",
    "code": "this.avPlayer.release();  // \u91ca\u653e\u64ad\u653e\u5668\u8d44\u6e90"
  }
]
2024-11-11 06:29:33,822 - INFO - 分析第1/1个缺陷
2024-11-11 06:29:41,579 - INFO - {'rule': '@performance/hp-arkui-suggest-cache-avplayer', 'defect_block': {'code': ["import media from '@ohos.multimedia.media';", '', '@Entry', '@Component', 'struct MyComponent {', '  private avPlayer: media.AVPlayer | undefined = undefined;', '', '  aboutToAppear(): void {', '    media.createAVPlayer().then((ret) => {', '      this.avPlayer = ret;', '    })', '  }', '', '  aboutToDisappear(): void {', '    if (this.avPlayer) {', '      this.avPlayer.release();  // 释放播放器资源', '    }', '    this.avPlayer = undefined;', '  }', '', '  playVideo(): void {', '    if (this.avPlayer) {', "      this.avPlayer.setMediaSource('path/to/video/file');", '      this.avPlayer.play();', '    }', '  }', '', '  build() {', '    Column() {', '      Button("播放视频")', '        .onClick(() => {', '          this.playVideo();', '        })', "        .width('100%')", '        .height(50)', '    }', '  }', '}'], 'start_line': '1', 'end_line': '38', 'line of interest': 'this.avPlayer.release();  // 释放播放器资源'}, 'analysis': 'The current implementation creates a new AVPlayer instance each time the page appears and releases it upon page disappearance. To reduce playback start delay, it is recommended to cache the AVPlayer instance instead of recreating it each time.'}
2024-11-11 06:29:41,579 - INFO - 开始生成修复建议
2024-11-11 06:29:42,105 - INFO - 处理第1/1个修复建议
2024-11-11 06:29:58,409 - INFO - 修复建议1的结果:
2024-11-11 06:29:58,409 - INFO - ```json
{
  "problem_code": "import media from '@ohos.multimedia.media';\n\n@Entry\n@Component\nstruct MyComponent {\n  private avPlayer: media.AVPlayer | undefined = undefined;\n\n  aboutToAppear(): void {\n    media.createAVPlayer().then((ret) => {\n      this.avPlayer = ret;\n    })\n  }\n\n  aboutToDisappear(): void {\n    if (this.avPlayer) {\n      this.avPlayer.release();  // 释放播放器资源\n    }\n    this.avPlayer = undefined;\n  }\n\n  playVideo(): void {\n    if (this.avPlayer) {\n      this.avPlayer.setMediaSource('path/to/video/file');\n      this.avPlayer.play();\n    }\n  }\n\n  build() {\n    Column() {\n      Button(\"播放视频\")\n        .onClick(() => {\n          this.playVideo();\n        })\n        .width('100%')\n        .height(50)\n    }\n  }\n}",
  "problem_fix": "import media from '@ohos.multimedia.media';\n\n@Entry\n@Component\nstruct MyComponent {\n  private avPlayer: media.AVPlayer | undefined = undefined;\n  private avPlayerManager: AVPlayerManager = AVPlayerManager.getInstance();\n\n  aboutToAppear(): void {\n    this.avPlayerManager.switchPlayer();\n    this.avPlayer = this.avPlayerManager.getCurrentPlayer();\n  }\n\n  aboutToDisappear(): void {\n    this.avPlayerManager.resetCurrentPlayer();\n    this.avPlayer = undefined;\n  }\n\n  playVideo(): void {\n    if (this.avPlayer) {\n      this.avPlayer.setMediaSource('path/to/video/file');\n      this.avPlayer.play();\n    }\n  }\n\n  build() {\n    Column() {\n      Button(\"播放视频\")\n        .onClick(() => {\n          this.playVideo();\n        })\n        .width('100%')\n        .height(50)\n    }\n  }\n}\n\nclass AVPlayerManager {\n  private static instance?: AVPlayerManager;\n\n  private player1?: media.AVPlayer;\n  private player2?: media.AVPlayer;\n  private currentPlayer?: media.AVPlayer;\n\n  private constructor() {\n    // 初始化 AVPlayer 实例\n    media.createAVPlayer().then((player) => {\n      this.player1 = player;\n    });\n    media.createAVPlayer().then((player) => {\n      this.player2 = player;\n    });\n  }\n\n  public static getInstance(): AVPlayerManager {\n    if (!AVPlayerManager.instance) {\n      AVPlayerManager.instance = new AVPlayerManager();\n    }\n    return AVPlayerManager.instance;\n  }\n\n  switchPlayer(): void {\n    this.currentPlayer = this.currentPlayer === this.player1 ? this.player2 : this.player1;\n  }\n\n  getCurrentPlayer(): media.AVPlayer | undefined {\n    return this.currentPlayer;\n  }\n\n  resetCurrentPlayer(): void {\n    this.currentPlayer?.pause();\n    this.currentPlayer?.reset();\n  }\n}"
}
```
2024-11-11 06:29:58,409 - INFO - 处理修复结果
2024-11-11 06:29:58,410 - INFO - 处理第1个修复结果
2024-11-11 06:29:58,410 - INFO - 原始代码:
import media from '@ohos.multimedia.media';

@Entry
@Component
struct MyComponent {
  private avPlayer: media.AVPlayer | undefined = undefined;

  aboutToAppear(): void {
    media.createAVPlayer().then((ret) => {
      this.avPlayer = ret;
    })
  }

  aboutToDisappear(): void {
    if (this.avPlayer) {
      this.avPlayer.release();  // 释放播放器资源
    }
    this.avPlayer = undefined;
  }

  playVideo(): void {
    if (this.avPlayer) {
      this.avPlayer.setMediaSource('path/to/video/file');
      this.avPlayer.play();
    }
  }

  build() {
    Column() {
      Button("播放视频")
        .onClick(() => {
          this.playVideo();
        })
        .width('100%')
        .height(50)
    }
  }
}
2024-11-11 06:29:58,410 - INFO - 修复后代码:
import media from '@ohos.multimedia.media';

@Entry
@Component
struct MyComponent {
  private avPlayer: media.AVPlayer | undefined = undefined;
  private avPlayerManager: AVPlayerManager = AVPlayerManager.getInstance();

  aboutToAppear(): void {
    this.avPlayerManager.switchPlayer();
    this.avPlayer = this.avPlayerManager.getCurrentPlayer();
  }

  aboutToDisappear(): void {
    this.avPlayerManager.resetCurrentPlayer();
    this.avPlayer = undefined;
  }

  playVideo(): void {
    if (this.avPlayer) {
      this.avPlayer.setMediaSource('path/to/video/file');
      this.avPlayer.play();
    }
  }

  build() {
    Column() {
      Button("播放视频")
        .onClick(() => {
          this.playVideo();
        })
        .width('100%')
        .height(50)
    }
  }
}

class AVPlayerManager {
  private static instance?: AVPlayerManager;

  private player1?: media.AVPlayer;
  private player2?: media.AVPlayer;
  private currentPlayer?: media.AVPlayer;

  private constructor() {
    // 初始化 AVPlayer 实例
    media.createAVPlayer().then((player) => {
      this.player1 = player;
    });
    media.createAVPlayer().then((player) => {
      this.player2 = player;
    });
  }

  public static getInstance(): AVPlayerManager {
    if (!AVPlayerManager.instance) {
      AVPlayerManager.instance = new AVPlayerManager();
    }
    return AVPlayerManager.instance;
  }

  switchPlayer(): void {
    this.currentPlayer = this.currentPlayer === this.player1 ? this.player2 : this.player1;
  }

  getCurrentPlayer(): media.AVPlayer | undefined {
    return this.currentPlayer;
  }

  resetCurrentPlayer(): void {
    this.currentPlayer?.pause();
    this.currentPlayer?.reset();
  }
}
2024-11-11 06:29:58,410 - INFO - 生成最终修复代码
2024-11-11 06:30:05,595 - INFO - 最终修复结果:
2024-11-11 06:30:05,595 - INFO - ```arkts
import media from '@ohos.multimedia.media';

@Entry
@Component
struct MyComponent {
  private avPlayer: media.AVPlayer | undefined = undefined;
  private avPlayerManager: AVPlayerManager = AVPlayerManager.getInstance();

  aboutToAppear(): void {
    this.avPlayerManager.switchPlayer();
    this.avPlayer = this.avPlayerManager.getCurrentPlayer();
  }

  aboutToDisappear(): void {
    this.avPlayerManager.resetCurrentPlayer();
    this.avPlayer = undefined;
  }

  playVideo(): void {
    if (this.avPlayer) {
      this.avPlayer.setMediaSource('path/to/video/file');
      this.avPlayer.play();
    }
  }

  build() {
    Column() {
      Button("播放视频")
        .onClick(() => {
          this.playVideo();  // 点击时播放视频
        })
        .width('100%')
        .height(50)
    }
  }
}

class AVPlayerManager {
  private static instance?: AVPlayerManager;

  private player1?: media.AVPlayer;
  private player2?: media.AVPlayer;
  private currentPlayer?: media.AVPlayer;

  private constructor() {
    // 初始化 AVPlayer 实例
    media.createAVPlayer().then((player) => {
      this.player1 = player;
    });
    media.createAVPlayer().then((player) => {
      this.player2 = player;
    });
  }

  public static getInstance(): AVPlayerManager {
    if (!AVPlayerManager.instance) {
      AVPlayerManager.instance = new AVPlayerManager();
    }
    return AVPlayerManager.instance;
  }

  switchPlayer(): void {
    this.currentPlayer = this.currentPlayer === this.player1 ? this.player2 : this.player1;
  }

  getCurrentPlayer(): media.AVPlayer | undefined {
    return this.currentPlayer;
  }

  resetCurrentPlayer(): void {
    this.currentPlayer?.pause();
    this.currentPlayer?.reset();
  }
}
```
