2024-11-11 06:27:04,818 - INFO - 读取文件: ../mydefects/ets/pages/defects/hp-arkui-remove-redundant-nest-container.ets
2024-11-11 06:27:04,818 - INFO - 读取Excel文件中的缺陷信息
2024-11-11 06:27:04,822 - INFO - CodeLinter分析结果:
2024-11-11 06:27:04,822 - INFO - [
  {
    "rule": "@performance/hp-arkui-remove-container-without-property",
    "line": 11,
    "message": "Reduce redundant nested container",
    "code": "Stack() {"
  },
  {
    "rule": "@performance/hp-arkui-remove-container-without-property",
    "line": 12,
    "message": "Reduce redundant nested container",
    "code": "Column() {"
  },
  {
    "rule": "@performance/hp-arkui-remove-container-without-property",
    "line": 13,
    "message": "Reduce redundant nested container",
    "code": "Stack() {"
  },
  {
    "rule": "@performance/hp-arkui-remove-container-without-property",
    "line": 14,
    "message": "Reduce redundant nested container",
    "code": "Flex() {"
  },
  {
    "rule": "@performance/hp-arkui-remove-container-without-property",
    "line": 15,
    "message": "Reduce redundant nested container",
    "code": "Column() {"
  }
]
2024-11-11 06:27:04,822 - INFO - 分析第1/5个缺陷
2024-11-11 06:27:11,342 - INFO - {'rule': '@performance/hp-arkui-remove-container-without-property', 'defect_block': {'code': ['ForEach(this.items, (item: Number) => {', '  Column() {', '    Stack() {', '      Column() {', '        Stack() {', '          Flex() {', '            Column() {', '              Text(item.toString())', '                .fontSize(14)', '                .backgroundColor(Color.Gray)', '                .padding(10)', '            }', '          }', '        }', '      }', '    }', '  }', '  .backgroundColor(Color.White)', '  .padding(5)', '}, (item: string) => item.toString())'], 'start_line': '9', 'end_line': '20', 'line of interest': 'Stack() {'}, 'analysis': 'Avoid redundant nested containers without specific properties. This helps reduce the complexity and improve the performance of the UI layout.'}
2024-11-11 06:27:11,342 - INFO - 分析第2/5个缺陷
2024-11-11 06:27:18,110 - INFO - {'rule': '@performance/hp-arkui-remove-container-without-property', 'defect_block': {'code': ['forEach(this.items, (item: Number) => {', '  Column() {', '    Stack() {', '      Column() {', '        Stack() {', '          Flex() {', '            Column() {', '              Text(item.toString())', '                .fontSize(14)', '                .backgroundColor(Color.Gray)', '                .padding(10)', '            }', '          }', '        }', '      }', '    }', '  }', '.backgroundColor(Color.White)', '.padding(5)', '  }, (item: string) => item.toString())'], 'start_line': '10', 'end_line': '19', 'line of interest': 'Column() {'}, 'analysis': 'This defect highlights the redundant use of nested containers without specific properties that contribute to the layout. The nested Column and Stack with additional Column and Flex containers should be used more efficiently or reduced to simplify the view hierarchy.'}
2024-11-11 06:27:18,110 - INFO - 分析第3/5个缺陷
2024-11-11 06:27:24,954 - INFO - [
  {
    "rule": "@performance/hp-arkui-remove-container-without-property",
    "defect_block": {
      "code": [
        "ForEach(this.items, (item: Number) => {",
        "  Column() {",
        "    Stack() {",  // The line of interest
        "      Column() {",
        "        Stack() {",
        "          Flex() {",
        "            Column() {",
        "              Text(item.toString())",
        "                .fontSize(14)",
        "                .backgroundColor(Color.Gray)",
        "                .padding(10)",
        "            }",
        "          }",
        "        }",
        "      }",
        "    }",
        "  }",
        "  .backgroundColor(Color.White)",
        "  .padding(5)",
        "}, (item: string) => item.toString())"
      ],
      "start_line": 11,
      "end_line": 26,
      "line of interest": "Stack() {"
    },
    "analysis": "The code contains a redundant nested container 'Stack' that does not have any specific properties or styles applied. Removing unnecessary nested containers can improve performance by reducing the complexity of the view hierarchy."
  }
]
2024-11-11 06:27:24,954 - INFO - 分析第4/5个缺陷
2024-11-11 06:27:32,740 - INFO - {'rule': '@performance/hp-arkui-remove-container-without-property', 'defect_block': {'code': ['ForEach(this.items, (item: Number) => {', '  Column() {', '    Stack() {', '      Column() {', '        Stack() {', '          Flex() {', '            Column() {', '              Text(item.toString())', '                .fontSize(14)', '                .backgroundColor(Color.Gray)', '                .padding(10)', '            }', '          }', '        }', '      }', '    }', '  }', '  .backgroundColor(Color.White)', '  .padding(5)', '}, (item: string) => item.toString())'], 'start_line': '9', 'end_line': '21', 'line of interest': 'Flex() {'}, 'analysis': 'The defect is due to redundant nested containers, specifically a Flex component without properties inside multiple nested Columns and Stacks. It suggests reducing the nesting level by removing unnecessary container components to avoid performance issues.'}
2024-11-11 06:27:32,740 - INFO - 分析第5/5个缺陷
2024-11-11 06:27:38,755 - INFO - {'rule': '@performance/hp-arkui-remove-container-without-property', 'defect_block': {'code': ['ForEach(this.items, (item: Number) => {', '  Column() {', '    Stack() {', '      Column() {', '        Stack() {', '          Flex() {', '            Column() {', '              Text(item.toString())', '                .fontSize(14)', '                .backgroundColor(Color.Gray)', '                .padding(10)', '            }', '          }', '        }', '      }', '    }', '  }', '  .backgroundColor(Color.White)', '  .padding(5)', '}, (item: string) => item.toString())'], 'start_line': '11', 'end_line': '26', 'line of interest': 'Column() {'}, 'analysis': 'The code contains redundant nested containers (Column and Stack) without specific properties that could be avoided to improve performance. Reduce unnecessary nesting to optimize component rendering.'}
2024-11-11 06:27:38,756 - INFO - 开始生成修复建议
2024-11-11 06:27:40,069 - INFO - 处理第1/4个修复建议
2024-11-11 06:27:47,456 - INFO - 修复建议1的结果:
2024-11-11 06:27:47,457 - INFO - ```json
{
  "problem_code": "ForEach(this.items, (item: Number) => {\n  Column() {\n    Stack() {\n      Column() {\n        Stack() {\n          Flex() {\n            Column() {\n              Text(item.toString())\n                .fontSize(14)\n                .backgroundColor(Color.Gray)\n                .padding(10)\n            }\n          }\n        }\n      }\n    }\n  }\n  .backgroundColor(Color.White)\n  .padding(5)\n}, (item: string) => item.toString())\n",
  "problem_fix": "ForEach(this.items, (item: Number) => {\n  Column() {\n    Text(item.toString())\n      .fontSize(14)\n      .backgroundColor(Color.Gray)\n      .padding(10)\n  }\n  .backgroundColor(Color.White)\n  .padding(5)\n}, (item: string) => item.toString())\n"
}
```
2024-11-11 06:27:47,457 - INFO - 处理第2/4个修复建议
2024-11-11 06:27:51,266 - INFO - 修复建议2的结果:
2024-11-11 06:27:51,266 - INFO - ```json
{
  "problem_code": "forEach(this.items, (item: Number) => {\n  Column() {\n    Stack() {\n      Column() {\n        Stack() {\n          Flex() {\n            Column() {\n              Text(item.toString())\n                .fontSize(14)\n                .backgroundColor(Color.Gray)\n                .padding(10)\n            }\n          }\n        }\n      }\n    }\n  }\n.backgroundColor(Color.White)\n.padding(5)\n  }, (item: string) => item.toString())",
  "problem_fix": "ForEach(this.items, (item: Number) => {\n  Column() {\n    Text(item.toString())\n      .fontSize(14)\n      .backgroundColor(Color.Gray)\n      .padding(10)\n  }\n  .backgroundColor(Color.White)\n  .padding(5)\n}, (item: string) => item.toString())"
}
```
2024-11-11 06:27:51,266 - INFO - 处理第3/4个修复建议
2024-11-11 06:27:56,913 - INFO - 修复建议3的结果:
2024-11-11 06:27:56,914 - INFO - ```json
{
  "problem_code": "ForEach(this.items, (item: Number) => {\n  Column() {\n    Stack() {\n      Column() {\n        Stack() {\n          Flex() {\n            Column() {\n              Text(item.toString())\n                .fontSize(14)\n                .backgroundColor(Color.Gray)\n                .padding(10)\n            }\n          }\n        }\n      }\n    }\n  }\n  .backgroundColor(Color.White)\n  .padding(5)\n}, (item: string) => item.toString())",
  "problem_fix": "ForEach(this.items, (item: Number) => {\n  Column() {\n    Text(item.toString())\n      .fontSize(14)\n      .backgroundColor(Color.Gray)\n      .padding(10)\n  }\n  .backgroundColor(Color.White)\n  .padding(5)\n}, (item: string) => item.toString())"
}
```
2024-11-11 06:27:56,914 - INFO - 处理第4/4个修复建议
2024-11-11 06:28:00,676 - INFO - 修复建议4的结果:
2024-11-11 06:28:00,676 - INFO - ```json
{
  "problem_code": "ForEach(this.items, (item: Number) => {\n  Column() {\n    Stack() {\n      Column() {\n        Stack() {\n          Flex() {\n            Column() {\n              Text(item.toString())\n                .fontSize(14)\n                .backgroundColor(Color.Gray)\n                .padding(10)\n            }\n          }\n        }\n      }\n    }\n  }\n  .backgroundColor(Color.White)\n  .padding(5)\n}, (item: string) => item.toString())",
  "problem_fix": "ForEach(this.items, (item: Number) => {\n  Column() {\n    Text(item.toString())\n      .fontSize(14)\n      .backgroundColor(Color.Gray)\n      .padding(10)\n  }\n  .backgroundColor(Color.White)\n  .padding(5)\n}, (item: string) => item.toString())"
}
```
2024-11-11 06:28:00,676 - INFO - 处理修复结果
2024-11-11 06:28:00,677 - INFO - 处理第1个修复结果
2024-11-11 06:28:00,677 - INFO - 原始代码:
ForEach(this.items, (item: Number) => {
  Column() {
    Stack() {
      Column() {
        Stack() {
          Flex() {
            Column() {
              Text(item.toString())
                .fontSize(14)
                .backgroundColor(Color.Gray)
                .padding(10)
            }
          }
        }
      }
    }
  }
  .backgroundColor(Color.White)
  .padding(5)
}, (item: string) => item.toString())

2024-11-11 06:28:00,677 - INFO - 修复后代码:
ForEach(this.items, (item: Number) => {
  Column() {
    Text(item.toString())
      .fontSize(14)
      .backgroundColor(Color.Gray)
      .padding(10)
  }
  .backgroundColor(Color.White)
  .padding(5)
}, (item: string) => item.toString())

2024-11-11 06:28:00,677 - INFO - 处理第2个修复结果
2024-11-11 06:28:00,677 - INFO - 原始代码:
forEach(this.items, (item: Number) => {
  Column() {
    Stack() {
      Column() {
        Stack() {
          Flex() {
            Column() {
              Text(item.toString())
                .fontSize(14)
                .backgroundColor(Color.Gray)
                .padding(10)
            }
          }
        }
      }
    }
  }
.backgroundColor(Color.White)
.padding(5)
  }, (item: string) => item.toString())
2024-11-11 06:28:00,677 - INFO - 修复后代码:
ForEach(this.items, (item: Number) => {
  Column() {
    Text(item.toString())
      .fontSize(14)
      .backgroundColor(Color.Gray)
      .padding(10)
  }
  .backgroundColor(Color.White)
  .padding(5)
}, (item: string) => item.toString())
2024-11-11 06:28:00,677 - INFO - 处理第3个修复结果
2024-11-11 06:28:00,677 - INFO - 原始代码:
ForEach(this.items, (item: Number) => {
  Column() {
    Stack() {
      Column() {
        Stack() {
          Flex() {
            Column() {
              Text(item.toString())
                .fontSize(14)
                .backgroundColor(Color.Gray)
                .padding(10)
            }
          }
        }
      }
    }
  }
  .backgroundColor(Color.White)
  .padding(5)
}, (item: string) => item.toString())
2024-11-11 06:28:00,677 - INFO - 修复后代码:
ForEach(this.items, (item: Number) => {
  Column() {
    Text(item.toString())
      .fontSize(14)
      .backgroundColor(Color.Gray)
      .padding(10)
  }
  .backgroundColor(Color.White)
  .padding(5)
}, (item: string) => item.toString())
2024-11-11 06:28:00,678 - INFO - 处理第4个修复结果
2024-11-11 06:28:00,678 - INFO - 原始代码:
ForEach(this.items, (item: Number) => {
  Column() {
    Stack() {
      Column() {
        Stack() {
          Flex() {
            Column() {
              Text(item.toString())
                .fontSize(14)
                .backgroundColor(Color.Gray)
                .padding(10)
            }
          }
        }
      }
    }
  }
  .backgroundColor(Color.White)
  .padding(5)
}, (item: string) => item.toString())
2024-11-11 06:28:00,678 - INFO - 修复后代码:
ForEach(this.items, (item: Number) => {
  Column() {
    Text(item.toString())
      .fontSize(14)
      .backgroundColor(Color.Gray)
      .padding(10)
  }
  .backgroundColor(Color.White)
  .padding(5)
}, (item: string) => item.toString())
2024-11-11 06:28:00,678 - INFO - 生成最终修复代码
2024-11-11 06:28:04,651 - INFO - 最终修复结果:
2024-11-11 06:28:04,652 - INFO - 修复后的完整文件代码如下：

```arkts
@Entry
@Component
struct NestedViewComponent {
  @State items: Number[] = Array.from(Array<number>(500), (v, k) => k);  // 500 个数据项

  build() {
    Scroll() {
      Column() {
        ForEach(this.items, (item: Number) => {
          Column() {
            Text(item.toString())
              .fontSize(14)
              .backgroundColor(Color.Gray)
              .padding(10)
          }
          .backgroundColor(Color.White)
          .padding(5)
        }, (item: string) => item.toString())
      }
      .width('100%')
      .height('100%')
    }
  }
}
```

在修复过程中，根据提供的修复补丁，简化了 `ForEach` 组件中嵌套的多余结构，使代码更加简洁。
