2024-11-11 06:32:19,287 - INFO - 读取文件: ../mydefects/ets/pages/defects/hp-arkui-use-object-link-to-replace-prop.ets
2024-11-11 06:32:19,288 - INFO - 读取Excel文件中的缺陷信息
2024-11-11 06:32:19,290 - INFO - CodeLinter分析结果:
2024-11-11 06:32:19,290 - INFO - [
  {
    "rule": "@performance/hp-arkui-use-object-link-to-replace-prop",
    "line": 11,
    "message": "Use @ObjectLink instead of @Prop to reduce unnecessary deep copies",
    "code": "@Prop itemData: ClassB;"
  }
]
2024-11-11 06:32:19,290 - INFO - 分析第1/1个缺陷
2024-11-11 06:32:25,227 - INFO - {'rule': '@performance/hp-arkui-use-object-link-to-replace-prop', 'defect_block': {'code': ['@Component', 'struct ItemComponent {', '  @Prop itemData: ClassB;', '', '  build() {', '    Text(`Item name: ${this.itemData.name}`)', '      .fontSize(18)', '      .padding(10)', '  }', '}'], 'start_line': '8', 'end_line': '15', 'line of interest': '@Prop itemData: ClassB;'}, 'analysis': 'Use @ObjectLink instead of @Prop to reduce unnecessary deep copies'}
2024-11-11 06:32:25,228 - INFO - 开始生成修复建议
2024-11-11 06:32:25,915 - INFO - 处理第1/1个修复建议
2024-11-11 06:32:29,397 - INFO - 修复建议1的结果:
2024-11-11 06:32:29,397 - INFO - ```json
{
  "problem_code": "@Component\nstruct ItemComponent {\n  @Prop itemData: ClassB;\n\n  build() {\n    Text(`Item name: ${this.itemData.name}`)\n      .fontSize(18)\n      .padding(10)\n  }\n}\n",
  "problem_fix": "@Component\nstruct ItemComponent {\n  // @ObjectLink 装饰状态变量不会深拷贝\n  // 当修饰为ObjectLink时 ClassB必须同时被Observed修饰\n  @ObjectLink itemData: ClassB;\n\n  build() {\n    Text(`Item name: ${this.itemData.name}`)\n      .fontSize(18)\n      .padding(10)\n  }\n}\n"
}
```
2024-11-11 06:32:29,398 - INFO - 处理修复结果
2024-11-11 06:32:29,398 - INFO - 处理第1个修复结果
2024-11-11 06:32:29,398 - INFO - 原始代码:
@Component
struct ItemComponent {
  @Prop itemData: ClassB;

  build() {
    Text(`Item name: ${this.itemData.name}`)
      .fontSize(18)
      .padding(10)
  }
}

2024-11-11 06:32:29,398 - INFO - 修复后代码:
@Component
struct ItemComponent {
  // @ObjectLink 装饰状态变量不会深拷贝
  // 当修饰为ObjectLink时 ClassB必须同时被Observed修饰
  @ObjectLink itemData: ClassB;

  build() {
    Text(`Item name: ${this.itemData.name}`)
      .fontSize(18)
      .padding(10)
  }
}

2024-11-11 06:32:29,398 - INFO - 生成最终修复代码
2024-11-11 06:32:35,836 - INFO - 最终修复结果:
2024-11-11 06:32:35,837 - INFO - 修复后的完整文件代码如下：

```arkts
@Observed
class ClassB {
  public name: string;
  constructor(name: string) {
    this.name = name;
  }
}

@Component
struct ItemComponent {
  // @ObjectLink 装饰状态变量不会深拷贝
  // 当修饰为ObjectLink时 ClassB必须同时被Observed修饰
  @ObjectLink itemData: ClassB;

  build() {
    Text(`Item name: ${this.itemData.name}`)
      .fontSize(18)
      .padding(10)
  }
}

@Entry
@Component
struct ListComponent {
  @State items: ClassB[] = [
    new ClassB('Item 1'),
    new ClassB('Item 2'),
    new ClassB('Item 3')
  ];

  build() {
    Column() {
      Text('Item List')
        .fontSize(24)
        .padding(10)

      ForEach(this.items, (item: ClassB) => {
        ItemComponent({ itemData: item })
      }, (item: ClassB) => item.name)
    }
    .padding(10)
  }
}
```

我根据提供的patch对`ItemComponent`的装饰器进行了更新，将`@Prop`替换为`@ObjectLink`，以符合修正建议。其余部分保持不变。
