2024-11-11 06:33:57,514 - INFO - 读取文件: ../mydefects/ets/pages/defects/hp-arkui-use-taskpool-for-web-request.ets
2024-11-11 06:33:57,514 - INFO - 读取Excel文件中的缺陷信息
2024-11-11 06:33:57,519 - INFO - CodeLinter分析结果:
2024-11-11 06:33:57,519 - INFO - [
  {
    "rule": "@performance/hp-arkui-use-taskpool-for-web-request",
    "line": 15,
    "message": "Use taskpool for asynchronous processing of network resource requests and responses",
    "code": "httpRequest.request(\"EXAMPLE_URL\", (err: Error, data: http.HttpResponse) => {"
  }
]
2024-11-11 06:33:57,519 - INFO - 分析第1/1个缺陷
2024-11-11 06:34:03,611 - INFO - {'rule': '@performance/hp-arkui-use-taskpool-for-web-request', 'defect_block': {'code': ['let httpRequest = http.createHttp();', 'httpRequest.request("EXAMPLE_URL", (err: Error, data: http.HttpResponse) => {', '  if (!err) {', "    console.info('Result: ' + data.result);", "    console.info('Code: ' + data.responseCode);", '  } else {', "    console.info('Error: ' + JSON.stringify(err));", '  }', '});'], 'start_line': 14, 'end_line': 22, 'line of interest': 'httpRequest.request("EXAMPLE_URL", (err: Error, data: http.HttpResponse) => {'}, 'analysis': 'The defect is that the network request and response handling does not use the taskpool for asynchronous processing. It is recommended to offload the network response processing to a separate thread to improve performance and maintain application responsiveness.'}
2024-11-11 06:34:03,611 - INFO - 开始生成修复建议
2024-11-11 06:34:04,097 - INFO - 处理第1/1个修复建议
2024-11-11 06:34:08,629 - INFO - 修复建议1的结果:
2024-11-11 06:34:08,629 - INFO - ```json
{
  "problem_code": "let httpRequest = http.createHttp();\nhttpRequest.request(\"EXAMPLE_URL\", (err: Error, data: http.HttpResponse) => {\n  if (!err) {\n    console.info('Result: ' + data.result);\n    console.info('Code: ' + data.responseCode);\n  } else {\n    console.info('Error: ' + JSON.stringify(err));\n  }\n});\n",
  "problem_fix": "let httpRequest = http.createHttp();\nhttpRequest.request(\"EXAMPLE_URL\", (err: Error, data: http.HttpResponse) => {\n  if (!err) {\n    taskpool.run(() => {\n      console.info('Result: ' + data.result);\n      console.info('Code: ' + data.responseCode);\n    });\n  } else {\n    console.info('Error: ' + JSON.stringify(err));\n  }\n});\n"
}
```
2024-11-11 06:34:08,630 - INFO - 处理修复结果
2024-11-11 06:34:08,630 - INFO - 处理第1个修复结果
2024-11-11 06:34:08,630 - INFO - 原始代码:
let httpRequest = http.createHttp();
httpRequest.request("EXAMPLE_URL", (err: Error, data: http.HttpResponse) => {
  if (!err) {
    console.info('Result: ' + data.result);
    console.info('Code: ' + data.responseCode);
  } else {
    console.info('Error: ' + JSON.stringify(err));
  }
});

2024-11-11 06:34:08,630 - INFO - 修复后代码:
let httpRequest = http.createHttp();
httpRequest.request("EXAMPLE_URL", (err: Error, data: http.HttpResponse) => {
  if (!err) {
    taskpool.run(() => {
      console.info('Result: ' + data.result);
      console.info('Code: ' + data.responseCode);
    });
  } else {
    console.info('Error: ' + JSON.stringify(err));
  }
});

2024-11-11 06:34:08,630 - INFO - 生成最终修复代码
2024-11-11 06:34:12,630 - INFO - 最终修复结果:
2024-11-11 06:34:12,630 - INFO - 修复后的完整文件代码如下：

```arkts
import { http } from '@kit.NetworkKit';

@Entry
@Component
struct MyComponent {
  build() {
    Column() {
      Text('点击发送网络请求')
        .fontSize(20)
        .padding(10)

      Button('发送请求')
        .onClick(() => {
          let httpRequest = http.createHttp();
          httpRequest.request("EXAMPLE_URL", (err: Error, data: http.HttpResponse) => {
            if (!err) {
              taskpool.run(() => {
                console.info('Result: ' + data.result);
                console.info('Code: ' + data.responseCode);
              });
            } else {
              console.info('Error: ' + JSON.stringify(err));
            }
          });
        })
        .padding(20)
        .backgroundColor(Color.Blue)
        .fontColor(Color.White)
    }
    .padding(20)
  }
}
```
