2024-11-11 06:24:10,017 - INFO - 读取文件: ../mydefects/ets/pages/defects/hp-arkui-image-async-load.ets
2024-11-11 06:24:10,017 - INFO - 读取Excel文件中的缺陷信息
2024-11-11 06:24:10,020 - INFO - CodeLinter分析结果:
2024-11-11 06:24:10,020 - INFO - [
  {
    "rule": "@performance/hp-arkui-image-async-load",
    "line": 11,
    "message": "Asynchronously load large images",
    "code": ".syncLoad(true)"
  }
]
2024-11-11 06:24:10,020 - INFO - 分析第1/1个缺陷
2024-11-11 06:24:15,579 - INFO - {'rule': '@performance/hp-arkui-image-async-load', 'defect_block': {'code': ['@Entry', '@Component', 'struct ExampleImageComponent {', '  build() {', '    Column() {', "      Image($r('app.media.large_image'))", '        .border({ width: 2 })', '        .borderStyle(BorderStyle.Solid)', '        .height(200)', '        .width(200)', '        .syncLoad(true)', '    }', '  }', '}'], 'start_line': 1, 'end_line': 13, 'line of interest': '.syncLoad(true)'}, 'analysis': 'Asynchronously load large images to improve performance and avoid blocking the main thread.'}
2024-11-11 06:24:15,580 - INFO - 开始生成修复建议
2024-11-11 06:24:16,061 - INFO - 处理第1/1个修复建议
2024-11-11 06:24:20,531 - INFO - 修复建议1的结果:
2024-11-11 06:24:20,531 - INFO - ```json
{
  "problem_code": "@Entry\n@Component\nstruct ExampleImageComponent {\n  build() {\n    Column() {\n      Image($r('app.media.large_image'))\n        .border({ width: 2 })\n        .borderStyle(BorderStyle.Solid)\n        .height(200)\n        .width(200)\n        .syncLoad(true)\n    }\n  }\n}\n",
  "problem_fix": "@Entry\n@Component\nstruct ExampleImageComponent {\n  build() {\n    Column() {\n      Image($r('app.media.large_image'))\n        .border({ width: 2 })\n        .borderStyle(BorderStyle.Solid)\n        .height(200)\n        .width(200)\n        // 移除 syncLoad，使用异步加载\n    }\n  }\n}\n"
}
```
2024-11-11 06:24:20,531 - INFO - 处理修复结果
2024-11-11 06:24:20,531 - INFO - 处理第1个修复结果
2024-11-11 06:24:20,531 - INFO - 原始代码:
@Entry
@Component
struct ExampleImageComponent {
  build() {
    Column() {
      Image($r('app.media.large_image'))
        .border({ width: 2 })
        .borderStyle(BorderStyle.Solid)
        .height(200)
        .width(200)
        .syncLoad(true)
    }
  }
}

2024-11-11 06:24:20,531 - INFO - 修复后代码:
@Entry
@Component
struct ExampleImageComponent {
  build() {
    Column() {
      Image($r('app.media.large_image'))
        .border({ width: 2 })
        .borderStyle(BorderStyle.Solid)
        .height(200)
        .width(200)
        // 移除 syncLoad，使用异步加载
    }
  }
}

2024-11-11 06:24:20,531 - INFO - 生成最终修复代码
2024-11-11 06:24:22,936 - INFO - 最终修复结果:
2024-11-11 06:24:22,937 - INFO - ```arkts
@Entry
@Component
struct ExampleImageComponent {
  build() {
    Column() {
      Image($r('app.media.large_image'))
        .border({ width: 2 })
        .borderStyle(BorderStyle.Solid)
        .height(200)
        .width(200)
        // 移除 syncLoad，使用异步加载
    }
  }
}
```
