2024-11-11 06:29:15,018 - INFO - 读取文件: ../mydefects/ets/pages/defects/hp-arkui-set-cache-count-for-lazyforeach-grid.ets
2024-11-11 06:29:15,018 - INFO - 读取Excel文件中的缺陷信息
2024-11-11 06:29:15,020 - INFO - CodeLinter分析结果:
2024-11-11 06:29:15,021 - INFO - [
  {
    "rule": "@performance/hp-arkui-set-cache-count-for-lazyforeach-grid",
    "line": 14,
    "message": "Set cachedCount to an appropriate value when using LazyForEach in grids",
    "code": "List() {"
  }
]
2024-11-11 06:29:15,021 - INFO - 分析第1/1个缺陷
2024-11-11 06:29:22,173 - INFO - {'rule': '@performance/hp-arkui-set-cache-count-for-lazyforeach-grid', 'defect_block': {'code': ['List() {', '  LazyForEach(this.products, (item: number) => {', '    ListItem() {', '      // 使用 ProductItem 自定义组件，嵌套显示产品信息', '      ProductItem({ productId: item })', '    }', '  }, (item: number) => item.toString())', '}', '.height(500)', ".width('100%')", '.backgroundColor(Color.LightGray)'], 'start_line': '13', 'end_line': '23', 'line of interest': 'List() {'}, 'analysis': 'Set cachedCount to an appropriate value when using LazyForEach in grids'}
2024-11-11 06:29:22,174 - INFO - 开始生成修复建议
2024-11-11 06:29:22,730 - INFO - 处理第1/1个修复建议
2024-11-11 06:29:27,692 - INFO - 修复建议1的结果:
2024-11-11 06:29:27,692 - INFO - ```json
{
  "problem_code": "List() {\n  LazyForEach(this.products, (item: number) => {\n    ListItem() {\n      // 使用 ProductItem 自定义组件，嵌套显示产品信息\n      ProductItem({ productId: item })\n    }\n  }, (item: number) => item.toString())\n}\n.height(500)\n.width('100%')\n.backgroundColor(Color.LightGray)\n",
  "problem_fix": "List() {\n  LazyForEach(this.products, (item: number) => {\n    ListItem() {\n      // 使用 ProductItem 自定义组件，嵌套显示产品信息\n      ProductItem({ productId: item })\n    }\n  }, (item: number) => item.toString())\n  .cachedCount(3)\n}\n.height(500)\n.width('100%')\n.backgroundColor(Color.LightGray)\n"
}
```
2024-11-11 06:29:27,692 - INFO - 处理修复结果
2024-11-11 06:29:27,692 - INFO - 处理第1个修复结果
2024-11-11 06:29:27,692 - INFO - 原始代码:
List() {
  LazyForEach(this.products, (item: number) => {
    ListItem() {
      // 使用 ProductItem 自定义组件，嵌套显示产品信息
      ProductItem({ productId: item })
    }
  }, (item: number) => item.toString())
}
.height(500)
.width('100%')
.backgroundColor(Color.LightGray)

2024-11-11 06:29:27,692 - INFO - 修复后代码:
List() {
  LazyForEach(this.products, (item: number) => {
    ListItem() {
      // 使用 ProductItem 自定义组件，嵌套显示产品信息
      ProductItem({ productId: item })
    }
  }, (item: number) => item.toString())
  .cachedCount(3)
}
.height(500)
.width('100%')
.backgroundColor(Color.LightGray)

2024-11-11 06:29:27,693 - INFO - 生成最终修复代码
2024-11-11 06:29:33,813 - INFO - 最终修复结果:
2024-11-11 06:29:33,813 - INFO - 根据提供的patch信息进行修复后，完整的代码如下：

```arkts
@Entry
@Component
struct ProductListComponent {
  @State products: number[] = Array.from<number, number>(Array(1000), (_, i) => i + 1);

  build() {
    Column() {
      Text('产品列表')
        .fontSize(24)
        .padding(10)
        .textAlign(TextAlign.Center)

      // 产品列表
      List() {
        LazyForEach(this.products, (item: number) => {
          ListItem() {
            // 使用 ProductItem 自定义组件，嵌套显示产品信息
            ProductItem({ productId: item })
          }
        }, (item: number) => item.toString())
        .cachedCount(3)
      }
      .height(500)
      .width('100%')
      .backgroundColor(Color.LightGray)
    }
  }
}

// 定义的产品组件，用于显示产品的基本信息
@Reusable
@Component
struct ProductItem {
  @State productId: number = 0;

  aboutToReuse(params: ESObject): void {
    this.productId = params.productId as number;
  }

  build() {
    Row() {
      Text('产品ID: ' + this.productId)
        .fontSize(18)
        .padding(10)
    }
    .backgroundColor(0xE5E5E5)
    .padding(5)
  }
}
```

已经根据提供的修复patch对`LazyForEach`方法链中增加了`.cachedCount(3)`，其余部分保持不变。
