2024-11-11 06:25:56,917 - INFO - 读取文件: ../mydefects/ets/pages/defects/hp-arkui-reduce-pan-gesture-distance.ets
2024-11-11 06:25:56,917 - INFO - 读取Excel文件中的缺陷信息
2024-11-11 06:25:56,920 - INFO - CodeLinter分析结果:
2024-11-11 06:25:56,920 - INFO - [
  {
    "rule": "@performance/hp-arkui-reduce-pangesture-distance",
    "line": 37,
    "message": "Reduce the pan gesture recognition distance",
    "code": "this.gestureOptions.setDistance(300);"
  }
]
2024-11-11 06:25:56,920 - INFO - 分析第1/1个缺陷
2024-11-11 06:26:03,687 - INFO - {'rule': '@performance/hp-arkui-reduce-pangesture-distance', 'defect_block': {'code': ['  // 手势设置修改器，用于调整手势的触发条件', '  private adjustGestureTrigger(): void {', '    this.gestureOptions.setDistance(300);', "    console.info('Gesture distance threshold updated to 300');", '  }'], 'start_line': 35, 'end_line': 39, 'line of interest': 'this.gestureOptions.setDistance(300);'}, 'analysis': '建议设置合理的拖动距离，以减少不必要的手势识别开销。当前的拖动距离设置为300，可能会导致应用内响应延迟。'}
2024-11-11 06:26:03,687 - INFO - 开始生成修复建议
2024-11-11 06:26:04,348 - INFO - 处理第1/1个修复建议
2024-11-11 06:26:07,162 - INFO - 修复建议1的结果:
2024-11-11 06:26:07,162 - INFO - ```json
{
  "problem_code": "  // 手势设置修改器，用于调整手势的触发条件\n  private adjustGestureTrigger(): void {\n    this.gestureOptions.setDistance(300);\n    console.info('Gesture distance threshold updated to 300');\n  }\n",
  "problem_fix": "  // 手势设置修改器，用于调整手势的触发条件\n  private adjustGestureTrigger(): void {\n    this.gestureOptions.setDistance(150); // 将拖动距离设置为更合理的150，以减少响应延迟\n    console.info('Gesture distance threshold updated to 150');\n  }\n"
}
```
2024-11-11 06:26:07,163 - INFO - 处理修复结果
2024-11-11 06:26:07,163 - INFO - 处理第1个修复结果
2024-11-11 06:26:07,163 - INFO - 原始代码:
  // 手势设置修改器，用于调整手势的触发条件
  private adjustGestureTrigger(): void {
    this.gestureOptions.setDistance(300);
    console.info('Gesture distance threshold updated to 300');
  }

2024-11-11 06:26:07,163 - INFO - 修复后代码:
  // 手势设置修改器，用于调整手势的触发条件
  private adjustGestureTrigger(): void {
    this.gestureOptions.setDistance(150); // 将拖动距离设置为更合理的150，以减少响应延迟
    console.info('Gesture distance threshold updated to 150');
  }

2024-11-11 06:26:07,163 - INFO - 生成最终修复代码
2024-11-11 06:26:24,108 - INFO - 最终修复结果:
2024-11-11 06:26:24,108 - INFO - 修复后的完整代码如下：
```arkts
import { hiTraceMeter } from '@kit.PerformanceAnalysisKit'

@Entry
@Component
struct GestureHandlerComponent {
  @State xPosition: number = 0;
  @State yPosition: number = 0;

  // 初始化手势的设置
  private gestureOptions: PanGestureOptions = new PanGestureOptions({
    direction: PanDirection.All, // 允许所有方向的拖动
    speed: 1.0,
  });

  // 开始手势追踪的逻辑
  private startTracking(event: GestureEvent): void {
    console.info('Gesture started');
    hiTraceMeter.startTrace("GestureTrace", 1);
  }

  // 拖动手势更新时的逻辑
  private updatePosition(event: GestureEvent): void {
    if (event) {
      this.xPosition += event.offsetX;
      this.yPosition += event.offsetY;
    }
  }

  // 手势结束后的逻辑
  private endTracking(): void {
    console.info('Gesture ended');
    hiTraceMeter.finishTrace("GestureTrace", 1);
  }

  // 手势设置修改器，用于调整手势的触发条件
  private adjustGestureTrigger(): void {
    this.gestureOptions.setDistance(150); // 将拖动距离设置为更合理的150，以减少响应延迟
    console.info('Gesture distance threshold updated to 150');
  }

  build() {
    Column() {
      Column() {
        Text('拖动手势:\nX: ' + this.xPosition + '\nY: ' + this.yPosition)
      }
      .width(250)
      .height(250)
      .border({ width: 2, color: Color.Blue })
      .padding(20)
      .translate({ x: this.xPosition, y: this.yPosition })
      .gesture(
        PanGesture(this.gestureOptions)
          .onActionStart(this.startTracking)
          .onActionUpdate(this.updatePosition)
          .onActionEnd(this.endTracking)
      )

      Button('调整手势触发条件')
        .onClick(() => {
          this.adjustGestureTrigger();
        })
    }
    .padding(20)
    .margin({ top: 30 })
    .alignItems(HorizontalAlign.Center)
  }
}
```
