2024-11-11 06:28:04,657 - INFO - 读取文件: ../mydefects/ets/pages/defects/hp-arkui-remove-redundant-state-var.ets
2024-11-11 06:28:04,657 - INFO - 读取Excel文件中的缺陷信息
2024-11-11 06:28:04,662 - INFO - CodeLinter分析结果:
2024-11-11 06:28:04,662 - INFO - [
  {
    "rule": "@performance/hp-arkui-remove-redundant-state-var",
    "line": 4,
    "message": "Remove state variables that are not associated with a UI component",
    "code": "@State currentStatus: string = \"initial\";"
  }
]
2024-11-11 06:28:04,663 - INFO - 分析第1/1个缺陷
2024-11-11 06:28:10,325 - INFO - {'rule': '@performance/hp-arkui-remove-redundant-state-var', 'defect_block': {'code': ['@State currentStatus: string = "initial";', '', 'updateStatus(newStatus: string): void {', '  this.currentStatus = newStatus;', '}'], 'start_line': 4, 'end_line': 8, 'line of interest': '@State currentStatus: string = "initial";'}, 'analysis': 'Remove state variables that are not associated with a UI component'}
2024-11-11 06:28:10,325 - INFO - 开始生成修复建议
2024-11-11 06:28:10,827 - INFO - 处理第1/1个修复建议
2024-11-11 06:28:15,641 - INFO - 修复建议1的结果:
2024-11-11 06:28:15,642 - INFO - ```json
{
  "problem_code": "@State currentStatus: string = \"initial\";\n\nupdateStatus(newStatus: string): void {\n  this.currentStatus = newStatus;\n}\n",
  "problem_fix": "currentStatus: string = \"initial\";\n\nupdateStatus(newStatus: string): void {\n  this.currentStatus = newStatus;\n}\n"
}
```
2024-11-11 06:28:15,642 - INFO - 处理修复结果
2024-11-11 06:28:15,642 - INFO - 处理第1个修复结果
2024-11-11 06:28:15,642 - INFO - 原始代码:
@State currentStatus: string = "initial";

updateStatus(newStatus: string): void {
  this.currentStatus = newStatus;
}

2024-11-11 06:28:15,642 - INFO - 修复后代码:
currentStatus: string = "initial";

updateStatus(newStatus: string): void {
  this.currentStatus = newStatus;
}

2024-11-11 06:28:15,642 - INFO - 生成最终修复代码
2024-11-11 06:28:20,466 - INFO - 最终修复结果:
2024-11-11 06:28:20,466 - INFO - 根据给定的patch，修复后的完整文件代码如下：

```arkts
@Entry
@Component
struct MyComponent {
  currentStatus: string = "initial";

  updateStatus(newStatus: string): void {
    this.currentStatus = newStatus;
  }

  build() {
    Stack() {
      Text("这是一个按钮")
        .fontSize(16)
        .textAlign(TextAlign.Center)
    }
    .backgroundColor("blue")
    .width(200)
    .height(100)
  }
}
```

修复内容：将 `@State currentStatus: string = "initial";` 替换为 `currentStatus: string = "initial";`，去掉了 `@State` 修饰符。
