2024-11-11 06:32:35,838 - INFO - 读取文件: ../mydefects/ets/pages/defects/hp-arkui-use-onAnimationStart-for-swiper-preload.ets
2024-11-11 06:32:35,838 - INFO - 读取Excel文件中的缺陷信息
2024-11-11 06:32:35,841 - INFO - CodeLinter分析结果:
2024-11-11 06:32:35,841 - INFO - [
  {
    "rule": "@performance/hp-arkui-use-onAnimationStart-for-swiper-preload",
    "line": 18,
    "message": "Use the swiper preloading mechanism with the OnAnimationStart callback",
    "code": "Swiper(this.swiperController) {"
  }
]
2024-11-11 06:32:35,841 - INFO - 分析第1/1个缺陷
2024-11-11 06:32:42,449 - INFO - {'rule': '@performance/hp-arkui-use-onAnimationStart-for-swiper-preload', 'defect_block': {'code': ['Swiper(this.swiperController) {', '  LazyForEach(this.imageData, (imageUrl: string, index?: number) => {', '    SwiperImageItem({ imageUrl: imageUrl })', '  }, (imageUrl: string) => imageUrl)', '}', '.cachedCount(this.cacheCount)', '.indicator(true)', '.loop(true)', ".width('100%')", '.height(300)'], 'start_line': '18', 'end_line': '26', 'line of interest': 'Swiper(this.swiperController) {'}, 'analysis': 'Use the swiper preloading mechanism with the OnAnimationStart callback to enhance performance by preloading images at the start of animation.'}
2024-11-11 06:32:42,449 - INFO - 开始生成修复建议
2024-11-11 06:32:42,935 - INFO - 处理第1/1个修复建议
2024-11-11 06:32:49,459 - INFO - 修复建议1的结果:
2024-11-11 06:32:49,460 - INFO - ```json
{
  "problem_code": "Swiper(this.swiperController) {\n  LazyForEach(this.imageData, (imageUrl: string, index?: number) => {\n    SwiperImageItem({ imageUrl: imageUrl })\n  }, (imageUrl: string) => imageUrl)\n}\n.cachedCount(this.cacheCount)\n.indicator(true)\n.loop(true)\n.width('100%')\n.height(300)\n",
  "problem_fix": "Swiper(this.swiperController)\n.onAnimationStart(() => {\n  this.imageData.preload();  // 假设 imageData 有一个预加载的方法\n}) {\n  LazyForEach(this.imageData, (imageUrl: string, index?: number) => {\n    SwiperImageItem({ imageUrl: imageUrl })\n  }, (imageUrl: string) => imageUrl)\n}\n.cachedCount(this.cacheCount)\n.indicator(true)\n.loop(true)\n.width('100%')\n.height(300)\n"
}
```
2024-11-11 06:32:49,460 - INFO - 处理修复结果
2024-11-11 06:32:49,460 - INFO - 处理第1个修复结果
2024-11-11 06:32:49,460 - INFO - 原始代码:
Swiper(this.swiperController) {
  LazyForEach(this.imageData, (imageUrl: string, index?: number) => {
    SwiperImageItem({ imageUrl: imageUrl })
  }, (imageUrl: string) => imageUrl)
}
.cachedCount(this.cacheCount)
.indicator(true)
.loop(true)
.width('100%')
.height(300)

2024-11-11 06:32:49,460 - INFO - 修复后代码:
Swiper(this.swiperController)
.onAnimationStart(() => {
  this.imageData.preload();  // 假设 imageData 有一个预加载的方法
}) {
  LazyForEach(this.imageData, (imageUrl: string, index?: number) => {
    SwiperImageItem({ imageUrl: imageUrl })
  }, (imageUrl: string) => imageUrl)
}
.cachedCount(this.cacheCount)
.indicator(true)
.loop(true)
.width('100%')
.height(300)

2024-11-11 06:32:49,460 - INFO - 生成最终修复代码
2024-11-11 06:32:54,101 - INFO - 最终修复结果:
2024-11-11 06:32:54,101 - INFO - ```arkts
// 建议Swiper预加载机制搭配OnAnimationStart接口回调使用。
// 滑动丢帧场景下，建议优先修改。

import { MyImageDataSource } from '../data/MyImageDataSource';

@Entry
@Component
struct ImageSwiperComponent {
  cacheCount: number = 1;
  swiperController: SwiperController = new SwiperController();
  private imageData: MyImageDataSource = new MyImageDataSource([]);  // 模拟图片数据源

  build() {
    Column() {
      Text('Image Swiper').fontSize(24).padding(10)

      // 修复后的Swiper组件，使用OnAnimationStart进行预加载图片
      Swiper(this.swiperController)
      .onAnimationStart(() => {
        this.imageData.preload();  // 假设 imageData 有一个预加载的方法
      }) {
        LazyForEach(this.imageData, (imageUrl: string, index?: number) => {
          SwiperImageItem({ imageUrl: imageUrl })
        }, (imageUrl: string) => imageUrl)
      }
      .cachedCount(this.cacheCount)
      .indicator(true)
      .loop(true)
      .width('100%')
      .height(300)
    }
    .padding(20)
  }
}

@Component
@Reusable
struct SwiperImageItem {
  @Prop imageUrl: string;

  build() {
    ImageComponentBuilder(this.imageUrl)
  }
}

@Builder
function ImageComponentBuilder(imageUrl: string) {

  Image({imageUrl})
    .width('100%')
    .height(300)
}
```
