2024-11-11 06:24:22,938 - INFO - 读取文件: ../mydefects/ets/pages/defects/hp-arkui-load-on-demand.ets
2024-11-11 06:24:22,938 - INFO - 读取Excel文件中的缺陷信息
2024-11-11 06:24:22,941 - INFO - CodeLinter分析结果:
2024-11-11 06:24:22,942 - INFO - [
  {
    "rule": "@performance/hp-arkui-load-on-demand",
    "line": 13,
    "message": "Use LazyForEach when appropriate",
    "code": "ForEach(this.items, (item: string) => {"
  }
]
2024-11-11 06:24:22,942 - INFO - 分析第1/1个缺陷
2024-11-11 06:24:33,547 - INFO - {'rule': '@performance/hp-arkui-load-on-demand', 'defect_block': {'code': ['@Entry', '@Component', 'struct LargeListComponent {', '  @State items: string[] = [', "    'Apple', 'Banana', 'Orange', 'Grapes', 'Mango', 'Pineapple', 'Strawberry', ", "    'Blueberry', 'Watermelon', 'Peach', 'Cherry', 'Papaya', 'Kiwi', 'Lychee', ", "    'Pear', 'Plum', 'Apricot', 'Pomegranate', 'Dragonfruit', 'Cantaloupe'", '  ];', '', '  build() {', '    List() {', '      // 在长列表中使用ForEach而非LazyForEach，可能导致滑动丢帧', '      ForEach(this.items, (item: string) => {', '        ListItem() {', '          Text(item)', '        }', '      }, (item: string) => item)', '    }', "    .width('100%')", "    .height('100%')", '  }', '}'], 'start_line': '1', 'end_line': '23', 'line of interest': 'ForEach(this.items, (item: string) => {'}, 'analysis': "In long lists, it's recommended to use LazyForEach instead of ForEach to avoid frame drops during scrolling, as LazyForEach loads items on demand."}
2024-11-11 06:24:33,556 - INFO - 开始生成修复建议
2024-11-11 06:24:34,058 - INFO - 处理第1/1个修复建议
2024-11-11 06:24:41,372 - INFO - 修复建议1的结果:
2024-11-11 06:24:41,372 - INFO - ```json
{
  "problem_code": "@Entry\n@Component\nstruct LargeListComponent {\n  @State items: string[] = [\n    'Apple', 'Banana', 'Orange', 'Grapes', 'Mango', 'Pineapple', 'Strawberry', \n    'Blueberry', 'Watermelon', 'Peach', 'Cherry', 'Papaya', 'Kiwi', 'Lychee', \n    'Pear', 'Plum', 'Apricot', 'Pomegranate', 'Dragonfruit', 'Cantaloupe'\n  ];\n\n  build() {\n    List() {\n      // 在长列表中使用ForEach而非LazyForEach，可能导致滑动丢帧\n      ForEach(this.items, (item: string) => {\n        ListItem() {\n          Text(item)\n        }\n      }, (item: string) => item)\n    }\n    .width('100%')\n    .height('100%')\n  }\n}\n",
  "problem_fix": "@Entry\n@Component\nstruct LargeListComponent {\n  private items: DataSource = new DataSource([\n    'Apple', 'Banana', 'Orange', 'Grapes', 'Mango', 'Pineapple', 'Strawberry', \n    'Blueberry', 'Watermelon', 'Peach', 'Cherry', 'Papaya', 'Kiwi', 'Lychee', \n    'Pear', 'Plum', 'Apricot', 'Pomegranate', 'Dragonfruit', 'Cantaloupe'\n  ]);\n\n  build() {\n    List() {\n      // 在长列表中建议使用LazyForEach以避免滑动时掉帧\n      LazyForEach(this.items, (item: string) => {\n        ListItem() {\n          Text(item)\n        }\n      }, (item: string) => item)\n    }\n    .width('100%')\n    .height('100%')\n  }\n}\n"
}
```
2024-11-11 06:24:41,372 - INFO - 处理修复结果
2024-11-11 06:24:41,372 - INFO - 处理第1个修复结果
2024-11-11 06:24:41,372 - INFO - 原始代码:
@Entry
@Component
struct LargeListComponent {
  @State items: string[] = [
    'Apple', 'Banana', 'Orange', 'Grapes', 'Mango', 'Pineapple', 'Strawberry', 
    'Blueberry', 'Watermelon', 'Peach', 'Cherry', 'Papaya', 'Kiwi', 'Lychee', 
    'Pear', 'Plum', 'Apricot', 'Pomegranate', 'Dragonfruit', 'Cantaloupe'
  ];

  build() {
    List() {
      // 在长列表中使用ForEach而非LazyForEach，可能导致滑动丢帧
      ForEach(this.items, (item: string) => {
        ListItem() {
          Text(item)
        }
      }, (item: string) => item)
    }
    .width('100%')
    .height('100%')
  }
}

2024-11-11 06:24:41,373 - INFO - 修复后代码:
@Entry
@Component
struct LargeListComponent {
  private items: DataSource = new DataSource([
    'Apple', 'Banana', 'Orange', 'Grapes', 'Mango', 'Pineapple', 'Strawberry', 
    'Blueberry', 'Watermelon', 'Peach', 'Cherry', 'Papaya', 'Kiwi', 'Lychee', 
    'Pear', 'Plum', 'Apricot', 'Pomegranate', 'Dragonfruit', 'Cantaloupe'
  ]);

  build() {
    List() {
      // 在长列表中建议使用LazyForEach以避免滑动时掉帧
      LazyForEach(this.items, (item: string) => {
        ListItem() {
          Text(item)
        }
      }, (item: string) => item)
    }
    .width('100%')
    .height('100%')
  }
}

2024-11-11 06:24:41,373 - INFO - 生成最终修复代码
2024-11-11 06:24:47,551 - INFO - 最终修复结果:
2024-11-11 06:24:47,552 - INFO - 根据提供的修复patch，修复后的完整代码如下：

```arkts
@Entry
@Component
struct LargeListComponent {
  private items: DataSource = new DataSource([
    'Apple', 'Banana', 'Orange', 'Grapes', 'Mango', 'Pineapple', 'Strawberry', 
    'Blueberry', 'Watermelon', 'Peach', 'Cherry', 'Papaya', 'Kiwi', 'Lychee', 
    'Pear', 'Plum', 'Apricot', 'Pomegranate', 'Dragonfruit', 'Cantaloupe'
  ]);

  build() {
    List() {
      // 在长列表中建议使用LazyForEach以避免滑动时掉帧
      LazyForEach(this.items, (item: string) => {
        ListItem() {
          Text(item)
        }
      }, (item: string) => item)
    }
    .width('100%')
    .height('100%')
  }
}
```

在这个修复中，`@State` 被替换为 `private` 并使用 `DataSource` 来定义 `items`，另外 `ForEach` 被替换为 `LazyForEach`，以此来提高长列表的滚动性能，避免丢帧。
