2024-11-11 06:26:24,109 - INFO - 读取文件: ../mydefects/ets/pages/defects/hp-arkui-remove-container-without-property.ets
2024-11-11 06:26:24,110 - INFO - 读取Excel文件中的缺陷信息
2024-11-11 06:26:24,113 - INFO - CodeLinter分析结果:
2024-11-11 06:26:24,113 - INFO - [
  {
    "rule": "@performance/hp-arkui-remove-container-without-property",
    "line": 12,
    "message": "Reduce redundant nested container",
    "code": "Flex() {"
  },
  {
    "rule": "@performance/hp-arkui-remove-container-without-property",
    "line": 13,
    "message": "Reduce redundant nested container",
    "code": "Flex() {"
  },
  {
    "rule": "@performance/hp-arkui-remove-container-without-property",
    "line": 14,
    "message": "Reduce redundant nested container",
    "code": "Flex() {"
  }
]
2024-11-11 06:26:24,113 - INFO - 分析第1/3个缺陷
2024-11-11 06:26:30,861 - INFO - {'rule': '@performance/hp-arkui-remove-container-without-property', 'defect_block': {'code': ['            Flex() {', '              Flex() {', '                Flex() {', '                  Text(item.toString())', '                    .fontSize(16)', '                    .backgroundColor(0xF9CF93)', "                    .width('100%')", '                    .height(80)', '                    .textAlign(TextAlign.Center)', '                    .border({width:1})', '                }', '              }', '            }'], 'start_line': 12, 'end_line': 23, 'line of interest': 'Flex() {'}, 'analysis': "The code uses multiple nested Flex containers without properties that affect their layout or behavior, which is redundant. It's advised to reduce these unnecessary nested containers to improve performance and readability."}
2024-11-11 06:26:30,861 - INFO - 分析第2/3个缺陷
2024-11-11 06:26:36,689 - INFO - {'rule': '@performance/hp-arkui-remove-container-without-property', 'defect_block': {'code': ['Flex() {', '  Flex() {', '    Flex() {', '      Text(item.toString())', '        .fontSize(16)', '        .backgroundColor(0xF9CF93)', "        .width('100%')", '        .height(80)', '        .textAlign(TextAlign.Center)', '        .border({width:1})', '    }', '  }', '}'], 'start_line': '13', 'end_line': '24', 'line of interest': 'Flex() {'}, 'analysis': "Reduce redundant nested container: The rule suggests minimizing view nesting levels. In this code, there are multiple nested 'Flex' containers without properties affecting layouts. This excessive nesting can lead to performance issues due to unnecessary depth in the view hierarchy."}
2024-11-11 06:26:36,689 - INFO - 分析第3/3个缺陷
2024-11-11 06:26:45,391 - INFO - {'rule': '@performance/hp-arkui-remove-container-without-property', 'defect_block': {'code': ['Flex() {', '  Flex() {', '    Flex() {', '      Text(item.toString())', '        .fontSize(16)', '        .backgroundColor(0xF9CF93)', "        .width('100%')", '        .height(80)', '        .textAlign(TextAlign.Center)', '        .border({width:1})', '    }', '  }', '}'], 'start_line': '14', 'end_line': '25', 'line of interest': 'Flex() {'}, 'analysis': 'This block contains redundant nested Flex containers with no specific properties set on them, which increases the view hierarchy complexity without providing additional functionality. It is suggested to reduce these unnecessary nested containers to improve performance.'}
2024-11-11 06:26:45,391 - INFO - 开始生成修复建议
2024-11-11 06:26:46,447 - INFO - 处理第1/3个修复建议
2024-11-11 06:26:50,079 - INFO - 修复建议1的结果:
2024-11-11 06:26:50,079 - INFO - ```json
{
  "problem_code": "\n            Flex() {\n              Flex() {\n                Flex() {\n                  Text(item.toString())\n                    .fontSize(16)\n                    .backgroundColor(0xF9CF93)\n                    .width('100%')\n                    .height(80)\n                    .textAlign(TextAlign.Center)\n                    .border({width:1})\n                }\n              }\n            }\n",
  "problem_fix": "\n            Text(item.toString())\n              .fontSize(16)\n              .backgroundColor(0xF9CF93)\n              .width('100%')\n              .height(80)\n              .textAlign(TextAlign.Center)\n              .border({width:1})\n"
}
```
2024-11-11 06:26:50,080 - INFO - 处理第2/3个修复建议
2024-11-11 06:26:53,450 - INFO - 修复建议2的结果:
2024-11-11 06:26:53,450 - INFO - ```json
{
  "problem_code": "Flex() {\n  Flex() {\n    Flex() {\n      Text(item.toString())\n        .fontSize(16)\n        .backgroundColor(0xF9CF93)\n        .width('100%')\n        .height(80)\n        .textAlign(TextAlign.Center)\n        .border({width:1})\n    }\n  }\n}\n",
  "problem_fix": "Flex() {\n  Text(item.toString())\n    .fontSize(16)\n    .backgroundColor(0xF9CF93)\n    .width('100%')\n    .height(80)\n    .textAlign(TextAlign.Center)\n    .border({width:1})\n}\n"
}
```
2024-11-11 06:26:53,450 - INFO - 处理第3/3个修复建议
2024-11-11 06:27:01,063 - INFO - 修复建议3的结果:
2024-11-11 06:27:01,063 - INFO - ```json
{
  "problem_code": "Flex() {\n  Flex() {\n    Flex() {\n      Text(item.toString())\n        .fontSize(16)\n        .backgroundColor(0xF9CF93)\n        .width('100%')\n        .height(80)\n        .textAlign(TextAlign.Center)\n        .border({width:1})\n    }\n  }\n}",
  "problem_fix": "Text(item.toString())\n        .fontSize(16)\n        .backgroundColor(0xF9CF93)\n        .width('100%')\n        .height(80)\n        .textAlign(TextAlign.Center)\n        .border({width:1})"
}
```
2024-11-11 06:27:01,063 - INFO - 处理修复结果
2024-11-11 06:27:01,063 - INFO - 处理第1个修复结果
2024-11-11 06:27:01,063 - INFO - 原始代码:

            Flex() {
              Flex() {
                Flex() {
                  Text(item.toString())
                    .fontSize(16)
                    .backgroundColor(0xF9CF93)
                    .width('100%')
                    .height(80)
                    .textAlign(TextAlign.Center)
                    .border({width:1})
                }
              }
            }

2024-11-11 06:27:01,064 - INFO - 修复后代码:

            Text(item.toString())
              .fontSize(16)
              .backgroundColor(0xF9CF93)
              .width('100%')
              .height(80)
              .textAlign(TextAlign.Center)
              .border({width:1})

2024-11-11 06:27:01,064 - INFO - 处理第2个修复结果
2024-11-11 06:27:01,064 - INFO - 原始代码:
Flex() {
  Flex() {
    Flex() {
      Text(item.toString())
        .fontSize(16)
        .backgroundColor(0xF9CF93)
        .width('100%')
        .height(80)
        .textAlign(TextAlign.Center)
        .border({width:1})
    }
  }
}

2024-11-11 06:27:01,064 - INFO - 修复后代码:
Flex() {
  Text(item.toString())
    .fontSize(16)
    .backgroundColor(0xF9CF93)
    .width('100%')
    .height(80)
    .textAlign(TextAlign.Center)
    .border({width:1})
}

2024-11-11 06:27:01,064 - INFO - 处理第3个修复结果
2024-11-11 06:27:01,064 - INFO - 原始代码:
Flex() {
  Flex() {
    Flex() {
      Text(item.toString())
        .fontSize(16)
        .backgroundColor(0xF9CF93)
        .width('100%')
        .height(80)
        .textAlign(TextAlign.Center)
        .border({width:1})
    }
  }
}
2024-11-11 06:27:01,064 - INFO - 修复后代码:
Text(item.toString())
        .fontSize(16)
        .backgroundColor(0xF9CF93)
        .width('100%')
        .height(80)
        .textAlign(TextAlign.Center)
        .border({width:1})
2024-11-11 06:27:01,064 - INFO - 生成最终修复代码
2024-11-11 06:27:04,816 - INFO - 最终修复结果:
2024-11-11 06:27:04,817 - INFO - ```arkts
@Entry
@Component
struct MyComponent{
  @State number: Number[] = Array.from(Array<number>(1000), (val, i) => i);
  scroller: Scroller = new Scroller()

  build() {
    Column() {
      Grid(this.scroller) {
        ForEach(this.number, (item: number) => {
          GridItem() {
            Text(item.toString())
              .fontSize(16)
              .backgroundColor(0xF9CF93)
              .width('100%')
              .height(80)
              .textAlign(TextAlign.Center)
              .border({width:1})
          }
        }, (item:string) => item)
      }
      .columnsTemplate('1fr 1fr 1fr 1fr 1fr')
      .columnsGap(0)
      .rowsGap(0)
      .size({ width: "100%", height: "100%" })
    }
  }
}
```
