2024-11-11 06:31:30,787 - INFO - 读取文件: ../mydefects/ets/pages/defects/hp-arkui-use-local-var-to-replace-state-var.ets
2024-11-11 06:31:30,788 - INFO - 读取Excel文件中的缺陷信息
2024-11-11 06:31:30,792 - INFO - CodeLinter分析结果:
2024-11-11 06:31:30,792 - INFO - [
  {
    "rule": "@performance/hp-arkui-use-local-var-to-replace-state-var",
    "line": 9,
    "message": "Replace state variables with local variables for temporary calculation",
    "code": "this.counter += 1;"
  },
  {
    "rule": "@performance/hp-arkui-use-local-var-to-replace-state-var",
    "line": 10,
    "message": "Replace state variables with local variables for temporary calculation",
    "code": "this.counter += 2;"
  },
  {
    "rule": "@performance/hp-arkui-use-local-var-to-replace-state-var",
    "line": 11,
    "message": "Replace state variables with local variables for temporary calculation",
    "code": "this.counter += 3;"
  }
]
2024-11-11 06:31:30,792 - INFO - 分析第1/3个缺陷
2024-11-11 06:31:38,958 - INFO - {'rule': '@performance/hp-arkui-use-local-var-to-replace-state-var', 'defect_block': {'code': ['incrementMultipleTimes() {', '  for (let i = 0; i < 5; i++) {', '    this.counter += 1;', '    this.counter += 2;', '    this.counter += 3;', '  }', '}'], 'start_line': 8, 'end_line': 13, 'line of interest': 'this.counter += 1;'}, 'analysis': "The incrementMultipleTimes function directly updates the state variable 'counter' within a loop. It is recommended to use local variables for temporary calculations and only update the state variable once after the loop to optimize performance."}
2024-11-11 06:31:38,958 - INFO - 分析第2/3个缺陷
2024-11-11 06:31:47,937 - INFO - {'rule': '@performance/hp-arkui-use-local-var-to-replace-state-var', 'defect_block': {'code': ['@Entry', '@Component', 'struct CounterComponent {', '  @State counter: number = 0;', '', '  // 每次递增时直接更新状态变量，而不是使用临时变量', '  incrementMultipleTimes() {', '    for (let i = 0; i < 5; i++) {', '      this.counter += 1;', '      this.counter += 2;', '      this.counter += 3;', '    }', '  }', '', '  build() {', '    Column() {', "      Text('Counter: ' + this.counter)  // 显示计数器值", '        .fontSize(20)', '        .padding(10)', '', "      Button('Increase Counter')", '        .onClick(() => {', '          // 点击时递增计数器值，直接更新状态变量', '          this.incrementMultipleTimes();', '        })', '        .fontSize(16)', '        .backgroundColor(Color.Gray)', '        .padding(10)', '    }', '    .padding(20)', '  }', '}'], 'start_line': 1, 'end_line': 34, 'line of interest': 'this.counter += 2;'}, 'analysis': "This code directly updates a state variable inside a loop without using a temporary local variable. This can lead to unnecessary state updates and performance issues. It's recommended to use a local variable for intermediate calculations and update the state variable once outside the loop."}
2024-11-11 06:31:47,937 - INFO - 分析第3/3个缺陷
2024-11-11 06:31:52,903 - INFO - {'rule': '@performance/hp-arkui-use-local-var-to-replace-state-var', 'defect_block': {'code': ['incrementMultipleTimes() {', '  for (let i = 0; i < 5; i++) {', '    this.counter += 1;', '    this.counter += 2;', '    this.counter += 3;', '  }', '}'], 'start_line': 8, 'end_line': 14, 'line of interest': 'this.counter += 3;'}, 'analysis': 'Replace state variables with local variables for temporary calculation. Using a temporary variable can help reduce unnecessary state updates which can trigger re-renders.'}
2024-11-11 06:31:52,903 - INFO - 开始生成修复建议
2024-11-11 06:31:55,480 - INFO - 处理第1/3个修复建议
2024-11-11 06:31:59,156 - INFO - 修复建议1的结果:
2024-11-11 06:31:59,156 - INFO - ```json
{
  "problem_code": "incrementMultipleTimes() {\n  for (let i = 0; i < 5; i++) {\n    this.counter += 1;\n    this.counter += 2;\n    this.counter += 3;\n  }\n}\n",
  "problem_fix": "incrementMultipleTimes() {\n  let tempCounter = this.counter;\n  for (let i = 0; i < 5; i++) {\n    tempCounter += 1;\n    tempCounter += 2;\n    tempCounter += 3;\n  }\n  this.counter = tempCounter;\n}\n"
}
```
2024-11-11 06:31:59,157 - INFO - 处理第2/3个修复建议
2024-11-11 06:32:09,391 - INFO - 修复建议2的结果:
2024-11-11 06:32:09,391 - INFO - ```json
{
  "problem_code": "@Entry\n@Component\nstruct CounterComponent {\n  @State counter: number = 0;\n\n  // 每次递增时直接更新状态变量，而不是使用临时变量\n  incrementMultipleTimes() {\n    for (let i = 0; i < 5; i++) {\n      this.counter += 1;\n      this.counter += 2;\n      this.counter += 3;\n    }\n  }\n\n  build() {\n    Column() {\n      Text('Counter: ' + this.counter)  // 显示计数器值\n        .fontSize(20)\n        .padding(10)\n\n      Button('Increase Counter')\n        .onClick(() => {\n          // 点击时递增计数器值，直接更新状态变量\n          this.incrementMultipleTimes();\n        })\n        .fontSize(16)\n        .backgroundColor(Color.Gray)\n        .padding(10)\n    }\n    .padding(20)\n  }\n}\n",
  "problem_fix": "@Entry\n@Component\nstruct CounterComponent {\n  @State counter: number = 0;\n\n  // 使用临时变量进行多次递增计算，最后统一更新状态变量\n  incrementMultipleTimes() {\n    let tempCounter = this.counter;\n    for (let i = 0; i < 5; i++) {\n      tempCounter += 1;\n      tempCounter += 2;\n      tempCounter += 3;\n    }\n    this.counter = tempCounter;\n  }\n\n  build() {\n    Column() {\n      Text('Counter: ' + this.counter)  // 显示计数器值\n        .fontSize(20)\n        .padding(10)\n\n      Button('Increase Counter')\n        .onClick(() => {\n          // 点击时递增计数器值，使用临时变量\n          this.incrementMultipleTimes();\n        })\n        .fontSize(16)\n        .backgroundColor(Color.Gray)\n        .padding(10)\n    }\n    .padding(20)\n  }\n}\n"
}
```
2024-11-11 06:32:09,391 - INFO - 处理第3/3个修复建议
2024-11-11 06:32:15,138 - INFO - 修复建议3的结果:
2024-11-11 06:32:15,138 - INFO - ```json
{
  "problem_code": "incrementMultipleTimes() {\n  for (let i = 0; i < 5; i++) {\n    this.counter += 1;\n    this.counter += 2;\n    this.counter += 3;\n  }\n}\n",
  "problem_fix": "incrementMultipleTimes() {\n  let tempCounter = this.counter;\n  for (let i = 0; i < 5; i++) {\n    tempCounter += 1;\n    tempCounter += 2;\n    tempCounter += 3;\n  }\n  this.counter = tempCounter;\n}\n"
}
```
2024-11-11 06:32:15,139 - INFO - 处理修复结果
2024-11-11 06:32:15,139 - INFO - 处理第1个修复结果
2024-11-11 06:32:15,139 - INFO - 原始代码:
incrementMultipleTimes() {
  for (let i = 0; i < 5; i++) {
    this.counter += 1;
    this.counter += 2;
    this.counter += 3;
  }
}

2024-11-11 06:32:15,139 - INFO - 修复后代码:
incrementMultipleTimes() {
  let tempCounter = this.counter;
  for (let i = 0; i < 5; i++) {
    tempCounter += 1;
    tempCounter += 2;
    tempCounter += 3;
  }
  this.counter = tempCounter;
}

2024-11-11 06:32:15,139 - INFO - 处理第2个修复结果
2024-11-11 06:32:15,139 - INFO - 原始代码:
@Entry
@Component
struct CounterComponent {
  @State counter: number = 0;

  // 每次递增时直接更新状态变量，而不是使用临时变量
  incrementMultipleTimes() {
    for (let i = 0; i < 5; i++) {
      this.counter += 1;
      this.counter += 2;
      this.counter += 3;
    }
  }

  build() {
    Column() {
      Text('Counter: ' + this.counter)  // 显示计数器值
        .fontSize(20)
        .padding(10)

      Button('Increase Counter')
        .onClick(() => {
          // 点击时递增计数器值，直接更新状态变量
          this.incrementMultipleTimes();
        })
        .fontSize(16)
        .backgroundColor(Color.Gray)
        .padding(10)
    }
    .padding(20)
  }
}

2024-11-11 06:32:15,139 - INFO - 修复后代码:
@Entry
@Component
struct CounterComponent {
  @State counter: number = 0;

  // 使用临时变量进行多次递增计算，最后统一更新状态变量
  incrementMultipleTimes() {
    let tempCounter = this.counter;
    for (let i = 0; i < 5; i++) {
      tempCounter += 1;
      tempCounter += 2;
      tempCounter += 3;
    }
    this.counter = tempCounter;
  }

  build() {
    Column() {
      Text('Counter: ' + this.counter)  // 显示计数器值
        .fontSize(20)
        .padding(10)

      Button('Increase Counter')
        .onClick(() => {
          // 点击时递增计数器值，使用临时变量
          this.incrementMultipleTimes();
        })
        .fontSize(16)
        .backgroundColor(Color.Gray)
        .padding(10)
    }
    .padding(20)
  }
}

2024-11-11 06:32:15,139 - INFO - 处理第3个修复结果
2024-11-11 06:32:15,139 - INFO - 原始代码:
incrementMultipleTimes() {
  for (let i = 0; i < 5; i++) {
    this.counter += 1;
    this.counter += 2;
    this.counter += 3;
  }
}

2024-11-11 06:32:15,140 - INFO - 修复后代码:
incrementMultipleTimes() {
  let tempCounter = this.counter;
  for (let i = 0; i < 5; i++) {
    tempCounter += 1;
    tempCounter += 2;
    tempCounter += 3;
  }
  this.counter = tempCounter;
}

2024-11-11 06:32:15,140 - INFO - 生成最终修复代码
2024-11-11 06:32:19,286 - INFO - 最终修复结果:
2024-11-11 06:32:19,286 - INFO - 修复后的完整文件代码如下：

```arkts
@Entry
@Component
struct CounterComponent {
  @State counter: number = 0;

  // 使用临时变量进行多次递增计算，最后统一更新状态变量
  incrementMultipleTimes() {
    let tempCounter = this.counter;
    for (let i = 0; i < 5; i++) {
      tempCounter += 1;
      tempCounter += 2;
      tempCounter += 3;
    }
    this.counter = tempCounter;
  }

  build() {
    Column() {
      Text('Counter: ' + this.counter)  // 显示计数器值
        .fontSize(20)
        .padding(10)

      Button('Increase Counter')
        .onClick(() => {
          // 点击时递增计数器值，使用临时变量
          this.incrementMultipleTimes();
        })
        .fontSize(16)
        .backgroundColor(Color.Gray)
        .padding(10)
    }
    .padding(20)
  }
}
```

上述修复所做的更改是引入了一个临时变量`tempCounter`来进行计算，减少直接对状态变量`counter`的多次更新。最后，将计算结果统一赋值给`counter`，优化了状态更新的效率。
