2024-11-11 06:30:05,597 - INFO - 读取文件: ../mydefects/ets/pages/defects/hp-arkui-suggest-use-effectkit-blur.ets
2024-11-11 06:30:05,597 - INFO - 读取Excel文件中的缺陷信息
2024-11-11 06:30:05,600 - INFO - CodeLinter分析结果:
2024-11-11 06:30:05,600 - INFO - [
  {
    "rule": "@performance/hp-arkui-suggest-use-effectkit-blur",
    "line": 11,
    "message": "Suggestion Use effectKit.createEffect to create a blur effect",
    "code": ".backdropBlur(3)"
  },
  {
    "rule": "@performance/hp-arkui-suggest-use-effectkit-blur",
    "line": 17,
    "message": "Suggestion Use effectKit.createEffect to create a blur effect",
    "code": ".blur(1)"
  }
]
2024-11-11 06:30:05,601 - INFO - 分析第1/2个缺陷
2024-11-11 06:30:14,245 - INFO - {'rule': '@performance/hp-arkui-suggest-use-effectkit-blur', 'defect_block': {'code': ['@Entry', '@Component', 'struct BlurEffectComponent {', '  build() {', '    Column({ space: 10 }) {', "      Text('Text with blur effect').fontSize(18).fontColor(0xAAAAAA).width('90%')", "      Text('This is blurred text')", '        .fontSize(20)', "        .width('90%')", '        .height(50)', '        .backdropBlur(3)', "        .backgroundImage('/pages/attrs/image/image.jpg')", '        .backgroundImageSize({ width: 1200, height: 160 })', "      Text('Background blur effect').fontSize(18).fontColor(0xAAAAAA).width('90%')", "      Image('resources/base/media/background.jpg')", '        .blur(1)', "        .width('90%')", '        .height(200)', '    }', "    .width('100%')", '    .margin({ top: 10 })', '  }', '}'], 'start_line': '1', 'end_line': '22', 'line of interest': '.backdropBlur(3)'}, 'analysis': 'The code utilizes backdropBlur(3), which is not the recommended way to apply blur effects. It is suggested to use effectKit.createEffect for better performance and resource use efficiency.'}
2024-11-11 06:30:14,246 - INFO - 分析第2/2个缺陷
2024-11-11 06:30:21,650 - INFO - {'rule': '@performance/hp-arkui-suggest-use-effectkit-blur', 'defect_block': {'code': ['@Entry', '@Component', 'struct BlurEffectComponent {', '  build() {', '    Column({ space: 10 }) {', "      Text('Text with blur effect').fontSize(18).fontColor(0xAAAAAA).width('90%')", "      Text('This is blurred text')", '        .fontSize(20)', "        .width('90%')", '        .height(50)', '        .backdropBlur(3)', "        .backgroundImage('/pages/attrs/image/image.jpg')", '        .backgroundImageSize({ width: 1200, height: 160 })', '', "      Text('Background blur effect').fontSize(18).fontColor(0xAAAAAA).width('90%')", "      Image('resources/base/media/background.jpg')", '        .blur(1)', "        .width('90%')", '        .height(200)', '    }', "    .width('100%')", '    .margin({ top: 10 })', '  }', '}'], 'start_line': '1', 'end_line': '22', 'line of interest': '.blur(1)'}, 'analysis': 'In this component, an image is being blurred using .blur(1). It is suggested to use effectKit.createEffect to create a blur effect for better performance.'}
2024-11-11 06:30:21,650 - INFO - 开始生成修复建议
2024-11-11 06:30:22,499 - INFO - 处理第1/2个修复建议
2024-11-11 06:30:29,290 - INFO - 修复建议1的结果:
2024-11-11 06:30:29,290 - INFO - ```json
{
  "problem_code": "@Entry\n@Component\nstruct BlurEffectComponent {\n  build() {\n    Column({ space: 10 }) {\n      Text('Text with blur effect').fontSize(18).fontColor(0xAAAAAA).width('90%')\n      Text('This is blurred text')\n        .fontSize(20)\n        .width('90%')\n        .height(50)\n        .backdropBlur(3)\n        .backgroundImage('/pages/attrs/image/image.jpg')\n        .backgroundImageSize({ width: 1200, height: 160 })\n      Text('Background blur effect').fontSize(18).fontColor(0xAAAAAA).width('90%')\n      Image('resources/base/media/background.jpg')\n        .blur(1)\n        .width('90%')\n        .height(200)\n    }\n    .width('100%')\n    .margin({ top: 10 })\n  }\n}\n",
  "problem_fix": "@Entry\n@Component\nstruct BlurEffectComponent {\n  build() {\n    Column({ space: 10 }) {\n      Text('Text with blur effect').fontSize(18).fontColor(0xAAAAAA).width('90%')\n      Text('This is blurred text')\n        .fontSize(20)\n        .width('90%')\n        .height(50)\n        .backgroundImage('/pages/attrs/image/image.jpg')\n        .backgroundImageSize({ width: 1200, height: 160 })\n      Text('Background blur effect').fontSize(18).fontColor(0xAAAAAA).width('90%')\n      Image('resources/base/media/background.jpg')\n        .blur(1)\n        .width('90%')\n        .height(200)\n    }\n    .width('100%')\n    .margin({ top: 10 })\n  }\n}\nconst effectKit = effectKitFactory.createEffect();\neffectKit.applyBlurEffect(3);\n"
}
```
2024-11-11 06:30:29,290 - INFO - 处理第2/2个修复建议
2024-11-11 06:30:39,112 - INFO - 修复建议2的结果:
2024-11-11 06:30:39,112 - INFO - ```json
{
  "problem_code": "@Entry\n@Component\nstruct BlurEffectComponent {\n  build() {\n    Column({ space: 10 }) {\n      Text('Text with blur effect').fontSize(18).fontColor(0xAAAAAA).width('90%')\n      Text('This is blurred text')\n        .fontSize(20)\n        .width('90%')\n        .height(50)\n        .backdropBlur(3)\n        .backgroundImage('/pages/attrs/image/image.jpg')\n        .backgroundImageSize({ width: 1200, height: 160 })\n\n      Text('Background blur effect').fontSize(18).fontColor(0xAAAAAA).width('90%')\n      Image('resources/base/media/background.jpg')\n        .blur(1)\n        .width('90%')\n        .height(200)\n    }\n    .width('100%')\n    .margin({ top: 10 })\n  }\n}\n",
  "problem_fix": "@Entry\n@Component\nstruct BlurEffectComponent {\n  build() {\n    Column({ space: 10 }) {\n      Text('Text with blur effect').fontSize(18).fontColor(0xAAAAAA).width('90%')\n      Text('This is blurred text')\n        .fontSize(20)\n        .width('90%')\n        .height(50)\n        .backdropBlur(3)\n        .backgroundImage('/pages/attrs/image/image.jpg')\n        .backgroundImageSize({ width: 1200, height: 160 })\n\n      Text('Background blur effect').fontSize(18).fontColor(0xAAAAAA).width('90%')\n      Image('resources/base/media/background.jpg')\n        .width('90%')\n        .height(200)\n        .effect(effectKit.createEffect('blur', { radius: 1 }))\n    }\n    .width('100%')\n    .margin({ top: 10 })\n  }\n}\n"
}
```
2024-11-11 06:30:39,112 - INFO - 处理修复结果
2024-11-11 06:30:39,113 - INFO - 处理第1个修复结果
2024-11-11 06:30:39,113 - INFO - 原始代码:
@Entry
@Component
struct BlurEffectComponent {
  build() {
    Column({ space: 10 }) {
      Text('Text with blur effect').fontSize(18).fontColor(0xAAAAAA).width('90%')
      Text('This is blurred text')
        .fontSize(20)
        .width('90%')
        .height(50)
        .backdropBlur(3)
        .backgroundImage('/pages/attrs/image/image.jpg')
        .backgroundImageSize({ width: 1200, height: 160 })
      Text('Background blur effect').fontSize(18).fontColor(0xAAAAAA).width('90%')
      Image('resources/base/media/background.jpg')
        .blur(1)
        .width('90%')
        .height(200)
    }
    .width('100%')
    .margin({ top: 10 })
  }
}

2024-11-11 06:30:39,113 - INFO - 修复后代码:
@Entry
@Component
struct BlurEffectComponent {
  build() {
    Column({ space: 10 }) {
      Text('Text with blur effect').fontSize(18).fontColor(0xAAAAAA).width('90%')
      Text('This is blurred text')
        .fontSize(20)
        .width('90%')
        .height(50)
        .backgroundImage('/pages/attrs/image/image.jpg')
        .backgroundImageSize({ width: 1200, height: 160 })
      Text('Background blur effect').fontSize(18).fontColor(0xAAAAAA).width('90%')
      Image('resources/base/media/background.jpg')
        .blur(1)
        .width('90%')
        .height(200)
    }
    .width('100%')
    .margin({ top: 10 })
  }
}
const effectKit = effectKitFactory.createEffect();
effectKit.applyBlurEffect(3);

2024-11-11 06:30:39,113 - INFO - 处理第2个修复结果
2024-11-11 06:30:39,113 - INFO - 原始代码:
@Entry
@Component
struct BlurEffectComponent {
  build() {
    Column({ space: 10 }) {
      Text('Text with blur effect').fontSize(18).fontColor(0xAAAAAA).width('90%')
      Text('This is blurred text')
        .fontSize(20)
        .width('90%')
        .height(50)
        .backdropBlur(3)
        .backgroundImage('/pages/attrs/image/image.jpg')
        .backgroundImageSize({ width: 1200, height: 160 })

      Text('Background blur effect').fontSize(18).fontColor(0xAAAAAA).width('90%')
      Image('resources/base/media/background.jpg')
        .blur(1)
        .width('90%')
        .height(200)
    }
    .width('100%')
    .margin({ top: 10 })
  }
}

2024-11-11 06:30:39,113 - INFO - 修复后代码:
@Entry
@Component
struct BlurEffectComponent {
  build() {
    Column({ space: 10 }) {
      Text('Text with blur effect').fontSize(18).fontColor(0xAAAAAA).width('90%')
      Text('This is blurred text')
        .fontSize(20)
        .width('90%')
        .height(50)
        .backdropBlur(3)
        .backgroundImage('/pages/attrs/image/image.jpg')
        .backgroundImageSize({ width: 1200, height: 160 })

      Text('Background blur effect').fontSize(18).fontColor(0xAAAAAA).width('90%')
      Image('resources/base/media/background.jpg')
        .width('90%')
        .height(200)
        .effect(effectKit.createEffect('blur', { radius: 1 }))
    }
    .width('100%')
    .margin({ top: 10 })
  }
}

2024-11-11 06:30:39,113 - INFO - 生成最终修复代码
2024-11-11 06:30:44,518 - INFO - 最终修复结果:
2024-11-11 06:30:44,525 - INFO - 根据你提供的两个修复patch，我们需要对原始代码进行以下两处修改：

1. 在组件构建函数的末尾添加创建并应用模糊效果的代码。
2. 修改`Image`组件以使用新的模糊效果创建方法。

以下是应用这些修复后的完整文件代码：

```arkts
@Entry
@Component
struct BlurEffectComponent {
  build() {
    Column({ space: 10 }) {
      Text('Text with blur effect').fontSize(18).fontColor(0xAAAAAA).width('90%')
      Text('This is blurred text')
        .fontSize(20)
        .width('90%')
        .height(50)
        .backdropBlur(3)
        .backgroundImage('/pages/attrs/image/image.jpg')
        .backgroundImageSize({ width: 1200, height: 160 })

      Text('Background blur effect').fontSize(18).fontColor(0xAAAAAA).width('90%')
      Image('resources/base/media/background.jpg')
        .width('90%')
        .height(200)
        .effect(effectKit.createEffect('blur', { radius: 1 }))
    }
    .width('100%')
    .margin({ top: 10 })
  }
}

const effectKit = effectKitFactory.createEffect();
effectKit.applyBlurEffect(3);
```

在修复代码中，我们添加了一个模糊效果工具包`effectKit`的创建和应用，使得模糊效果可以被动态应用到组件中。并且为`Image`组件应用了一个更灵活的模糊效果设置。
