2024-11-11 06:36:00,700 - INFO - 读取文件: ../mydefects/ets/pages/defects/multiple-associations-state-var-check.ets
2024-11-11 06:36:00,701 - INFO - 读取Excel文件中的缺陷信息
2024-11-11 06:36:00,704 - INFO - CodeLinter分析结果:
2024-11-11 06:36:00,704 - INFO - [
  {
    "rule": "@performance/multiple-associations-state-var-check",
    "line": 44,
    "message": "Suggestion: This data is associated with multiple components; you are advised to use the @Watch decorator to add update conditions to avoid unnecessary component update.",
    "code": "@Link sharedStyle: SharedData;"
  }
]
2024-11-11 06:36:00,704 - INFO - 分析第1/1个缺陷
2024-11-11 06:36:07,022 - INFO - {'rule': '@performance/multiple-associations-state-var-check', 'defect_block': {'code': ['@Component', 'struct ListItemComponent {', '  @Prop item: string;', '  @Prop index: number;', '  @Link sharedStyle: SharedData;', '', '  build() {', '    Text(`${this.index}: ${this.item}`)', '      .fontSize(this.sharedStyle.fontSize)', '      .backgroundColor(this.sharedStyle.backgroundColor)', '  }', '}'], 'start_line': '36', 'end_line': '45', 'line of interest': '@Link sharedStyle: SharedData;'}, 'analysis': 'Suggestion: This data is associated with multiple components; you are advised to use the @Watch decorator to add update conditions to avoid unnecessary component update.'}
2024-11-11 06:36:07,022 - INFO - 开始生成修复建议
2024-11-11 06:36:07,719 - INFO - 处理第1/1个修复建议
2024-11-11 06:36:14,809 - INFO - 修复建议1的结果:
2024-11-11 06:36:14,809 - INFO - ```json
{
  "problem_code": "@Component\nstruct ListItemComponent {\n  @Prop item: string;\n  @Prop index: number;\n  @Link sharedStyle: SharedData;\n\n  build() {\n    Text(`${this.index}: ${this.item}`)\n      .fontSize(this.sharedStyle.fontSize)\n      .backgroundColor(this.sharedStyle.backgroundColor)\n  }\n}",
  "problem_fix": "@Component\nstruct ListItemComponent {\n  @Prop item: string;\n  @Prop index: number;\n  @Link @Watch('onStyleChange') sharedStyle: SharedData;\n  @State localFontSize: number = 0;\n  @State localBackgroundColor: string = '';\n\n  onStyleChange() {\n    this.localFontSize = this.sharedStyle.fontSize;\n    this.localBackgroundColor = this.sharedStyle.backgroundColor;\n  }\n\n  build() {\n    Text(`${this.index}: ${this.item}`)\n      .fontSize(this.localFontSize)\n      .backgroundColor(this.localBackgroundColor)\n  }\n}"
}
```
2024-11-11 06:36:14,809 - INFO - 处理修复结果
2024-11-11 06:36:14,809 - INFO - 处理第1个修复结果
2024-11-11 06:36:14,809 - INFO - 原始代码:
@Component
struct ListItemComponent {
  @Prop item: string;
  @Prop index: number;
  @Link sharedStyle: SharedData;

  build() {
    Text(`${this.index}: ${this.item}`)
      .fontSize(this.sharedStyle.fontSize)
      .backgroundColor(this.sharedStyle.backgroundColor)
  }
}
2024-11-11 06:36:14,809 - INFO - 修复后代码:
@Component
struct ListItemComponent {
  @Prop item: string;
  @Prop index: number;
  @Link @Watch('onStyleChange') sharedStyle: SharedData;
  @State localFontSize: number = 0;
  @State localBackgroundColor: string = '';

  onStyleChange() {
    this.localFontSize = this.sharedStyle.fontSize;
    this.localBackgroundColor = this.sharedStyle.backgroundColor;
  }

  build() {
    Text(`${this.index}: ${this.item}`)
      .fontSize(this.localFontSize)
      .backgroundColor(this.localBackgroundColor)
  }
}
2024-11-11 06:36:14,809 - INFO - 生成最终修复代码
2024-11-11 06:36:21,380 - INFO - 最终修复结果:
2024-11-11 06:36:21,380 - INFO - 修复后的完整文件代码如下：

```arkts
@Observed
class SharedData {
  fontSize: number = 0;
  backgroundColor: string = '';
}

@Entry
@Component
struct MainComponent {
  @State sharedData: SharedData = new SharedData();
  private items: string[] = [];

  aboutToAppear(): void {
    for (let i = 0; i < 5; i++) {
      this.items.push(`Item ${i}`);
    }
  }

  build() {
    Column() {
      ForEach(this.items, (item: string, index: number) => {
        ListItemComponent({ item: item, index: index, sharedStyle: this.sharedData });
      }, (item: string) => item)

      Button('Change Font Size')
        .onClick(() => {
          this.sharedData.fontSize += 2;
        })
        .padding(10)

      Button('Change Background Color')
        .onClick(() => {
          this.sharedData.backgroundColor = this.sharedData.backgroundColor === 'red' ? 'blue' : 'red';
        })
        .padding(10)
    }
  }
}

@Component
struct ListItemComponent {
  @Prop item: string;
  @Prop index: number;
  @Link @Watch('onStyleChange') sharedStyle: SharedData;
  @State localFontSize: number = 0;
  @State localBackgroundColor: string = '';

  onStyleChange() {
    this.localFontSize = this.sharedStyle.fontSize;
    this.localBackgroundColor = this.sharedStyle.backgroundColor;
  }

  build() {
    Text(`${this.index}: ${this.item}`)
      .fontSize(this.localFontSize)
      .backgroundColor(this.localBackgroundColor)
  }
}
```

已根据提供的patch对代码进行了修复，`ListItemComponent` 现在带有 `onStyleChange` 方法，以响应 `sharedStyle` 的变化，并用本地状态 `localFontSize` 和 `localBackgroundColor` 来更新文本样式。
