2024-11-11 06:37:02,675 - INFO - 读取文件: ../mydefects/ets/pages/defects/sparse-array-check.ets
2024-11-11 06:37:02,675 - INFO - 读取Excel文件中的缺陷信息
2024-11-11 06:37:02,678 - INFO - CodeLinter分析结果:
2024-11-11 06:37:02,678 - INFO - [
  {
    "rule": "@performance/sparse-array-check",
    "line": 2,
    "message": "Sparse array detected. Avoid using sparse arrays.",
    "code": "let data: number[] = new Array(count);"
  },
  {
    "rule": "@performance/sparse-array-check",
    "line": 4,
    "message": "Sparse array detected. Avoid using sparse arrays.",
    "code": "data[5000] = 42;  // \u7a00\u758f\u6570\u7ec4\uff0c\u53ea\u6709\u4e00\u4e2a\u5143\u7d20\u8d4b\u503c"
  },
  {
    "rule": "@performance/sparse-array-check",
    "line": 5,
    "message": "Sparse array detected. Avoid using sparse arrays.",
    "code": "data[75000] = 84; // \u7a00\u758f\u6570\u7ec4"
  }
]
2024-11-11 06:37:02,678 - INFO - 分析第1/3个缺陷
2024-11-11 06:37:08,597 - INFO - {'rule': '@performance/sparse-array-check', 'defect_block': {'code': ['let count = 100000;', 'let data: number[] = new Array(count);', 'data = new Array();', 'data[5000] = 42;  // 稀疏数组，只有一个元素赋值', 'data[75000] = 84; // 稀疏数组'], 'start_line': 1, 'end_line': 5, 'line of interest': 'let data: number[] = new Array(count);'}, 'analysis': 'Sparse array detected. Avoid using sparse arrays.'}
2024-11-11 06:37:08,597 - INFO - 分析第2/3个缺陷
2024-11-11 06:37:16,170 - INFO - {'rule': '@performance/sparse-array-check', 'defect_block': {'code': ['let count = 100000;', 'let data: number[] = new Array(count);', 'data = new Array();', 'data[5000] = 42;  // 稀疏数组，只有一个元素赋值', 'data[75000] = 84; // 稀疏数组'], 'start_line': '1', 'end_line': '5', 'line of interest': 'data[5000] = 42;  // 稀疏数组，只有一个元素赋值'}, 'analysis': 'Sparse array detected. Avoid using sparse arrays.'}
2024-11-11 06:37:16,171 - INFO - 分析第3/3个缺陷
2024-11-11 06:37:21,946 - INFO - {'rule': '@performance/sparse-array-check', 'defect_block': {'code': ['let count = 100000;', 'let data: number[] = new Array(count);', 'data = new Array();', 'data[5000] = 42;  // 稀疏数组，只有一个元素赋值', 'data[75000] = 84; // 稀疏数组'], 'start_line': 1, 'end_line': 5, 'line of interest': 'data[75000] = 84; // 稀疏数组'}, 'analysis': 'Sparse array detected. The array is defined with a large size and only a few elements assigned, leading to performance issues as recommended to avoid. Adjust the array usage to avoid sparsely populated data structures.'}
2024-11-11 06:37:21,947 - INFO - 开始生成修复建议
2024-11-11 06:37:23,014 - INFO - 处理第1/3个修复建议
2024-11-11 06:37:26,572 - INFO - 修复建议1的结果:
2024-11-11 06:37:26,573 - INFO - ```json
{
  "problem_code": "let count = 100000;\nlet data: number[] = new Array(count);\ndata = new Array();\ndata[5000] = 42;  // 稀疏数组，只有一个元素赋值\ndata[75000] = 84; // 稀疏数组\n",
  "problem_fix": "let data: number[] = [42, 84];"
}
```
2024-11-11 06:37:26,573 - INFO - 处理第2/3个修复建议
2024-11-11 06:37:29,860 - INFO - 修复建议2的结果:
2024-11-11 06:37:29,860 - INFO - ```json
{
  "problem_code": "let count = 100000;\nlet data: number[] = new Array(count);\ndata = new Array();\ndata[5000] = 42;  // 稀疏数组，只有一个元素赋值\ndata[75000] = 84; // 稀疏数组\n",
  "problem_fix": "let data: number[] = [42, 84];\n"
}
```
2024-11-11 06:37:29,860 - INFO - 处理第3/3个修复建议
2024-11-11 06:37:33,320 - INFO - 修复建议3的结果:
2024-11-11 06:37:33,320 - INFO - ```json
{
  "problem_code": "let count = 100000;\nlet data: number[] = new Array(count);\ndata = new Array();\ndata[5000] = 42;  // 稀疏数组，只有一个元素赋值\ndata[75000] = 84; // 稀疏数组\n",
  "problem_fix": "let data: { index: number, value: number }[] = [\n  { index: 5000, value: 42 }, \n  { index: 75000, value: 84 }\n];"
}
```
2024-11-11 06:37:33,320 - INFO - 处理修复结果
2024-11-11 06:37:33,320 - INFO - 处理第1个修复结果
2024-11-11 06:37:33,320 - INFO - 原始代码:
let count = 100000;
let data: number[] = new Array(count);
data = new Array();
data[5000] = 42;  // 稀疏数组，只有一个元素赋值
data[75000] = 84; // 稀疏数组

2024-11-11 06:37:33,320 - INFO - 修复后代码:
let data: number[] = [42, 84];
2024-11-11 06:37:33,320 - INFO - 处理第2个修复结果
2024-11-11 06:37:33,320 - INFO - 原始代码:
let count = 100000;
let data: number[] = new Array(count);
data = new Array();
data[5000] = 42;  // 稀疏数组，只有一个元素赋值
data[75000] = 84; // 稀疏数组

2024-11-11 06:37:33,321 - INFO - 修复后代码:
let data: number[] = [42, 84];

2024-11-11 06:37:33,321 - INFO - 处理第3个修复结果
2024-11-11 06:37:33,321 - INFO - 原始代码:
let count = 100000;
let data: number[] = new Array(count);
data = new Array();
data[5000] = 42;  // 稀疏数组，只有一个元素赋值
data[75000] = 84; // 稀疏数组

2024-11-11 06:37:33,321 - INFO - 修复后代码:
let data: { index: number, value: number }[] = [
  { index: 5000, value: 42 }, 
  { index: 75000, value: 84 }
];
2024-11-11 06:37:33,321 - INFO - 生成最终修复代码
2024-11-11 06:37:35,777 - INFO - 最终修复结果:
2024-11-11 06:37:35,777 - INFO - 修复后的完整文件代码如下:

```arkts
let count = 100000;
let data: { index: number, value: number }[] = [
  { index: 5000, value: 42 },
  { index: 75000, value: 84 }
];
```
